Archive member included to satisfy reference by file (symbol)

/usr/lib/gcc/arm-none-eabi/8.3.1/thumb/v6-m/nofp/libgcc.a(_dvmd_tls.o)
                              CMakeFiles/tinyusb_dev_usbtmc.dir/home/boemmelsebastian/pico/pico-sdk/src/rp2_common/pico_divider/divider.S.obj (__aeabi_idiv0)
/usr/lib/gcc/arm-none-eabi/8.3.1/../../../arm-none-eabi/lib/thumb/v6-m/nofp/libg.a(lib_a-atexit.o)
                              /usr/lib/gcc/arm-none-eabi/8.3.1/../../../arm-none-eabi/lib/thumb/v6-m/nofp/crt0.o (atexit)
/usr/lib/gcc/arm-none-eabi/8.3.1/../../../arm-none-eabi/lib/thumb/v6-m/nofp/libg.a(lib_a-atoi.o)
                              CMakeFiles/tinyusb_dev_usbtmc.dir/src/usbtmc_app.c.obj (atoi)
/usr/lib/gcc/arm-none-eabi/8.3.1/../../../arm-none-eabi/lib/thumb/v6-m/nofp/libg.a(lib_a-calloc.o)
                              CMakeFiles/tinyusb_dev_usbtmc.dir/home/boemmelsebastian/pico/pico-sdk/src/rp2_common/pico_malloc/pico_malloc.c.obj (calloc)
/usr/lib/gcc/arm-none-eabi/8.3.1/../../../arm-none-eabi/lib/thumb/v6-m/nofp/libg.a(lib_a-callocr.o)
                              /usr/lib/gcc/arm-none-eabi/8.3.1/../../../arm-none-eabi/lib/thumb/v6-m/nofp/libg.a(lib_a-calloc.o) (_calloc_r)
/usr/lib/gcc/arm-none-eabi/8.3.1/../../../arm-none-eabi/lib/thumb/v6-m/nofp/libg.a(lib_a-ctype_.o)
                              CMakeFiles/tinyusb_dev_usbtmc.dir/home/boemmelsebastian/pico/pico-sdk/lib/tinyusb/src/tusb.c.obj (_ctype_)
/usr/lib/gcc/arm-none-eabi/8.3.1/../../../arm-none-eabi/lib/thumb/v6-m/nofp/libg.a(lib_a-fini.o)
                              /usr/lib/gcc/arm-none-eabi/8.3.1/../../../arm-none-eabi/lib/thumb/v6-m/nofp/crt0.o (__libc_fini_array)
/usr/lib/gcc/arm-none-eabi/8.3.1/../../../arm-none-eabi/lib/thumb/v6-m/nofp/libg.a(lib_a-impure.o)
                              /usr/lib/gcc/arm-none-eabi/8.3.1/../../../arm-none-eabi/lib/thumb/v6-m/nofp/libg.a(lib_a-calloc.o) (_impure_ptr)
/usr/lib/gcc/arm-none-eabi/8.3.1/../../../arm-none-eabi/lib/thumb/v6-m/nofp/libg.a(lib_a-init.o)
                              /usr/lib/gcc/arm-none-eabi/8.3.1/../../../arm-none-eabi/lib/thumb/v6-m/nofp/crt0.o (__libc_init_array)
/usr/lib/gcc/arm-none-eabi/8.3.1/../../../arm-none-eabi/lib/thumb/v6-m/nofp/libg.a(lib_a-malloc.o)
                              CMakeFiles/tinyusb_dev_usbtmc.dir/home/boemmelsebastian/pico/pico-sdk/src/rp2_common/pico_malloc/pico_malloc.c.obj (malloc)
/usr/lib/gcc/arm-none-eabi/8.3.1/../../../arm-none-eabi/lib/thumb/v6-m/nofp/libg.a(lib_a-mallocr.o)
                              /usr/lib/gcc/arm-none-eabi/8.3.1/../../../arm-none-eabi/lib/thumb/v6-m/nofp/libg.a(lib_a-callocr.o) (_malloc_r)
/usr/lib/gcc/arm-none-eabi/8.3.1/../../../arm-none-eabi/lib/thumb/v6-m/nofp/libg.a(lib_a-mlock.o)
                              /usr/lib/gcc/arm-none-eabi/8.3.1/../../../arm-none-eabi/lib/thumb/v6-m/nofp/libg.a(lib_a-mallocr.o) (__malloc_lock)
/usr/lib/gcc/arm-none-eabi/8.3.1/../../../arm-none-eabi/lib/thumb/v6-m/nofp/libg.a(lib_a-realloc.o)
                              CMakeFiles/tinyusb_dev_usbtmc.dir/home/boemmelsebastian/pico/pico-sdk/src/rp2_common/pico_malloc/pico_malloc.c.obj (realloc)
/usr/lib/gcc/arm-none-eabi/8.3.1/../../../arm-none-eabi/lib/thumb/v6-m/nofp/libg.a(lib_a-reallocr.o)
                              /usr/lib/gcc/arm-none-eabi/8.3.1/../../../arm-none-eabi/lib/thumb/v6-m/nofp/libg.a(lib_a-realloc.o) (_realloc_r)
/usr/lib/gcc/arm-none-eabi/8.3.1/../../../arm-none-eabi/lib/thumb/v6-m/nofp/libg.a(lib_a-sbrkr.o)
                              /usr/lib/gcc/arm-none-eabi/8.3.1/../../../arm-none-eabi/lib/thumb/v6-m/nofp/libg.a(lib_a-mallocr.o) (_sbrk_r)
/usr/lib/gcc/arm-none-eabi/8.3.1/../../../arm-none-eabi/lib/thumb/v6-m/nofp/libg.a(lib_a-strlen-stub.o)
                              CMakeFiles/tinyusb_dev_usbtmc.dir/src/usb_descriptors.c.obj (strlen)
/usr/lib/gcc/arm-none-eabi/8.3.1/../../../arm-none-eabi/lib/thumb/v6-m/nofp/libg.a(lib_a-strncasecmp.o)
                              CMakeFiles/tinyusb_dev_usbtmc.dir/src/usbtmc_app.c.obj (strncasecmp)
/usr/lib/gcc/arm-none-eabi/8.3.1/../../../arm-none-eabi/lib/thumb/v6-m/nofp/libg.a(lib_a-strtol.o)
                              /usr/lib/gcc/arm-none-eabi/8.3.1/../../../arm-none-eabi/lib/thumb/v6-m/nofp/libg.a(lib_a-atoi.o) (_strtol_r)
/usr/lib/gcc/arm-none-eabi/8.3.1/../../../arm-none-eabi/lib/thumb/v6-m/nofp/libg.a(lib_a-__atexit.o)
                              /usr/lib/gcc/arm-none-eabi/8.3.1/../../../arm-none-eabi/lib/thumb/v6-m/nofp/libg.a(lib_a-atexit.o) (__register_exitproc)
/usr/lib/gcc/arm-none-eabi/8.3.1/../../../arm-none-eabi/lib/thumb/v6-m/nofp/libg.a(lib_a-errno.o)
                              /usr/lib/gcc/arm-none-eabi/8.3.1/../../../arm-none-eabi/lib/thumb/v6-m/nofp/libg.a(lib_a-strtol.o) (__errno)
/usr/lib/gcc/arm-none-eabi/8.3.1/../../../arm-none-eabi/lib/thumb/v6-m/nofp/libg.a(lib_a-freer.o)
                              /usr/lib/gcc/arm-none-eabi/8.3.1/../../../arm-none-eabi/lib/thumb/v6-m/nofp/libg.a(lib_a-malloc.o) (_free_r)
[...]
Memory Configuration

Name             Origin             Length             Attributes
FLASH            0x0000000010000000 0x0000000000200000 xr
RAM              0x0000000020000000 0x0000000000040000 xrw
SCRATCH_X        0x0000000020040000 0x0000000000001000 xrw
SCRATCH_Y        0x0000000020041000 0x0000000000001000 xrw
*default*        0x0000000000000000 0xffffffffffffffff

Linker script and memory map

LOAD /usr/lib/gcc/arm-none-eabi/8.3.1/thumb/v6-m/nofp/crti.o
LOAD /usr/lib/gcc/arm-none-eabi/8.3.1/thumb/v6-m/nofp/crtbegin.o
LOAD /usr/lib/gcc/arm-none-eabi/8.3.1/../../../arm-none-eabi/lib/thumb/v6-m/nofp/crt0.o

.flash_begin    0x0000000010000000        0x0
                0x0000000010000000                __flash_binary_start = .

.boot2          0x0000000010000000      0x100
                0x0000000010000000                __boot2_start__ = .
 *(.boot2)
 .boot2         0x0000000010000000      0x100 /tmp/ccKLybmV.o
                0x0000000010000100                __boot2_end__ = .
                0x0000000000000001                ASSERT (((__boot2_end__ - __boot2_start__) == 0x100), ERROR: Pico second stage bootloader must be 256 bytes in size)

.text           0x0000000010000100     0x7650
                0x0000000010000100                __logical_binary_start = .
 *(.vectors)
 .vectors       0x0000000010000100       0xd4 CMakeFiles/tinyusb_dev_usbtmc.dir/home/boemmelsebastian/pico/pico-sdk/src/rp2_common/pico_standard_link/crt0.S.obj
                0x0000000010000100                __vectors
                0x0000000010000100                __VECTOR_TABLE
                0x00000000100001c0                isr_invalid
                0x00000000100001c0                __default_isrs_start
                0x00000000100001c2                isr_nmi
                0x00000000100001c4                isr_hardfault
                0x00000000100001c6                isr_svcall
                0x00000000100001c8                isr_pendsv
                0x00000000100001ca                isr_systick
                0x00000000100001cc                isr_irq30
                0x00000000100001cc                __unhandled_user_irq
                0x00000000100001cc                isr_irq13
                0x00000000100001cc                isr_irq27
                0x00000000100001cc                isr_irq31
                0x00000000100001cc                isr_irq5
                0x00000000100001cc                isr_irq11
                0x00000000100001cc                isr_irq23
                0x00000000100001cc                isr_irq18
                0x00000000100001cc                isr_irq28
                0x00000000100001cc                isr_irq19
                0x00000000100001cc                isr_irq0
                0x00000000100001cc                isr_irq6
                0x00000000100001cc                isr_irq22
                0x00000000100001cc                isr_irq17
                0x00000000100001cc                isr_irq14
                0x00000000100001cc                isr_irq2
                0x00000000100001cc                isr_irq10
                0x00000000100001cc                isr_irq8
                0x00000000100001cc                isr_irq24
                0x00000000100001cc                isr_irq1
                0x00000000100001cc                isr_irq7
                0x00000000100001cc                isr_irq21
                0x00000000100001cc                isr_irq20
                0x00000000100001cc                isr_irq15
                0x00000000100001cc                isr_irq25
                0x00000000100001cc                isr_irq4
                0x00000000100001cc                isr_irq16
                0x00000000100001cc                isr_irq29
                0x00000000100001cc                isr_irq26
                0x00000000100001cc                __default_isrs_end
                0x00000000100001cc                isr_irq3
                0x00000000100001cc                isr_irq12
                0x00000000100001cc                isr_irq9
                0x00000000100001d2                unhandled_user_irq_num_in_r0
 *(.binary_info_header)
 .binary_info_header
                0x00000000100001d4       0x14 CMakeFiles/tinyusb_dev_usbtmc.dir/home/boemmelsebastian/pico/pico-sdk/src/rp2_common/pico_standard_link/crt0.S.obj
                0x00000000100001e8                __binary_info_header_end = .
 *(.reset)
 .reset         0x00000000100001e8       0xa8 CMakeFiles/tinyusb_dev_usbtmc.dir/home/boemmelsebastian/pico/pico-sdk/src/rp2_common/pico_standard_link/crt0.S.obj
                0x00000000100001e8                _entry_point
                0x0000000010000266                __get_current_exception
 .reset         0x0000000010000290       0x30 CMakeFiles/tinyusb_dev_usbtmc.dir/home/boemmelsebastian/pico/pico-sdk/src/rp2_common/pico_standard_link/binary_info.c.obj
 *(.init)
 .init          0x00000000100002c0        0x4 /usr/lib/gcc/arm-none-eabi/8.3.1/thumb/v6-m/nofp/crti.o
                0x00000000100002c0                _init
 *(EXCLUDE_FILE(*libm.a: *libc.a:*lib_a-mem*.o *libgcc.a:) .text*)
 .text          0x00000000100002c4       0x98 /usr/lib/gcc/arm-none-eabi/8.3.1/thumb/v6-m/nofp/crtbegin.o
 .text.tud_mount_cb
                0x000000001000035c        0xc CMakeFiles/tinyusb_dev_usbtmc.dir/src/main.c.obj
                0x000000001000035c                tud_mount_cb
 .text.tud_umount_cb
                0x0000000010000368        0xc CMakeFiles/tinyusb_dev_usbtmc.dir/src/main.c.obj
                0x0000000010000368                tud_umount_cb
 .text.tud_suspend_cb
                0x0000000010000374       0x10 CMakeFiles/tinyusb_dev_usbtmc.dir/src/main.c.obj
                0x0000000010000374                tud_suspend_cb
 .text.tud_resume_cb
                0x0000000010000384        0xc CMakeFiles/tinyusb_dev_usbtmc.dir/src/main.c.obj
                0x0000000010000384                tud_resume_cb
 .text.led_indicator_pulse
                0x0000000010000390        0xc CMakeFiles/tinyusb_dev_usbtmc.dir/src/main.c.obj
                0x0000000010000390                led_indicator_pulse
 .text.led_blinking_task
                0x000000001000039c      0x114 CMakeFiles/tinyusb_dev_usbtmc.dir/src/main.c.obj
                0x000000001000039c                led_blinking_task
 .text.main     0x00000000100004b0       0x18 CMakeFiles/tinyusb_dev_usbtmc.dir/src/main.c.obj
                0x00000000100004b0                main
 .text.tud_descriptor_device_cb
                0x00000000100004c8        0x8 CMakeFiles/tinyusb_dev_usbtmc.dir/src/usb_descriptors.c.obj
                0x00000000100004c8                tud_descriptor_device_cb
 .text.tud_descriptor_configuration_cb
                0x00000000100004d0        0x8 CMakeFiles/tinyusb_dev_usbtmc.dir/src/usb_descriptors.c.obj
                0x00000000100004d0                tud_descriptor_configuration_cb
 .text.tud_descriptor_string_cb
                0x00000000100004d8       0x5c CMakeFiles/tinyusb_dev_usbtmc.dir/src/usb_descriptors.c.obj
                0x00000000100004d8                tud_descriptor_string_cb
 .text.tud_usbtmc_open_cb
                0x0000000010000534        0x8 CMakeFiles/tinyusb_dev_usbtmc.dir/src/usbtmc_app.c.obj
                0x0000000010000534                tud_usbtmc_open_cb
 .text.tud_usbtmc_get_capabilities_cb
                0x000000001000053c        0x8 CMakeFiles/tinyusb_dev_usbtmc.dir/src/usbtmc_app.c.obj
                0x000000001000053c                tud_usbtmc_get_capabilities_cb
 .text.tud_usbtmc_msg_trigger_cb
                0x0000000010000544       0x14 CMakeFiles/tinyusb_dev_usbtmc.dir/src/usbtmc_app.c.obj
                0x0000000010000544                tud_usbtmc_msg_trigger_cb
 .text.tud_usbtmc_msgBulkOut_start_cb
                0x0000000010000558       0x2c CMakeFiles/tinyusb_dev_usbtmc.dir/src/usbtmc_app.c.obj
                0x0000000010000558                tud_usbtmc_msgBulkOut_start_cb
 .text.tud_usbtmc_msg_data_cb
                0x0000000010000584       0xac CMakeFiles/tinyusb_dev_usbtmc.dir/src/usbtmc_app.c.obj
                0x0000000010000584                tud_usbtmc_msg_data_cb
 .text.tud_usbtmc_msgBulkIn_complete_cb
                0x0000000010000630       0x50 CMakeFiles/tinyusb_dev_usbtmc.dir/src/usbtmc_app.c.obj
                0x0000000010000630                tud_usbtmc_msgBulkIn_complete_cb
 .text.tud_usbtmc_msgBulkIn_request_cb
                0x0000000010000680       0xa0 CMakeFiles/tinyusb_dev_usbtmc.dir/src/usbtmc_app.c.obj
                0x0000000010000680                tud_usbtmc_msgBulkIn_request_cb
 .text.usbtmc_app_task_iter
                0x0000000010000720      0x1bc CMakeFiles/tinyusb_dev_usbtmc.dir/src/usbtmc_app.c.obj
                0x0000000010000720                usbtmc_app_task_iter
 .text.tud_usbtmc_initiate_clear_cb
                0x00000000100008dc       0x24 CMakeFiles/tinyusb_dev_usbtmc.dir/src/usbtmc_app.c.obj
                0x00000000100008dc                tud_usbtmc_initiate_clear_cb
 .text.tud_usbtmc_check_clear_cb
                0x0000000010000900       0x3c CMakeFiles/tinyusb_dev_usbtmc.dir/src/usbtmc_app.c.obj
                0x0000000010000900                tud_usbtmc_check_clear_cb
 .text.tud_usbtmc_initiate_abort_bulk_in_cb
                0x000000001000093c       0x14 CMakeFiles/tinyusb_dev_usbtmc.dir/src/usbtmc_app.c.obj
                0x000000001000093c                tud_usbtmc_initiate_abort_bulk_in_cb
 .text.tud_usbtmc_check_abort_bulk_in_cb
                0x0000000010000950        0xa CMakeFiles/tinyusb_dev_usbtmc.dir/src/usbtmc_app.c.obj
                0x0000000010000950                tud_usbtmc_check_abort_bulk_in_cb
 .text.tud_usbtmc_initiate_abort_bulk_out_cb
                0x000000001000095a        0x8 CMakeFiles/tinyusb_dev_usbtmc.dir/src/usbtmc_app.c.obj
                0x000000001000095a                tud_usbtmc_initiate_abort_bulk_out_cb
 .text.tud_usbtmc_check_abort_bulk_out_cb
                0x0000000010000962        0xa CMakeFiles/tinyusb_dev_usbtmc.dir/src/usbtmc_app.c.obj
                0x0000000010000962                tud_usbtmc_check_abort_bulk_out_cb
 .text.tud_usbtmc_bulkIn_clearFeature_cb
                0x000000001000096c        0x2 CMakeFiles/tinyusb_dev_usbtmc.dir/src/usbtmc_app.c.obj
                0x000000001000096c                tud_usbtmc_bulkIn_clearFeature_cb
 .text.tud_usbtmc_bulkOut_clearFeature_cb
                0x000000001000096e        0x8 CMakeFiles/tinyusb_dev_usbtmc.dir/src/usbtmc_app.c.obj
                0x000000001000096e                tud_usbtmc_bulkOut_clearFeature_cb
 *fill*         0x0000000010000976        0x2 
 .text.tud_usbtmc_get_stb_cb
                0x0000000010000978       0x1c CMakeFiles/tinyusb_dev_usbtmc.dir/src/usbtmc_app.c.obj
                0x0000000010000978                tud_usbtmc_get_stb_cb
 .text.tud_usbtmc_indicator_pulse_cb
                0x0000000010000994       0x10 CMakeFiles/tinyusb_dev_usbtmc.dir/src/usbtmc_app.c.obj
                0x0000000010000994                tud_usbtmc_indicator_pulse_cb
 .text.gpio_set_function
                0x00000000100009a4       0x30 CMakeFiles/tinyusb_dev_usbtmc.dir/home/boemmelsebastian/pico/pico-sdk/src/rp2_common/hardware_gpio/gpio.c.obj
                0x00000000100009a4                gpio_set_function
 .text.gpio_get_function
                0x00000000100009d4       0x14 CMakeFiles/tinyusb_dev_usbtmc.dir/home/boemmelsebastian/pico/pico-sdk/src/rp2_common/hardware_gpio/gpio.c.obj
                0x00000000100009d4                gpio_get_function
 .text.gpio_set_pulls
                0x00000000100009e8       0x34 CMakeFiles/tinyusb_dev_usbtmc.dir/home/boemmelsebastian/pico/pico-sdk/src/rp2_common/hardware_gpio/gpio.c.obj
                0x00000000100009e8                gpio_set_pulls
 .text.gpio_set_inover
                0x0000000010000a1c       0x24 CMakeFiles/tinyusb_dev_usbtmc.dir/home/boemmelsebastian/pico/pico-sdk/src/rp2_common/hardware_gpio/gpio.c.obj
                0x0000000010000a1c                gpio_set_inover
 .text.gpio_set_oeover
                0x0000000010000a40       0x24 CMakeFiles/tinyusb_dev_usbtmc.dir/home/boemmelsebastian/pico/pico-sdk/src/rp2_common/hardware_gpio/gpio.c.obj
                0x0000000010000a40                gpio_set_oeover
 .text.gpio_init
                0x0000000010000a64       0x16 CMakeFiles/tinyusb_dev_usbtmc.dir/home/boemmelsebastian/pico/pico-sdk/src/rp2_common/hardware_gpio/gpio.c.obj
                0x0000000010000a64                gpio_init
 *fill*         0x0000000010000a7a        0x2 
 .text.hw_claim_lock
                0x0000000010000a7c       0x18 CMakeFiles/tinyusb_dev_usbtmc.dir/home/boemmelsebastian/pico/pico-sdk/src/rp2_common/hardware_claim/claim.c.obj
                0x0000000010000a7c                hw_claim_lock
 .text.hw_claim_unlock
                0x0000000010000a94       0x14 CMakeFiles/tinyusb_dev_usbtmc.dir/home/boemmelsebastian/pico/pico-sdk/src/rp2_common/hardware_claim/claim.c.obj
                0x0000000010000a94                hw_claim_unlock
 .text.hw_claim_or_assert
                0x0000000010000aa8       0x32 CMakeFiles/tinyusb_dev_usbtmc.dir/home/boemmelsebastian/pico/pico-sdk/src/rp2_common/hardware_claim/claim.c.obj
                0x0000000010000aa8                hw_claim_or_assert
 .text.hw_claim_unused_from_range
                0x0000000010000ada       0x50 CMakeFiles/tinyusb_dev_usbtmc.dir/home/boemmelsebastian/pico/pico-sdk/src/rp2_common/hardware_claim/claim.c.obj
                0x0000000010000ada                hw_claim_unused_from_range
 *fill*         0x0000000010000b2a        0x2 
 .text.running_on_fpga
                0x0000000010000b2c       0x14 CMakeFiles/tinyusb_dev_usbtmc.dir/home/boemmelsebastian/pico/pico-sdk/src/rp2_common/pico_platform/platform.c.obj
                0x0000000010000b2c                running_on_fpga
 .text.rp2040_chip_version
                0x0000000010000b40       0x4c CMakeFiles/tinyusb_dev_usbtmc.dir/home/boemmelsebastian/pico/pico-sdk/src/rp2_common/pico_platform/platform.c.obj
                0x0000000010000b40                rp2040_chip_version
 .text.spin_locks_reset
                0x0000000010000b8c       0x20 CMakeFiles/tinyusb_dev_usbtmc.dir/home/boemmelsebastian/pico/pico-sdk/src/rp2_common/hardware_sync/sync.c.obj
                0x0000000010000b8c                spin_locks_reset
 .text.next_striped_spin_lock_num
                0x0000000010000bac       0x1c CMakeFiles/tinyusb_dev_usbtmc.dir/home/boemmelsebastian/pico/pico-sdk/src/rp2_common/hardware_sync/sync.c.obj
                0x0000000010000bac                next_striped_spin_lock_num
 .text.spin_lock_claim_unused
                0x0000000010000bc8       0x20 CMakeFiles/tinyusb_dev_usbtmc.dir/home/boemmelsebastian/pico/pico-sdk/src/rp2_common/hardware_sync/sync.c.obj
                0x0000000010000bc8                spin_lock_claim_unused
 .text.set_raw_irq_handler_and_unlock
                0x0000000010000be8       0x28 CMakeFiles/tinyusb_dev_usbtmc.dir/home/boemmelsebastian/pico/pico-sdk/src/rp2_common/hardware_irq/irq.c.obj
 .text.make_branch
                0x0000000010000c10       0x48 CMakeFiles/tinyusb_dev_usbtmc.dir/home/boemmelsebastian/pico/pico-sdk/src/rp2_common/hardware_irq/irq.c.obj
 .text.insert_branch_and_link
                0x0000000010000c58       0x40 CMakeFiles/tinyusb_dev_usbtmc.dir/home/boemmelsebastian/pico/pico-sdk/src/rp2_common/hardware_irq/irq.c.obj
 .text.irq_is_enabled
                0x0000000010000c98       0x18 CMakeFiles/tinyusb_dev_usbtmc.dir/home/boemmelsebastian/pico/pico-sdk/src/rp2_common/hardware_irq/irq.c.obj
                0x0000000010000c98                irq_is_enabled
 .text.irq_set_mask_enabled
                0x0000000010000cb0       0x20 CMakeFiles/tinyusb_dev_usbtmc.dir/home/boemmelsebastian/pico/pico-sdk/src/rp2_common/hardware_irq/irq.c.obj
                0x0000000010000cb0                irq_set_mask_enabled
 .text.irq_set_enabled
                0x0000000010000cd0        0xe CMakeFiles/tinyusb_dev_usbtmc.dir/home/boemmelsebastian/pico/pico-sdk/src/rp2_common/hardware_irq/irq.c.obj
                0x0000000010000cd0                irq_set_enabled
 *fill*         0x0000000010000cde        0x2 
 .text.irq_get_vtable_handler
                0x0000000010000ce0       0x10 CMakeFiles/tinyusb_dev_usbtmc.dir/home/boemmelsebastian/pico/pico-sdk/src/rp2_common/hardware_irq/irq.c.obj
                0x0000000010000ce0                irq_get_vtable_handler
 .text.irq_set_exclusive_handler
                0x0000000010000cf0       0x54 CMakeFiles/tinyusb_dev_usbtmc.dir/home/boemmelsebastian/pico/pico-sdk/src/rp2_common/hardware_irq/irq.c.obj
                0x0000000010000cf0                irq_set_exclusive_handler
 .text.irq_remove_handler
                0x0000000010000d44      0x1a0 CMakeFiles/tinyusb_dev_usbtmc.dir/home/boemmelsebastian/pico/pico-sdk/src/rp2_common/hardware_irq/irq.c.obj
                0x0000000010000d44                irq_remove_handler
 .text.irq_add_tail_to_free_list
                0x0000000010000ee4       0xf0 CMakeFiles/tinyusb_dev_usbtmc.dir/home/boemmelsebastian/pico/pico-sdk/src/rp2_common/hardware_irq/irq.c.obj
                0x0000000010000ee4                irq_add_tail_to_free_list
 .text.irq_init_priorities
                0x0000000010000fd4       0x1c CMakeFiles/tinyusb_dev_usbtmc.dir/home/boemmelsebastian/pico/pico-sdk/src/rp2_common/hardware_irq/irq.c.obj
                0x0000000010000fd4                irq_init_priorities
 .text.lock_init
                0x0000000010000ff0       0x10 CMakeFiles/tinyusb_dev_usbtmc.dir/home/boemmelsebastian/pico/pico-sdk/src/common/pico_sync/lock_core.c.obj
                0x0000000010000ff0                lock_init
 .text.sleep_until_callback
                0x0000000010001000       0x30 CMakeFiles/tinyusb_dev_usbtmc.dir/home/boemmelsebastian/pico/pico-sdk/src/common/pico_time/time.c.obj
 .text.alarm_pool_post_alloc_init
                0x0000000010001030       0x40 CMakeFiles/tinyusb_dev_usbtmc.dir/home/boemmelsebastian/pico/pico-sdk/src/common/pico_time/time.c.obj
 .text.timer_pool_entry_comparator
                0x0000000010001070       0x7c CMakeFiles/tinyusb_dev_usbtmc.dir/home/boemmelsebastian/pico/pico-sdk/src/common/pico_time/time.c.obj
                0x0000000010001070                timer_pool_entry_comparator
 .text.ph_add_child_node
                0x00000000100010ec       0xa4 CMakeFiles/tinyusb_dev_usbtmc.dir/home/boemmelsebastian/pico/pico-sdk/src/common/pico_time/time.c.obj
 .text.ph_merge_nodes
                0x0000000010001190       0x3e CMakeFiles/tinyusb_dev_usbtmc.dir/home/boemmelsebastian/pico/pico-sdk/src/common/pico_time/time.c.obj
 *fill*         0x00000000100011ce        0x2 
 .text.add_alarm_under_lock
                0x00000000100011d0      0x180 CMakeFiles/tinyusb_dev_usbtmc.dir/home/boemmelsebastian/pico/pico-sdk/src/common/pico_time/time.c.obj
 .text.alarm_pool_alarm_callback
                0x0000000010001350      0x328 CMakeFiles/tinyusb_dev_usbtmc.dir/home/boemmelsebastian/pico/pico-sdk/src/common/pico_time/time.c.obj
 .text.alarm_pool_init_default
                0x0000000010001678       0x38 CMakeFiles/tinyusb_dev_usbtmc.dir/home/boemmelsebastian/pico/pico-sdk/src/common/pico_time/time.c.obj
                0x0000000010001678                alarm_pool_init_default
 .text.alarm_pool_get_default
                0x00000000100016b0       0x2c CMakeFiles/tinyusb_dev_usbtmc.dir/home/boemmelsebastian/pico/pico-sdk/src/common/pico_time/time.c.obj
                0x00000000100016b0                alarm_pool_get_default
 .text.alarm_pool_add_alarm_at
                0x00000000100016dc      0x154 CMakeFiles/tinyusb_dev_usbtmc.dir/home/boemmelsebastian/pico/pico-sdk/src/common/pico_time/time.c.obj
                0x00000000100016dc                alarm_pool_add_alarm_at
 .text.alarm_pool_cancel_alarm
                0x0000000010001830       0xec CMakeFiles/tinyusb_dev_usbtmc.dir/home/boemmelsebastian/pico/pico-sdk/src/common/pico_time/time.c.obj
                0x0000000010001830                alarm_pool_cancel_alarm
 .text.best_effort_wfe_or_timeout
                0x000000001000191c       0x80 CMakeFiles/tinyusb_dev_usbtmc.dir/home/boemmelsebastian/pico/pico-sdk/src/common/pico_time/time.c.obj
                0x000000001000191c                best_effort_wfe_or_timeout
 .text.hardware_alarm_irq_handler
                0x000000001000199c       0x8c CMakeFiles/tinyusb_dev_usbtmc.dir/home/boemmelsebastian/pico/pico-sdk/src/rp2_common/hardware_timer/timer.c.obj
 .text.hardware_alarm_claim
                0x0000000010001a28       0x18 CMakeFiles/tinyusb_dev_usbtmc.dir/home/boemmelsebastian/pico/pico-sdk/src/rp2_common/hardware_timer/timer.c.obj
                0x0000000010001a28                hardware_alarm_claim
 .text.time_us_64
                0x0000000010001a40       0x18 CMakeFiles/tinyusb_dev_usbtmc.dir/home/boemmelsebastian/pico/pico-sdk/src/rp2_common/hardware_timer/timer.c.obj
                0x0000000010001a40                time_us_64
 .text.busy_wait_until
                0x0000000010001a58       0x24 CMakeFiles/tinyusb_dev_usbtmc.dir/home/boemmelsebastian/pico/pico-sdk/src/rp2_common/hardware_timer/timer.c.obj
                0x0000000010001a58                busy_wait_until
 .text.busy_wait_us
                0x0000000010001a7c       0x48 CMakeFiles/tinyusb_dev_usbtmc.dir/home/boemmelsebastian/pico/pico-sdk/src/rp2_common/hardware_timer/timer.c.obj
                0x0000000010001a7c                busy_wait_us
 .text.hardware_alarm_set_callback
                0x0000000010001ac4       0x90 CMakeFiles/tinyusb_dev_usbtmc.dir/home/boemmelsebastian/pico/pico-sdk/src/rp2_common/hardware_timer/timer.c.obj
                0x0000000010001ac4                hardware_alarm_set_callback
 .text.hardware_alarm_set_target
                0x0000000010001b54       0xe8 CMakeFiles/tinyusb_dev_usbtmc.dir/home/boemmelsebastian/pico/pico-sdk/src/rp2_common/hardware_timer/timer.c.obj
                0x0000000010001b54                hardware_alarm_set_target
 .text.hardware_alarm_cancel
                0x0000000010001c3c       0x40 CMakeFiles/tinyusb_dev_usbtmc.dir/home/boemmelsebastian/pico/pico-sdk/src/rp2_common/hardware_timer/timer.c.obj
                0x0000000010001c3c                hardware_alarm_cancel
 .text.ph_add_child_node
                0x0000000010001c7c       0xa4 CMakeFiles/tinyusb_dev_usbtmc.dir/home/boemmelsebastian/pico/pico-sdk/src/common/pico_util/pheap.c.obj
 .text.ph_merge_nodes
                0x0000000010001d20       0x3e CMakeFiles/tinyusb_dev_usbtmc.dir/home/boemmelsebastian/pico/pico-sdk/src/common/pico_util/pheap.c.obj
 *fill*         0x0000000010001d5e        0x2 
 .text.ph_clear
                0x0000000010001d60       0x70 CMakeFiles/tinyusb_dev_usbtmc.dir/home/boemmelsebastian/pico/pico-sdk/src/common/pico_util/pheap.c.obj
                0x0000000010001d60                ph_clear
 .text.ph_post_alloc_init
                0x0000000010001dd0        0xe CMakeFiles/tinyusb_dev_usbtmc.dir/home/boemmelsebastian/pico/pico-sdk/src/common/pico_util/pheap.c.obj
                0x0000000010001dd0                ph_post_alloc_init
 *fill*         0x0000000010001dde        0x2 
 .text.ph_merge_two_pass
                0x0000000010001de0       0xac CMakeFiles/tinyusb_dev_usbtmc.dir/home/boemmelsebastian/pico/pico-sdk/src/common/pico_util/pheap.c.obj
                0x0000000010001de0                ph_merge_two_pass
 .text.ph_remove_any_head
                0x0000000010001e8c      0x108 CMakeFiles/tinyusb_dev_usbtmc.dir/home/boemmelsebastian/pico/pico-sdk/src/common/pico_util/pheap.c.obj
 .text.ph_remove_head
                0x0000000010001f94       0x14 CMakeFiles/tinyusb_dev_usbtmc.dir/home/boemmelsebastian/pico/pico-sdk/src/common/pico_util/pheap.c.obj
                0x0000000010001f94                ph_remove_head
 .text.ph_remove_and_free_node
                0x0000000010001fa8       0xf8 CMakeFiles/tinyusb_dev_usbtmc.dir/home/boemmelsebastian/pico/pico-sdk/src/common/pico_util/pheap.c.obj
                0x0000000010001fa8                ph_remove_and_free_node
 .text.mutex_init
                0x00000000100020a0       0x1a CMakeFiles/tinyusb_dev_usbtmc.dir/home/boemmelsebastian/pico/pico-sdk/src/common/pico_sync/mutex.c.obj
                0x00000000100020a0                mutex_init
 .text.recursive_mutex_init
                0x00000000100020ba       0x1e CMakeFiles/tinyusb_dev_usbtmc.dir/home/boemmelsebastian/pico/pico-sdk/src/common/pico_sync/mutex.c.obj
                0x00000000100020ba                recursive_mutex_init
 .text.critical_section_init_with_lock_num
                0x00000000100020d8       0x14 CMakeFiles/tinyusb_dev_usbtmc.dir/home/boemmelsebastian/pico/pico-sdk/src/common/pico_sync/critical_section.c.obj
                0x00000000100020d8                critical_section_init_with_lock_num
 .text.critical_section_init
                0x00000000100020ec       0x14 CMakeFiles/tinyusb_dev_usbtmc.dir/home/boemmelsebastian/pico/pico-sdk/src/common/pico_sync/critical_section.c.obj
                0x00000000100020ec                critical_section_init
 .text.uart_set_baudrate
                0x0000000010002100       0x5c CMakeFiles/tinyusb_dev_usbtmc.dir/home/boemmelsebastian/pico/pico-sdk/src/rp2_common/hardware_uart/uart.c.obj
                0x0000000010002100                uart_set_baudrate
 .text.uart_set_translate_crlf
                0x000000001000215c       0x28 CMakeFiles/tinyusb_dev_usbtmc.dir/home/boemmelsebastian/pico/pico-sdk/src/rp2_common/hardware_uart/uart.c.obj
                0x000000001000215c                uart_set_translate_crlf
 .text.uart_init
                0x0000000010002184       0x80 CMakeFiles/tinyusb_dev_usbtmc.dir/home/boemmelsebastian/pico/pico-sdk/src/rp2_common/hardware_uart/uart.c.obj
                0x0000000010002184                uart_init
 .text._exit    0x0000000010002204        0x4 CMakeFiles/tinyusb_dev_usbtmc.dir/home/boemmelsebastian/pico/pico-sdk/src/rp2_common/pico_runtime/runtime.c.obj
                0x0000000010002204                _exit
 .text.exit     0x0000000010002208        0x6 CMakeFiles/tinyusb_dev_usbtmc.dir/home/boemmelsebastian/pico/pico-sdk/src/rp2_common/pico_runtime/runtime.c.obj
                0x0000000010002208                exit
 *fill*         0x000000001000220e        0x2 
 .text.__assert_func
                0x0000000010002210       0x3c CMakeFiles/tinyusb_dev_usbtmc.dir/home/boemmelsebastian/pico/pico-sdk/src/rp2_common/pico_runtime/runtime.c.obj
                0x0000000010002210                __assert_func
 .text.runtime_init
                0x000000001000224c       0xf8 CMakeFiles/tinyusb_dev_usbtmc.dir/home/boemmelsebastian/pico/pico-sdk/src/rp2_common/pico_runtime/runtime.c.obj
                0x000000001000224c                runtime_init
 .text.panic    0x0000000010002344       0x30 CMakeFiles/tinyusb_dev_usbtmc.dir/home/boemmelsebastian/pico/pico-sdk/src/rp2_common/pico_runtime/runtime.c.obj
                0x0000000010002344                panic
 .text.clock_configure
                0x0000000010002374       0xfc CMakeFiles/tinyusb_dev_usbtmc.dir/home/boemmelsebastian/pico/pico-sdk/src/rp2_common/hardware_clocks/clocks.c.obj
                0x0000000010002374                clock_configure
 .text.clocks_init
                0x0000000010002470      0x100 CMakeFiles/tinyusb_dev_usbtmc.dir/home/boemmelsebastian/pico/pico-sdk/src/rp2_common/hardware_clocks/clocks.c.obj
                0x0000000010002470                clocks_init
 .text.clock_get_hz
                0x0000000010002570        0xc CMakeFiles/tinyusb_dev_usbtmc.dir/home/boemmelsebastian/pico/pico-sdk/src/rp2_common/hardware_clocks/clocks.c.obj
                0x0000000010002570                clock_get_hz
 .text.pll_init
                0x000000001000257c      0x140 CMakeFiles/tinyusb_dev_usbtmc.dir/home/boemmelsebastian/pico/pico-sdk/src/rp2_common/hardware_pll/pll.c.obj
                0x000000001000257c                pll_init
 .text.watchdog_start_tick
                0x00000000100026bc       0x10 CMakeFiles/tinyusb_dev_usbtmc.dir/home/boemmelsebastian/pico/pico-sdk/src/rp2_common/hardware_watchdog/watchdog.c.obj
                0x00000000100026bc                watchdog_start_tick
 .text.xosc_init
                0x00000000100026cc       0x28 CMakeFiles/tinyusb_dev_usbtmc.dir/home/boemmelsebastian/pico/pico-sdk/src/rp2_common/hardware_xosc/xosc.c.obj
                0x00000000100026cc                xosc_init
 .text._out_null
                0x00000000100026f4        0x2 CMakeFiles/tinyusb_dev_usbtmc.dir/home/boemmelsebastian/pico/pico-sdk/src/rp2_common/pico_printf/printf.c.obj
 .text._out_fct
                0x00000000100026f6        0xe CMakeFiles/tinyusb_dev_usbtmc.dir/home/boemmelsebastian/pico/pico-sdk/src/rp2_common/pico_printf/printf.c.obj
 .text._atoi    0x0000000010002704       0x28 CMakeFiles/tinyusb_dev_usbtmc.dir/home/boemmelsebastian/pico/pico-sdk/src/rp2_common/pico_printf/printf.c.obj
 .text._out_rev
                0x000000001000272c       0x8c CMakeFiles/tinyusb_dev_usbtmc.dir/home/boemmelsebastian/pico/pico-sdk/src/rp2_common/pico_printf/printf.c.obj
 .text._ntoa_format
                0x00000000100027b8      0x10c CMakeFiles/tinyusb_dev_usbtmc.dir/home/boemmelsebastian/pico/pico-sdk/src/rp2_common/pico_printf/printf.c.obj
 .text._ntoa_long
                0x00000000100028c4       0xb0 CMakeFiles/tinyusb_dev_usbtmc.dir/home/boemmelsebastian/pico/pico-sdk/src/rp2_common/pico_printf/printf.c.obj
 .text._ntoa_long_long
                0x0000000010002974       0xe6 CMakeFiles/tinyusb_dev_usbtmc.dir/home/boemmelsebastian/pico/pico-sdk/src/rp2_common/pico_printf/printf.c.obj
 *fill*         0x0000000010002a5a        0x2 
 .text._etoa    0x0000000010002a5c      0x408 CMakeFiles/tinyusb_dev_usbtmc.dir/home/boemmelsebastian/pico/pico-sdk/src/rp2_common/pico_printf/printf.c.obj
 .text._ftoa    0x0000000010002e64      0x344 CMakeFiles/tinyusb_dev_usbtmc.dir/home/boemmelsebastian/pico/pico-sdk/src/rp2_common/pico_printf/printf.c.obj
 .text._vsnprintf
                0x00000000100031a8      0x61c CMakeFiles/tinyusb_dev_usbtmc.dir/home/boemmelsebastian/pico/pico-sdk/src/rp2_common/pico_printf/printf.c.obj
 .text.vfctprintf
                0x00000000100037c4       0x20 CMakeFiles/tinyusb_dev_usbtmc.dir/home/boemmelsebastian/pico/pico-sdk/src/rp2_common/pico_printf/printf.c.obj
                0x00000000100037c4                vfctprintf
 .text          0x00000000100037e4       0x10 CMakeFiles/tinyusb_dev_usbtmc.dir/home/boemmelsebastian/pico/pico-sdk/src/rp2_common/pico_bit_ops/bit_ops_aeabi.S.obj
 .text.rom_func_lookup
                0x00000000100037f4       0x10 CMakeFiles/tinyusb_dev_usbtmc.dir/home/boemmelsebastian/pico/pico-sdk/src/rp2_common/pico_bootrom/bootrom.c.obj
                0x00000000100037f4                rom_func_lookup
 .text.rom_data_lookup
                0x0000000010003804       0x10 CMakeFiles/tinyusb_dev_usbtmc.dir/home/boemmelsebastian/pico/pico-sdk/src/rp2_common/pico_bootrom/bootrom.c.obj
                0x0000000010003804                rom_data_lookup
 .text.rom_funcs_lookup
                0x0000000010003814       0x36 CMakeFiles/tinyusb_dev_usbtmc.dir/home/boemmelsebastian/pico/pico-sdk/src/rp2_common/pico_bootrom/bootrom.c.obj
                0x0000000010003814                rom_funcs_lookup
 *fill*         0x000000001000384a        0x2 
 .text.__wrap___aeabi_idiv
                0x000000001000384c       0x50 CMakeFiles/tinyusb_dev_usbtmc.dir/home/boemmelsebastian/pico/pico-sdk/src/rp2_common/pico_divider/divider.S.obj
                0x000000001000384c                __wrap___aeabi_idivmod
                0x000000001000384c                divmod_s32s32
                0x000000001000384c                div_s32s32
                0x000000001000384c                __wrap___aeabi_idiv
                0x0000000010003854                divmod_s32s32_unsafe
                0x0000000010003880                divmod_s32s32_savestate
 .text.__wrap___aeabi_uidiv
                0x000000001000389c       0x4c CMakeFiles/tinyusb_dev_usbtmc.dir/home/boemmelsebastian/pico/pico-sdk/src/rp2_common/pico_divider/divider.S.obj
                0x000000001000389c                __wrap___aeabi_uidiv
                0x000000001000389c                __wrap___aeabi_uidivmod
                0x000000001000389c                div_u32u32
                0x000000001000389c                divmod_u32u32
                0x00000000100038a4                divmod_u32u32_unsafe
                0x00000000100038cc                divmod_u32u32_savestate
 .text.__wrap___aeabi_ldiv
                0x00000000100038e8      0x434 CMakeFiles/tinyusb_dev_usbtmc.dir/home/boemmelsebastian/pico/pico-sdk/src/rp2_common/pico_divider/divider.S.obj
                0x00000000100038e8                div_s64s64
                0x00000000100038e8                divmod_s64s64
                0x00000000100038e8                __wrap___aeabi_ldivmod
                0x0000000010003920                div_u64u64
                0x0000000010003920                divmod_u64u64
                0x0000000010003920                __wrap___aeabi_uldivmod
                0x0000000010003930                divmod_u64u64_savestate
                0x0000000010003958                divmod_s64s64_unsafe
                0x00000000100039e0                divmod_u64u64_unsafe
 .text.__wrap___aeabi_darithmetic
                0x0000000010003d1c       0x80 CMakeFiles/tinyusb_dev_usbtmc.dir/home/boemmelsebastian/pico/pico-sdk/src/rp2_common/pico_double/double_aeabi.S.obj
                0x0000000010003d1c                __wrap___aeabi_drsub
                0x0000000010003d22                __wrap___aeabi_dsub
                0x0000000010003d34                __wrap___aeabi_dadd
                0x0000000010003d46                __wrap___aeabi_ddiv
                0x0000000010003d82                __wrap___aeabi_dmul
 .text.__wrap___aeabi_cdcmple
                0x0000000010003d9c       0x6c CMakeFiles/tinyusb_dev_usbtmc.dir/home/boemmelsebastian/pico/pico-sdk/src/rp2_common/pico_double/double_aeabi.S.obj
                0x0000000010003d9c                __wrap___aeabi_cdrcmple
                0x0000000010003dac                __wrap___aeabi_cdcmple
                0x0000000010003dac                __wrap___aeabi_cdcmpeq
 .text.__wrap___aeabi_dcmplt
                0x0000000010003e08        0xc CMakeFiles/tinyusb_dev_usbtmc.dir/home/boemmelsebastian/pico/pico-sdk/src/rp2_common/pico_double/double_aeabi.S.obj
                0x0000000010003e08                __wrap___aeabi_dcmplt
 .text.__wrap___aeabi_dcmple
                0x0000000010003e14       0x10 CMakeFiles/tinyusb_dev_usbtmc.dir/home/boemmelsebastian/pico/pico-sdk/src/rp2_common/pico_double/double_aeabi.S.obj
                0x0000000010003e14                __wrap___aeabi_dcmple
 .text.__wrap___aeabi_dcmpge
                0x0000000010003e24       0x10 CMakeFiles/tinyusb_dev_usbtmc.dir/home/boemmelsebastian/pico/pico-sdk/src/rp2_common/pico_double/double_aeabi.S.obj
                0x0000000010003e24                __wrap___aeabi_dcmpge
 .text.__wrap___aeabi_dcmpgt
                0x0000000010003e34        0xa CMakeFiles/tinyusb_dev_usbtmc.dir/home/boemmelsebastian/pico/pico-sdk/src/rp2_common/pico_double/double_aeabi.S.obj
                0x0000000010003e34                __wrap___aeabi_dcmpgt
 .text.__wrap___aeabi_dcmpun
                0x0000000010003e3e       0x1c CMakeFiles/tinyusb_dev_usbtmc.dir/home/boemmelsebastian/pico/pico-sdk/src/rp2_common/pico_double/double_aeabi.S.obj
                0x0000000010003e3e                __wrap___aeabi_dcmpun
 *fill*         0x0000000010003e5a        0x2 
 .text.__wrap___aeabi_i2d
                0x0000000010003e5c       0x38 CMakeFiles/tinyusb_dev_usbtmc.dir/home/boemmelsebastian/pico/pico-sdk/src/rp2_common/pico_double/double_aeabi.S.obj
                0x0000000010003e5c                __wrap___aeabi_ui2d
                0x0000000010003e64                __wrap___aeabi_i2d
 .text.__wrap___aeabi_d2iz
                0x0000000010003e94       0x48 CMakeFiles/tinyusb_dev_usbtmc.dir/home/boemmelsebastian/pico/pico-sdk/src/rp2_common/pico_double/double_aeabi.S.obj
                0x0000000010003e94                __wrap___aeabi_d2iz
                0x0000000010003e94                double2int_z
 .text.__wrap___aeabi_d2uiz
                0x0000000010003edc       0x18 CMakeFiles/tinyusb_dev_usbtmc.dir/home/boemmelsebastian/pico/pico-sdk/src/rp2_common/pico_double/double_aeabi.S.obj
                0x0000000010003edc                double2uint
                0x0000000010003edc                __wrap___aeabi_d2uiz
 .text.__aeabi_double_init
                0x0000000010003ef4       0xc8 CMakeFiles/tinyusb_dev_usbtmc.dir/home/boemmelsebastian/pico/pico-sdk/src/rp2_common/pico_double/double_init_rom.c.obj
                0x0000000010003ef4                __aeabi_double_init
 .text.double_table_shim_on_use_helper
                0x0000000010003fbc       0x34 CMakeFiles/tinyusb_dev_usbtmc.dir/home/boemmelsebastian/pico/pico-sdk/src/rp2_common/pico_double/double_v1_rom_shim.S.obj
                0x0000000010003fbc                double_table_shim_on_use_helper
 .text.__wrap___aeabi_dsub
                0x0000000010003ff0       0x10 CMakeFiles/tinyusb_dev_usbtmc.dir/home/boemmelsebastian/pico/pico-sdk/src/rp2_common/pico_double/double_v1_rom_shim.S.obj
                0x0000000010003ff0                drsub_shim
                0x0000000010003ff6                dsub_shim
 .text.dadd_shim
                0x0000000010004000      0x15c CMakeFiles/tinyusb_dev_usbtmc.dir/home/boemmelsebastian/pico/pico-sdk/src/rp2_common/pico_double/double_v1_rom_shim.S.obj
                0x0000000010004000                dadd_shim
 .text.dmul_shim
                0x000000001000415c      0x15c CMakeFiles/tinyusb_dev_usbtmc.dir/home/boemmelsebastian/pico/pico-sdk/src/rp2_common/pico_double/double_v1_rom_shim.S.obj
                0x000000001000415c                dmul_shim
 .text.ddiv_shim
                0x00000000100042b8      0x1b0 CMakeFiles/tinyusb_dev_usbtmc.dir/home/boemmelsebastian/pico/pico-sdk/src/rp2_common/pico_double/double_v1_rom_shim.S.obj
                0x00000000100042b8                ddiv_shim
 .text.double2uint_shim
                0x0000000010004468        0xe CMakeFiles/tinyusb_dev_usbtmc.dir/home/boemmelsebastian/pico/pico-sdk/src/rp2_common/pico_double/double_v1_rom_shim.S.obj
                0x0000000010004468                double2uint_shim
                0x000000001000446a                double2ufix_shim
 *fill*         0x0000000010004476        0x2 
 .text.double2uint64_shim
                0x0000000010004478       0x70 CMakeFiles/tinyusb_dev_usbtmc.dir/home/boemmelsebastian/pico/pico-sdk/src/rp2_common/pico_double/double_v1_rom_shim.S.obj
                0x0000000010004478                double2uint64_shim
                0x000000001000447a                double2ufix64_shim
                0x000000001000449a                d2fix_a
 .text.dunpacks
                0x00000000100044e8       0x3c CMakeFiles/tinyusb_dev_usbtmc.dir/home/boemmelsebastian/pico/pico-sdk/src/rp2_common/pico_double/double_v1_rom_shim.S.obj
                0x00000000100044e8                dunpacks
 .text.__aeabi_lmul
                0x0000000010004524       0x32 CMakeFiles/tinyusb_dev_usbtmc.dir/home/boemmelsebastian/pico/pico-sdk/src/rp2_common/pico_int64_ops/pico_int64_ops_aeabi.S.obj
                0x0000000010004524                __wrap___aeabi_lmul
 *fill*         0x0000000010004556        0x2 
 .text.__aeabi_float_init
                0x0000000010004558       0xfc CMakeFiles/tinyusb_dev_usbtmc.dir/home/boemmelsebastian/pico/pico-sdk/src/rp2_common/pico_float/float_init_rom.c.obj
                0x0000000010004558                __aeabi_float_init
 .text.float_table_shim_on_use_helper
                0x0000000010004654       0x34 CMakeFiles/tinyusb_dev_usbtmc.dir/home/boemmelsebastian/pico/pico-sdk/src/rp2_common/pico_float/float_v1_rom_shim.S.obj
                0x0000000010004654                float_table_shim_on_use_helper
 .text          0x0000000010004688       0x10 CMakeFiles/tinyusb_dev_usbtmc.dir/home/boemmelsebastian/pico/pico-sdk/src/rp2_common/pico_mem_ops/mem_ops_aeabi.S.obj
                0x0000000010004688                __aeabi_mem_init
 .text.memset   0x0000000010004698        0xc CMakeFiles/tinyusb_dev_usbtmc.dir/home/boemmelsebastian/pico/pico-sdk/src/rp2_common/pico_mem_ops/mem_ops_aeabi.S.obj
                0x0000000010004698                __wrap_memset
 .text.memcpy   0x00000000100046a4        0xc CMakeFiles/tinyusb_dev_usbtmc.dir/home/boemmelsebastian/pico/pico-sdk/src/rp2_common/pico_mem_ops/mem_ops_aeabi.S.obj
                0x00000000100046a4                __wrap___aeabi_memcpy
                0x00000000100046a4                __wrap_memcpy
 .text.stdio_out_chars_no_crlf
                0x00000000100046b0        0xe CMakeFiles/tinyusb_dev_usbtmc.dir/home/boemmelsebastian/pico/pico-sdk/src/rp2_common/pico_stdio/stdio.c.obj
 *fill*         0x00000000100046be        0x2 
 .text.stdio_out_chars_crlf
                0x00000000100046c0       0x80 CMakeFiles/tinyusb_dev_usbtmc.dir/home/boemmelsebastian/pico/pico-sdk/src/rp2_common/pico_stdio/stdio.c.obj
 .text.stdio_stack_buffer_flush
                0x0000000010004740       0x44 CMakeFiles/tinyusb_dev_usbtmc.dir/home/boemmelsebastian/pico/pico-sdk/src/rp2_common/pico_stdio/stdio.c.obj
 .text.stdio_buffered_printer
                0x0000000010004784       0x20 CMakeFiles/tinyusb_dev_usbtmc.dir/home/boemmelsebastian/pico/pico-sdk/src/rp2_common/pico_stdio/stdio.c.obj
 .text.stdout_serialize_begin
                0x00000000100047a4       0x30 CMakeFiles/tinyusb_dev_usbtmc.dir/home/boemmelsebastian/pico/pico-sdk/src/rp2_common/pico_stdio/stdio.c.obj
                0x00000000100047a4                stdout_serialize_begin
 .text.stdout_serialize_end
                0x00000000100047d4       0x10 CMakeFiles/tinyusb_dev_usbtmc.dir/home/boemmelsebastian/pico/pico-sdk/src/rp2_common/pico_stdio/stdio.c.obj
                0x00000000100047d4                stdout_serialize_end
 .text.stdio_put_string
                0x00000000100047e4       0x94 CMakeFiles/tinyusb_dev_usbtmc.dir/home/boemmelsebastian/pico/pico-sdk/src/rp2_common/pico_stdio/stdio.c.obj
 .text.stdio_set_driver_enabled
                0x0000000010004878       0x2c CMakeFiles/tinyusb_dev_usbtmc.dir/home/boemmelsebastian/pico/pico-sdk/src/rp2_common/pico_stdio/stdio.c.obj
                0x0000000010004878                stdio_set_driver_enabled
 .text.stdio_flush
                0x00000000100048a4       0x20 CMakeFiles/tinyusb_dev_usbtmc.dir/home/boemmelsebastian/pico/pico-sdk/src/rp2_common/pico_stdio/stdio.c.obj
                0x00000000100048a4                stdio_flush
 .text.__wrap_puts
                0x00000000100048c4       0x1e CMakeFiles/tinyusb_dev_usbtmc.dir/home/boemmelsebastian/pico/pico-sdk/src/rp2_common/pico_stdio/stdio.c.obj
                0x00000000100048c4                __wrap_puts
 *fill*         0x00000000100048e2        0x2 
 .text.__wrap_vprintf
                0x00000000100048e4       0x44 CMakeFiles/tinyusb_dev_usbtmc.dir/home/boemmelsebastian/pico/pico-sdk/src/rp2_common/pico_stdio/stdio.c.obj
                0x00000000100048e4                __wrap_vprintf
 .text.__wrap_printf
                0x0000000010004928       0x18 CMakeFiles/tinyusb_dev_usbtmc.dir/home/boemmelsebastian/pico/pico-sdk/src/rp2_common/pico_stdio/stdio.c.obj
                0x0000000010004928                __wrap_printf
 .text.stdio_uart_out_chars
                0x0000000010004940       0x74 CMakeFiles/tinyusb_dev_usbtmc.dir/home/boemmelsebastian/pico/pico-sdk/src/rp2_common/pico_stdio_uart/stdio_uart.c.obj
 .text.stdio_uart_in_chars
                0x00000000100049b4       0x54 CMakeFiles/tinyusb_dev_usbtmc.dir/home/boemmelsebastian/pico/pico-sdk/src/rp2_common/pico_stdio_uart/stdio_uart.c.obj
                0x00000000100049b4                stdio_uart_in_chars
 .text.stdio_uart_init_full
                0x0000000010004a08       0x3c CMakeFiles/tinyusb_dev_usbtmc.dir/home/boemmelsebastian/pico/pico-sdk/src/rp2_common/pico_stdio_uart/stdio_uart.c.obj
                0x0000000010004a08                stdio_uart_init_full
 .text.boot_double_tap_check
                0x0000000010004a44       0x64 CMakeFiles/tinyusb_dev_usbtmc.dir/home/boemmelsebastian/pico/pico-sdk/src/rp2_common/pico_bootsel_via_double_reset/pico_bootsel_via_double_reset.c.obj
 .text.board_init
                0x0000000010004aa8       0x30 CMakeFiles/tinyusb_dev_usbtmc.dir/home/boemmelsebastian/pico/pico-sdk/lib/tinyusb/hw/bsp/rp2040/family.c.obj
                0x0000000010004aa8                board_init
 .text.board_led_write
                0x0000000010004ad8       0x1c CMakeFiles/tinyusb_dev_usbtmc.dir/home/boemmelsebastian/pico/pico-sdk/lib/tinyusb/hw/bsp/rp2040/family.c.obj
                0x0000000010004ad8                board_led_write
 .text.hw_endpoint_get_by_addr
                0x0000000010004af4       0x18 CMakeFiles/tinyusb_dev_usbtmc.dir/home/boemmelsebastian/pico/pico-sdk/lib/tinyusb/src/portable/raspberrypi/rp2040/dcd_rp2040.c.obj
 .text.reset_ep0_pid
                0x0000000010004b0c       0x28 CMakeFiles/tinyusb_dev_usbtmc.dir/home/boemmelsebastian/pico/pico-sdk/lib/tinyusb/src/portable/raspberrypi/rp2040/dcd_rp2040.c.obj
 .text._hw_endpoint_alloc
                0x0000000010004b34       0x70 CMakeFiles/tinyusb_dev_usbtmc.dir/home/boemmelsebastian/pico/pico-sdk/lib/tinyusb/src/portable/raspberrypi/rp2040/dcd_rp2040.c.obj
 .text.hw_endpoint_init
                0x0000000010004ba4       0x88 CMakeFiles/tinyusb_dev_usbtmc.dir/home/boemmelsebastian/pico/pico-sdk/lib/tinyusb/src/portable/raspberrypi/rp2040/dcd_rp2040.c.obj
 .text.reset_non_control_endpoints
                0x0000000010004c2c       0x40 CMakeFiles/tinyusb_dev_usbtmc.dir/home/boemmelsebastian/pico/pico-sdk/lib/tinyusb/src/portable/raspberrypi/rp2040/dcd_rp2040.c.obj
 .text.hw_handle_buff_status
                0x0000000010004c6c       0x8c CMakeFiles/tinyusb_dev_usbtmc.dir/home/boemmelsebastian/pico/pico-sdk/lib/tinyusb/src/portable/raspberrypi/rp2040/dcd_rp2040.c.obj
 .text.dcd_rp2040_irq
                0x0000000010004cf8       0xc8 CMakeFiles/tinyusb_dev_usbtmc.dir/home/boemmelsebastian/pico/pico-sdk/lib/tinyusb/src/portable/raspberrypi/rp2040/dcd_rp2040.c.obj
 .text.hw_endpoint_xfer
                0x0000000010004dc0       0x14 CMakeFiles/tinyusb_dev_usbtmc.dir/home/boemmelsebastian/pico/pico-sdk/lib/tinyusb/src/portable/raspberrypi/rp2040/dcd_rp2040.c.obj
 .text.dcd_int_enable
                0x0000000010004dd4       0x2c CMakeFiles/tinyusb_dev_usbtmc.dir/home/boemmelsebastian/pico/pico-sdk/lib/tinyusb/src/portable/raspberrypi/rp2040/dcd_rp2040.c.obj
                0x0000000010004dd4                dcd_int_enable
 .text.dcd_set_address
                0x0000000010004e00       0x2c CMakeFiles/tinyusb_dev_usbtmc.dir/home/boemmelsebastian/pico/pico-sdk/lib/tinyusb/src/portable/raspberrypi/rp2040/dcd_rp2040.c.obj
                0x0000000010004e00                dcd_set_address
 .text.dcd_connect
                0x0000000010004e2c       0x10 CMakeFiles/tinyusb_dev_usbtmc.dir/home/boemmelsebastian/pico/pico-sdk/lib/tinyusb/src/portable/raspberrypi/rp2040/dcd_rp2040.c.obj
                0x0000000010004e2c                dcd_connect
 .text.dcd_init
                0x0000000010004e3c       0x7c CMakeFiles/tinyusb_dev_usbtmc.dir/home/boemmelsebastian/pico/pico-sdk/lib/tinyusb/src/portable/raspberrypi/rp2040/dcd_rp2040.c.obj
                0x0000000010004e3c                dcd_init
 .text.dcd_edpt0_status_complete
                0x0000000010004eb8       0x1c CMakeFiles/tinyusb_dev_usbtmc.dir/home/boemmelsebastian/pico/pico-sdk/lib/tinyusb/src/portable/raspberrypi/rp2040/dcd_rp2040.c.obj
                0x0000000010004eb8                dcd_edpt0_status_complete
 .text.dcd_edpt_open
                0x0000000010004ed4       0x40 CMakeFiles/tinyusb_dev_usbtmc.dir/home/boemmelsebastian/pico/pico-sdk/lib/tinyusb/src/portable/raspberrypi/rp2040/dcd_rp2040.c.obj
                0x0000000010004ed4                dcd_edpt_open
 .text.dcd_edpt_close_all
                0x0000000010004f14        0x8 CMakeFiles/tinyusb_dev_usbtmc.dir/home/boemmelsebastian/pico/pico-sdk/lib/tinyusb/src/portable/raspberrypi/rp2040/dcd_rp2040.c.obj
                0x0000000010004f14                dcd_edpt_close_all
 .text.dcd_edpt_xfer
                0x0000000010004f1c       0x30 CMakeFiles/tinyusb_dev_usbtmc.dir/home/boemmelsebastian/pico/pico-sdk/lib/tinyusb/src/portable/raspberrypi/rp2040/dcd_rp2040.c.obj
                0x0000000010004f1c                dcd_edpt_xfer
 .text.dcd_edpt_stall
                0x0000000010004f4c       0x2c CMakeFiles/tinyusb_dev_usbtmc.dir/home/boemmelsebastian/pico/pico-sdk/lib/tinyusb/src/portable/raspberrypi/rp2040/dcd_rp2040.c.obj
                0x0000000010004f4c                dcd_edpt_stall
 .text.dcd_edpt_clear_stall
                0x0000000010004f78       0x20 CMakeFiles/tinyusb_dev_usbtmc.dir/home/boemmelsebastian/pico/pico-sdk/lib/tinyusb/src/portable/raspberrypi/rp2040/dcd_rp2040.c.obj
                0x0000000010004f78                dcd_edpt_clear_stall
 .text.prepare_ep_buffer
                0x0000000010004f98       0x70 CMakeFiles/tinyusb_dev_usbtmc.dir/home/boemmelsebastian/pico/pico-sdk/lib/tinyusb/src/portable/raspberrypi/rp2040/rp2040_usb.c.obj
 .text.sync_ep_buffer
                0x0000000010005008       0x7c CMakeFiles/tinyusb_dev_usbtmc.dir/home/boemmelsebastian/pico/pico-sdk/lib/tinyusb/src/portable/raspberrypi/rp2040/rp2040_usb.c.obj
 .text._hw_endpoint_xfer_sync
                0x0000000010005084       0x28 CMakeFiles/tinyusb_dev_usbtmc.dir/home/boemmelsebastian/pico/pico-sdk/lib/tinyusb/src/portable/raspberrypi/rp2040/rp2040_usb.c.obj
 .text.rp2040_usb_init
                0x00000000100050ac       0x4c CMakeFiles/tinyusb_dev_usbtmc.dir/home/boemmelsebastian/pico/pico-sdk/lib/tinyusb/src/portable/raspberrypi/rp2040/rp2040_usb.c.obj
                0x00000000100050ac                rp2040_usb_init
 .text.hw_endpoint_reset_transfer
                0x00000000100050f8        0xc CMakeFiles/tinyusb_dev_usbtmc.dir/home/boemmelsebastian/pico/pico-sdk/lib/tinyusb/src/portable/raspberrypi/rp2040/rp2040_usb.c.obj
                0x00000000100050f8                hw_endpoint_reset_transfer
 .text._hw_endpoint_buffer_control_update32
                0x0000000010005104       0x58 CMakeFiles/tinyusb_dev_usbtmc.dir/home/boemmelsebastian/pico/pico-sdk/lib/tinyusb/src/portable/raspberrypi/rp2040/rp2040_usb.c.obj
                0x0000000010005104                _hw_endpoint_buffer_control_update32
 .text._hw_endpoint_start_next_buffer
                0x000000001000515c       0x74 CMakeFiles/tinyusb_dev_usbtmc.dir/home/boemmelsebastian/pico/pico-sdk/lib/tinyusb/src/portable/raspberrypi/rp2040/rp2040_usb.c.obj
 .text.hw_endpoint_xfer_start
                0x00000000100051d0       0x48 CMakeFiles/tinyusb_dev_usbtmc.dir/home/boemmelsebastian/pico/pico-sdk/lib/tinyusb/src/portable/raspberrypi/rp2040/rp2040_usb.c.obj
                0x00000000100051d0                hw_endpoint_xfer_start
 .text.hw_endpoint_xfer_continue
                0x0000000010005218       0x38 CMakeFiles/tinyusb_dev_usbtmc.dir/home/boemmelsebastian/pico/pico-sdk/lib/tinyusb/src/portable/raspberrypi/rp2040/rp2040_usb.c.obj
                0x0000000010005218                hw_endpoint_xfer_continue
 .text.configuration_reset
                0x0000000010005250       0x84 CMakeFiles/tinyusb_dev_usbtmc.dir/home/boemmelsebastian/pico/pico-sdk/lib/tinyusb/src/device/usbd.c.obj
 .text.usbd_reset
                0x00000000100052d4        0xc CMakeFiles/tinyusb_dev_usbtmc.dir/home/boemmelsebastian/pico/pico-sdk/lib/tinyusb/src/device/usbd.c.obj
 .text.invoke_class_control
                0x00000000100052e0       0x1a CMakeFiles/tinyusb_dev_usbtmc.dir/home/boemmelsebastian/pico/pico-sdk/lib/tinyusb/src/device/usbd.c.obj
 *fill*         0x00000000100052fa        0x2 
 .text.process_set_config
                0x00000000100052fc      0x188 CMakeFiles/tinyusb_dev_usbtmc.dir/home/boemmelsebastian/pico/pico-sdk/lib/tinyusb/src/device/usbd.c.obj
 .text.process_get_descriptor
                0x0000000010005484       0xf8 CMakeFiles/tinyusb_dev_usbtmc.dir/home/boemmelsebastian/pico/pico-sdk/lib/tinyusb/src/device/usbd.c.obj
 .text.tud_inited
                0x000000001000557c        0xc CMakeFiles/tinyusb_dev_usbtmc.dir/home/boemmelsebastian/pico/pico-sdk/lib/tinyusb/src/device/usbd.c.obj
                0x000000001000557c                tud_inited
 .text.tud_init
                0x0000000010005588       0xcc CMakeFiles/tinyusb_dev_usbtmc.dir/home/boemmelsebastian/pico/pico-sdk/lib/tinyusb/src/device/usbd.c.obj
                0x0000000010005588                tud_init
 .text.dcd_event_handler
                0x0000000010005654      0x1e0 CMakeFiles/tinyusb_dev_usbtmc.dir/home/boemmelsebastian/pico/pico-sdk/lib/tinyusb/src/device/usbd.c.obj
                0x0000000010005654                dcd_event_handler
 .text.dcd_event_bus_signal
                0x0000000010005834       0x28 CMakeFiles/tinyusb_dev_usbtmc.dir/home/boemmelsebastian/pico/pico-sdk/lib/tinyusb/src/device/usbd.c.obj
                0x0000000010005834                dcd_event_bus_signal
 .text.dcd_event_bus_reset
                0x000000001000585c       0x2c CMakeFiles/tinyusb_dev_usbtmc.dir/home/boemmelsebastian/pico/pico-sdk/lib/tinyusb/src/device/usbd.c.obj
                0x000000001000585c                dcd_event_bus_reset
 .text.dcd_event_setup_received
                0x0000000010005888       0x34 CMakeFiles/tinyusb_dev_usbtmc.dir/home/boemmelsebastian/pico/pico-sdk/lib/tinyusb/src/device/usbd.c.obj
                0x0000000010005888                dcd_event_setup_received
 .text.dcd_event_xfer_complete
                0x00000000100058bc       0x46 CMakeFiles/tinyusb_dev_usbtmc.dir/home/boemmelsebastian/pico/pico-sdk/lib/tinyusb/src/device/usbd.c.obj
                0x00000000100058bc                dcd_event_xfer_complete
 *fill*         0x0000000010005902        0x2 
 .text.usbd_edpt_open
                0x0000000010005904       0x58 CMakeFiles/tinyusb_dev_usbtmc.dir/home/boemmelsebastian/pico/pico-sdk/lib/tinyusb/src/device/usbd.c.obj
                0x0000000010005904                usbd_edpt_open
 .text.usbd_edpt_xfer
                0x000000001000595c       0x80 CMakeFiles/tinyusb_dev_usbtmc.dir/home/boemmelsebastian/pico/pico-sdk/lib/tinyusb/src/device/usbd.c.obj
                0x000000001000595c                usbd_edpt_xfer
 .text.usbd_edpt_busy
                0x00000000100059dc       0x1c CMakeFiles/tinyusb_dev_usbtmc.dir/home/boemmelsebastian/pico/pico-sdk/lib/tinyusb/src/device/usbd.c.obj
                0x00000000100059dc                usbd_edpt_busy
 .text.usbd_edpt_stall
                0x00000000100059f8       0x40 CMakeFiles/tinyusb_dev_usbtmc.dir/home/boemmelsebastian/pico/pico-sdk/lib/tinyusb/src/device/usbd.c.obj
                0x00000000100059f8                usbd_edpt_stall
 .text.usbd_edpt_clear_stall
                0x0000000010005a38       0x40 CMakeFiles/tinyusb_dev_usbtmc.dir/home/boemmelsebastian/pico/pico-sdk/lib/tinyusb/src/device/usbd.c.obj
                0x0000000010005a38                usbd_edpt_clear_stall
 .text.usbd_edpt_stalled
                0x0000000010005a78       0x1c CMakeFiles/tinyusb_dev_usbtmc.dir/home/boemmelsebastian/pico/pico-sdk/lib/tinyusb/src/device/usbd.c.obj
                0x0000000010005a78                usbd_edpt_stalled
 .text.process_control_request
                0x0000000010005a94      0x3bc CMakeFiles/tinyusb_dev_usbtmc.dir/home/boemmelsebastian/pico/pico-sdk/lib/tinyusb/src/device/usbd.c.obj
 .text.tud_task
                0x0000000010005e50      0x218 CMakeFiles/tinyusb_dev_usbtmc.dir/home/boemmelsebastian/pico/pico-sdk/lib/tinyusb/src/device/usbd.c.obj
                0x0000000010005e50                tud_task
 .text._data_stage_xact
                0x0000000010006068       0x58 CMakeFiles/tinyusb_dev_usbtmc.dir/home/boemmelsebastian/pico/pico-sdk/lib/tinyusb/src/device/usbd_control.c.obj
 .text.tud_control_status
                0x00000000100060c0       0x38 CMakeFiles/tinyusb_dev_usbtmc.dir/home/boemmelsebastian/pico/pico-sdk/lib/tinyusb/src/device/usbd_control.c.obj
                0x00000000100060c0                tud_control_status
 .text.tud_control_xfer
                0x00000000100060f8       0xa4 CMakeFiles/tinyusb_dev_usbtmc.dir/home/boemmelsebastian/pico/pico-sdk/lib/tinyusb/src/device/usbd_control.c.obj
                0x00000000100060f8                tud_control_xfer
 .text.usbd_control_reset
                0x000000001000619c       0x14 CMakeFiles/tinyusb_dev_usbtmc.dir/home/boemmelsebastian/pico/pico-sdk/lib/tinyusb/src/device/usbd_control.c.obj
                0x000000001000619c                usbd_control_reset
 .text.usbd_control_set_complete_callback
                0x00000000100061b0        0xc CMakeFiles/tinyusb_dev_usbtmc.dir/home/boemmelsebastian/pico/pico-sdk/lib/tinyusb/src/device/usbd_control.c.obj
                0x00000000100061b0                usbd_control_set_complete_callback
 .text.usbd_control_set_request
                0x00000000100061bc       0x1c CMakeFiles/tinyusb_dev_usbtmc.dir/home/boemmelsebastian/pico/pico-sdk/lib/tinyusb/src/device/usbd_control.c.obj
                0x00000000100061bc                usbd_control_set_request
 .text.usbd_control_xfer_cb
                0x00000000100061d8       0xfc CMakeFiles/tinyusb_dev_usbtmc.dir/home/boemmelsebastian/pico/pico-sdk/lib/tinyusb/src/device/usbd_control.c.obj
                0x00000000100061d8                usbd_control_xfer_cb
 .text.atomicChangeState
                0x00000000100062d4       0x3c CMakeFiles/tinyusb_dev_usbtmc.dir/home/boemmelsebastian/pico/pico-sdk/lib/tinyusb/src/class/usbtmc/usbtmc_device.c.obj
                0x00000000100062d4                atomicChangeState
 .text.handle_devMsgIn
                0x0000000010006310       0x78 CMakeFiles/tinyusb_dev_usbtmc.dir/home/boemmelsebastian/pico/pico-sdk/lib/tinyusb/src/class/usbtmc/usbtmc_device.c.obj
 .text.handle_devMsgOut
                0x0000000010006388       0x5c CMakeFiles/tinyusb_dev_usbtmc.dir/home/boemmelsebastian/pico/pico-sdk/lib/tinyusb/src/class/usbtmc/usbtmc_device.c.obj
 .text.handle_devMsgOutStart
                0x00000000100063e4       0x64 CMakeFiles/tinyusb_dev_usbtmc.dir/home/boemmelsebastian/pico/pico-sdk/lib/tinyusb/src/class/usbtmc/usbtmc_device.c.obj
 .text.tud_usbtmc_transmit_dev_msg_data
                0x0000000010006448      0x15c CMakeFiles/tinyusb_dev_usbtmc.dir/home/boemmelsebastian/pico/pico-sdk/lib/tinyusb/src/class/usbtmc/usbtmc_device.c.obj
                0x0000000010006448                tud_usbtmc_transmit_dev_msg_data
 .text.usbtmcd_init_cb
                0x00000000100065a4       0x88 CMakeFiles/tinyusb_dev_usbtmc.dir/home/boemmelsebastian/pico/pico-sdk/lib/tinyusb/src/class/usbtmc/usbtmc_device.c.obj
                0x00000000100065a4                usbtmcd_init_cb
 .text.usbtmcd_open_cb
                0x000000001000662c      0x1e0 CMakeFiles/tinyusb_dev_usbtmc.dir/home/boemmelsebastian/pico/pico-sdk/lib/tinyusb/src/class/usbtmc/usbtmc_device.c.obj
                0x000000001000662c                usbtmcd_open_cb
 .text.tud_usbtmc_start_bus_read
                0x000000001000680c       0x3c CMakeFiles/tinyusb_dev_usbtmc.dir/home/boemmelsebastian/pico/pico-sdk/lib/tinyusb/src/class/usbtmc/usbtmc_device.c.obj
                0x000000001000680c                tud_usbtmc_start_bus_read
 .text.usbtmcd_reset_cb
                0x0000000010006848       0x38 CMakeFiles/tinyusb_dev_usbtmc.dir/home/boemmelsebastian/pico/pico-sdk/lib/tinyusb/src/class/usbtmc/usbtmc_device.c.obj
                0x0000000010006848                usbtmcd_reset_cb
 .text.usbtmcd_xfer_cb
                0x0000000010006880      0x1f8 CMakeFiles/tinyusb_dev_usbtmc.dir/home/boemmelsebastian/pico/pico-sdk/lib/tinyusb/src/class/usbtmc/usbtmc_device.c.obj
                0x0000000010006880                usbtmcd_xfer_cb
 .text.usbtmcd_control_xfer_cb
                0x0000000010006a78      0x550 CMakeFiles/tinyusb_dev_usbtmc.dir/home/boemmelsebastian/pico/pico-sdk/lib/tinyusb/src/class/usbtmc/usbtmc_device.c.obj
                0x0000000010006a78                usbtmcd_control_xfer_cb
 .text.tusb_init
                0x0000000010006fc8       0x24 CMakeFiles/tinyusb_dev_usbtmc.dir/home/boemmelsebastian/pico/pico-sdk/lib/tinyusb/src/tusb.c.obj
                0x0000000010006fc8                tusb_init
 .text.tusb_inited
                0x0000000010006fec        0xe CMakeFiles/tinyusb_dev_usbtmc.dir/home/boemmelsebastian/pico/pico-sdk/lib/tinyusb/src/tusb.c.obj
                0x0000000010006fec                tusb_inited
 *fill*         0x0000000010006ffa        0x2 
 .text.tu_edpt_validate
                0x0000000010006ffc       0xa8 CMakeFiles/tinyusb_dev_usbtmc.dir/home/boemmelsebastian/pico/pico-sdk/lib/tinyusb/src/tusb.c.obj
                0x0000000010006ffc                tu_edpt_validate
 .text.tu_edpt_bind_driver
                0x00000000100070a4       0x2a CMakeFiles/tinyusb_dev_usbtmc.dir/home/boemmelsebastian/pico/pico-sdk/lib/tinyusb/src/tusb.c.obj
                0x00000000100070a4                tu_edpt_bind_driver
 .text.advance_pointer
                0x00000000100070ce       0x18 CMakeFiles/tinyusb_dev_usbtmc.dir/home/boemmelsebastian/pico/pico-sdk/lib/tinyusb/src/common/tusb_fifo.c.obj
 .text.backward_pointer
                0x00000000100070e6       0x1e CMakeFiles/tinyusb_dev_usbtmc.dir/home/boemmelsebastian/pico/pico-sdk/lib/tinyusb/src/common/tusb_fifo.c.obj
 .text.get_relative_pointer
                0x0000000010007104       0x10 CMakeFiles/tinyusb_dev_usbtmc.dir/home/boemmelsebastian/pico/pico-sdk/lib/tinyusb/src/common/tusb_fifo.c.obj
 .text._tu_fifo_peek
                0x0000000010007114       0x4c CMakeFiles/tinyusb_dev_usbtmc.dir/home/boemmelsebastian/pico/pico-sdk/lib/tinyusb/src/common/tusb_fifo.c.obj
 .text.tu_fifo_read
                0x0000000010007160       0x42 CMakeFiles/tinyusb_dev_usbtmc.dir/home/boemmelsebastian/pico/pico-sdk/lib/tinyusb/src/common/tusb_fifo.c.obj
                0x0000000010007160                tu_fifo_read
 .text.tu_fifo_write
                0x00000000100071a2       0x6c CMakeFiles/tinyusb_dev_usbtmc.dir/home/boemmelsebastian/pico/pico-sdk/lib/tinyusb/src/common/tusb_fifo.c.obj
                0x00000000100071a2                tu_fifo_write
 .text.tu_fifo_clear
                0x000000001000720e       0x4c CMakeFiles/tinyusb_dev_usbtmc.dir/home/boemmelsebastian/pico/pico-sdk/lib/tinyusb/src/common/tusb_fifo.c.obj
                0x000000001000720e                tu_fifo_clear
 *fill*         0x000000001000725a        0x2 
 .text.hw_enumeration_fix_finish
                0x000000001000725c       0x40 CMakeFiles/tinyusb_dev_usbtmc.dir/home/boemmelsebastian/pico/pico-sdk/src/rp2_common/pico_fix/rp2040_usb_device_enumeration/rp2040_usb_device_enumeration.c.obj
 .text.hw_enumeration_fix_force_ls_j_done
                0x000000001000729c        0xc CMakeFiles/tinyusb_dev_usbtmc.dir/home/boemmelsebastian/pico/pico-sdk/src/rp2_common/pico_fix/rp2040_usb_device_enumeration/rp2040_usb_device_enumeration.c.obj
                0x000000001000729c                hw_enumeration_fix_force_ls_j_done
 .text.hw_enumeration_fix_force_ls_j
                0x00000000100072a8      0x12c CMakeFiles/tinyusb_dev_usbtmc.dir/home/boemmelsebastian/pico/pico-sdk/src/rp2_common/pico_fix/rp2040_usb_device_enumeration/rp2040_usb_device_enumeration.c.obj
 .text.hw_enumeration_fix_wait_se0_callback
                0x00000000100073d4       0x24 CMakeFiles/tinyusb_dev_usbtmc.dir/home/boemmelsebastian/pico/pico-sdk/src/rp2_common/pico_fix/rp2040_usb_device_enumeration/rp2040_usb_device_enumeration.c.obj
                0x00000000100073d4                hw_enumeration_fix_wait_se0_callback
 .text.hw_enumeration_fix_wait_se0
                0x00000000100073f8       0x84 CMakeFiles/tinyusb_dev_usbtmc.dir/home/boemmelsebastian/pico/pico-sdk/src/rp2_common/pico_fix/rp2040_usb_device_enumeration/rp2040_usb_device_enumeration.c.obj
 .text.rp2040_usb_device_enumeration_fix
                0x000000001000747c       0x12 CMakeFiles/tinyusb_dev_usbtmc.dir/home/boemmelsebastian/pico/pico-sdk/src/rp2_common/pico_fix/rp2040_usb_device_enumeration/rp2040_usb_device_enumeration.c.obj
                0x000000001000747c                rp2040_usb_device_enumeration_fix
 *fill*         0x000000001000748e        0x2 
 .text          0x0000000010007490       0x18 /usr/lib/gcc/arm-none-eabi/8.3.1/../../../arm-none-eabi/lib/thumb/v6-m/nofp/libg.a(lib_a-atoi.o)
                0x0000000010007490                atoi
                0x000000001000749c                _atoi_r
 .text          0x00000000100074a8       0x68 /usr/lib/gcc/arm-none-eabi/8.3.1/../../../arm-none-eabi/lib/thumb/v6-m/nofp/libg.a(lib_a-strlen-stub.o)
                0x00000000100074a8                strlen
 .text          0x0000000010007510       0x4c /usr/lib/gcc/arm-none-eabi/8.3.1/../../../arm-none-eabi/lib/thumb/v6-m/nofp/libg.a(lib_a-strncasecmp.o)
                0x0000000010007510                strncasecmp
 .text          0x000000001000755c      0x184 /usr/lib/gcc/arm-none-eabi/8.3.1/../../../arm-none-eabi/lib/thumb/v6-m/nofp/libg.a(lib_a-strtol.o)
                0x00000000100076a8                _strtol_r
                0x00000000100076b0                strtol_l
                0x00000000100076c8                strtol
 .text          0x00000000100076e0        0xc /usr/lib/gcc/arm-none-eabi/8.3.1/../../../arm-none-eabi/lib/thumb/v6-m/nofp/libg.a(lib_a-errno.o)
                0x00000000100076e0                __errno
 *(.fini)
 .fini          0x00000000100076ec        0x4 /usr/lib/gcc/arm-none-eabi/8.3.1/thumb/v6-m/nofp/crti.o
                0x00000000100076ec                _fini
 .fini.__stub   0x00000000100076f0       0x60 linker stubs
 *crtbegin.o(.ctors)
 *crtbegin?.o(.ctors)
 *(EXCLUDE_FILE(*crtend.o *crtend?.o) .ctors)
 *(SORT_BY_NAME(.ctors.*))
 *(.ctors)
 *crtbegin.o(.dtors)
 *crtbegin?.o(.dtors)
 *(EXCLUDE_FILE(*crtend.o *crtend?.o) .dtors)
 *(SORT_BY_NAME(.dtors.*))
 *(.dtors)
 *(.eh_frame*)
 .eh_frame      0x0000000010007750        0x0 /usr/lib/gcc/arm-none-eabi/8.3.1/thumb/v6-m/nofp/crtbegin.o
                0x0000000010007750                . = ALIGN (0x4)

.glue_7         0x0000000010007750        0x0
 .glue_7        0x0000000010007750        0x0 linker stubs

.glue_7t        0x0000000010007750        0x0
 .glue_7t       0x0000000010007750        0x0 linker stubs

.vfp11_veneer   0x0000000010007750        0x0
 .vfp11_veneer  0x0000000010007750        0x0 linker stubs

.v4_bx          0x0000000010007750        0x0
 .v4_bx         0x0000000010007750        0x0 linker stubs

.iplt           0x0000000010007750        0x0
 .iplt          0x0000000010007750        0x0 /usr/lib/gcc/arm-none-eabi/8.3.1/thumb/v6-m/nofp/crtbegin.o

.rodata         0x0000000010007750     0x17d0
 *(EXCLUDE_FILE(*libm.a: *libc.a:*lib_a-mem*.o *libgcc.a:) .rodata*)
 .rodata.__func__.6401
                0x0000000010007750       0x15 CMakeFiles/tinyusb_dev_usbtmc.dir/src/main.c.obj
 *fill*         0x0000000010007765        0x3 
 .rodata.led_blinking_task.str1.4
                0x0000000010007768       0x6b CMakeFiles/tinyusb_dev_usbtmc.dir/src/main.c.obj
 *fill*         0x00000000100077d3        0x1 
 .rodata.__compound_literal.0
                0x00000000100077d4        0x2 CMakeFiles/tinyusb_dev_usbtmc.dir/src/usb_descriptors.c.obj
 *fill*         0x00000000100077d6        0x2 
 .rodata.desc_configuration
                0x00000000100077d8       0x27 CMakeFiles/tinyusb_dev_usbtmc.dir/src/usb_descriptors.c.obj
                0x00000000100077d8                desc_configuration
 *fill*         0x00000000100077ff        0x1 
 .rodata.desc_device
                0x0000000010007800       0x12 CMakeFiles/tinyusb_dev_usbtmc.dir/src/usb_descriptors.c.obj
                0x0000000010007800                desc_device
 *fill*         0x0000000010007812        0x2 
 .rodata.str1.4
                0x0000000010007814       0x2f CMakeFiles/tinyusb_dev_usbtmc.dir/src/usb_descriptors.c.obj
 *fill*         0x0000000010007843        0x1 
 .rodata.usbtmc_app_task_iter
                0x0000000010007844       0x14 CMakeFiles/tinyusb_dev_usbtmc.dir/src/usbtmc_app.c.obj
 .rodata.__func__.6401
                0x0000000010007858       0x15 CMakeFiles/tinyusb_dev_usbtmc.dir/src/usbtmc_app.c.obj
 *fill*         0x000000001000786d        0x3 
 .rodata.__func__.7427
                0x0000000010007870       0x20 CMakeFiles/tinyusb_dev_usbtmc.dir/src/usbtmc_app.c.obj
 .rodata.__func__.7439
                0x0000000010007890       0x15 CMakeFiles/tinyusb_dev_usbtmc.dir/src/usbtmc_app.c.obj
 *fill*         0x00000000100078a5        0x3 
 .rodata.idn    0x00000000100078a8       0x35 CMakeFiles/tinyusb_dev_usbtmc.dir/src/usbtmc_app.c.obj
 *fill*         0x00000000100078dd        0x3 
 .rodata.tud_usbtmc_app_capabilities
                0x00000000100078e0       0x18 CMakeFiles/tinyusb_dev_usbtmc.dir/src/usbtmc_app.c.obj
 .rodata.tud_usbtmc_msgBulkIn_request_cb.str1.4
                0x00000000100078f8       0x17 CMakeFiles/tinyusb_dev_usbtmc.dir/src/usbtmc_app.c.obj
 *fill*         0x000000001000790f        0x1 
 .rodata.tud_usbtmc_msg_data_cb.str1.4
                0x0000000010007910        0xf CMakeFiles/tinyusb_dev_usbtmc.dir/src/usbtmc_app.c.obj
 .rodata.usbtmc_app_task_iter.str1.4
                0x000000001000791f       0x6b CMakeFiles/tinyusb_dev_usbtmc.dir/src/usbtmc_app.c.obj
 *fill*         0x000000001000791f        0x1 
 .rodata.__func__.4354
                0x0000000010007920       0x14 CMakeFiles/tinyusb_dev_usbtmc.dir/home/boemmelsebastian/pico/pico-sdk/src/rp2_common/pico_platform/platform.c.obj
 .rodata.rp2040_chip_version.str1.4
                0x0000000010007934       0x85 CMakeFiles/tinyusb_dev_usbtmc.dir/home/boemmelsebastian/pico/pico-sdk/src/rp2_common/pico_platform/platform.c.obj
 *fill*         0x00000000100079b9        0x3 
 .rodata.spin_lock_claim_unused.str1.4
                0x00000000100079bc       0x1b CMakeFiles/tinyusb_dev_usbtmc.dir/home/boemmelsebastian/pico/pico-sdk/src/rp2_common/hardware_sync/sync.c.obj
 *fill*         0x00000000100079d7        0x1 
 .rodata.__func__.4827
                0x00000000100079d8       0x1a CMakeFiles/tinyusb_dev_usbtmc.dir/home/boemmelsebastian/pico/pico-sdk/src/rp2_common/hardware_irq/irq.c.obj
 *fill*         0x00000000100079f2        0x2 
 .rodata.__func__.4841
                0x00000000100079f4        0xc CMakeFiles/tinyusb_dev_usbtmc.dir/home/boemmelsebastian/pico/pico-sdk/src/rp2_common/hardware_irq/irq.c.obj
 .rodata.__func__.4849
                0x0000000010007a00       0x17 CMakeFiles/tinyusb_dev_usbtmc.dir/home/boemmelsebastian/pico/pico-sdk/src/rp2_common/hardware_irq/irq.c.obj
 *fill*         0x0000000010007a17        0x1 
 .rodata.__func__.4853
                0x0000000010007a18        0xf CMakeFiles/tinyusb_dev_usbtmc.dir/home/boemmelsebastian/pico/pico-sdk/src/rp2_common/hardware_irq/irq.c.obj
 *fill*         0x0000000010007a27        0x1 
 .rodata.__func__.4892
                0x0000000010007a28       0x13 CMakeFiles/tinyusb_dev_usbtmc.dir/home/boemmelsebastian/pico/pico-sdk/src/rp2_common/hardware_irq/irq.c.obj
 *fill*         0x0000000010007a3b        0x1 
 .rodata.__func__.4914
                0x0000000010007a3c       0x1a CMakeFiles/tinyusb_dev_usbtmc.dir/home/boemmelsebastian/pico/pico-sdk/src/rp2_common/hardware_irq/irq.c.obj
 *fill*         0x0000000010007a56        0x2 
 .rodata.insert_branch_and_link.str1.4
                0x0000000010007a58       0x10 CMakeFiles/tinyusb_dev_usbtmc.dir/home/boemmelsebastian/pico/pico-sdk/src/rp2_common/hardware_irq/irq.c.obj
 .rodata.irq_add_shared_handler.str1.4
                0x0000000010007a68       0xd9 CMakeFiles/tinyusb_dev_usbtmc.dir/home/boemmelsebastian/pico/pico-sdk/src/rp2_common/hardware_irq/irq.c.obj
 *fill*         0x0000000010007b41        0x3 
 .rodata.irq_add_tail_to_free_list.str1.4
                0x0000000010007b44       0x3a CMakeFiles/tinyusb_dev_usbtmc.dir/home/boemmelsebastian/pico/pico-sdk/src/rp2_common/hardware_irq/irq.c.obj
 *fill*         0x0000000010007b7e        0x2 
 .rodata.irq_remove_handler.str1.4
                0x0000000010007b80       0x2a CMakeFiles/tinyusb_dev_usbtmc.dir/home/boemmelsebastian/pico/pico-sdk/src/rp2_common/hardware_irq/irq.c.obj
 *fill*         0x0000000010007baa        0x2 
 .rodata.irq_set_exclusive_handler.str1.4
                0x0000000010007bac       0x36 CMakeFiles/tinyusb_dev_usbtmc.dir/home/boemmelsebastian/pico/pico-sdk/src/rp2_common/hardware_irq/irq.c.obj
 *fill*         0x0000000010007be2        0x2 
 .rodata.make_branch.str1.4
                0x0000000010007be4       0x77 CMakeFiles/tinyusb_dev_usbtmc.dir/home/boemmelsebastian/pico/pico-sdk/src/rp2_common/hardware_irq/irq.c.obj
 *fill*         0x0000000010007c5b        0x1 
 .rodata.__func__.5751
                0x0000000010007c5c       0x15 CMakeFiles/tinyusb_dev_usbtmc.dir/home/boemmelsebastian/pico/pico-sdk/src/common/pico_time/time.c.obj
 *fill*         0x0000000010007c71        0x3 
 .rodata.__func__.6069
                0x0000000010007c74        0xc CMakeFiles/tinyusb_dev_usbtmc.dir/home/boemmelsebastian/pico/pico-sdk/src/common/pico_time/time.c.obj
 .rodata.__func__.6076
                0x0000000010007c80       0x12 CMakeFiles/tinyusb_dev_usbtmc.dir/home/boemmelsebastian/pico/pico-sdk/src/common/pico_time/time.c.obj
 *fill*         0x0000000010007c92        0x2 
 .rodata.__func__.6092
                0x0000000010007c94        0xf CMakeFiles/tinyusb_dev_usbtmc.dir/home/boemmelsebastian/pico/pico-sdk/src/common/pico_time/time.c.obj
 *fill*         0x0000000010007ca3        0x1 
 .rodata.__func__.6114
                0x0000000010007ca4        0xd CMakeFiles/tinyusb_dev_usbtmc.dir/home/boemmelsebastian/pico/pico-sdk/src/common/pico_time/time.c.obj
 *fill*         0x0000000010007cb1        0x3 
 .rodata.__func__.6337
                0x0000000010007cb4        0xa CMakeFiles/tinyusb_dev_usbtmc.dir/home/boemmelsebastian/pico/pico-sdk/src/common/pico_time/time.c.obj
 *fill*         0x0000000010007cbe        0x2 
 .rodata.__func__.6342
                0x0000000010007cc0       0x12 CMakeFiles/tinyusb_dev_usbtmc.dir/home/boemmelsebastian/pico/pico-sdk/src/common/pico_time/time.c.obj
 *fill*         0x0000000010007cd2        0x2 
 .rodata.__func__.6357
                0x0000000010007cd4       0x17 CMakeFiles/tinyusb_dev_usbtmc.dir/home/boemmelsebastian/pico/pico-sdk/src/common/pico_time/time.c.obj
 *fill*         0x0000000010007ceb        0x1 
 .rodata.__func__.6368
                0x0000000010007cec       0x15 CMakeFiles/tinyusb_dev_usbtmc.dir/home/boemmelsebastian/pico/pico-sdk/src/common/pico_time/time.c.obj
 *fill*         0x0000000010007d01        0x3 
 .rodata.__func__.6385
                0x0000000010007d04       0x1a CMakeFiles/tinyusb_dev_usbtmc.dir/home/boemmelsebastian/pico/pico-sdk/src/common/pico_time/time.c.obj
 *fill*         0x0000000010007d1e        0x2 
 .rodata.__func__.6424
                0x0000000010007d20       0x18 CMakeFiles/tinyusb_dev_usbtmc.dir/home/boemmelsebastian/pico/pico-sdk/src/common/pico_time/time.c.obj
 .rodata.add_alarm_under_lock.str1.4
                0x0000000010007d38       0x28 CMakeFiles/tinyusb_dev_usbtmc.dir/home/boemmelsebastian/pico/pico-sdk/src/common/pico_time/time.c.obj
                                         0x2b (size before relaxing)
 .rodata.alarm_pool_alarm_callback.str1.4
                0x0000000010007d60       0x82 CMakeFiles/tinyusb_dev_usbtmc.dir/home/boemmelsebastian/pico/pico-sdk/src/common/pico_time/time.c.obj
                                         0xee (size before relaxing)
 *fill*         0x0000000010007de2        0x2 
 .rodata.alarm_pool_cancel_alarm.str1.4
                0x0000000010007de4       0x27 CMakeFiles/tinyusb_dev_usbtmc.dir/home/boemmelsebastian/pico/pico-sdk/src/common/pico_time/time.c.obj
 *fill*         0x0000000010007e0b        0x1 
 .rodata.alarm_pool_dump_key.str1.4
                0x0000000010007e0c       0x33 CMakeFiles/tinyusb_dev_usbtmc.dir/home/boemmelsebastian/pico/pico-sdk/src/common/pico_time/time.c.obj
 *fill*         0x0000000010007e3f        0x1 
 .rodata.alarm_pool_get_default.str1.4
                0x0000000010007e40       0x21 CMakeFiles/tinyusb_dev_usbtmc.dir/home/boemmelsebastian/pico/pico-sdk/src/common/pico_time/time.c.obj
 *fill*         0x0000000010007e61        0x3 
 .rodata.ph_add_child_node.str1.4
                0x0000000010007e64       0x9e CMakeFiles/tinyusb_dev_usbtmc.dir/home/boemmelsebastian/pico/pico-sdk/src/common/pico_time/time.c.obj
 *fill*         0x0000000010007f02        0x2 
 .rodata.repeating_timer_callback.str1.4
                0x0000000010007f04       0x55 CMakeFiles/tinyusb_dev_usbtmc.dir/home/boemmelsebastian/pico/pico-sdk/src/common/pico_time/time.c.obj
 *fill*         0x0000000010007f59        0x3 
 .rodata.__func__.4243
                0x0000000010007f5c       0x15 CMakeFiles/tinyusb_dev_usbtmc.dir/home/boemmelsebastian/pico/pico-sdk/src/rp2_common/hardware_timer/timer.c.obj
 *fill*         0x0000000010007f71        0x3 
 .rodata.__func__.4625
                0x0000000010007f74       0x1a CMakeFiles/tinyusb_dev_usbtmc.dir/home/boemmelsebastian/pico/pico-sdk/src/rp2_common/hardware_timer/timer.c.obj
 .rodata.busy_wait_us.str1.4
                0x0000000010007f8e       0x6b CMakeFiles/tinyusb_dev_usbtmc.dir/home/boemmelsebastian/pico/pico-sdk/src/rp2_common/hardware_timer/timer.c.obj
 *fill*         0x0000000010007f8e        0x2 
 .rodata.hardware_alarm_claim.str1.4
                0x0000000010007f90       0x22 CMakeFiles/tinyusb_dev_usbtmc.dir/home/boemmelsebastian/pico/pico-sdk/src/rp2_common/hardware_timer/timer.c.obj
 *fill*         0x0000000010007fb2        0x2 
 .rodata.hardware_alarm_set_target.str1.4
                0x0000000010007fb4       0x6f CMakeFiles/tinyusb_dev_usbtmc.dir/home/boemmelsebastian/pico/pico-sdk/src/rp2_common/hardware_timer/timer.c.obj
 *fill*         0x0000000010008023        0x1 
 .rodata.__func__.5767
                0x0000000010008024        0xc CMakeFiles/tinyusb_dev_usbtmc.dir/home/boemmelsebastian/pico/pico-sdk/src/common/pico_util/pheap.c.obj
 .rodata.__func__.5774
                0x0000000010008030       0x12 CMakeFiles/tinyusb_dev_usbtmc.dir/home/boemmelsebastian/pico/pico-sdk/src/common/pico_util/pheap.c.obj
 *fill*         0x0000000010008042        0x2 
 .rodata.__func__.5860
                0x0000000010008044       0x13 CMakeFiles/tinyusb_dev_usbtmc.dir/home/boemmelsebastian/pico/pico-sdk/src/common/pico_util/pheap.c.obj
 *fill*         0x0000000010008057        0x1 
 .rodata.__func__.5878
                0x0000000010008058       0x18 CMakeFiles/tinyusb_dev_usbtmc.dir/home/boemmelsebastian/pico/pico-sdk/src/common/pico_util/pheap.c.obj
 .rodata.ph_add_child_node.str1.4
                0x0000000010008070       0x9e CMakeFiles/tinyusb_dev_usbtmc.dir/home/boemmelsebastian/pico/pico-sdk/src/common/pico_util/pheap.c.obj
 .rodata.ph_remove_and_free_node.str1.4
                0x0000000010008070       0x1e CMakeFiles/tinyusb_dev_usbtmc.dir/home/boemmelsebastian/pico/pico-sdk/src/common/pico_util/pheap.c.obj
                                         0x26 (size before relaxing)
 *fill*         0x000000001000808e        0x2 
 .rodata.ph_remove_any_head.str1.4
                0x0000000010008090       0x98 CMakeFiles/tinyusb_dev_usbtmc.dir/home/boemmelsebastian/pico/pico-sdk/src/common/pico_util/pheap.c.obj
 .rodata.__func__.4243
                0x0000000010008128       0x15 CMakeFiles/tinyusb_dev_usbtmc.dir/home/boemmelsebastian/pico/pico-sdk/src/common/pico_sync/mutex.c.obj
 *fill*         0x000000001000813d        0x3 
 .rodata.__func__.4740
                0x0000000010008140       0x18 CMakeFiles/tinyusb_dev_usbtmc.dir/home/boemmelsebastian/pico/pico-sdk/src/common/pico_sync/mutex.c.obj
 .rodata.__func__.4759
                0x0000000010008158        0xb CMakeFiles/tinyusb_dev_usbtmc.dir/home/boemmelsebastian/pico/pico-sdk/src/common/pico_sync/mutex.c.obj
 *fill*         0x0000000010008163        0x1 
 .rodata.str1.4
                0x0000000010008164       0x95 CMakeFiles/tinyusb_dev_usbtmc.dir/home/boemmelsebastian/pico/pico-sdk/src/common/pico_sync/mutex.c.obj
                                        0x101 (size before relaxing)
 *fill*         0x00000000100081f9        0x3 
 .rodata.__assert_func.str1.4
                0x00000000100081fc       0x3f CMakeFiles/tinyusb_dev_usbtmc.dir/home/boemmelsebastian/pico/pico-sdk/src/rp2_common/pico_runtime/runtime.c.obj
                                         0x43 (size before relaxing)
 *fill*         0x000000001000823b        0x1 
 .rodata.__func__.5885
                0x000000001000823c        0xd CMakeFiles/tinyusb_dev_usbtmc.dir/home/boemmelsebastian/pico/pico-sdk/src/rp2_common/pico_runtime/runtime.c.obj
 *fill*         0x0000000010008249        0x3 
 .rodata.panic.str1.4
                0x000000001000824c       0x12 CMakeFiles/tinyusb_dev_usbtmc.dir/home/boemmelsebastian/pico/pico-sdk/src/rp2_common/pico_runtime/runtime.c.obj
 *fill*         0x000000001000825e        0x2 
 .rodata.runtime_init.str1.4
                0x0000000010008260       0x6b CMakeFiles/tinyusb_dev_usbtmc.dir/home/boemmelsebastian/pico/pico-sdk/src/rp2_common/pico_runtime/runtime.c.obj
 *fill*         0x00000000100082cb        0x1 
 .rodata.__func__.4809
                0x00000000100082cc       0x10 CMakeFiles/tinyusb_dev_usbtmc.dir/home/boemmelsebastian/pico/pico-sdk/src/rp2_common/hardware_clocks/clocks.c.obj
 .rodata.clock_configure.str1.4
                0x00000000100082dc       0x61 CMakeFiles/tinyusb_dev_usbtmc.dir/home/boemmelsebastian/pico/pico-sdk/src/rp2_common/hardware_clocks/clocks.c.obj
 *fill*         0x000000001000833d        0x3 
 .rodata.__func__.4466
                0x0000000010008340        0x9 CMakeFiles/tinyusb_dev_usbtmc.dir/home/boemmelsebastian/pico/pico-sdk/src/rp2_common/hardware_pll/pll.c.obj
 *fill*         0x0000000010008349        0x3 
 .rodata.pll_init.str1.4
                0x000000001000834c      0x143 CMakeFiles/tinyusb_dev_usbtmc.dir/home/boemmelsebastian/pico/pico-sdk/src/rp2_common/hardware_pll/pll.c.obj
 *fill*         0x000000001000848f        0x1 
 .rodata._vsnprintf
                0x0000000010008490      0x1e0 CMakeFiles/tinyusb_dev_usbtmc.dir/home/boemmelsebastian/pico/pico-sdk/src/rp2_common/pico_printf/printf.c.obj
 .rodata._ftoa.str1.4
                0x0000000010008670       0x15 CMakeFiles/tinyusb_dev_usbtmc.dir/home/boemmelsebastian/pico/pico-sdk/src/rp2_common/pico_printf/printf.c.obj
 *fill*         0x0000000010008685        0x3 
 .rodata.pow10.5481
                0x0000000010008688       0x50 CMakeFiles/tinyusb_dev_usbtmc.dir/home/boemmelsebastian/pico/pico-sdk/src/rp2_common/pico_printf/printf.c.obj
 .rodata.__aeabi_double_init.str1.4
                0x00000000100086d8       0xb2 CMakeFiles/tinyusb_dev_usbtmc.dir/home/boemmelsebastian/pico/pico-sdk/src/rp2_common/pico_double/double_init_rom.c.obj
 *fill*         0x000000001000878a        0x2 
 .rodata.__func__.4778
                0x000000001000878c       0x14 CMakeFiles/tinyusb_dev_usbtmc.dir/home/boemmelsebastian/pico/pico-sdk/src/rp2_common/pico_double/double_init_rom.c.obj
 .rodata.__aeabi_float_init.str1.4
                0x00000000100087a0       0x84 CMakeFiles/tinyusb_dev_usbtmc.dir/home/boemmelsebastian/pico/pico-sdk/src/rp2_common/pico_float/float_init_rom.c.obj
                                         0x88 (size before relaxing)
 .rodata.__func__.4779
                0x0000000010008824       0x13 CMakeFiles/tinyusb_dev_usbtmc.dir/home/boemmelsebastian/pico/pico-sdk/src/rp2_common/pico_float/float_init_rom.c.obj
 *fill*         0x0000000010008837        0x1 
 .rodata.__bi_44
                0x0000000010008838        0xc CMakeFiles/tinyusb_dev_usbtmc.dir/home/boemmelsebastian/pico/pico-sdk/src/rp2_common/pico_standard_link/binary_info.c.obj
 .rodata.__bi_75
                0x0000000010008844        0xc CMakeFiles/tinyusb_dev_usbtmc.dir/home/boemmelsebastian/pico/pico-sdk/src/rp2_common/pico_standard_link/binary_info.c.obj
 .rodata.__bi_81
                0x0000000010008850        0xc CMakeFiles/tinyusb_dev_usbtmc.dir/home/boemmelsebastian/pico/pico-sdk/src/rp2_common/pico_standard_link/binary_info.c.obj
 .rodata.str1.4
                0x000000001000885c       0x48 CMakeFiles/tinyusb_dev_usbtmc.dir/home/boemmelsebastian/pico/pico-sdk/src/rp2_common/pico_standard_link/binary_info.c.obj
 .rodata.crlf_str.6110
                0x00000000100088a4        0x2 CMakeFiles/tinyusb_dev_usbtmc.dir/home/boemmelsebastian/pico/pico-sdk/src/rp2_common/pico_stdio/stdio.c.obj
 *fill*         0x00000000100088a6        0x2 
 .rodata.__bi_35
                0x00000000100088a8        0xc CMakeFiles/tinyusb_dev_usbtmc.dir/home/boemmelsebastian/pico/pico-sdk/src/rp2_common/pico_bootsel_via_double_reset/pico_bootsel_via_double_reset.c.obj
 .rodata.magic_token
                0x00000000100088b4        0xc CMakeFiles/tinyusb_dev_usbtmc.dir/home/boemmelsebastian/pico/pico-sdk/src/rp2_common/pico_bootsel_via_double_reset/pico_bootsel_via_double_reset.c.obj
 .rodata.str1.4
                0x00000000100088c0       0x18 CMakeFiles/tinyusb_dev_usbtmc.dir/home/boemmelsebastian/pico/pico-sdk/src/rp2_common/pico_bootsel_via_double_reset/pico_bootsel_via_double_reset.c.obj
 .rodata.__bi_121.7575
                0x00000000100088d8        0xc CMakeFiles/tinyusb_dev_usbtmc.dir/home/boemmelsebastian/pico/pico-sdk/lib/tinyusb/hw/bsp/rp2040/family.c.obj
 .rodata.__bi_131.7578
                0x00000000100088e4        0x8 CMakeFiles/tinyusb_dev_usbtmc.dir/home/boemmelsebastian/pico/pico-sdk/lib/tinyusb/hw/bsp/rp2040/family.c.obj
 .rodata.str1.4
                0x00000000100088ec        0x4 CMakeFiles/tinyusb_dev_usbtmc.dir/home/boemmelsebastian/pico/pico-sdk/lib/tinyusb/hw/bsp/rp2040/family.c.obj
 .rodata.__func__.6936
                0x00000000100088f0       0x13 CMakeFiles/tinyusb_dev_usbtmc.dir/home/boemmelsebastian/pico/pico-sdk/lib/tinyusb/src/portable/raspberrypi/rp2040/dcd_rp2040.c.obj
 *fill*         0x0000000010008903        0x1 
 .rodata.__func__.6989
                0x0000000010008904        0x9 CMakeFiles/tinyusb_dev_usbtmc.dir/home/boemmelsebastian/pico/pico-sdk/lib/tinyusb/src/portable/raspberrypi/rp2040/dcd_rp2040.c.obj
 *fill*         0x000000001000890d        0x3 
 .rodata.__func__.6993
                0x0000000010008910        0xf CMakeFiles/tinyusb_dev_usbtmc.dir/home/boemmelsebastian/pico/pico-sdk/lib/tinyusb/src/portable/raspberrypi/rp2040/dcd_rp2040.c.obj
 *fill*         0x000000001000891f        0x1 
 .rodata.__func__.7002
                0x0000000010008920       0x10 CMakeFiles/tinyusb_dev_usbtmc.dir/home/boemmelsebastian/pico/pico-sdk/lib/tinyusb/src/portable/raspberrypi/rp2040/dcd_rp2040.c.obj
 .rodata.__func__.7021
                0x0000000010008930        0xe CMakeFiles/tinyusb_dev_usbtmc.dir/home/boemmelsebastian/pico/pico-sdk/lib/tinyusb/src/portable/raspberrypi/rp2040/dcd_rp2040.c.obj
 *fill*         0x000000001000893e        0x2 
 .rodata.__func__.7031
                0x0000000010008940        0xe CMakeFiles/tinyusb_dev_usbtmc.dir/home/boemmelsebastian/pico/pico-sdk/lib/tinyusb/src/portable/raspberrypi/rp2040/dcd_rp2040.c.obj
 *fill*         0x000000001000894e        0x2 
 .rodata._hw_endpoint_alloc.str1.4
                0x0000000010008950       0xc1 CMakeFiles/tinyusb_dev_usbtmc.dir/home/boemmelsebastian/pico/pico-sdk/lib/tinyusb/src/portable/raspberrypi/rp2040/dcd_rp2040.c.obj
 *fill*         0x0000000010008a11        0x3 
 .rodata.dcd_int_enable.str1.4
                0x0000000010008a14        0xc CMakeFiles/tinyusb_dev_usbtmc.dir/home/boemmelsebastian/pico/pico-sdk/lib/tinyusb/src/portable/raspberrypi/rp2040/dcd_rp2040.c.obj
 .rodata.dcd_rp2040_irq.str1.4
                0x0000000010008a20       0x14 CMakeFiles/tinyusb_dev_usbtmc.dir/home/boemmelsebastian/pico/pico-sdk/lib/tinyusb/src/portable/raspberrypi/rp2040/dcd_rp2040.c.obj
 .rodata.__func__.6699
                0x0000000010008a34        0xf CMakeFiles/tinyusb_dev_usbtmc.dir/home/boemmelsebastian/pico/pico-sdk/lib/tinyusb/src/portable/raspberrypi/rp2040/rp2040_usb.c.obj
 *fill*         0x0000000010008a43        0x1 
 .rodata._hw_endpoint_buffer_control_update32.str1.4
                0x0000000010008a44       0x1f CMakeFiles/tinyusb_dev_usbtmc.dir/home/boemmelsebastian/pico/pico-sdk/lib/tinyusb/src/portable/raspberrypi/rp2040/rp2040_usb.c.obj
 *fill*         0x0000000010008a63        0x1 
 .rodata.hw_endpoint_xfer_continue.str1.4
                0x0000000010008a64       0x29 CMakeFiles/tinyusb_dev_usbtmc.dir/home/boemmelsebastian/pico/pico-sdk/lib/tinyusb/src/portable/raspberrypi/rp2040/rp2040_usb.c.obj
 *fill*         0x0000000010008a8d        0x3 
 .rodata.hw_endpoint_xfer_start.str1.4
                0x0000000010008a90       0x38 CMakeFiles/tinyusb_dev_usbtmc.dir/home/boemmelsebastian/pico/pico-sdk/lib/tinyusb/src/portable/raspberrypi/rp2040/rp2040_usb.c.obj
 .rodata.str1.4
                0x0000000010008ac8        0x7 CMakeFiles/tinyusb_dev_usbtmc.dir/home/boemmelsebastian/pico/pico-sdk/lib/tinyusb/src/portable/raspberrypi/rp2040/rp2040_usb.c.obj
 *fill*         0x0000000010008acf        0x1 
 .rodata.sync_ep_buffer.str1.4
                0x0000000010008ad0       0x9d CMakeFiles/tinyusb_dev_usbtmc.dir/home/boemmelsebastian/pico/pico-sdk/lib/tinyusb/src/portable/raspberrypi/rp2040/rp2040_usb.c.obj
 *fill*         0x0000000010008b6d        0x3 
 .rodata.process_get_descriptor
                0x0000000010008b70       0x40 CMakeFiles/tinyusb_dev_usbtmc.dir/home/boemmelsebastian/pico/pico-sdk/lib/tinyusb/src/device/usbd.c.obj
 .rodata.process_control_request
                0x0000000010008bb0       0x28 CMakeFiles/tinyusb_dev_usbtmc.dir/home/boemmelsebastian/pico/pico-sdk/lib/tinyusb/src/device/usbd.c.obj
 .rodata.tud_task
                0x0000000010008bd8       0x24 CMakeFiles/tinyusb_dev_usbtmc.dir/home/boemmelsebastian/pico/pico-sdk/lib/tinyusb/src/device/usbd.c.obj
 .rodata.__func__.6600
                0x0000000010008bfc       0x10 CMakeFiles/tinyusb_dev_usbtmc.dir/home/boemmelsebastian/pico/pico-sdk/lib/tinyusb/src/device/usbd.c.obj
 .rodata.__func__.7232
                0x0000000010008c0c        0x9 CMakeFiles/tinyusb_dev_usbtmc.dir/home/boemmelsebastian/pico/pico-sdk/lib/tinyusb/src/device/usbd.c.obj
 *fill*         0x0000000010008c15        0x3 
 .rodata.__func__.7253
                0x0000000010008c18       0x18 CMakeFiles/tinyusb_dev_usbtmc.dir/home/boemmelsebastian/pico/pico-sdk/lib/tinyusb/src/device/usbd.c.obj
 .rodata.__func__.7296
                0x0000000010008c30       0x13 CMakeFiles/tinyusb_dev_usbtmc.dir/home/boemmelsebastian/pico/pico-sdk/lib/tinyusb/src/device/usbd.c.obj
 *fill*         0x0000000010008c43        0x1 
 .rodata.__func__.7331
                0x0000000010008c44       0x17 CMakeFiles/tinyusb_dev_usbtmc.dir/home/boemmelsebastian/pico/pico-sdk/lib/tinyusb/src/device/usbd.c.obj
 *fill*         0x0000000010008c5b        0x1 
 .rodata.__func__.7399
                0x0000000010008c5c        0xf CMakeFiles/tinyusb_dev_usbtmc.dir/home/boemmelsebastian/pico/pico-sdk/lib/tinyusb/src/device/usbd.c.obj
 *fill*         0x0000000010008c6b        0x1 
 .rodata.__func__.7422
                0x0000000010008c6c        0xf CMakeFiles/tinyusb_dev_usbtmc.dir/home/boemmelsebastian/pico/pico-sdk/lib/tinyusb/src/device/usbd.c.obj
 *fill*         0x0000000010008c7b        0x1 
 .rodata._usbd_driver
                0x0000000010008c7c       0x18 CMakeFiles/tinyusb_dev_usbtmc.dir/home/boemmelsebastian/pico/pico-sdk/lib/tinyusb/src/device/usbd.c.obj
 .rodata.process_set_config.str1.4
                0x0000000010008c94       0x17 CMakeFiles/tinyusb_dev_usbtmc.dir/home/boemmelsebastian/pico/pico-sdk/lib/tinyusb/src/device/usbd.c.obj
 .rodata.__func__.7147
                0x0000000010008c94       0x11 CMakeFiles/tinyusb_dev_usbtmc.dir/home/boemmelsebastian/pico/pico-sdk/lib/tinyusb/src/device/usbd_control.c.obj
 *fill*         0x0000000010008ca5        0x3 
 .rodata.__func__.7174
                0x0000000010008ca8       0x15 CMakeFiles/tinyusb_dev_usbtmc.dir/home/boemmelsebastian/pico/pico-sdk/lib/tinyusb/src/device/usbd_control.c.obj
 .rodata.tud_control_xfer.str1.4
                0x0000000010008cbd       0x17 CMakeFiles/tinyusb_dev_usbtmc.dir/home/boemmelsebastian/pico/pico-sdk/lib/tinyusb/src/device/usbd_control.c.obj
 *fill*         0x0000000010008cbd        0x3 
 .rodata.__func__.7072
                0x0000000010008cc0       0x21 CMakeFiles/tinyusb_dev_usbtmc.dir/home/boemmelsebastian/pico/pico-sdk/lib/tinyusb/src/class/usbtmc/usbtmc_device.c.obj
 *fill*         0x0000000010008ce1        0x3 
 .rodata.__func__.7081
                0x0000000010008ce4       0x10 CMakeFiles/tinyusb_dev_usbtmc.dir/home/boemmelsebastian/pico/pico-sdk/lib/tinyusb/src/class/usbtmc/usbtmc_device.c.obj
 .rodata.__func__.7090
                0x0000000010008cf4       0x10 CMakeFiles/tinyusb_dev_usbtmc.dir/home/boemmelsebastian/pico/pico-sdk/lib/tinyusb/src/class/usbtmc/usbtmc_device.c.obj
 .rodata.__func__.7162
                0x0000000010008d04       0x10 CMakeFiles/tinyusb_dev_usbtmc.dir/home/boemmelsebastian/pico/pico-sdk/lib/tinyusb/src/class/usbtmc/usbtmc_device.c.obj
 .rodata.tud_usbtmc_transmit_dev_msg_data.str1.4
                0x0000000010008d14       0x17 CMakeFiles/tinyusb_dev_usbtmc.dir/home/boemmelsebastian/pico/pico-sdk/lib/tinyusb/src/class/usbtmc/usbtmc_device.c.obj
 .rodata.__func__.7020
                0x0000000010008d14        0xa CMakeFiles/tinyusb_dev_usbtmc.dir/home/boemmelsebastian/pico/pico-sdk/lib/tinyusb/src/tusb.c.obj
 *fill*         0x0000000010008d1e        0x2 
 .rodata.__func__.7032
                0x0000000010008d20       0x11 CMakeFiles/tinyusb_dev_usbtmc.dir/home/boemmelsebastian/pico/pico-sdk/lib/tinyusb/src/tusb.c.obj
 .rodata.tusb_init.str1.4
                0x0000000010008d31       0x17 CMakeFiles/tinyusb_dev_usbtmc.dir/home/boemmelsebastian/pico/pico-sdk/lib/tinyusb/src/tusb.c.obj
 *fill*         0x0000000010008d31        0x3 
 .rodata.__func__.4243
                0x0000000010008d34       0x15 CMakeFiles/tinyusb_dev_usbtmc.dir/home/boemmelsebastian/pico/pico-sdk/src/rp2_common/pico_fix/rp2040_usb_device_enumeration/rp2040_usb_device_enumeration.c.obj
 *fill*         0x0000000010008d49        0x3 
 .rodata.__func__.4958