Archive member included to satisfy reference by file (symbol)

../nec_transmit_library/libnec_transmit_library.a(nec_transmit.c.obj)
                              CMakeFiles/pio_ir_loopback.dir/ir_loopback.c.obj (nec_tx_init)
../nec_receive_library/libnec_receive_library.a(nec_receive.c.obj)
                              CMakeFiles/pio_ir_loopback.dir/ir_loopback.c.obj (nec_rx_init)
/usr/lib/gcc/arm-none-eabi/8.3.1/thumb/v6-m/nofp/libgcc.a(_dvmd_tls.o)
                              CMakeFiles/pio_ir_loopback.dir/home/boemmelsebastian/pico/pico-sdk/src/rp2_common/pico_divider/divider.S.obj (__aeabi_idiv0)
/usr/lib/gcc/arm-none-eabi/8.3.1/../../../arm-none-eabi/lib/thumb/v6-m/nofp/libg.a(lib_a-atexit.o)
                              /usr/lib/gcc/arm-none-eabi/8.3.1/../../../arm-none-eabi/lib/thumb/v6-m/nofp/crt0.o (atexit)
/usr/lib/gcc/arm-none-eabi/8.3.1/../../../arm-none-eabi/lib/thumb/v6-m/nofp/libg.a(lib_a-calloc.o)
                              CMakeFiles/pio_ir_loopback.dir/home/boemmelsebastian/pico/pico-sdk/src/rp2_common/pico_malloc/pico_malloc.c.obj (calloc)
/usr/lib/gcc/arm-none-eabi/8.3.1/../../../arm-none-eabi/lib/thumb/v6-m/nofp/libg.a(lib_a-callocr.o)
                              /usr/lib/gcc/arm-none-eabi/8.3.1/../../../arm-none-eabi/lib/thumb/v6-m/nofp/libg.a(lib_a-calloc.o) (_calloc_r)
/usr/lib/gcc/arm-none-eabi/8.3.1/../../../arm-none-eabi/lib/thumb/v6-m/nofp/libg.a(lib_a-fini.o)
                              /usr/lib/gcc/arm-none-eabi/8.3.1/../../../arm-none-eabi/lib/thumb/v6-m/nofp/crt0.o (__libc_fini_array)
/usr/lib/gcc/arm-none-eabi/8.3.1/../../../arm-none-eabi/lib/thumb/v6-m/nofp/libg.a(lib_a-impure.o)
                              /usr/lib/gcc/arm-none-eabi/8.3.1/../../../arm-none-eabi/lib/thumb/v6-m/nofp/libg.a(lib_a-calloc.o) (_impure_ptr)
/usr/lib/gcc/arm-none-eabi/8.3.1/../../../arm-none-eabi/lib/thumb/v6-m/nofp/libg.a(lib_a-init.o)
                              /usr/lib/gcc/arm-none-eabi/8.3.1/../../../arm-none-eabi/lib/thumb/v6-m/nofp/crt0.o (__libc_init_array)
/usr/lib/gcc/arm-none-eabi/8.3.1/../../../arm-none-eabi/lib/thumb/v6-m/nofp/libg.a(lib_a-malloc.o)
                              CMakeFiles/pio_ir_loopback.dir/home/boemmelsebastian/pico/pico-sdk/src/rp2_common/pico_malloc/pico_malloc.c.obj (malloc)
/usr/lib/gcc/arm-none-eabi/8.3.1/../../../arm-none-eabi/lib/thumb/v6-m/nofp/libg.a(lib_a-mallocr.o)
                              /usr/lib/gcc/arm-none-eabi/8.3.1/../../../arm-none-eabi/lib/thumb/v6-m/nofp/libg.a(lib_a-callocr.o) (_malloc_r)
/usr/lib/gcc/arm-none-eabi/8.3.1/../../../arm-none-eabi/lib/thumb/v6-m/nofp/libg.a(lib_a-mlock.o)
                              /usr/lib/gcc/arm-none-eabi/8.3.1/../../../arm-none-eabi/lib/thumb/v6-m/nofp/libg.a(lib_a-mallocr.o) (__malloc_lock)
/usr/lib/gcc/arm-none-eabi/8.3.1/../../../arm-none-eabi/lib/thumb/v6-m/nofp/libg.a(lib_a-sbrkr.o)
                              /usr/lib/gcc/arm-none-eabi/8.3.1/../../../arm-none-eabi/lib/thumb/v6-m/nofp/libg.a(lib_a-mallocr.o) (_sbrk_r)
/usr/lib/gcc/arm-none-eabi/8.3.1/../../../arm-none-eabi/lib/thumb/v6-m/nofp/libg.a(lib_a-strlen-stub.o)
                              CMakeFiles/pio_ir_loopback.dir/home/boemmelsebastian/pico/pico-sdk/src/rp2_common/pico_stdio/stdio.c.obj (strlen)
/usr/lib/gcc/arm-none-eabi/8.3.1/../../../arm-none-eabi/lib/thumb/v6-m/nofp/libg.a(lib_a-__atexit.o)
                              /usr/lib/gcc/arm-none-eabi/8.3.1/../../../arm-none-eabi/lib/thumb/v6-m/nofp/libg.a(lib_a-atexit.o) (__register_exitproc)
/usr/lib/gcc/arm-none-eabi/8.3.1/../../../arm-none-eabi/lib/thumb/v6-m/nofp/libg.a(lib_a-freer.o)
                              /usr/lib/gcc/arm-none-eabi/8.3.1/../../../arm-none-eabi/lib/thumb/v6-m/nofp/libg.a(lib_a-malloc.o) (_free_r)
/usr/lib/gcc/arm-none-eabi/8.3.1/../../../arm-none-eabi/lib/thumb/v6-m/nofp/libg.a(lib_a-reent.o)
                              /usr/lib/gcc/arm-none-eabi/8.3.1/../../../arm-none-eabi/lib/thumb/v6-m/nofp/libg.a(lib_a-sbrkr.o) (errno)

Allocating common symbols
Common symbol       size              file

sf_table            0x100             CMakeFiles/pio_ir_loopback.dir/home/boemmelsebastian/pico/pico-sdk/src/rp2_common/pico_float/float_init_rom.c.obj
errno               0x4               /usr/lib/gcc/arm-none-eabi/8.3.1/../../../arm-none-eabi/lib/thumb/v6-m/nofp/libg.a(lib_a-reent.o)
sd_table            0x100             CMakeFiles/pio_ir_loopback.dir/home/boemmelsebastian/pico/pico-sdk/src/rp2_common/pico_double/double_init_rom.c.obj
uart_char_to_line_feed
                    0x4               CMakeFiles/pio_ir_loopback.dir/home/boemmelsebastian/pico/pico-sdk/src/rp2_common/hardware_uart/uart.c.obj

Discarded input sections

 .text          0x0000000000000000        0x0 /usr/lib/gcc/arm-none-eabi/8.3.1/thumb/v6-m/nofp/crti.o
 .data          0x0000000000000000        0x0 /usr/lib/gcc/arm-none-eabi/8.3.1/thumb/v6-m/nofp/crti.o
 .bss           0x0000000000000000        0x0 /usr/lib/gcc/arm-none-eabi/8.3.1/thumb/v6-m/nofp/crti.o
[...]
Memory Configuration

Name             Origin             Length             Attributes
FLASH            0x0000000010000000 0x0000000000200000 xr
RAM              0x0000000020000000 0x0000000000040000 xrw
SCRATCH_X        0x0000000020040000 0x0000000000001000 xrw
SCRATCH_Y        0x0000000020041000 0x0000000000001000 xrw
*default*        0x0000000000000000 0xffffffffffffffff

Linker script and memory map

LOAD /usr/lib/gcc/arm-none-eabi/8.3.1/thumb/v6-m/nofp/crti.o
LOAD /usr/lib/gcc/arm-none-eabi/8.3.1/thumb/v6-m/nofp/crtbegin.o
LOAD /usr/lib/gcc/arm-none-eabi/8.3.1/../../../arm-none-eabi/lib/thumb/v6-m/nofp/crt0.o

.flash_begin    0x0000000010000000        0x0
                0x0000000010000000                __flash_binary_start = .

.boot2          0x0000000010000000      0x100
                0x0000000010000000                __boot2_start__ = .
 *(.boot2)
 .boot2         0x0000000010000000      0x100 /tmp/ccLq990l.o
                0x0000000010000100                __boot2_end__ = .
                0x0000000000000001                ASSERT (((__boot2_end__ - __boot2_start__) == 0x100), ERROR: Pico second stage bootloader must be 256 bytes in size)

.text           0x0000000010000100     0x4ad0
                0x0000000010000100                __logical_binary_start = .
 *(.vectors)
 .vectors       0x0000000010000100       0xd4 CMakeFiles/pio_ir_loopback.dir/home/boemmelsebastian/pico/pico-sdk/src/rp2_common/pico_standard_link/crt0.S.obj
                0x0000000010000100                __vectors
                0x0000000010000100                __VECTOR_TABLE
                0x00000000100001c0                isr_invalid
                0x00000000100001c0                __default_isrs_start
                0x00000000100001c2                isr_nmi
                0x00000000100001c4                isr_hardfault
                0x00000000100001c6                isr_svcall
                0x00000000100001c8                isr_pendsv
                0x00000000100001ca                isr_systick
                0x00000000100001cc                isr_irq30
                0x00000000100001cc                __unhandled_user_irq
                0x00000000100001cc                isr_irq13
                0x00000000100001cc                isr_irq27
                0x00000000100001cc                isr_irq31
                0x00000000100001cc                isr_irq5
                0x00000000100001cc                isr_irq11
                0x00000000100001cc                isr_irq23
                0x00000000100001cc                isr_irq18
                0x00000000100001cc                isr_irq28
                0x00000000100001cc                isr_irq19
                0x00000000100001cc                isr_irq0
                0x00000000100001cc                isr_irq6
                0x00000000100001cc                isr_irq22
                0x00000000100001cc                isr_irq17
                0x00000000100001cc                isr_irq14
                0x00000000100001cc                isr_irq2
                0x00000000100001cc                isr_irq10
                0x00000000100001cc                isr_irq8
                0x00000000100001cc                isr_irq24
                0x00000000100001cc                isr_irq1
                0x00000000100001cc                isr_irq7
                0x00000000100001cc                isr_irq21
                0x00000000100001cc                isr_irq20
                0x00000000100001cc                isr_irq15
                0x00000000100001cc                isr_irq25
                0x00000000100001cc                isr_irq4
                0x00000000100001cc                isr_irq16
                0x00000000100001cc                isr_irq29
                0x00000000100001cc                isr_irq26
                0x00000000100001cc                __default_isrs_end
                0x00000000100001cc                isr_irq3
                0x00000000100001cc                isr_irq12
                0x00000000100001cc                isr_irq9
                0x00000000100001d2                unhandled_user_irq_num_in_r0
 *(.binary_info_header)
 .binary_info_header
                0x00000000100001d4       0x14 CMakeFiles/pio_ir_loopback.dir/home/boemmelsebastian/pico/pico-sdk/src/rp2_common/pico_standard_link/crt0.S.obj
                0x00000000100001e8                __binary_info_header_end = .
 *(.reset)
 .reset         0x00000000100001e8       0xa8 CMakeFiles/pio_ir_loopback.dir/home/boemmelsebastian/pico/pico-sdk/src/rp2_common/pico_standard_link/crt0.S.obj
                0x00000000100001e8                _entry_point
                0x0000000010000266                __get_current_exception
 .reset         0x0000000010000290       0x30 CMakeFiles/pio_ir_loopback.dir/home/boemmelsebastian/pico/pico-sdk/src/rp2_common/pico_standard_link/binary_info.c.obj
 *(.init)
 .init          0x00000000100002c0        0x4 /usr/lib/gcc/arm-none-eabi/8.3.1/thumb/v6-m/nofp/crti.o
                0x00000000100002c0                _init
 *(EXCLUDE_FILE(*libm.a: *libc.a:*lib_a-mem*.o *libgcc.a:) .text*)
 .text          0x00000000100002c4       0x98 /usr/lib/gcc/arm-none-eabi/8.3.1/thumb/v6-m/nofp/crtbegin.o
 .text.main     0x000000001000035c       0xbc CMakeFiles/pio_ir_loopback.dir/ir_loopback.c.obj
                0x000000001000035c                main
 .text.gpio_set_function
                0x0000000010000418       0x30 CMakeFiles/pio_ir_loopback.dir/home/boemmelsebastian/pico/pico-sdk/src/rp2_common/hardware_gpio/gpio.c.obj
                0x0000000010000418                gpio_set_function
 .text.gpio_set_pulls
                0x0000000010000448       0x34 CMakeFiles/pio_ir_loopback.dir/home/boemmelsebastian/pico/pico-sdk/src/rp2_common/hardware_gpio/gpio.c.obj
                0x0000000010000448                gpio_set_pulls
 .text.hw_claim_lock
                0x000000001000047c       0x18 CMakeFiles/pio_ir_loopback.dir/home/boemmelsebastian/pico/pico-sdk/src/rp2_common/hardware_claim/claim.c.obj
                0x000000001000047c                hw_claim_lock
 .text.hw_claim_unlock
                0x0000000010000494       0x14 CMakeFiles/pio_ir_loopback.dir/home/boemmelsebastian/pico/pico-sdk/src/rp2_common/hardware_claim/claim.c.obj
                0x0000000010000494                hw_claim_unlock
 .text.hw_claim_or_assert
                0x00000000100004a8       0x32 CMakeFiles/pio_ir_loopback.dir/home/boemmelsebastian/pico/pico-sdk/src/rp2_common/hardware_claim/claim.c.obj
                0x00000000100004a8                hw_claim_or_assert
 .text.hw_claim_unused_from_range
                0x00000000100004da       0x50 CMakeFiles/pio_ir_loopback.dir/home/boemmelsebastian/pico/pico-sdk/src/rp2_common/hardware_claim/claim.c.obj
                0x00000000100004da                hw_claim_unused_from_range
 *fill*         0x000000001000052a        0x2 
 .text.running_on_fpga
                0x000000001000052c       0x14 CMakeFiles/pio_ir_loopback.dir/home/boemmelsebastian/pico/pico-sdk/src/rp2_common/pico_platform/platform.c.obj
                0x000000001000052c                running_on_fpga
 .text.spin_locks_reset
                0x0000000010000540       0x20 CMakeFiles/pio_ir_loopback.dir/home/boemmelsebastian/pico/pico-sdk/src/rp2_common/hardware_sync/sync.c.obj
                0x0000000010000540                spin_locks_reset
 .text.next_striped_spin_lock_num
                0x0000000010000560       0x1c CMakeFiles/pio_ir_loopback.dir/home/boemmelsebastian/pico/pico-sdk/src/rp2_common/hardware_sync/sync.c.obj
                0x0000000010000560                next_striped_spin_lock_num
 .text.uart_set_baudrate
                0x000000001000057c       0x5c CMakeFiles/pio_ir_loopback.dir/home/boemmelsebastian/pico/pico-sdk/src/rp2_common/hardware_uart/uart.c.obj
                0x000000001000057c                uart_set_baudrate
 .text.uart_set_translate_crlf
                0x00000000100005d8       0x28 CMakeFiles/pio_ir_loopback.dir/home/boemmelsebastian/pico/pico-sdk/src/rp2_common/hardware_uart/uart.c.obj
                0x00000000100005d8                uart_set_translate_crlf
 .text.uart_init
                0x0000000010000600       0x80 CMakeFiles/pio_ir_loopback.dir/home/boemmelsebastian/pico/pico-sdk/src/rp2_common/hardware_uart/uart.c.obj
                0x0000000010000600                uart_init
 .text.sleep_until_callback
                0x0000000010000680       0x30 CMakeFiles/pio_ir_loopback.dir/home/boemmelsebastian/pico/pico-sdk/src/common/pico_time/time.c.obj
 .text.alarm_pool_post_alloc_init
                0x00000000100006b0       0x40 CMakeFiles/pio_ir_loopback.dir/home/boemmelsebastian/pico/pico-sdk/src/common/pico_time/time.c.obj
 .text.timer_pool_entry_comparator
                0x00000000100006f0       0x7c CMakeFiles/pio_ir_loopback.dir/home/boemmelsebastian/pico/pico-sdk/src/common/pico_time/time.c.obj
                0x00000000100006f0                timer_pool_entry_comparator
 .text.ph_add_child_node
                0x000000001000076c       0xa4 CMakeFiles/pio_ir_loopback.dir/home/boemmelsebastian/pico/pico-sdk/src/common/pico_time/time.c.obj
 .text.ph_merge_nodes
                0x0000000010000810       0x3e CMakeFiles/pio_ir_loopback.dir/home/boemmelsebastian/pico/pico-sdk/src/common/pico_time/time.c.obj
 *fill*         0x000000001000084e        0x2 
 .text.add_alarm_under_lock
                0x0000000010000850      0x180 CMakeFiles/pio_ir_loopback.dir/home/boemmelsebastian/pico/pico-sdk/src/common/pico_time/time.c.obj
 .text.alarm_pool_alarm_callback
                0x00000000100009d0      0x328 CMakeFiles/pio_ir_loopback.dir/home/boemmelsebastian/pico/pico-sdk/src/common/pico_time/time.c.obj
 .text.alarm_pool_init_default
                0x0000000010000cf8       0x38 CMakeFiles/pio_ir_loopback.dir/home/boemmelsebastian/pico/pico-sdk/src/common/pico_time/time.c.obj
                0x0000000010000cf8                alarm_pool_init_default
 .text.alarm_pool_get_default
                0x0000000010000d30       0x2c CMakeFiles/pio_ir_loopback.dir/home/boemmelsebastian/pico/pico-sdk/src/common/pico_time/time.c.obj
                0x0000000010000d30                alarm_pool_get_default
 .text.alarm_pool_add_alarm_at
                0x0000000010000d5c      0x154 CMakeFiles/pio_ir_loopback.dir/home/boemmelsebastian/pico/pico-sdk/src/common/pico_time/time.c.obj
                0x0000000010000d5c                alarm_pool_add_alarm_at
 .text.sleep_until
                0x0000000010000eb0       0xf8 CMakeFiles/pio_ir_loopback.dir/home/boemmelsebastian/pico/pico-sdk/src/common/pico_time/time.c.obj
                0x0000000010000eb0                sleep_until
 .text.sleep_us
                0x0000000010000fa8       0x54 CMakeFiles/pio_ir_loopback.dir/home/boemmelsebastian/pico/pico-sdk/src/common/pico_time/time.c.obj
                0x0000000010000fa8                sleep_us
 .text.sleep_ms
                0x0000000010000ffc       0x14 CMakeFiles/pio_ir_loopback.dir/home/boemmelsebastian/pico/pico-sdk/src/common/pico_time/time.c.obj
                0x0000000010000ffc                sleep_ms
 .text.hardware_alarm_irq_handler
                0x0000000010001010       0x8c CMakeFiles/pio_ir_loopback.dir/home/boemmelsebastian/pico/pico-sdk/src/rp2_common/hardware_timer/timer.c.obj
 .text.hardware_alarm_claim
                0x000000001000109c       0x18 CMakeFiles/pio_ir_loopback.dir/home/boemmelsebastian/pico/pico-sdk/src/rp2_common/hardware_timer/timer.c.obj
                0x000000001000109c                hardware_alarm_claim
 .text.time_us_64
                0x00000000100010b4       0x18 CMakeFiles/pio_ir_loopback.dir/home/boemmelsebastian/pico/pico-sdk/src/rp2_common/hardware_timer/timer.c.obj
                0x00000000100010b4                time_us_64
 .text.busy_wait_until
                0x00000000100010cc       0x24 CMakeFiles/pio_ir_loopback.dir/home/boemmelsebastian/pico/pico-sdk/src/rp2_common/hardware_timer/timer.c.obj
                0x00000000100010cc                busy_wait_until
 .text.hardware_alarm_set_callback
                0x00000000100010f0       0x90 CMakeFiles/pio_ir_loopback.dir/home/boemmelsebastian/pico/pico-sdk/src/rp2_common/hardware_timer/timer.c.obj
                0x00000000100010f0                hardware_alarm_set_callback
 .text.hardware_alarm_set_target
                0x0000000010001180       0xe8 CMakeFiles/pio_ir_loopback.dir/home/boemmelsebastian/pico/pico-sdk/src/rp2_common/hardware_timer/timer.c.obj
                0x0000000010001180                hardware_alarm_set_target
 .text.hardware_alarm_cancel
                0x0000000010001268       0x40 CMakeFiles/pio_ir_loopback.dir/home/boemmelsebastian/pico/pico-sdk/src/rp2_common/hardware_timer/timer.c.obj
                0x0000000010001268                hardware_alarm_cancel
 .text.lock_init
                0x00000000100012a8       0x10 CMakeFiles/pio_ir_loopback.dir/home/boemmelsebastian/pico/pico-sdk/src/common/pico_sync/lock_core.c.obj
                0x00000000100012a8                lock_init
 .text.mutex_init
                0x00000000100012b8       0x1a CMakeFiles/pio_ir_loopback.dir/home/boemmelsebastian/pico/pico-sdk/src/common/pico_sync/mutex.c.obj
                0x00000000100012b8                mutex_init
 .text.recursive_mutex_init
                0x00000000100012d2       0x1e CMakeFiles/pio_ir_loopback.dir/home/boemmelsebastian/pico/pico-sdk/src/common/pico_sync/mutex.c.obj
                0x00000000100012d2                recursive_mutex_init
 .text.ph_add_child_node
                0x00000000100012f0       0xa4 CMakeFiles/pio_ir_loopback.dir/home/boemmelsebastian/pico/pico-sdk/src/common/pico_util/pheap.c.obj
 .text.ph_merge_nodes
                0x0000000010001394       0x3e CMakeFiles/pio_ir_loopback.dir/home/boemmelsebastian/pico/pico-sdk/src/common/pico_util/pheap.c.obj
 *fill*         0x00000000100013d2        0x2 
 .text.ph_clear
                0x00000000100013d4       0x70 CMakeFiles/pio_ir_loopback.dir/home/boemmelsebastian/pico/pico-sdk/src/common/pico_util/pheap.c.obj
                0x00000000100013d4                ph_clear
 .text.ph_post_alloc_init
                0x0000000010001444        0xe CMakeFiles/pio_ir_loopback.dir/home/boemmelsebastian/pico/pico-sdk/src/common/pico_util/pheap.c.obj
                0x0000000010001444                ph_post_alloc_init
 *fill*         0x0000000010001452        0x2 
 .text.ph_merge_two_pass
                0x0000000010001454       0xac CMakeFiles/pio_ir_loopback.dir/home/boemmelsebastian/pico/pico-sdk/src/common/pico_util/pheap.c.obj
                0x0000000010001454                ph_merge_two_pass
 .text.ph_remove_any_head
                0x0000000010001500      0x108 CMakeFiles/pio_ir_loopback.dir/home/boemmelsebastian/pico/pico-sdk/src/common/pico_util/pheap.c.obj
 .text.ph_remove_head
                0x0000000010001608       0x14 CMakeFiles/pio_ir_loopback.dir/home/boemmelsebastian/pico/pico-sdk/src/common/pico_util/pheap.c.obj
                0x0000000010001608                ph_remove_head
 .text.ph_remove_and_free_node
                0x000000001000161c       0xf8 CMakeFiles/pio_ir_loopback.dir/home/boemmelsebastian/pico/pico-sdk/src/common/pico_util/pheap.c.obj
                0x000000001000161c                ph_remove_and_free_node
 .text._exit    0x0000000010001714        0x4 CMakeFiles/pio_ir_loopback.dir/home/boemmelsebastian/pico/pico-sdk/src/rp2_common/pico_runtime/runtime.c.obj
                0x0000000010001714                _exit
 .text.exit     0x0000000010001718        0x6 CMakeFiles/pio_ir_loopback.dir/home/boemmelsebastian/pico/pico-sdk/src/rp2_common/pico_runtime/runtime.c.obj
                0x0000000010001718                exit
 *fill*         0x000000001000171e        0x2 
 .text.__assert_func
                0x0000000010001720       0x3c CMakeFiles/pio_ir_loopback.dir/home/boemmelsebastian/pico/pico-sdk/src/rp2_common/pico_runtime/runtime.c.obj
                0x0000000010001720                __assert_func
 .text.runtime_init
                0x000000001000175c       0xf8 CMakeFiles/pio_ir_loopback.dir/home/boemmelsebastian/pico/pico-sdk/src/rp2_common/pico_runtime/runtime.c.obj
                0x000000001000175c                runtime_init
 .text.panic    0x0000000010001854       0x30 CMakeFiles/pio_ir_loopback.dir/home/boemmelsebastian/pico/pico-sdk/src/rp2_common/pico_runtime/runtime.c.obj
                0x0000000010001854                panic
 .text.clock_configure
                0x0000000010001884       0xfc CMakeFiles/pio_ir_loopback.dir/home/boemmelsebastian/pico/pico-sdk/src/rp2_common/hardware_clocks/clocks.c.obj
                0x0000000010001884                clock_configure
 .text.clocks_init
                0x0000000010001980      0x100 CMakeFiles/pio_ir_loopback.dir/home/boemmelsebastian/pico/pico-sdk/src/rp2_common/hardware_clocks/clocks.c.obj
                0x0000000010001980                clocks_init
 .text.clock_get_hz
                0x0000000010001a80        0xc CMakeFiles/pio_ir_loopback.dir/home/boemmelsebastian/pico/pico-sdk/src/rp2_common/hardware_clocks/clocks.c.obj
                0x0000000010001a80                clock_get_hz
 .text.set_raw_irq_handler_and_unlock
                0x0000000010001a8c       0x28 CMakeFiles/pio_ir_loopback.dir/home/boemmelsebastian/pico/pico-sdk/src/rp2_common/hardware_irq/irq.c.obj
 .text.make_branch
                0x0000000010001ab4       0x48 CMakeFiles/pio_ir_loopback.dir/home/boemmelsebastian/pico/pico-sdk/src/rp2_common/hardware_irq/irq.c.obj
 .text.insert_branch_and_link
                0x0000000010001afc       0x40 CMakeFiles/pio_ir_loopback.dir/home/boemmelsebastian/pico/pico-sdk/src/rp2_common/hardware_irq/irq.c.obj
 .text.irq_is_enabled
                0x0000000010001b3c       0x18 CMakeFiles/pio_ir_loopback.dir/home/boemmelsebastian/pico/pico-sdk/src/rp2_common/hardware_irq/irq.c.obj
                0x0000000010001b3c                irq_is_enabled
 .text.irq_set_mask_enabled
                0x0000000010001b54       0x20 CMakeFiles/pio_ir_loopback.dir/home/boemmelsebastian/pico/pico-sdk/src/rp2_common/hardware_irq/irq.c.obj
                0x0000000010001b54                irq_set_mask_enabled
 .text.irq_set_enabled
                0x0000000010001b74        0xe CMakeFiles/pio_ir_loopback.dir/home/boemmelsebastian/pico/pico-sdk/src/rp2_common/hardware_irq/irq.c.obj
                0x0000000010001b74                irq_set_enabled
 *fill*         0x0000000010001b82        0x2 
 .text.irq_get_vtable_handler
                0x0000000010001b84       0x10 CMakeFiles/pio_ir_loopback.dir/home/boemmelsebastian/pico/pico-sdk/src/rp2_common/hardware_irq/irq.c.obj
                0x0000000010001b84                irq_get_vtable_handler
 .text.irq_set_exclusive_handler
                0x0000000010001b94       0x54 CMakeFiles/pio_ir_loopback.dir/home/boemmelsebastian/pico/pico-sdk/src/rp2_common/hardware_irq/irq.c.obj
                0x0000000010001b94                irq_set_exclusive_handler
 .text.irq_remove_handler
                0x0000000010001be8      0x1a0 CMakeFiles/pio_ir_loopback.dir/home/boemmelsebastian/pico/pico-sdk/src/rp2_common/hardware_irq/irq.c.obj
                0x0000000010001be8                irq_remove_handler
 .text.irq_add_tail_to_free_list
                0x0000000010001d88       0xf0 CMakeFiles/pio_ir_loopback.dir/home/boemmelsebastian/pico/pico-sdk/src/rp2_common/hardware_irq/irq.c.obj
                0x0000000010001d88                irq_add_tail_to_free_list
 .text.irq_init_priorities
                0x0000000010001e78       0x1c CMakeFiles/pio_ir_loopback.dir/home/boemmelsebastian/pico/pico-sdk/src/rp2_common/hardware_irq/irq.c.obj
                0x0000000010001e78                irq_init_priorities
 .text.pll_init
                0x0000000010001e94      0x11c CMakeFiles/pio_ir_loopback.dir/home/boemmelsebastian/pico/pico-sdk/src/rp2_common/hardware_pll/pll.c.obj
                0x0000000010001e94                pll_init
 .text.watchdog_start_tick
                0x0000000010001fb0       0x10 CMakeFiles/pio_ir_loopback.dir/home/boemmelsebastian/pico/pico-sdk/src/rp2_common/hardware_watchdog/watchdog.c.obj
                0x0000000010001fb0                watchdog_start_tick
 .text.xosc_init
                0x0000000010001fc0       0x28 CMakeFiles/pio_ir_loopback.dir/home/boemmelsebastian/pico/pico-sdk/src/rp2_common/hardware_xosc/xosc.c.obj
                0x0000000010001fc0                xosc_init
 .text._out_null
                0x0000000010001fe8        0x2 CMakeFiles/pio_ir_loopback.dir/home/boemmelsebastian/pico/pico-sdk/src/rp2_common/pico_printf/printf.c.obj
 .text._out_fct
                0x0000000010001fea        0xe CMakeFiles/pio_ir_loopback.dir/home/boemmelsebastian/pico/pico-sdk/src/rp2_common/pico_printf/printf.c.obj
 .text._atoi    0x0000000010001ff8       0x28 CMakeFiles/pio_ir_loopback.dir/home/boemmelsebastian/pico/pico-sdk/src/rp2_common/pico_printf/printf.c.obj
 .text._out_rev
                0x0000000010002020       0x8c CMakeFiles/pio_ir_loopback.dir/home/boemmelsebastian/pico/pico-sdk/src/rp2_common/pico_printf/printf.c.obj
 .text._ntoa_format
                0x00000000100020ac      0x10c CMakeFiles/pio_ir_loopback.dir/home/boemmelsebastian/pico/pico-sdk/src/rp2_common/pico_printf/printf.c.obj
 .text._ntoa_long
                0x00000000100021b8       0xb0 CMakeFiles/pio_ir_loopback.dir/home/boemmelsebastian/pico/pico-sdk/src/rp2_common/pico_printf/printf.c.obj
 .text._ntoa_long_long
                0x0000000010002268       0xe6 CMakeFiles/pio_ir_loopback.dir/home/boemmelsebastian/pico/pico-sdk/src/rp2_common/pico_printf/printf.c.obj
 *fill*         0x000000001000234e        0x2 
 .text._etoa    0x0000000010002350      0x408 CMakeFiles/pio_ir_loopback.dir/home/boemmelsebastian/pico/pico-sdk/src/rp2_common/pico_printf/printf.c.obj
 .text._ftoa    0x0000000010002758      0x344 CMakeFiles/pio_ir_loopback.dir/home/boemmelsebastian/pico/pico-sdk/src/rp2_common/pico_printf/printf.c.obj
 .text._vsnprintf
                0x0000000010002a9c      0x61c CMakeFiles/pio_ir_loopback.dir/home/boemmelsebastian/pico/pico-sdk/src/rp2_common/pico_printf/printf.c.obj
 .text.vfctprintf
                0x00000000100030b8       0x20 CMakeFiles/pio_ir_loopback.dir/home/boemmelsebastian/pico/pico-sdk/src/rp2_common/pico_printf/printf.c.obj
                0x00000000100030b8                vfctprintf
 .text          0x00000000100030d8       0x10 CMakeFiles/pio_ir_loopback.dir/home/boemmelsebastian/pico/pico-sdk/src/rp2_common/pico_bit_ops/bit_ops_aeabi.S.obj
 .text.rom_func_lookup
                0x00000000100030e8       0x10 CMakeFiles/pio_ir_loopback.dir/home/boemmelsebastian/pico/pico-sdk/src/rp2_common/pico_bootrom/bootrom.c.obj
                0x00000000100030e8                rom_func_lookup
 .text.rom_data_lookup
                0x00000000100030f8       0x10 CMakeFiles/pio_ir_loopback.dir/home/boemmelsebastian/pico/pico-sdk/src/rp2_common/pico_bootrom/bootrom.c.obj
                0x00000000100030f8                rom_data_lookup
 .text.rom_funcs_lookup
                0x0000000010003108       0x36 CMakeFiles/pio_ir_loopback.dir/home/boemmelsebastian/pico/pico-sdk/src/rp2_common/pico_bootrom/bootrom.c.obj
                0x0000000010003108                rom_funcs_lookup
 *fill*         0x000000001000313e        0x2 
 .text.__wrap___aeabi_idiv
                0x0000000010003140       0x50 CMakeFiles/pio_ir_loopback.dir/home/boemmelsebastian/pico/pico-sdk/src/rp2_common/pico_divider/divider.S.obj
                0x0000000010003140                __wrap___aeabi_idivmod
                0x0000000010003140                divmod_s32s32
                0x0000000010003140                div_s32s32
                0x0000000010003140                __wrap___aeabi_idiv
                0x0000000010003148                divmod_s32s32_unsafe
                0x0000000010003174                divmod_s32s32_savestate
 .text.__wrap___aeabi_uidiv
                0x0000000010003190       0x4c CMakeFiles/pio_ir_loopback.dir/home/boemmelsebastian/pico/pico-sdk/src/rp2_common/pico_divider/divider.S.obj
                0x0000000010003190                __wrap___aeabi_uidiv
                0x0000000010003190                __wrap___aeabi_uidivmod
                0x0000000010003190                div_u32u32
                0x0000000010003190                divmod_u32u32
                0x0000000010003198                divmod_u32u32_unsafe
                0x00000000100031c0                divmod_u32u32_savestate
 .text.__wrap___aeabi_ldiv
                0x00000000100031dc      0x434 CMakeFiles/pio_ir_loopback.dir/home/boemmelsebastian/pico/pico-sdk/src/rp2_common/pico_divider/divider.S.obj
                0x00000000100031dc                div_s64s64
                0x00000000100031dc                divmod_s64s64
                0x00000000100031dc                __wrap___aeabi_ldivmod
                0x0000000010003214                div_u64u64
                0x0000000010003214                divmod_u64u64
                0x0000000010003214                __wrap___aeabi_uldivmod
                0x0000000010003224                divmod_u64u64_savestate
                0x000000001000324c                divmod_s64s64_unsafe
                0x00000000100032d4                divmod_u64u64_unsafe
 .text.__wrap___aeabi_darithmetic
                0x0000000010003610       0x80 CMakeFiles/pio_ir_loopback.dir/home/boemmelsebastian/pico/pico-sdk/src/rp2_common/pico_double/double_aeabi.S.obj
                0x0000000010003610                __wrap___aeabi_drsub
                0x0000000010003616                __wrap___aeabi_dsub
                0x0000000010003628                __wrap___aeabi_dadd
                0x000000001000363a                __wrap___aeabi_ddiv
                0x0000000010003676                __wrap___aeabi_dmul
 .text.__wrap___aeabi_cdcmple
                0x0000000010003690       0x6c CMakeFiles/pio_ir_loopback.dir/home/boemmelsebastian/pico/pico-sdk/src/rp2_common/pico_double/double_aeabi.S.obj
                0x0000000010003690                __wrap___aeabi_cdrcmple
                0x00000000100036a0                __wrap___aeabi_cdcmple
                0x00000000100036a0                __wrap___aeabi_cdcmpeq
 .text.__wrap___aeabi_dcmplt
                0x00000000100036fc        0xc CMakeFiles/pio_ir_loopback.dir/home/boemmelsebastian/pico/pico-sdk/src/rp2_common/pico_double/double_aeabi.S.obj
                0x00000000100036fc                __wrap___aeabi_dcmplt
 .text.__wrap___aeabi_dcmple
                0x0000000010003708       0x10 CMakeFiles/pio_ir_loopback.dir/home/boemmelsebastian/pico/pico-sdk/src/rp2_common/pico_double/double_aeabi.S.obj
                0x0000000010003708                __wrap___aeabi_dcmple
 .text.__wrap___aeabi_dcmpge
                0x0000000010003718       0x10 CMakeFiles/pio_ir_loopback.dir/home/boemmelsebastian/pico/pico-sdk/src/rp2_common/pico_double/double_aeabi.S.obj
                0x0000000010003718                __wrap___aeabi_dcmpge
 .text.__wrap___aeabi_dcmpgt
                0x0000000010003728        0xa CMakeFiles/pio_ir_loopback.dir/home/boemmelsebastian/pico/pico-sdk/src/rp2_common/pico_double/double_aeabi.S.obj
                0x0000000010003728                __wrap___aeabi_dcmpgt
 .text.__wrap___aeabi_dcmpun
                0x0000000010003732       0x1c CMakeFiles/pio_ir_loopback.dir/home/boemmelsebastian/pico/pico-sdk/src/rp2_common/pico_double/double_aeabi.S.obj
                0x0000000010003732                __wrap___aeabi_dcmpun
 *fill*         0x000000001000374e        0x2 
 .text.__wrap___aeabi_i2d
                0x0000000010003750       0x38 CMakeFiles/pio_ir_loopback.dir/home/boemmelsebastian/pico/pico-sdk/src/rp2_common/pico_double/double_aeabi.S.obj
                0x0000000010003750                __wrap___aeabi_ui2d
                0x0000000010003758                __wrap___aeabi_i2d
 .text.__wrap___aeabi_d2iz
                0x0000000010003788       0x48 CMakeFiles/pio_ir_loopback.dir/home/boemmelsebastian/pico/pico-sdk/src/rp2_common/pico_double/double_aeabi.S.obj
                0x0000000010003788                __wrap___aeabi_d2iz
                0x0000000010003788                double2int_z
 .text.__wrap___aeabi_d2uiz
                0x00000000100037d0       0x18 CMakeFiles/pio_ir_loopback.dir/home/boemmelsebastian/pico/pico-sdk/src/rp2_common/pico_double/double_aeabi.S.obj
                0x00000000100037d0                double2uint
                0x00000000100037d0                __wrap___aeabi_d2uiz
 .text.__wrap___aeabi_d2f
                0x00000000100037e8       0x18 CMakeFiles/pio_ir_loopback.dir/home/boemmelsebastian/pico/pico-sdk/src/rp2_common/pico_double/double_aeabi.S.obj
                0x00000000100037e8                __wrap___aeabi_d2f
 .text.__aeabi_double_init
                0x0000000010003800       0xc8 CMakeFiles/pio_ir_loopback.dir/home/boemmelsebastian/pico/pico-sdk/src/rp2_common/pico_double/double_init_rom.c.obj
                0x0000000010003800                __aeabi_double_init
 .text.double_table_shim_on_use_helper
                0x00000000100038c8       0x34 CMakeFiles/pio_ir_loopback.dir/home/boemmelsebastian/pico/pico-sdk/src/rp2_common/pico_double/double_v1_rom_shim.S.obj
                0x00000000100038c8                double_table_shim_on_use_helper
 .text.__wrap___aeabi_dsub
                0x00000000100038fc       0x10 CMakeFiles/pio_ir_loopback.dir/home/boemmelsebastian/pico/pico-sdk/src/rp2_common/pico_double/double_v1_rom_shim.S.obj
                0x00000000100038fc                drsub_shim
                0x0000000010003902                dsub_shim
 .text.dadd_shim
                0x000000001000390c      0x15c CMakeFiles/pio_ir_loopback.dir/home/boemmelsebastian/pico/pico-sdk/src/rp2_common/pico_double/double_v1_rom_shim.S.obj
                0x000000001000390c                dadd_shim
 .text.dmul_shim
                0x0000000010003a68      0x15c CMakeFiles/pio_ir_loopback.dir/home/boemmelsebastian/pico/pico-sdk/src/rp2_common/pico_double/double_v1_rom_shim.S.obj
                0x0000000010003a68                dmul_shim
 .text.ddiv_shim
                0x0000000010003bc4      0x1b0 CMakeFiles/pio_ir_loopback.dir/home/boemmelsebastian/pico/pico-sdk/src/rp2_common/pico_double/double_v1_rom_shim.S.obj
                0x0000000010003bc4                ddiv_shim
 .text.double2uint_shim
                0x0000000010003d74        0xe CMakeFiles/pio_ir_loopback.dir/home/boemmelsebastian/pico/pico-sdk/src/rp2_common/pico_double/double_v1_rom_shim.S.obj
                0x0000000010003d74                double2uint_shim
                0x0000000010003d76                double2ufix_shim
 *fill*         0x0000000010003d82        0x2 
 .text.double2uint64_shim
                0x0000000010003d84       0x70 CMakeFiles/pio_ir_loopback.dir/home/boemmelsebastian/pico/pico-sdk/src/rp2_common/pico_double/double_v1_rom_shim.S.obj
                0x0000000010003d84                double2uint64_shim
                0x0000000010003d86                double2ufix64_shim
                0x0000000010003da6                d2fix_a
 .text.double2float_shim
                0x0000000010003df4       0x5c CMakeFiles/pio_ir_loopback.dir/home/boemmelsebastian/pico/pico-sdk/src/rp2_common/pico_double/double_v1_rom_shim.S.obj
                0x0000000010003df4                double2float_shim
 .text.dunpacks
                0x0000000010003e50       0x3c CMakeFiles/pio_ir_loopback.dir/home/boemmelsebastian/pico/pico-sdk/src/rp2_common/pico_double/double_v1_rom_shim.S.obj
                0x0000000010003e50                dunpacks
 .text.__aeabi_lmul
                0x0000000010003e8c       0x32 CMakeFiles/pio_ir_loopback.dir/home/boemmelsebastian/pico/pico-sdk/src/rp2_common/pico_int64_ops/pico_int64_ops_aeabi.S.obj
                0x0000000010003e8c                __wrap___aeabi_lmul
 *fill*         0x0000000010003ebe        0x2 
 .text.__wrap___aeabi_farithmetic
                0x0000000010003ec0       0x58 CMakeFiles/pio_ir_loopback.dir/home/boemmelsebastian/pico/pico-sdk/src/rp2_common/pico_float/float_aeabi.S.obj
                0x0000000010003ec0                __wrap___aeabi_frsub
                0x0000000010003ec6                __wrap___aeabi_fsub
                0x0000000010003ed0                __wrap___aeabi_fadd
                0x0000000010003eda                __wrap___aeabi_fdiv
                0x0000000010003f06                __wrap___aeabi_fmul
 .text.__wrap___aeabi_ui2f
                0x0000000010003f18        0xa CMakeFiles/pio_ir_loopback.dir/home/boemmelsebastian/pico/pico-sdk/src/rp2_common/pico_float/float_aeabi.S.obj
                0x0000000010003f18                __wrap___aeabi_ui2f
 *fill*         0x0000000010003f22        0x2 
 .text.__wrap___aeabi_i2f
                0x0000000010003f24       0x44 CMakeFiles/pio_ir_loopback.dir/home/boemmelsebastian/pico/pico-sdk/src/rp2_common/pico_float/float_aeabi.S.obj
                0x0000000010003f24                __wrap___aeabi_i2f
 .text.__wrap___aeabi_f2uiz
                0x0000000010003f68       0x10 CMakeFiles/pio_ir_loopback.dir/home/boemmelsebastian/pico/pico-sdk/src/rp2_common/pico_float/float_aeabi.S.obj
                0x0000000010003f68                __wrap___aeabi_f2uiz
 .text.__aeabi_float_init
                0x0000000010003f78       0xfc CMakeFiles/pio_ir_loopback.dir/home/boemmelsebastian/pico/pico-sdk/src/rp2_common/pico_float/float_init_rom.c.obj
                0x0000000010003f78                __aeabi_float_init
 .text.float_table_shim_on_use_helper
                0x0000000010004074       0x34 CMakeFiles/pio_ir_loopback.dir/home/boemmelsebastian/pico/pico-sdk/src/rp2_common/pico_float/float_v1_rom_shim.S.obj
                0x0000000010004074                float_table_shim_on_use_helper
 .text          0x00000000100040a8       0x10 CMakeFiles/pio_ir_loopback.dir/home/boemmelsebastian/pico/pico-sdk/src/rp2_common/pico_mem_ops/mem_ops_aeabi.S.obj
                0x00000000100040a8                __aeabi_mem_init
 .text.memset   0x00000000100040b8        0xc CMakeFiles/pio_ir_loopback.dir/home/boemmelsebastian/pico/pico-sdk/src/rp2_common/pico_mem_ops/mem_ops_aeabi.S.obj
                0x00000000100040b8                __wrap_memset
 .text.memcpy   0x00000000100040c4        0xc CMakeFiles/pio_ir_loopback.dir/home/boemmelsebastian/pico/pico-sdk/src/rp2_common/pico_mem_ops/mem_ops_aeabi.S.obj
                0x00000000100040c4                __wrap___aeabi_memcpy
                0x00000000100040c4                __wrap_memcpy
 .text.stdio_out_chars_no_crlf
                0x00000000100040d0        0xe CMakeFiles/pio_ir_loopback.dir/home/boemmelsebastian/pico/pico-sdk/src/rp2_common/pico_stdio/stdio.c.obj
 *fill*         0x00000000100040de        0x2 
 .text.stdio_out_chars_crlf
                0x00000000100040e0       0x80 CMakeFiles/pio_ir_loopback.dir/home/boemmelsebastian/pico/pico-sdk/src/rp2_common/pico_stdio/stdio.c.obj
 .text.stdio_stack_buffer_flush
                0x0000000010004160       0x44 CMakeFiles/pio_ir_loopback.dir/home/boemmelsebastian/pico/pico-sdk/src/rp2_common/pico_stdio/stdio.c.obj
 .text.stdio_buffered_printer
                0x00000000100041a4       0x20 CMakeFiles/pio_ir_loopback.dir/home/boemmelsebastian/pico/pico-sdk/src/rp2_common/pico_stdio/stdio.c.obj
 .text.stdout_serialize_begin
                0x00000000100041c4       0x30 CMakeFiles/pio_ir_loopback.dir/home/boemmelsebastian/pico/pico-sdk/src/rp2_common/pico_stdio/stdio.c.obj
                0x00000000100041c4                stdout_serialize_begin
 .text.stdout_serialize_end
                0x00000000100041f4       0x10 CMakeFiles/pio_ir_loopback.dir/home/boemmelsebastian/pico/pico-sdk/src/rp2_common/pico_stdio/stdio.c.obj
                0x00000000100041f4                stdout_serialize_end
 .text.stdio_put_string
                0x0000000010004204       0x94 CMakeFiles/pio_ir_loopback.dir/home/boemmelsebastian/pico/pico-sdk/src/rp2_common/pico_stdio/stdio.c.obj
 .text.stdio_set_driver_enabled
                0x0000000010004298       0x2c CMakeFiles/pio_ir_loopback.dir/home/boemmelsebastian/pico/pico-sdk/src/rp2_common/pico_stdio/stdio.c.obj
                0x0000000010004298                stdio_set_driver_enabled
 .text.stdio_flush
                0x00000000100042c4       0x20 CMakeFiles/pio_ir_loopback.dir/home/boemmelsebastian/pico/pico-sdk/src/rp2_common/pico_stdio/stdio.c.obj
                0x00000000100042c4                stdio_flush
 .text.__wrap_puts
                0x00000000100042e4       0x1e CMakeFiles/pio_ir_loopback.dir/home/boemmelsebastian/pico/pico-sdk/src/rp2_common/pico_stdio/stdio.c.obj
                0x00000000100042e4                __wrap_puts
 *fill*         0x0000000010004302        0x2 
 .text.__wrap_vprintf
                0x0000000010004304       0x44 CMakeFiles/pio_ir_loopback.dir/home/boemmelsebastian/pico/pico-sdk/src/rp2_common/pico_stdio/stdio.c.obj
                0x0000000010004304                __wrap_vprintf
 .text.__wrap_printf
                0x0000000010004348       0x18 CMakeFiles/pio_ir_loopback.dir/home/boemmelsebastian/pico/pico-sdk/src/rp2_common/pico_stdio/stdio.c.obj
                0x0000000010004348                __wrap_printf
 .text.stdio_init_all
                0x0000000010004360        0x8 CMakeFiles/pio_ir_loopback.dir/home/boemmelsebastian/pico/pico-sdk/src/rp2_common/pico_stdio/stdio.c.obj
                0x0000000010004360                stdio_init_all
 .text.stdio_uart_out_chars
                0x0000000010004368       0x74 CMakeFiles/pio_ir_loopback.dir/home/boemmelsebastian/pico/pico-sdk/src/rp2_common/pico_stdio_uart/stdio_uart.c.obj
 .text.stdio_uart_in_chars
                0x00000000100043dc       0x54 CMakeFiles/pio_ir_loopback.dir/home/boemmelsebastian/pico/pico-sdk/src/rp2_common/pico_stdio_uart/stdio_uart.c.obj
                0x00000000100043dc                stdio_uart_in_chars
 .text.stdio_uart_init_full
                0x0000000010004430       0x3c CMakeFiles/pio_ir_loopback.dir/home/boemmelsebastian/pico/pico-sdk/src/rp2_common/pico_stdio_uart/stdio_uart.c.obj
                0x0000000010004430                stdio_uart_init_full
 .text.stdio_uart_init
                0x000000001000446c       0x28 CMakeFiles/pio_ir_loopback.dir/home/boemmelsebastian/pico/pico-sdk/src/rp2_common/pico_stdio_uart/stdio_uart.c.obj
                0x000000001000446c                stdio_uart_init
 .text._pio_can_add_program_at_offset
                0x0000000010004494       0x3c CMakeFiles/pio_ir_loopback.dir/home/boemmelsebastian/pico/pico-sdk/src/rp2_common/hardware_pio/pio.c.obj
 .text._pio_find_offset_for_program
                0x00000000100044d0       0x7c CMakeFiles/pio_ir_loopback.dir/home/boemmelsebastian/pico/pico-sdk/src/rp2_common/hardware_pio/pio.c.obj
 .text._pio_add_program_at_offset
                0x000000001000454c       0x78 CMakeFiles/pio_ir_loopback.dir/home/boemmelsebastian/pico/pico-sdk/src/rp2_common/hardware_pio/pio.c.obj
 .text.pio_claim_unused_sm
                0x00000000100045c4       0x3c CMakeFiles/pio_ir_loopback.dir/home/boemmelsebastian/pico/pico-sdk/src/rp2_common/hardware_pio/pio.c.obj
                0x00000000100045c4                pio_claim_unused_sm
 .text.pio_can_add_program
                0x0000000010004600       0x26 CMakeFiles/pio_ir_loopback.dir/home/boemmelsebastian/pico/pico-sdk/src/rp2_common/hardware_pio/pio.c.obj
                0x0000000010004600                pio_can_add_program
 *fill*         0x0000000010004626        0x2 
 .text.pio_add_program
                0x0000000010004628       0x38 CMakeFiles/pio_ir_loopback.dir/home/boemmelsebastian/pico/pico-sdk/src/rp2_common/hardware_pio/pio.c.obj
                0x0000000010004628                pio_add_program
 .text.pio_sm_set_consecutive_pindirs
                0x0000000010004660       0x70 CMakeFiles/pio_ir_loopback.dir/home/boemmelsebastian/pico/pico-sdk/src/rp2_common/hardware_pio/pio.c.obj
                0x0000000010004660                pio_sm_set_consecutive_pindirs
 .text.pio_sm_init
                0x00000000100046d0       0xa8 CMakeFiles/pio_ir_loopback.dir/home/boemmelsebastian/pico/pico-sdk/src/rp2_common/hardware_pio/pio.c.obj
                0x00000000100046d0                pio_sm_init
 .text.nec_tx_init
                0x0000000010004778      0x1fc ../nec_transmit_library/libnec_transmit_library.a(nec_transmit.c.obj)
                0x0000000010004778                nec_tx_init
 .text.nec_encode_frame
                0x0000000010004974       0x14 ../nec_transmit_library/libnec_transmit_library.a(nec_transmit.c.obj)
                0x0000000010004974                nec_encode_frame
 .text.nec_rx_init
                0x0000000010004988      0x158 ../nec_receive_library/libnec_receive_library.a(nec_receive.c.obj)
                0x0000000010004988                nec_rx_init
 .text.nec_decode_frame
                0x0000000010004ae0       0x30 ../nec_receive_library/libnec_receive_library.a(nec_receive.c.obj)
                0x0000000010004ae0                nec_decode_frame
 .text          0x0000000010004b10       0x68 /usr/lib/gcc/arm-none-eabi/8.3.1/../../../arm-none-eabi/lib/thumb/v6-m/nofp/libg.a(lib_a-strlen-stub.o)
                0x0000000010004b10                strlen
 *(.fini)
 .fini          0x0000000010004b78        0x4 /usr/lib/gcc/arm-none-eabi/8.3.1/thumb/v6-m/nofp/crti.o
                0x0000000010004b78                _fini
 *fill*         0x0000000010004b7c        0x4 
 .fini.__stub   0x0000000010004b80       0x50 linker stubs
 *crtbegin.o(.ctors)
 *crtbegin?.o(.ctors)
 *(EXCLUDE_FILE(*crtend.o *crtend?.o) .ctors)
 *(SORT_BY_NAME(.ctors.*))
 *(.ctors)
 *crtbegin.o(.dtors)
 *crtbegin?.o(.dtors)
 *(EXCLUDE_FILE(*crtend.o *crtend?.o) .dtors)
 *(SORT_BY_NAME(.dtors.*))
 *(.dtors)
 *(.eh_frame*)
 .eh_frame      0x0000000010004bd0        0x0 /usr/lib/gcc/arm-none-eabi/8.3.1/thumb/v6-m/nofp/crtbegin.o
                0x0000000010004bd0                . = ALIGN (0x4)

.glue_7         0x0000000010004bd0        0x0
 .glue_7        0x0000000010004bd0        0x0 linker stubs

.glue_7t        0x0000000010004bd0        0x0
 .glue_7t       0x0000000010004bd0        0x0 linker stubs

.vfp11_veneer   0x0000000010004bd0        0x0
 .vfp11_veneer  0x0000000010004bd0        0x0 linker stubs

.v4_bx          0x0000000010004bd0        0x0
 .v4_bx         0x0000000010004bd0        0x0 linker stubs

.iplt           0x0000000010004bd0        0x0
 .iplt          0x0000000010004bd0        0x0 /usr/lib/gcc/arm-none-eabi/8.3.1/thumb/v6-m/nofp/crtbegin.o

.rodata         0x0000000010004bd0     0x10ac
 *(EXCLUDE_FILE(*libm.a: *libc.a:*lib_a-mem*.o *libgcc.a:) .rodata*)
 .rodata.main.str1.4
                0x0000000010004bd0       0x54 CMakeFiles/pio_ir_loopback.dir/ir_loopback.c.obj
 .rodata.__func__.5751
                0x0000000010004c24       0x15 CMakeFiles/pio_ir_loopback.dir/home/boemmelsebastian/pico/pico-sdk/src/common/pico_time/time.c.obj
 *fill*         0x0000000010004c39        0x3 
 .rodata.__func__.6063
                0x0000000010004c3c        0xc CMakeFiles/pio_ir_loopback.dir/home/boemmelsebastian/pico/pico-sdk/src/common/pico_time/time.c.obj
 .rodata.__func__.6070
                0x0000000010004c48       0x12 CMakeFiles/pio_ir_loopback.dir/home/boemmelsebastian/pico/pico-sdk/src/common/pico_time/time.c.obj
 *fill*         0x0000000010004c5a        0x2 
 .rodata.__func__.6086
                0x0000000010004c5c        0xf CMakeFiles/pio_ir_loopback.dir/home/boemmelsebastian/pico/pico-sdk/src/common/pico_time/time.c.obj
 *fill*         0x0000000010004c6b        0x1 
 .rodata.__func__.6108
                0x0000000010004c6c        0xd CMakeFiles/pio_ir_loopback.dir/home/boemmelsebastian/pico/pico-sdk/src/common/pico_time/time.c.obj
 *fill*         0x0000000010004c79        0x3 
 .rodata.__func__.6332
                0x0000000010004c7c        0xa CMakeFiles/pio_ir_loopback.dir/home/boemmelsebastian/pico/pico-sdk/src/common/pico_time/time.c.obj
 *fill*         0x0000000010004c86        0x2 
 .rodata.__func__.6337
                0x0000000010004c88       0x12 CMakeFiles/pio_ir_loopback.dir/home/boemmelsebastian/pico/pico-sdk/src/common/pico_time/time.c.obj
 *fill*         0x0000000010004c9a        0x2 
 .rodata.__func__.6352
                0x0000000010004c9c       0x17 CMakeFiles/pio_ir_loopback.dir/home/boemmelsebastian/pico/pico-sdk/src/common/pico_time/time.c.obj
 *fill*         0x0000000010004cb3        0x1 
 .rodata.__func__.6363
                0x0000000010004cb4       0x15 CMakeFiles/pio_ir_loopback.dir/home/boemmelsebastian/pico/pico-sdk/src/common/pico_time/time.c.obj
 *fill*         0x0000000010004cc9        0x3 
 .rodata.__func__.6380
                0x0000000010004ccc       0x1a CMakeFiles/pio_ir_loopback.dir/home/boemmelsebastian/pico/pico-sdk/src/common/pico_time/time.c.obj
 *fill*         0x0000000010004ce6        0x2 
 .rodata.add_alarm_under_lock.str1.4
                0x0000000010004ce8       0x28 CMakeFiles/pio_ir_loopback.dir/home/boemmelsebastian/pico/pico-sdk/src/common/pico_time/time.c.obj
                                         0x2b (size before relaxing)
 .rodata.alarm_pool_alarm_callback.str1.4
                0x0000000010004d10       0xee CMakeFiles/pio_ir_loopback.dir/home/boemmelsebastian/pico/pico-sdk/src/common/pico_time/time.c.obj
 *fill*         0x0000000010004dfe        0x2 
 .rodata.alarm_pool_dump_key.str1.4
                0x0000000010004e00       0x33 CMakeFiles/pio_ir_loopback.dir/home/boemmelsebastian/pico/pico-sdk/src/common/pico_time/time.c.obj
 *fill*         0x0000000010004e33        0x1 
 .rodata.alarm_pool_get_default.str1.4
                0x0000000010004e34       0x21 CMakeFiles/pio_ir_loopback.dir/home/boemmelsebastian/pico/pico-sdk/src/common/pico_time/time.c.obj
 *fill*         0x0000000010004e55        0x3 
 .rodata.ph_add_child_node.str1.4
                0x0000000010004e58       0x9e CMakeFiles/pio_ir_loopback.dir/home/boemmelsebastian/pico/pico-sdk/src/common/pico_time/time.c.obj
 *fill*         0x0000000010004ef6        0x2 
 .rodata.repeating_timer_callback.str1.4
                0x0000000010004ef8       0x55 CMakeFiles/pio_ir_loopback.dir/home/boemmelsebastian/pico/pico-sdk/src/common/pico_time/time.c.obj
 *fill*         0x0000000010004f4d        0x3 
 .rodata.sleep_until.str1.4
                0x0000000010004f50       0x4d CMakeFiles/pio_ir_loopback.dir/home/boemmelsebastian/pico/pico-sdk/src/common/pico_time/time.c.obj
 *fill*         0x0000000010004f9d        0x3 
 .rodata.__func__.4612
                0x0000000010004fa0       0x1a CMakeFiles/pio_ir_loopback.dir/home/boemmelsebastian/pico/pico-sdk/src/rp2_common/hardware_timer/timer.c.obj
 *fill*         0x0000000010004fba        0x2 
 .rodata.hardware_alarm_claim.str1.4
                0x0000000010004fbc       0x22 CMakeFiles/pio_ir_loopback.dir/home/boemmelsebastian/pico/pico-sdk/src/rp2_common/hardware_timer/timer.c.obj
 *fill*         0x0000000010004fde        0x2 
 .rodata.hardware_alarm_set_target.str1.4
                0x0000000010004fe0       0x6f CMakeFiles/pio_ir_loopback.dir/home/boemmelsebastian/pico/pico-sdk/src/rp2_common/hardware_timer/timer.c.obj
 *fill*         0x000000001000504f        0x1 
 .rodata.__func__.4756
                0x0000000010005050        0xb CMakeFiles/pio_ir_loopback.dir/home/boemmelsebastian/pico/pico-sdk/src/common/pico_sync/mutex.c.obj
 *fill*         0x000000001000505b        0x1 
 .rodata.str1.4
                0x000000001000505c       0x95 CMakeFiles/pio_ir_loopback.dir/home/boemmelsebastian/pico/pico-sdk/src/common/pico_sync/mutex.c.obj
                                        0x101 (size before relaxing)
 *fill*         0x00000000100050f1        0x3 
 .rodata.__func__.5761
                0x00000000100050f4        0xc CMakeFiles/pio_ir_loopback.dir/home/boemmelsebastian/pico/pico-sdk/src/common/pico_util/pheap.c.obj
 .rodata.__func__.5768
                0x0000000010005100       0x12 CMakeFiles/pio_ir_loopback.dir/home/boemmelsebastian/pico/pico-sdk/src/common/pico_util/pheap.c.obj
 *fill*         0x0000000010005112        0x2 
 .rodata.__func__.5854
                0x0000000010005114       0x13 CMakeFiles/pio_ir_loopback.dir/home/boemmelsebastian/pico/pico-sdk/src/common/pico_util/pheap.c.obj
 *fill*         0x0000000010005127        0x1 
 .rodata.__func__.5872
                0x0000000010005128       0x18 CMakeFiles/pio_ir_loopback.dir/home/boemmelsebastian/pico/pico-sdk/src/common/pico_util/pheap.c.obj
 .rodata.ph_add_child_node.str1.4
                0x0000000010005140       0x9e CMakeFiles/pio_ir_loopback.dir/home/boemmelsebastian/pico/pico-sdk/src/common/pico_util/pheap.c.obj
 .rodata.ph_remove_and_free_node.str1.4
                0x0000000010005140       0x26 CMakeFiles/pio_ir_loopback.dir/home/boemmelsebastian/pico/pico-sdk/src/common/pico_util/pheap.c.obj
 *fill*         0x0000000010005166        0x2 
 .rodata.ph_remove_any_head.str1.4
                0x0000000010005168       0x98 CMakeFiles/pio_ir_loopback.dir/home/boemmelsebastian/pico/pico-sdk/src/common/pico_util/pheap.c.obj
 .rodata.__assert_func.str1.4
                0x0000000010005200       0x3f CMakeFiles/pio_ir_loopback.dir/home/boemmelsebastian/pico/pico-sdk/src/rp2_common/pico_runtime/runtime.c.obj
                                         0x43 (size before relaxing)
 *fill*         0x000000001000523f        0x1 
 .rodata.__func__.5872
                0x0000000010005240        0xd CMakeFiles/pio_ir_loopback.dir/home/boemmelsebastian/pico/pico-sdk/src/rp2_common/pico_runtime/runtime.c.obj
 *fill*         0x000000001000524d        0x3 
 .rodata.panic.str1.4
                0x0000000010005250       0x12 CMakeFiles/pio_ir_loopback.dir/home/boemmelsebastian/pico/pico-sdk/src/rp2_common/pico_runtime/runtime.c.obj
 *fill*         0x0000000010005262        0x2 
 .rodata.runtime_init.str1.4
                0x0000000010005264       0x6b CMakeFiles/pio_ir_loopback.dir/home/boemmelsebastian/pico/pico-sdk/src/rp2_common/pico_runtime/runtime.c.obj
 *fill*         0x00000000100052cf        0x1 
 .rodata.__func__.4759
                0x00000000100052d0       0x10 CMakeFiles/pio_ir_loopback.dir/home/boemmelsebastian/pico/pico-sdk/src/rp2_common/hardware_clocks/clocks.c.obj
 .rodata.clock_configure.str1.4
                0x00000000100052e0       0x61 CMakeFiles/pio_ir_loopback.dir/home/boemmelsebastian/pico/pico-sdk/src/rp2_common/hardware_clocks/clocks.c.obj
 *fill*         0x0000000010005341        0x3 
 .rodata.__func__.4789
                0x0000000010005344       0x1a CMakeFiles/pio_ir_loopback.dir/home/boemmelsebastian/pico/pico-sdk/src/rp2_common/hardware_irq/irq.c.obj
 *fill*         0x000000001000535e        0x2 
 .rodata.__func__.4803
                0x0000000010005360        0xc CMakeFiles/pio_ir_loopback.dir/home/boemmelsebastian/pico/pico-sdk/src/rp2_common/hardware_irq/irq.c.obj
 .rodata.__func__.4811
                0x000000001000536c       0x17 CMakeFiles/pio_ir_loopback.dir/home/boemmelsebastian/pico/pico-sdk/src/rp2_common/hardware_irq/irq.c.obj
 *fill*         0x0000000010005383        0x1 
 .rodata.__func__.4815
                0x0000000010005384        0xf CMakeFiles/pio_ir_loopback.dir/home/boemmelsebastian/pico/pico-sdk/src/rp2_common/hardware_irq/irq.c.obj
 *fill*         0x0000000010005393        0x1 
 .rodata.__func__.4854
                0x0000000010005394       0x13 CMakeFiles/pio_ir_loopback.dir/home/boemmelsebastian/pico/pico-sdk/src/rp2_common/hardware_irq/irq.c.obj
 *fill*         0x00000000100053a7        0x1 
 .rodata.__func__.4876
                0x00000000100053a8       0x1a CMakeFiles/pio_ir_loopback.dir/home/boemmelsebastian/pico/pico-sdk/src/rp2_common/hardware_irq/irq.c.obj
 *fill*         0x00000000100053c2        0x2 
 .rodata.insert_branch_and_link.str1.4
                0x00000000100053c4       0x10 CMakeFiles/pio_ir_loopback.dir/home/boemmelsebastian/pico/pico-sdk/src/rp2_common/hardware_irq/irq.c.obj
 .rodata.irq_add_shared_handler.str1.4
                0x00000000100053d4       0xd9 CMakeFiles/pio_ir_loopback.dir/home/boemmelsebastian/pico/pico-sdk/src/rp2_common/hardware_irq/irq.c.obj
 *fill*         0x00000000100054ad        0x3 
 .rodata.irq_add_tail_to_free_list.str1.4
                0x00000000100054b0       0x32 CMakeFiles/pio_ir_loopback.dir/home/boemmelsebastian/pico/pico-sdk/src/rp2_common/hardware_irq/irq.c.obj
                                         0x3a (size before relaxing)
 *fill*         0x00000000100054e2        0x2 
 .rodata.irq_remove_handler.str1.4
                0x00000000100054e4       0x2a CMakeFiles/pio_ir_loopback.dir/home/boemmelsebastian/pico/pico-sdk/src/rp2_common/hardware_irq/irq.c.obj
 *fill*         0x000000001000550e        0x2 
 .rodata.irq_set_exclusive_handler.str1.4
                0x0000000010005510       0x36 CMakeFiles/pio_ir_loopback.dir/home/boemmelsebastian/pico/pico-sdk/src/rp2_common/hardware_irq/irq.c.obj
 *fill*         0x0000000010005546        0x2 
 .rodata.make_branch.str1.4
                0x0000000010005548       0x77 CMakeFiles/pio_ir_loopback.dir/home/boemmelsebastian/pico/pico-sdk/src/rp2_common/hardware_irq/irq.c.obj
 *fill*         0x00000000100055bf        0x1 
 .rodata.__func__.4461
                0x00000000100055c0        0x9 CMakeFiles/pio_ir_loopback.dir/home/boemmelsebastian/pico/pico-sdk/src/rp2_common/hardware_pll/pll.c.obj
 *fill*         0x00000000100055c9        0x3 
 .rodata.pll_init.str1.4
                0x00000000100055cc       0xe3 CMakeFiles/pio_ir_loopback.dir/home/boemmelsebastian/pico/pico-sdk/src/rp2_common/hardware_pll/pll.c.obj
 *fill*         0x00000000100056af        0x1 
 .rodata._vsnprintf
                0x00000000100056b0      0x1e0 CMakeFiles/pio_ir_loopback.dir/home/boemmelsebastian/pico/pico-sdk/src/rp2_common/pico_printf/printf.c.obj
 .rodata._ftoa.str1.4
                0x0000000010005890       0x15 CMakeFiles/pio_ir_loopback.dir/home/boemmelsebastian/pico/pico-sdk/src/rp2_common/pico_printf/printf.c.obj
 *fill*         0x00000000100058a5        0x3 
 .rodata.pow10.5475
                0x00000000100058a8       0x50 CMakeFiles/pio_ir_loopback.dir/home/boemmelsebastian/pico/pico-sdk/src/rp2_common/pico_printf/printf.c.obj
 .rodata.__aeabi_double_init.str1.4
                0x00000000100058f8       0xb2 CMakeFiles/pio_ir_loopback.dir/home/boemmelsebastian/pico/pico-sdk/src/rp2_common/pico_double/double_init_rom.c.obj
 *fill*         0x00000000100059aa        0x2 
 .rodata.__func__.4772
                0x00000000100059ac       0x14 CMakeFiles/pio_ir_loopback.dir/home/boemmelsebastian/pico/pico-sdk/src/rp2_common/pico_double/double_init_rom.c.obj
 .rodata.__aeabi_float_init.str1.4
                0x00000000100059c0       0x84 CMakeFiles/pio_ir_loopback.dir/home/boemmelsebastian/pico/pico-sdk/src/rp2_common/pico_float/float_init_rom.c.obj
                                         0x88 (size before relaxing)
 .rodata.__func__.4773
                0x0000000010005a44       0x13 CMakeFiles/pio_ir_loopback.dir/home/boemmelsebastian/pico/pico-sdk/src/rp2_common/pico_float/float_init_rom.c.obj
 *fill*         0x0000000010005a57        0x1 
 .rodata.__bi_44
                0x0000000010005a58        0xc CMakeFiles/pio_ir_loopback.dir/home/boemmelsebastian/pico/pico-sdk/src/rp2_common/pico_standard_link/binary_info.c.obj
 .rodata.__bi_69
                0x0000000010005a64        0xc CMakeFiles/pio_ir_loopback.dir/home/boemmelsebastian/pico/pico-sdk/src/rp2_common/pico_standard_link/binary_info.c.obj
 .rodata.__bi_75
                0x0000000010005a70        0xc CMakeFiles/pio_ir_loopback.dir/home/boemmelsebastian/pico/pico-sdk/src/rp2_common/pico_standard_link/binary_info.c.obj
 .rodata.__bi_81
                0x0000000010005a7c        0xc CMakeFiles/pio_ir_loopback.dir/home/boemmelsebastian/pico/pico-sdk/src/rp2_common/pico_standard_link/binary_info.c.obj
 .rodata.str1.4
                0x0000000010005a88       0x94 CMakeFiles/pio_ir_loopback.dir/home/boemmelsebastian/pico/pico-sdk/src/rp2_common/pico_standard_link/binary_info.c.obj
 .rodata.crlf_str.6107
                0x0000000010005b1c        0x2 CMakeFiles/pio_ir_loopback.dir/home/boemmelsebastian/pico/pico-sdk/src/rp2_common/pico_stdio/stdio.c.obj
 *fill*         0x0000000010005b1e        0x2 
 .rodata.__bi_28.4823
                0x0000000010005b20        0xc CMakeFiles/pio_ir_loopback.dir/home/boemmelsebastian/pico/pico-sdk/src/rp2_common/pico_stdio_uart/stdio_uart.c.obj
 .rodata.__bi_29.4827
                0x0000000010005b2c        0x8 CMakeFiles/pio_ir_loopback.dir/home/boemmelsebastian/pico/pico-sdk/src/rp2_common/pico_stdio_uart/stdio_uart.c.obj
 .rodata.str1.4
                0x0000000010005b34       0x2c CMakeFiles/pio_ir_loopback.dir/home/boemmelsebastian/pico/pico-sdk/src/rp2_common/pico_stdio_uart/stdio_uart.c.obj
 .rodata.__func__.5303
                0x0000000010005b60       0x1d CMakeFiles/pio_ir_loopback.dir/home/boemmelsebastian/pico/pico-sdk/src/rp2_common/hardware_pio/pio.c.obj
 *fill*         0x0000000010005b7d        0x3 
 .rodata._pio_add_program_at_offset.str1.4
                0x0000000010005b80       0x11 CMakeFiles/pio_ir_loopback.dir/home/boemmelsebastian/pico/pico-sdk/src/rp2_common/hardware_pio/pio.c.obj
 *fill*         0x0000000010005b91        0x3 
 .rodata._pio_find_offset_for_program.str1.4
                0x0000000010005b94       0x73 CMakeFiles/pio_ir_loopback.dir/home/boemmelsebastian/pico/pico-sdk/src/rp2_common/hardware_pio/pio.c.obj
 *fill*         0x0000000010005c07        0x1 
 .rodata.pio_claim_unused_sm.str1.4
                0x0000000010005c08       0x24 CMakeFiles/pio_ir_loopback.dir/home/boemmelsebastian/pico/pico-sdk/src/rp2_common/hardware_pio/pio.c.obj
 .rodata.nec_carrier_burst_program
                0x0000000010005c2c        0x6 ../nec_transmit_library/libnec_transmit_library.a(nec_transmit.c.obj)
 *fill*         0x0000000010005c32        0x2 
 .rodata.nec_carrier_burst_program_instructions
                0x0000000010005c34        0xa ../nec_transmit_library/libnec_transmit_library.a(nec_transmit.c.obj)
 *fill*         0x0000000010005c3e        0x2 
 .rodata.nec_carrier_control_program
                0x0000000010005c40        0x6 ../nec_transmit_library/libnec_transmit_library.a(nec_transmit.c.obj)
 *fill*         0x0000000010005c46        0x2 
 .rodata.nec_carrier_control_program_instructions
                0x0000000010005c48       0x16 ../nec_transmit_library/libnec_transmit_library.a(nec_transmit.c.obj)
 *fill*         0x0000000010005c5e        0x2 
 .rodata.nec_receive_program
                0x0000000010005c60        0x6 ../nec_receive_library/libnec_receive_library.a(nec_receive.c.obj)
 *fill*         0x0000000010005c66        0x2 
 .rodata.nec_receive_program_instructions
                0x0000000010005c68       0x12 ../nec_receive_library/libnec_receive_library.a(nec_receive.c.obj)
                0x0000000010005c7c                . = ALIGN (0x4)
 *fill*         0x0000000010005c7a        0x2 
 *(SORT_BY_ALIGNMENT(SORT_BY_NAME(.flashdata*)))
                0x0000000010005c7c                . = ALIGN (0x4)

.rel.dyn        0x0000000010005c7c        0x0
 .rel.iplt      0x0000000010005c7c        0x0 /usr/lib/gcc/arm-none-eabi/8.3.1/thumb/v6-m/nofp/crtbegin.o

.ARM.extab
 *(.ARM.extab* .gnu.linkonce.armextab.*)
                0x0000000010005c7c                __exidx_start = .

.ARM.exidx
 *(.ARM.exidx* .gnu.linkonce.armexidx.*)
                0x0000000010005c7c                __exidx_end = .
                0x0000000010005c7c                . = ALIGN (0x4)
                0x0000000010005c7c                __binary_info_start = .

.binary_info    0x0000000010005c7c       0x28
 *(.binary_info.keep.*)
 .binary_info.keep.__bi_ptr22
                0x0000000010005c7c        0x4 CMakeFiles/pio_ir_loopback.dir/home/boemmelsebastian/pico/pico-sdk/src/rp2_common/pico_standard_link/binary_info.c.obj
 .binary_info.keep.__bi_ptr30
                0x0000000010005c80        0x4 CMakeFiles/pio_ir_loopback.dir/home/boemmelsebastian/pico/pico-sdk/src/rp2_common/pico_standard_link/binary_info.c.obj
 .binary_info.keep.__bi_ptr38
                0x0000000010005c84        0x4 CMakeFiles/pio_ir_loopback.dir/home/boemmelsebastian/pico/pico-sdk/src/rp2_common/pico_standard_link/binary_info.c.obj
 .binary_info.keep.__bi_ptr44
                0x0000000010005c88        0x4 CMakeFiles/pio_ir_loopback.dir/home/boemmelsebastian/pico/pico-sdk/src/rp2_common/pico_standard_link/binary_info.c.obj
 .binary_info.keep.__bi_ptr50
                0x0000000010005c8c        0x4 CMakeFiles/pio_ir_loopback.dir/home/boemmelsebastian/pico/pico-sdk/src/rp2_common/pico_standard_link/binary_info.c.obj
 .binary_info.keep.__bi_ptr69
                0x0000000010005c90        0x4 CMakeFiles/pio_ir_loopback.dir/home/boemmelsebastian/pico/pico-sdk/src/rp2_common/pico_standard_link/binary_info.c.obj
 .binary_info.keep.__bi_ptr75
                0x0000000010005c94        0x4 CMakeFiles/pio_ir_loopback.dir/home/boemmelsebastian/pico/pico-sdk/src/rp2_common/pico_standard_link/binary_info.c.obj
 .binary_info.keep.__bi_ptr81
                0x0000000010005c98        0x4 CMakeFiles/pio_ir_loopback.dir/home/boemmelsebastian/pico/pico-sdk/src/rp2_common/pico_standard_link/binary_info.c.obj
 *(.binary_info.*)
 .binary_info.__bi_ptr28
                0x0000000010005c9c        0x4 CMakeFiles/pio_ir_loopback.dir/home/boemmelsebastian/pico/pico-sdk/src/rp2_common/pico_stdio_uart/stdio_uart.c.obj
 .binary_info.__bi_ptr29
                0x0000000010005ca0        0x4 CMakeFiles/pio_ir_loopback.dir/home/boemmelsebastian/pico/pico-sdk/src/rp2_common/pico_stdio_uart/stdio_uart.c.obj
                0x0000000010005ca4                __binary_info_end = .
                0x0000000010005ca4                . = ALIGN (0x4)
                0x0000000010005ca4                __etext = .

.ram_vector_table
                0x0000000020000000       0xc0
 *(.ram_vector_table)
 .ram_vector_table
                0x0000000020000000       0xc0 CMakeFiles/pio_ir_loopback.dir/home/boemmelsebastian/pico/pico-sdk/src/rp2_common/pico_runtime/runtime.c.obj
                0x0000000020000000                ram_vector_table

.data           0x00000000200000c0      0x1c0 load address 0x0000000010005ca4
                0x00000000200000c0                __data_start__ = .
 *(vtable)
 *(.time_critical*)
 .time_critical.mutex_enter_blocking
                0x00000000200000c0       0x48 CMakeFiles/pio_ir_loopback.dir/home/boemmelsebastian/pico/pico-sdk/src/common/pico_sync/mutex.c.obj
                0x00000000200000c0                mutex_enter_blocking
 .time_critical.mutex_try_enter
                0x0000000020000108       0x48 CMakeFiles/pio_ir_loopback.dir/home/boemmelsebastian/pico/pico-sdk/src/common/pico_sync/mutex.c.obj
                0x0000000020000108                mutex_try_enter
 .time_critical.mutex_exit
                0x0000000020000150       0x4c CMakeFiles/pio_ir_loopback.dir/home/boemmelsebastian/pico/pico-sdk/src/common/pico_sync/mutex.c.obj
                0x0000000020000150                mutex_exit
 *(.text*)
 .text          0x000000002000019c        0x4 /usr/lib/gcc/arm-none-eabi/8.3.1/thumb/v6-m/nofp/libgcc.a(_dvmd_tls.o)
                0x000000002000019c                __aeabi_ldiv0
                0x000000002000019c                __aeabi_idiv0
 .text.__stub   0x00000000200001a0       0x10 linker stubs
                0x00000000200001b0                . = ALIGN (0x4)
 *(.rodata*)
                0x00000000200001b0                . = ALIGN (0x4)
 *(.data*)
 .data.striped_spin_lock_num
                0x00000000200001b0        0x1 CMakeFiles/pio_ir_loopback.dir/home/boemmelsebastian/pico/pico-sdk/src/rp2_common/hardware_sync/sync.c.obj
 *fill*         0x00000000200001b1        0x3 
 .data.default_alarm_pool
                0x00000000200001b4       0x18 CMakeFiles/pio_ir_loopback.dir/home/boemmelsebastian/pico/pico-sdk/src/common/pico_time/time.c.obj
 .data.default_alarm_pool_heap
                0x00000000200001cc       0x10 CMakeFiles/pio_ir_loopback.dir/home/boemmelsebastian/pico/pico-sdk/src/common/pico_time/time.c.obj
 .data          0x00000000200001dc       0x48 CMakeFiles/pio_ir_loopback.dir/home/boemmelsebastian/pico/pico-sdk/src/rp2_common/hardware_irq/irq_handler_chain.S.obj
                0x00000000200001dc                irq_handler_chain_slots
                0x000000002000020c                irq_handler_chain_first_slot
                0x0000000020000216                irq_handler_chain_remove_tail
 *fill*         0x0000000020000224        0xc 
 .data.aeabi_bits_funcs
                0x0000000020000230       0x10 CMakeFiles/pio_ir_loopback.dir/home/boemmelsebastian/pico/pico-sdk/src/rp2_common/pico_bit_ops/bit_ops_aeabi.S.obj
                0x0000000020000230                aeabi_bits_funcs
                0x0000000020000240                aeabi_bits_funcs_end
 .data.aeabi_mem_funcs
                0x0000000020000240       0x10 CMakeFiles/pio_ir_loopback.dir/home/boemmelsebastian/pico/pico-sdk/src/rp2_common/pico_mem_ops/mem_ops_aeabi.S.obj
                0x0000000020000240                aeabi_mem_funcs
                0x0000000020000250                aeabi_mem_funcs_end
 .data.stdio_uart
                0x0000000020000250       0x14 CMakeFiles/pio_ir_loopback.dir/home/boemmelsebastian/pico/pico-sdk/src/rp2_common/pico_stdio_uart/stdio_uart.c.obj
                0x0000000020000250                stdio_uart
                0x0000000020000264                . = ALIGN (0x4)
 *(.after_data.*)
                0x0000000020000264                . = ALIGN (0x4)
                0x0000000020000264                PROVIDE (__mutex_array_start = .)
 *(SORT_BY_NAME(.mutex_array.*))
 *(.mutex_array)
 .mutex_array   0x0000000020000264        0x8 CMakeFiles/pio_ir_loopback.dir/home/boemmelsebastian/pico/pico-sdk/src/rp2_common/pico_stdio/stdio.c.obj
                0x000000002000026c                PROVIDE (__mutex_array_end = .)
                0x000000002000026c                . = ALIGN (0x4)
                0x000000002000026c                PROVIDE (__preinit_array_start = .)
 *(SORT_BY_NAME(.preinit_array.*))
 .preinit_array.00001
                0x000000002000026c        0x4 CMakeFiles/pio_ir_loopback.dir/home/boemmelsebastian/pico/pico-sdk/src/rp2_common/pico_mem_ops/mem_ops_aeabi.S.obj
 .preinit_array.00010
                0x0000000020000270        0x4 CMakeFiles/pio_ir_loopback.dir/home/boemmelsebastian/pico/pico-sdk/src/rp2_common/pico_bit_ops/bit_ops_aeabi.S.obj
 .preinit_array.00020
                0x0000000020000274        0x4 CMakeFiles/pio_ir_loopback.dir/home/boemmelsebastian/pico/pico-sdk/src/rp2_common/pico_double/double_aeabi.S.obj
 .preinit_array.00020
                0x0000000020000278        0x4 CMakeFiles/pio_ir_loopback.dir/home/boemmelsebastian/pico/pico-sdk/src/rp2_common/pico_float/float_aeabi.S.obj
 *(.preinit_array)
                0x000000002000027c                PROVIDE (__preinit_array_end = .)
                0x000000002000027c                . = ALIGN (0x4)
                0x000000002000027c                PROVIDE (__init_array_start = .)
 *(SORT_BY_NAME(.init_array.*))
 *(.init_array)
 .init_array    0x000000002000027c        0x4 /usr/lib/gcc/arm-none-eabi/8.3.1/thumb/v6-m/nofp/crtbegin.o
                0x0000000020000280                PROVIDE (__init_array_end = .)
                0x0000000020000280                . = ALIGN (0x4)
                0x0000000020000280                PROVIDE (__fini_array_start = .)
 *(SORT_BY_NAME(.fini_array.*))
 *(.fini_array)
                0x0000000020000280                PROVIDE (__fini_array_end = .)
 *(.jcr)
                0x0000000020000280                . = ALIGN (0x4)
                0x0000000020000280                __data_end__ = .

.tm_clone_table
                0x0000000020000280        0x0 load address 0x0000000010005e64
 .tm_clone_table
                0x0000000020000280        0x0 /usr/lib/gcc/arm-none-eabi/8.3.1/thumb/v6-m/nofp/crtbegin.o
 .tm_clone_table
                0x0000000020000280        0x0 /usr/lib/gcc/arm-none-eabi/8.3.1/thumb/v6-m/nofp/crtend.o

.igot.plt       0x0000000020000280        0x0 load address 0x0000000010005e64
 .igot.plt      0x0000000020000280        0x0 /usr/lib/gcc/arm-none-eabi/8.3.1/thumb/v6-m/nofp/crtbegin.o

.uninitialized_data
                0x0000000020000280        0x0 load address 0x0000000010005e64
                0x0000000020000280                . = ALIGN (0x4)
 *(.uninitialized_data*)

.scratch_x      0x0000000020040000        0x0 load address 0x0000000010005e64
                0x0000000020040000                __scratch_x_start__ = .
 *(.scratch_x.*)
                0x0000000020040000                . = ALIGN (0x4)
                0x0000000020040000                __scratch_x_end__ = .
                0x0000000010005e64                __scratch_x_source__ = LOADADDR (.scratch_x)

.scratch_y      0x0000000020041000        0x0 load address 0x0000000010005e64
                0x0000000020041000                __scratch_y_start__ = .
 *(.scratch_y.*)
                0x0000000020041000                . = ALIGN (0x4)
                0x0000000020041000                __scratch_y_end__ = .
                0x0000000010005e64                __scratch_y_source__ = LOADADDR (.scratch_y)

.bss            0x0000000020000280      0x3d8
                0x0000000020000280                . = ALIGN (0x4)
                0x0000000020000280                __bss_start__ = .
 *(SORT_BY_ALIGNMENT(SORT_BY_NAME(.bss*)))
 .bss.default_alarm_pool_entries
                0x0000000020000280      0x100 CMakeFiles/pio_ir_loopback.dir/home/boemmelsebastian/pico/pico-sdk/src/common/pico_time/time.c.obj
 .bss           0x0000000020000380       0x1c /usr/lib/gcc/arm-none-eabi/8.3.1/thumb/v6-m/nofp/crtbegin.o
 .bss._used_instruction_space
                0x000000002000039c        0x8 CMakeFiles/pio_ir_loopback.dir/home/boemmelsebastian/pico/pico-sdk/src/rp2_common/hardware_pio/pio.c.obj
 .bss.alarm_callbacks
                0x00000000200003a4       0x10 CMakeFiles/pio_ir_loopback.dir/home/boemmelsebastian/pico/pico-sdk/src/rp2_common/hardware_timer/timer.c.obj
 .bss.configured_freq
                0x00000000200003b4       0x28 CMakeFiles/pio_ir_loopback.dir/home/boemmelsebastian/pico/pico-sdk/src/rp2_common/hardware_clocks/clocks.c.obj
 .bss.default_alarm_pool_entry_ids_high
                0x00000000200003dc       0x10 CMakeFiles/pio_ir_loopback.dir/home/boemmelsebastian/pico/pico-sdk/src/common/pico_time/time.c.obj
 .bss.default_alarm_pool_heap_nodes
                0x00000000200003ec       0x30 CMakeFiles/pio_ir_loopback.dir/home/boemmelsebastian/pico/pico-sdk/src/common/pico_time/time.c.obj
 .bss.drivers   0x000000002000041c        0x4 CMakeFiles/pio_ir_loopback.dir/home/boemmelsebastian/pico/pico-sdk/src/rp2_common/pico_stdio/stdio.c.obj
 .bss.filter    0x0000000020000420        0x4 CMakeFiles/pio_ir_loopback.dir/home/boemmelsebastian/pico/pico-sdk/src/rp2_common/pico_stdio/stdio.c.obj
 .bss.pools     0x0000000020000424       0x10 CMakeFiles/pio_ir_loopback.dir/home/boemmelsebastian/pico/pico-sdk/src/common/pico_time/time.c.obj
 .bss.sf_clz_func
                0x0000000020000434        0x4 CMakeFiles/pio_ir_loopback.dir/home/boemmelsebastian/pico/pico-sdk/src/rp2_common/pico_double/double_init_rom.c.obj
                0x0000000020000434                sf_clz_func
 .bss.sleep_notifier
                0x0000000020000438        0x4 CMakeFiles/pio_ir_loopback.dir/home/boemmelsebastian/pico/pico-sdk/src/common/pico_time/time.c.obj
 .bss.target_hi
                0x000000002000043c       0x10 CMakeFiles/pio_ir_loopback.dir/home/boemmelsebastian/pico/pico-sdk/src/rp2_common/hardware_timer/timer.c.obj
 .bss.uart_instance
                0x000000002000044c        0x4 CMakeFiles/pio_ir_loopback.dir/home/boemmelsebastian/pico/pico-sdk/src/rp2_common/pico_stdio_uart/stdio_uart.c.obj
 .bss.claimed   0x0000000020000450        0x1 CMakeFiles/pio_ir_loopback.dir/home/boemmelsebastian/pico/pico-sdk/src/rp2_common/hardware_timer/timer.c.obj
 .bss.claimed   0x0000000020000451        0x1 CMakeFiles/pio_ir_loopback.dir/home/boemmelsebastian/pico/pico-sdk/src/rp2_common/hardware_pio/pio.c.obj
 .bss.irq_hander_chain_free_slot_head
                0x0000000020000452        0x1 CMakeFiles/pio_ir_loopback.dir/home/boemmelsebastian/pico/pico-sdk/src/rp2_common/hardware_irq/irq.c.obj
 .bss.timer_callbacks_pending
                0x0000000020000453        0x1 CMakeFiles/pio_ir_loopback.dir/home/boemmelsebastian/pico/pico-sdk/src/rp2_common/hardware_timer/timer.c.obj
 *(COMMON)
 COMMON         0x0000000020000454        0x4 CMakeFiles/pio_ir_loopback.dir/home/boemmelsebastian/pico/pico-sdk/src/rp2_common/hardware_uart/uart.c.obj
                0x0000000020000454                uart_char_to_line_feed
 COMMON         0x0000000020000458      0x100 CMakeFiles/pio_ir_loopback.dir/home/boemmelsebastian/pico/pico-sdk/src/rp2_common/pico_double/double_init_rom.c.obj
                0x0000000020000458                sd_table
 COMMON         0x0000000020000558      0x100 CMakeFiles/pio_ir_loopback.dir/home/boemmelsebastian/pico/pico-sdk/src/rp2_common/pico_float/float_init_rom.c.obj
                0x0000000020000558                sf_table
                0x0000000020000658                . = ALIGN (0x4)
                0x0000000020000658                __bss_end__ = .

.heap           0x0000000020000658      0x800
                0x0000000020000658                __end__ = .
                0x0000000020000658                end = __end__
 *(.heap*)
 .heap          0x0000000020000658      0x800 CMakeFiles/pio_ir_loopback.dir/home/boemmelsebastian/pico/pico-sdk/src/rp2_common/pico_standard_link/crt0.S.obj
                0x0000000020000e58                __HeapLimit = .

.stack1_dummy   0x0000000020040000        0x0
 *(.stack1*)

.stack_dummy    0x0000000020041000      0x800
 *(.stack*)
 .stack         0x0000000020041000      0x800 CMakeFiles/pio_ir_loopback.dir/home/boemmelsebastian/pico/pico-sdk/src/rp2_common/pico_standard_link/crt0.S.obj

.flash_end      0x0000000010005e64        0x0
                0x0000000010005e64                __flash_binary_end = .
                0x0000000020040000                __StackLimit = (ORIGIN (RAM) + LENGTH (RAM))
                0x0000000020041000                __StackOneTop = (ORIGIN (SCRATCH_X) + LENGTH (SCRATCH_X))
                0x0000000020042000                __StackTop = (ORIGIN (SCRATCH_Y) + LENGTH (SCRATCH_Y))
                0x0000000020041000                __StackOneBottom = (__StackOneTop - SIZEOF (.stack1_dummy))
                0x0000000020041800                __StackBottom = (__StackTop - SIZEOF (.stack_dummy))
                0x0000000020042000                PROVIDE (__stack = __StackTop)
                0x0000000000000001                ASSERT ((__StackLimit >= __HeapLimit), region RAM overflowed)
                0x0000000000000001                ASSERT (((__binary_info_header_end - __logical_binary_start) <= 0x100), Binary info must be in first 256 bytes of the binary)
LOAD CMakeFiles/pio_ir_loopback.dir/ir_loopback.c.obj
LOAD CMakeFiles/pio_ir_loopback.dir/home/boemmelsebastian/pico/pico-sdk/src/rp2_common/pico_stdlib/stdlib.c.obj
LOAD CMakeFiles/pio_ir_loopback.dir/home/boemmelsebastian/pico/pico-sdk/src/rp2_common/hardware_gpio/gpio.c.obj
LOAD CMakeFiles/pio_ir_loopback.dir/home/boemmelsebastian/pico/pico-sdk/src/rp2_common/hardware_claim/claim.c.obj
LOAD CMakeFiles/pio_ir_loopback.dir/home/boemmelsebastian/pico/pico-sdk/src/rp2_common/pico_platform/platform.c.obj
LOAD CMakeFiles/pio_ir_loopback.dir/home/boemmelsebastian/pico/pico-sdk/src/rp2_common/hardware_sync/sync.c.obj
LOAD CMakeFiles/pio_ir_loopback.dir/home/boemmelsebastian/pico/pico-sdk/src/rp2_common/hardware_uart/uart.c.obj
LOAD CMakeFiles/pio_ir_loopback.dir/home/boemmelsebastian/pico/pico-sdk/src/rp2_common/hardware_divider/divider.S.obj
LOAD CMakeFiles/pio_ir_loopback.dir/home/boemmelsebastian/pico/pico-sdk/src/common/pico_time/time.c.obj
LOAD CMakeFiles/pio_ir_loopback.dir/home/boemmelsebastian/pico/pico-sdk/src/common/pico_time/timeout_helper.c.obj
LOAD CMakeFiles/pio_ir_loopback.dir/home/boemmelsebastian/pico/pico-sdk/src/rp2_common/hardware_timer/timer.c.obj
LOAD CMakeFiles/pio_ir_loopback.dir/home/boemmelsebastian/pico/pico-sdk/src/common/pico_sync/sem.c.obj
LOAD CMakeFiles/pio_ir_loopback.dir/home/boemmelsebastian/pico/pico-sdk/src/common/pico_sync/lock_core.c.obj
LOAD CMakeFiles/pio_ir_loopback.dir/home/boemmelsebastian/pico/pico-sdk/src/common/pico_sync/mutex.c.obj
LOAD CMakeFiles/pio_ir_loopback.dir/home/boemmelsebastian/pico/pico-sdk/src/common/pico_sync/critical_section.c.obj
LOAD CMakeFiles/pio_ir_loopback.dir/home/boemmelsebastian/pico/pico-sdk/src/common/pico_util/datetime.c.obj
LOAD CMakeFiles/pio_ir_loopback.dir/home/boemmelsebastian/pico/pico-sdk/src/common/pico_util/pheap.c.obj
LOAD CMakeFiles/pio_ir_loopback.dir/home/boemmelsebastian/pico/pico-sdk/src/common/pico_util/queue.c.obj
LOAD CMakeFiles/pio_ir_loopback.dir/home/boemmelsebastian/pico/pico-sdk/src/rp2_common/pico_runtime/runtime.c.obj
LOAD CMakeFiles/pio_ir_loopback.dir/home/boemmelsebastian/pico/pico-sdk/src/rp2_common/hardware_clocks/clocks.c.obj
LOAD CMakeFiles/pio_ir_loopback.dir/home/boemmelsebastian/pico/pico-sdk/src/rp2_common/hardware_irq/irq.c.obj
LOAD CMakeFiles/pio_ir_loopback.dir/home/boemmelsebastian/pico/pico-sdk/src/rp2_common/hardware_irq/irq_handler_chain.S.obj
LOAD CMakeFiles/pio_ir_loopback.dir/home/boemmelsebastian/pico/pico-sdk/src/rp2_common/hardware_pll/pll.c.obj
LOAD CMakeFiles/pio_ir_loopback.dir/home/boemmelsebastian/pico/pico-sdk/src/rp2_common/hardware_vreg/vreg.c.obj
LOAD CMakeFiles/pio_ir_loopback.dir/home/boemmelsebastian/pico/pico-sdk/src/rp2_common/hardware_watchdog/watchdog.c.obj
LOAD CMakeFiles/pio_ir_loopback.dir/home/boemmelsebastian/pico/pico-sdk/src/rp2_common/hardware_xosc/xosc.c.obj
LOAD CMakeFiles/pio_ir_loopback.dir/home/boemmelsebastian/pico/pico-sdk/src/rp2_common/pico_printf/printf.c.obj
LOAD CMakeFiles/pio_ir_loopback.dir/home/boemmelsebastian/pico/pico-sdk/src/rp2_common/pico_bit_ops/bit_ops_aeabi.S.obj
LOAD CMakeFiles/pio_ir_loopback.dir/home/boemmelsebastian/pico/pico-sdk/src/rp2_common/pico_bootrom/bootrom.c.obj
LOAD CMakeFiles/pio_ir_loopback.dir/home/boemmelsebastian/pico/pico-sdk/src/rp2_common/pico_divider/divider.S.obj
LOAD CMakeFiles/pio_ir_loopback.dir/home/boemmelsebastian/pico/pico-sdk/src/rp2_common/pico_double/double_aeabi.S.obj
LOAD CMakeFiles/pio_ir_loopback.dir/home/boemmelsebastian/pico/pico-sdk/src/rp2_common/pico_double/double_init_rom.c.obj
LOAD CMakeFiles/pio_ir_loopback.dir/home/boemmelsebastian/pico/pico-sdk/src/rp2_common/pico_double/double_math.c.obj
LOAD CMakeFiles/pio_ir_loopback.dir/home/boemmelsebastian/pico/pico-sdk/src/rp2_common/pico_double/double_v1_rom_shim.S.obj
LOAD CMakeFiles/pio_ir_loopback.dir/home/boemmelsebastian/pico/pico-sdk/src/rp2_common/pico_int64_ops/pico_int64_ops_aeabi.S.obj
LOAD CMakeFiles/pio_ir_loopback.dir/home/boemmelsebastian/pico/pico-sdk/src/rp2_common/pico_float/float_aeabi.S.obj
LOAD CMakeFiles/pio_ir_loopback.dir/home/boemmelsebastian/pico/pico-sdk/src/rp2_common/pico_float/float_init_rom.c.obj
LOAD CMakeFiles/pio_ir_loopback.dir/home/boemmelsebastian/pico/pico-sdk/src/rp2_common/pico_float/float_math.c.obj
LOAD CMakeFiles/pio_ir_loopback.dir/home/boemmelsebastian/pico/pico-sdk/src/rp2_common/pico_float/float_v1_rom_shim.S.obj
LOAD CMakeFiles/pio_ir_loopback.dir/home/boemmelsebastian/pico/pico-sdk/src/rp2_common/pico_malloc/pico_malloc.c.obj
LOAD CMakeFiles/pio_ir_loopback.dir/home/boemmelsebastian/pico/pico-sdk/src/rp2_common/pico_mem_ops/mem_ops_aeabi.S.obj
LOAD CMakeFiles/pio_ir_loopback.dir/home/boemmelsebastian/pico/pico-sdk/src/rp2_common/pico_standard_link/crt0.S.obj
LOAD CMakeFiles/pio_ir_loopback.dir/home/boemmelsebastian/pico/pico-sdk/src/rp2_common/pico_standard_link/new_delete.cpp.obj
LOAD CMakeFiles/pio_ir_loopback.dir/home/boemmelsebastian/pico/pico-sdk/src/rp2_common/pico_standard_link/binary_info.c.obj
LOAD CMakeFiles/pio_ir_loopback.dir/home/boemmelsebastian/pico/pico-sdk/src/rp2_common/pico_stdio/stdio.c.obj
LOAD CMakeFiles/pio_ir_loopback.dir/home/boemmelsebastian/pico/pico-sdk/src/rp2_common/pico_stdio_uart/stdio_uart.c.obj
LOAD CMakeFiles/pio_ir_loopback.dir/home/boemmelsebastian/pico/pico-sdk/src/rp2_common/hardware_pio/pio.c.obj
LOAD ../nec_transmit_library/libnec_transmit_library.a
LOAD ../nec_receive_library/libnec_receive_library.a
LOAD /tmp/ccLq990l.o
LOAD /usr/lib/gcc/arm-none-eabi/8.3.1/../../../arm-none-eabi/lib/thumb/v6-m/nofp/libstdc++.a
LOAD /usr/lib/gcc/arm-none-eabi/8.3.1/../../../arm-none-eabi/lib/thumb/v6-m/nofp/libm.a
START GROUP
LOAD /usr/lib/gcc/arm-none-eabi/8.3.1/thumb/v6-m/nofp/libgcc.a
LOAD /usr/lib/gcc/arm-none-eabi/8.3.1/../../../arm-none-eabi/lib/thumb/v6-m/nofp/libg.a
LOAD /usr/lib/gcc/arm-none-eabi/8.3.1/../../../arm-none-eabi/lib/thumb/v6-m/nofp/libc.a
END GROUP
START GROUP
LOAD /usr/lib/gcc/arm-none-eabi/8.3.1/thumb/v6-m/nofp/libgcc.a
LOAD /usr/lib/gcc/arm-none-eabi/8.3.1/../../../arm-none-eabi/lib/thumb/v6-m/nofp/libc.a
LOAD /usr/lib/gcc/arm-none-eabi/8.3.1/../../../arm-none-eabi/lib/thumb/v6-m/nofp/libnosys.a
END GROUP
LOAD /usr/lib/gcc/arm-none-eabi/8.3.1/thumb/v6-m/nofp/crtend.o
LOAD /usr/lib/gcc/arm-none-eabi/8.3.1/thumb/v6-m/nofp/crtn.o
OUTPUT(pio_ir_loopback.elf elf32-littlearm)
LOAD linker stubs

.ARM.attributes
                0x0000000000000000       0x28
 .ARM.attributes
                0x0000000000000000       0x1e /usr/lib/gcc/arm-none-eabi/8.3.1/thumb/v6-m/nofp/crti.o
 .ARM.attributes
                0x000000000000001e       0x2c /usr/lib/gcc/arm-none-eabi/8.3.1/thumb/v6-m/nofp/crtbegin.o
 .ARM.attributes
                0x000000000000004a       0x2c CMakeFiles/pio_ir_loopback.dir/ir_loopback.c.obj
 .ARM.attributes
                0x0000000000000076       0x2c CMakeFiles/pio_ir_loopback.dir/home/boemmelsebastian/pico/pico-sdk/src/rp2_common/hardware_gpio/gpio.c.obj
 .ARM.attributes
                0x00000000000000a2       0x2c CMakeFiles/pio_ir_loopback.dir/home/boemmelsebastian/pico/pico-sdk/src/rp2_common/hardware_claim/claim.c.obj
 .ARM.attributes
                0x00000000000000ce       0x2c CMakeFiles/pio_ir_loopback.dir/home/boemmelsebastian/pico/pico-sdk/src/rp2_common/pico_platform/platform.c.obj
 .ARM.attributes
                0x00000000000000fa       0x2c CMakeFiles/pio_ir_loopback.dir/home/boemmelsebastian/pico/pico-sdk/src/rp2_common/hardware_sync/sync.c.obj
 .ARM.attributes
                0x0000000000000126       0x2c CMakeFiles/pio_ir_loopback.dir/home/boemmelsebastian/pico/pico-sdk/src/rp2_common/hardware_uart/uart.c.obj
 .ARM.attributes
                0x0000000000000152       0x2c CMakeFiles/pio_ir_loopback.dir/home/boemmelsebastian/pico/pico-sdk/src/common/pico_time/time.c.obj
 .ARM.attributes
                0x000000000000017e       0x2c CMakeFiles/pio_ir_loopback.dir/home/boemmelsebastian/pico/pico-sdk/src/rp2_common/hardware_timer/timer.c.obj
 .ARM.attributes
                0x00000000000001aa       0x2c CMakeFiles/pio_ir_loopback.dir/home/boemmelsebastian/pico/pico-sdk/src/common/pico_sync/lock_core.c.obj
 .ARM.attributes
                0x00000000000001d6       0x2c CMakeFiles/pio_ir_loopback.dir/home/boemmelsebastian/pico/pico-sdk/src/common/pico_sync/mutex.c.obj
 .ARM.attributes
                0x0000000000000202       0x2c CMakeFiles/pio_ir_loopback.dir/home/boemmelsebastian/pico/pico-sdk/src/common/pico_util/pheap.c.obj
 .ARM.attributes
                0x000000000000022e       0x2c CMakeFiles/pio_ir_loopback.dir/home/boemmelsebastian/pico/pico-sdk/src/rp2_common/pico_runtime/runtime.c.obj
 .ARM.attributes
                0x000000000000025a       0x2c CMakeFiles/pio_ir_loopback.dir/home/boemmelsebastian/pico/pico-sdk/src/rp2_common/hardware_clocks/clocks.c.obj
 .ARM.attributes
                0x0000000000000286       0x2c CMakeFiles/pio_ir_loopback.dir/home/boemmelsebastian/pico/pico-sdk/src/rp2_common/hardware_irq/irq.c.obj
 .ARM.attributes
                0x00000000000002b2       0x22 CMakeFiles/pio_ir_loopback.dir/home/boemmelsebastian/pico/pico-sdk/src/rp2_common/hardware_irq/irq_handler_chain.S.obj
 .ARM.attributes
                0x00000000000002d4       0x2c CMakeFiles/pio_ir_loopback.dir/home/boemmelsebastian/pico/pico-sdk/src/rp2_common/hardware_pll/pll.c.obj
 .ARM.attributes
                0x0000000000000300       0x2c CMakeFiles/pio_ir_loopback.dir/home/boemmelsebastian/pico/pico-sdk/src/rp2_common/hardware_watchdog/watchdog.c.obj
 .ARM.attributes
                0x000000000000032c       0x2c CMakeFiles/pio_ir_loopback.dir/home/boemmelsebastian/pico/pico-sdk/src/rp2_common/hardware_xosc/xosc.c.obj
 .ARM.attributes
                0x0000000000000358       0x2c CMakeFiles/pio_ir_loopback.dir/home/boemmelsebastian/pico/pico-sdk/src/rp2_common/pico_printf/printf.c.obj
 .ARM.attributes
                0x0000000000000384       0x22 CMakeFiles/pio_ir_loopback.dir/home/boemmelsebastian/pico/pico-sdk/src/rp2_common/pico_bit_ops/bit_ops_aeabi.S.obj
 .ARM.attributes
                0x00000000000003a6       0x2c CMakeFiles/pio_ir_loopback.dir/home/boemmelsebastian/pico/pico-sdk/src/rp2_common/pico_bootrom/bootrom.c.obj
 .ARM.attributes
                0x00000000000003d2       0x22 CMakeFiles/pio_ir_loopback.dir/home/boemmelsebastian/pico/pico-sdk/src/rp2_common/pico_divider/divider.S.obj
 .ARM.attributes
                0x00000000000003f4       0x22 CMakeFiles/pio_ir_loopback.dir/home/boemmelsebastian/pico/pico-sdk/src/rp2_common/pico_double/double_aeabi.S.obj
 .ARM.attributes
                0x0000000000000416       0x2c CMakeFiles/pio_ir_loopback.dir/home/boemmelsebastian/pico/pico-sdk/src/rp2_common/pico_double/double_init_rom.c.obj
 .ARM.attributes
                0x0000000000000442       0x22 CMakeFiles/pio_ir_loopback.dir/home/boemmelsebastian/pico/pico-sdk/src/rp2_common/pico_double/double_v1_rom_shim.S.obj
 .ARM.attributes
                0x0000000000000464       0x22 CMakeFiles/pio_ir_loopback.dir/home/boemmelsebastian/pico/pico-sdk/src/rp2_common/pico_int64_ops/pico_int64_ops_aeabi.S.obj
 .ARM.attributes
                0x0000000000000486       0x22 CMakeFiles/pio_ir_loopback.dir/home/boemmelsebastian/pico/pico-sdk/src/rp2_common/pico_float/float_aeabi.S.obj
 .ARM.attributes
                0x00000000000004a8       0x2c CMakeFiles/pio_ir_loopback.dir/home/boemmelsebastian/pico/pico-sdk/src/rp2_common/pico_float/float_init_rom.c.obj
 .ARM.attributes
                0x00000000000004d4       0x22 CMakeFiles/pio_ir_loopback.dir/home/boemmelsebastian/pico/pico-sdk/src/rp2_common/pico_float/float_v1_rom_shim.S.obj
 .ARM.attributes
                0x00000000000004f6       0x22 CMakeFiles/pio_ir_loopback.dir/home/boemmelsebastian/pico/pico-sdk/src/rp2_common/pico_mem_ops/mem_ops_aeabi.S.obj
 .ARM.attributes
                0x0000000000000518       0x22 CMakeFiles/pio_ir_loopback.dir/home/boemmelsebastian/pico/pico-sdk/src/rp2_common/pico_standard_link/crt0.S.obj
 .ARM.attributes
                0x000000000000053a       0x32 CMakeFiles/pio_ir_loopback.dir/home/boemmelsebastian/pico/pico-sdk/src/rp2_common/pico_standard_link/binary_info.c.obj
 .ARM.attributes
                0x000000000000056c       0x2c CMakeFiles/pio_ir_loopback.dir/home/boemmelsebastian/pico/pico-sdk/src/rp2_common/pico_stdio/stdio.c.obj
 .ARM.attributes
                0x0000000000000598       0x2c CMakeFiles/pio_ir_loopback.dir/home/boemmelsebastian/pico/pico-sdk/src/rp2_common/pico_stdio_uart/stdio_uart.c.obj
 .ARM.attributes
                0x00000000000005c4       0x2c CMakeFiles/pio_ir_loopback.dir/home/boemmelsebastian/pico/pico-sdk/src/rp2_common/hardware_pio/pio.c.obj
 .ARM.attributes
                0x00000000000005f0       0x2c ../nec_transmit_library/libnec_transmit_library.a(nec_transmit.c.obj)
 .ARM.attributes
                0x000000000000061c       0x2c ../nec_receive_library/libnec_receive_library.a(nec_receive.c.obj)
 .ARM.attributes
                0x0000000000000648       0x22 /tmp/ccLq990l.o
 .ARM.attributes
                0x000000000000066a       0x1e /usr/lib/gcc/arm-none-eabi/8.3.1/thumb/v6-m/nofp/libgcc.a(_dvmd_tls.o)
 .ARM.attributes
                0x0000000000000688       0x2c /usr/lib/gcc/arm-none-eabi/8.3.1/../../../arm-none-eabi/lib/thumb/v6-m/nofp/libg.a(lib_a-strlen-stub.o)
 .ARM.attributes
                0x00000000000006b4       0x2c /usr/lib/gcc/arm-none-eabi/8.3.1/thumb/v6-m/nofp/crtend.o

.comment        0x0000000000000000       0x9f
 .comment       0x0000000000000000       0x51 /usr/lib/gcc/arm-none-eabi/8.3.1/thumb/v6-m/nofp/crtbegin.o
                                         0x52 (size before relaxing)
 .comment       0x0000000000000051       0x52 CMakeFiles/pio_ir_loopback.dir/ir_loopback.c.obj
 .comment       0x0000000000000051       0x52 CMakeFiles/pio_ir_loopback.dir/home/boemmelsebastian/pico/pico-sdk/src/rp2_common/hardware_gpio/gpio.c.obj
 .comment       0x0000000000000051       0x52 CMakeFiles/pio_ir_loopback.dir/home/boemmelsebastian/pico/pico-sdk/src/rp2_common/hardware_claim/claim.c.obj
 .comment       0x0000000000000051       0x52 CMakeFiles/pio_ir_loopback.dir/home/boemmelsebastian/pico/pico-sdk/src/rp2_common/pico_platform/platform.c.obj
 .comment       0x0000000000000051       0x52 CMakeFiles/pio_ir_loopback.dir/home/boemmelsebastian/pico/pico-sdk/src/rp2_common/hardware_sync/sync.c.obj
 .comment       0x0000000000000051       0x52 CMakeFiles/pio_ir_loopback.dir/home/boemmelsebastian/pico/pico-sdk/src/rp2_common/hardware_uart/uart.c.obj
 .comment       0x0000000000000051       0x52 CMakeFiles/pio_ir_loopback.dir/home/boemmelsebastian/pico/pico-sdk/src/common/pico_time/time.c.obj
 .comment       0x0000000000000051       0x52 CMakeFiles/pio_ir_loopback.dir/home/boemmelsebastian/pico/pico-sdk/src/rp2_common/hardware_timer/timer.c.obj
 .comment       0x0000000000000051       0x52 CMakeFiles/pio_ir_loopback.dir/home/boemmelsebastian/pico/pico-sdk/src/common/pico_sync/lock_core.c.obj
 .comment       0x0000000000000051       0x52 CMakeFiles/pio_ir_loopback.dir/home/boemmelsebastian/pico/pico-sdk/src/common/pico_sync/mutex.c.obj
 .comment       0x0000000000000051       0x52 CMakeFiles/pio_ir_loopback.dir/home/boemmelsebastian/pico/pico-sdk/src/common/pico_util/pheap.c.obj
 .comment       0x0000000000000051       0x52 CMakeFiles/pio_ir_loopback.dir/home/boemmelsebastian/pico/pico-sdk/src/rp2_common/pico_runtime/runtime.c.obj
 .comment       0x0000000000000051       0x52 CMakeFiles/pio_ir_loopback.dir/home/boemmelsebastian/pico/pico-sdk/src/rp2_common/hardware_clocks/clocks.c.obj
 .comment       0x0000000000000051       0x52 CMakeFiles/pio_ir_loopback.dir/home/boemmelsebastian/pico/pico-sdk/src/rp2_common/hardware_irq/irq.c.obj
 .comment       0x0000000000000051       0x52 CMakeFiles/pio_ir_loopback.dir/home/boemmelsebastian/pico/pico-sdk/src/rp2_common/hardware_pll/pll.c.obj
 .comment       0x0000000000000051       0x52 CMakeFiles/pio_ir_loopback.dir/home/boemmelsebastian/pico/pico-sdk/src/rp2_common/hardware_watchdog/watchdog.c.obj
 .comment       0x0000000000000051       0x52 CMakeFiles/pio_ir_loopback.dir/home/boemmelsebastian/pico/pico-sdk/src/rp2_common/hardware_xosc/xosc.c.obj
 .comment       0x0000000000000051       0x52 CMakeFiles/pio_ir_loopback.dir/home/boemmelsebastian/pico/pico-sdk/src/rp2_common/pico_printf/printf.c.obj
 .comment       0x0000000000000051       0x52 CMakeFiles/pio_ir_loopback.dir/home/boemmelsebastian/pico/pico-sdk/src/rp2_common/pico_bootrom/bootrom.c.obj
 .comment       0x0000000000000051       0x52 CMakeFiles/pio_ir_loopback.dir/home/boemmelsebastian/pico/pico-sdk/src/rp2_common/pico_double/double_init_rom.c.obj
 .comment       0x0000000000000051       0x52 CMakeFiles/pio_ir_loopback.dir/home/boemmelsebastian/pico/pico-sdk/src/rp2_common/pico_float/float_init_rom.c.obj
 .comment       0x0000000000000051       0x52 CMakeFiles/pio_ir_loopback.dir/home/boemmelsebastian/pico/pico-sdk/src/rp2_common/pico_standard_link/binary_info.c.obj
 .comment       0x0000000000000051       0x52 CMakeFiles/pio_ir_loopback.dir/home/boemmelsebastian/pico/pico-sdk/src/rp2_common/pico_stdio/stdio.c.obj
 .comment       0x0000000000000051       0x52 CMakeFiles/pio_ir_loopback.dir/home/boemmelsebastian/pico/pico-sdk/src/rp2_common/pico_stdio_uart/stdio_uart.c.obj
 .comment       0x0000000000000051       0x52 CMakeFiles/pio_ir_loopback.dir/home/boemmelsebastian/pico/pico-sdk/src/rp2_common/hardware_pio/pio.c.obj
 .comment       0x0000000000000051       0x52 ../nec_transmit_library/libnec_transmit_library.a(nec_transmit.c.obj)
 .comment       0x0000000000000051       0x52 ../nec_receive_library/libnec_receive_library.a(nec_receive.c.obj)
 .comment       0x0000000000000051       0x4e /usr/lib/gcc/arm-none-eabi/8.3.1/../../../arm-none-eabi/lib/thumb/v6-m/nofp/libg.a(lib_a-strlen-stub.o)
                                         0x4f (size before relaxing)
 .comment       0x000000000000009f       0x52 /usr/lib/gcc/arm-none-eabi/8.3.1/thumb/v6-m/nofp/crtend.o

.debug_info     0x0000000000000000    0x1d08c
 .debug_info    0x0000000000000000      0xfcc CMakeFiles/pio_ir_loopback.dir/ir_loopback.c.obj
 .debug_info    0x0000000000000fcc     0x14ac CMakeFiles/pio_ir_loopback.dir/home/boemmelsebastian/pico/pico-sdk/src/rp2_common/hardware_gpio/gpio.c.obj
 .debug_info    0x0000000000002478      0x6a7 CMakeFiles/pio_ir_loopback.dir/home/boemmelsebastian/pico/pico-sdk/src/rp2_common/hardware_claim/claim.c.obj
 .debug_info    0x0000000000002b1f      0x1cb CMakeFiles/pio_ir_loopback.dir/home/boemmelsebastian/pico/pico-sdk/src/rp2_common/pico_platform/platform.c.obj
 .debug_info    0x0000000000002cea      0x591 CMakeFiles/pio_ir_loopback.dir/home/boemmelsebastian/pico/pico-sdk/src/rp2_common/hardware_sync/sync.c.obj
 .debug_info    0x000000000000327b      0xb37 CMakeFiles/pio_ir_loopback.dir/home/boemmelsebastian/pico/pico-sdk/src/rp2_common/hardware_uart/uart.c.obj
 .debug_info    0x0000000000003db2     0x43ec CMakeFiles/pio_ir_loopback.dir/home/boemmelsebastian/pico/pico-sdk/src/common/pico_time/time.c.obj
 .debug_info    0x000000000000819e     0x10dc CMakeFiles/pio_ir_loopback.dir/home/boemmelsebastian/pico/pico-sdk/src/rp2_common/hardware_timer/timer.c.obj
 .debug_info    0x000000000000927a      0x1ed CMakeFiles/pio_ir_loopback.dir/home/boemmelsebastian/pico/pico-sdk/src/common/pico_sync/lock_core.c.obj
 .debug_info    0x0000000000009467     0x2045 CMakeFiles/pio_ir_loopback.dir/home/boemmelsebastian/pico/pico-sdk/src/common/pico_sync/mutex.c.obj
 .debug_info    0x000000000000b4ac     0x1aab CMakeFiles/pio_ir_loopback.dir/home/boemmelsebastian/pico/pico-sdk/src/common/pico_util/pheap.c.obj