Archive member included to satisfy reference by file (symbol)

/usr/lib/gcc/arm-none-eabi/8.3.1/thumb/v6-m/nofp/libgcc.a(_dvmd_tls.o)
                              CMakeFiles/lis3dh_i2c.dir/home/boemmelsebastian/pico/pico-sdk/src/rp2_common/pico_divider/divider.S.obj (__aeabi_idiv0)
/usr/lib/gcc/arm-none-eabi/8.3.1/../../../arm-none-eabi/lib/thumb/v6-m/nofp/libg.a(lib_a-atexit.o)
                              /usr/lib/gcc/arm-none-eabi/8.3.1/../../../arm-none-eabi/lib/thumb/v6-m/nofp/crt0.o (atexit)
/usr/lib/gcc/arm-none-eabi/8.3.1/../../../arm-none-eabi/lib/thumb/v6-m/nofp/libg.a(lib_a-calloc.o)
                              CMakeFiles/lis3dh_i2c.dir/home/boemmelsebastian/pico/pico-sdk/src/rp2_common/pico_malloc/pico_malloc.c.obj (calloc)
/usr/lib/gcc/arm-none-eabi/8.3.1/../../../arm-none-eabi/lib/thumb/v6-m/nofp/libg.a(lib_a-callocr.o)
                              /usr/lib/gcc/arm-none-eabi/8.3.1/../../../arm-none-eabi/lib/thumb/v6-m/nofp/libg.a(lib_a-calloc.o) (_calloc_r)
/usr/lib/gcc/arm-none-eabi/8.3.1/../../../arm-none-eabi/lib/thumb/v6-m/nofp/libg.a(lib_a-fini.o)
                              /usr/lib/gcc/arm-none-eabi/8.3.1/../../../arm-none-eabi/lib/thumb/v6-m/nofp/crt0.o (__libc_fini_array)
/usr/lib/gcc/arm-none-eabi/8.3.1/../../../arm-none-eabi/lib/thumb/v6-m/nofp/libg.a(lib_a-impure.o)
                              /usr/lib/gcc/arm-none-eabi/8.3.1/../../../arm-none-eabi/lib/thumb/v6-m/nofp/libg.a(lib_a-calloc.o) (_impure_ptr)
/usr/lib/gcc/arm-none-eabi/8.3.1/../../../arm-none-eabi/lib/thumb/v6-m/nofp/libg.a(lib_a-init.o)
                              /usr/lib/gcc/arm-none-eabi/8.3.1/../../../arm-none-eabi/lib/thumb/v6-m/nofp/crt0.o (__libc_init_array)
/usr/lib/gcc/arm-none-eabi/8.3.1/../../../arm-none-eabi/lib/thumb/v6-m/nofp/libg.a(lib_a-malloc.o)
                              CMakeFiles/lis3dh_i2c.dir/home/boemmelsebastian/pico/pico-sdk/src/rp2_common/pico_malloc/pico_malloc.c.obj (malloc)
/usr/lib/gcc/arm-none-eabi/8.3.1/../../../arm-none-eabi/lib/thumb/v6-m/nofp/libg.a(lib_a-mallocr.o)
                              /usr/lib/gcc/arm-none-eabi/8.3.1/../../../arm-none-eabi/lib/thumb/v6-m/nofp/libg.a(lib_a-callocr.o) (_malloc_r)
/usr/lib/gcc/arm-none-eabi/8.3.1/../../../arm-none-eabi/lib/thumb/v6-m/nofp/libg.a(lib_a-mlock.o)
                              /usr/lib/gcc/arm-none-eabi/8.3.1/../../../arm-none-eabi/lib/thumb/v6-m/nofp/libg.a(lib_a-mallocr.o) (__malloc_lock)
/usr/lib/gcc/arm-none-eabi/8.3.1/../../../arm-none-eabi/lib/thumb/v6-m/nofp/libg.a(lib_a-sbrkr.o)
                              /usr/lib/gcc/arm-none-eabi/8.3.1/../../../arm-none-eabi/lib/thumb/v6-m/nofp/libg.a(lib_a-mallocr.o) (_sbrk_r)
/usr/lib/gcc/arm-none-eabi/8.3.1/../../../arm-none-eabi/lib/thumb/v6-m/nofp/libg.a(lib_a-strlen-stub.o)
                              CMakeFiles/lis3dh_i2c.dir/home/boemmelsebastian/pico/pico-sdk/src/rp2_common/pico_stdio/stdio.c.obj (strlen)
/usr/lib/gcc/arm-none-eabi/8.3.1/../../../arm-none-eabi/lib/thumb/v6-m/nofp/libg.a(lib_a-__atexit.o)
                              /usr/lib/gcc/arm-none-eabi/8.3.1/../../../arm-none-eabi/lib/thumb/v6-m/nofp/libg.a(lib_a-atexit.o) (__register_exitproc)
/usr/lib/gcc/arm-none-eabi/8.3.1/../../../arm-none-eabi/lib/thumb/v6-m/nofp/libg.a(lib_a-freer.o)
                              /usr/lib/gcc/arm-none-eabi/8.3.1/../../../arm-none-eabi/lib/thumb/v6-m/nofp/libg.a(lib_a-malloc.o) (_free_r)
/usr/lib/gcc/arm-none-eabi/8.3.1/../../../arm-none-eabi/lib/thumb/v6-m/nofp/libg.a(lib_a-reent.o)
                              /usr/lib/gcc/arm-none-eabi/8.3.1/../../../arm-none-eabi/lib/thumb/v6-m/nofp/libg.a(lib_a-sbrkr.o) (errno)

Allocating common symbols
Common symbol       size              file

sf_table            0x100             CMakeFiles/lis3dh_i2c.dir/home/boemmelsebastian/pico/pico-sdk/src/rp2_common/pico_float/float_init_rom.c.obj
errno               0x4               /usr/lib/gcc/arm-none-eabi/8.3.1/../../../arm-none-eabi/lib/thumb/v6-m/nofp/libg.a(lib_a-reent.o)
sd_table            0x100             CMakeFiles/lis3dh_i2c.dir/home/boemmelsebastian/pico/pico-sdk/src/rp2_common/pico_double/double_init_rom.c.obj
uart_char_to_line_feed
                    0x4               CMakeFiles/lis3dh_i2c.dir/home/boemmelsebastian/pico/pico-sdk/src/rp2_common/hardware_uart/uart.c.obj

Discarded input sections

 .text          0x0000000000000000        0x0 /usr/lib/gcc/arm-none-eabi/8.3.1/thumb/v6-m/nofp/crti.o
 .data          0x0000000000000000        0x0 /usr/lib/gcc/arm-none-eabi/8.3.1/thumb/v6-m/nofp/crti.o
 .bss           0x0000000000000000        0x0 /usr/lib/gcc/arm-none-eabi/8.3.1/thumb/v6-m/nofp/crti.o
 .data          0x0000000000000000        0x4 /usr/lib/gcc/arm-none-eabi/8.3.1/thumb/v6-m/nofp/crtbegin.o
 .fini_array    0x0000000000000000        0x4 /usr/lib/gcc/arm-none-eabi/8.3.1/thumb/v6-m/nofp/crtbegin.o
 .text          0x0000000000000000       0x74 /usr/lib/gcc/arm-none-eabi/8.3.1/../../../arm-none-eabi/lib/thumb/v6-m/nofp/crt0.o
[...]
Memory Configuration

Name             Origin             Length             Attributes
FLASH            0x0000000010000000 0x0000000000200000 xr
RAM              0x0000000020000000 0x0000000000040000 xrw
SCRATCH_X        0x0000000020040000 0x0000000000001000 xrw
SCRATCH_Y        0x0000000020041000 0x0000000000001000 xrw
*default*        0x0000000000000000 0xffffffffffffffff

Linker script and memory map

LOAD /usr/lib/gcc/arm-none-eabi/8.3.1/thumb/v6-m/nofp/crti.o
LOAD /usr/lib/gcc/arm-none-eabi/8.3.1/thumb/v6-m/nofp/crtbegin.o
LOAD /usr/lib/gcc/arm-none-eabi/8.3.1/../../../arm-none-eabi/lib/thumb/v6-m/nofp/crt0.o

.flash_begin    0x0000000010000000        0x0
                0x0000000010000000                __flash_binary_start = .

.boot2          0x0000000010000000      0x100
                0x0000000010000000                __boot2_start__ = .
 *(.boot2)
 .boot2         0x0000000010000000      0x100 /tmp/cc7OcG0w.o
                0x0000000010000100                __boot2_end__ = .
                0x0000000000000001                ASSERT (((__boot2_end__ - __boot2_start__) == 0x100), ERROR: Pico second stage bootloader must be 256 bytes in size)

.text           0x0000000010000100     0x4850
                0x0000000010000100                __logical_binary_start = .
 *(.vectors)
 .vectors       0x0000000010000100       0xd4 CMakeFiles/lis3dh_i2c.dir/home/boemmelsebastian/pico/pico-sdk/src/rp2_common/pico_standard_link/crt0.S.obj
                0x0000000010000100                __vectors
                0x0000000010000100                __VECTOR_TABLE
                0x00000000100001c0                isr_invalid
                0x00000000100001c0                __default_isrs_start
                0x00000000100001c2                isr_nmi
                0x00000000100001c4                isr_hardfault
                0x00000000100001c6                isr_svcall
                0x00000000100001c8                isr_pendsv
                0x00000000100001ca                isr_systick
                0x00000000100001cc                isr_irq30
                0x00000000100001cc                __unhandled_user_irq
                0x00000000100001cc                isr_irq13
                0x00000000100001cc                isr_irq27
                0x00000000100001cc                isr_irq31
                0x00000000100001cc                isr_irq5
                0x00000000100001cc                isr_irq11
                0x00000000100001cc                isr_irq23
                0x00000000100001cc                isr_irq18
                0x00000000100001cc                isr_irq28
                0x00000000100001cc                isr_irq19
                0x00000000100001cc                isr_irq0
                0x00000000100001cc                isr_irq6
                0x00000000100001cc                isr_irq22
                0x00000000100001cc                isr_irq17
                0x00000000100001cc                isr_irq14
                0x00000000100001cc                isr_irq2
                0x00000000100001cc                isr_irq10
                0x00000000100001cc                isr_irq8
                0x00000000100001cc                isr_irq24
                0x00000000100001cc                isr_irq1
                0x00000000100001cc                isr_irq7
                0x00000000100001cc                isr_irq21
                0x00000000100001cc                isr_irq20
                0x00000000100001cc                isr_irq15
                0x00000000100001cc                isr_irq25
                0x00000000100001cc                isr_irq4
                0x00000000100001cc                isr_irq16
                0x00000000100001cc                isr_irq29
                0x00000000100001cc                isr_irq26
                0x00000000100001cc                __default_isrs_end
                0x00000000100001cc                isr_irq3
                0x00000000100001cc                isr_irq12
                0x00000000100001cc                isr_irq9
                0x00000000100001d2                unhandled_user_irq_num_in_r0
 *(.binary_info_header)
 .binary_info_header
                0x00000000100001d4       0x14 CMakeFiles/lis3dh_i2c.dir/home/boemmelsebastian/pico/pico-sdk/src/rp2_common/pico_standard_link/crt0.S.obj
                0x00000000100001e8                __binary_info_header_end = .
 *(.reset)
 .reset         0x00000000100001e8       0xa8 CMakeFiles/lis3dh_i2c.dir/home/boemmelsebastian/pico/pico-sdk/src/rp2_common/pico_standard_link/crt0.S.obj
                0x00000000100001e8                _entry_point
                0x0000000010000266                __get_current_exception
 .reset         0x0000000010000290       0x30 CMakeFiles/lis3dh_i2c.dir/home/boemmelsebastian/pico/pico-sdk/src/rp2_common/pico_standard_link/binary_info.c.obj
 *(.init)
 .init          0x00000000100002c0        0x4 /usr/lib/gcc/arm-none-eabi/8.3.1/thumb/v6-m/nofp/crti.o
                0x00000000100002c0                _init
 *(EXCLUDE_FILE(*libm.a: *libc.a:*lib_a-mem*.o *libgcc.a:) .text*)
 .text          0x00000000100002c4       0x98 /usr/lib/gcc/arm-none-eabi/8.3.1/thumb/v6-m/nofp/crtbegin.o
 .text.lis3dh_init
                0x000000001000035c       0x54 CMakeFiles/lis3dh_i2c.dir/lis3dh_i2c.c.obj
                0x000000001000035c                lis3dh_init
 .text.lis3dh_calc_value
                0x00000000100003b0       0x24 CMakeFiles/lis3dh_i2c.dir/lis3dh_i2c.c.obj
                0x00000000100003b0                lis3dh_calc_value
 .text.lis3dh_read_data
                0x00000000100003d4       0x88 CMakeFiles/lis3dh_i2c.dir/lis3dh_i2c.c.obj
                0x00000000100003d4                lis3dh_read_data
 .text.main     0x000000001000045c       0xe4 CMakeFiles/lis3dh_i2c.dir/lis3dh_i2c.c.obj
                0x000000001000045c                main
 .text.gpio_set_function
                0x0000000010000540       0x30 CMakeFiles/lis3dh_i2c.dir/home/boemmelsebastian/pico/pico-sdk/src/rp2_common/hardware_gpio/gpio.c.obj
                0x0000000010000540                gpio_set_function
 .text.gpio_set_pulls
                0x0000000010000570       0x34 CMakeFiles/lis3dh_i2c.dir/home/boemmelsebastian/pico/pico-sdk/src/rp2_common/hardware_gpio/gpio.c.obj
                0x0000000010000570                gpio_set_pulls
 .text.hw_claim_lock
                0x00000000100005a4       0x18 CMakeFiles/lis3dh_i2c.dir/home/boemmelsebastian/pico/pico-sdk/src/rp2_common/hardware_claim/claim.c.obj
                0x00000000100005a4                hw_claim_lock
 .text.hw_claim_unlock
                0x00000000100005bc       0x14 CMakeFiles/lis3dh_i2c.dir/home/boemmelsebastian/pico/pico-sdk/src/rp2_common/hardware_claim/claim.c.obj
                0x00000000100005bc                hw_claim_unlock
 .text.hw_claim_or_assert
                0x00000000100005d0       0x32 CMakeFiles/lis3dh_i2c.dir/home/boemmelsebastian/pico/pico-sdk/src/rp2_common/hardware_claim/claim.c.obj
                0x00000000100005d0                hw_claim_or_assert
 *fill*         0x0000000010000602        0x2 
 .text.running_on_fpga
                0x0000000010000604       0x14 CMakeFiles/lis3dh_i2c.dir/home/boemmelsebastian/pico/pico-sdk/src/rp2_common/pico_platform/platform.c.obj
                0x0000000010000604                running_on_fpga
 .text.spin_locks_reset
                0x0000000010000618       0x20 CMakeFiles/lis3dh_i2c.dir/home/boemmelsebastian/pico/pico-sdk/src/rp2_common/hardware_sync/sync.c.obj
                0x0000000010000618                spin_locks_reset
 .text.next_striped_spin_lock_num
                0x0000000010000638       0x1c CMakeFiles/lis3dh_i2c.dir/home/boemmelsebastian/pico/pico-sdk/src/rp2_common/hardware_sync/sync.c.obj
                0x0000000010000638                next_striped_spin_lock_num
 .text.uart_set_baudrate
                0x0000000010000654       0x5c CMakeFiles/lis3dh_i2c.dir/home/boemmelsebastian/pico/pico-sdk/src/rp2_common/hardware_uart/uart.c.obj
                0x0000000010000654                uart_set_baudrate
 .text.uart_set_translate_crlf
                0x00000000100006b0       0x28 CMakeFiles/lis3dh_i2c.dir/home/boemmelsebastian/pico/pico-sdk/src/rp2_common/hardware_uart/uart.c.obj
                0x00000000100006b0                uart_set_translate_crlf
 .text.uart_init
                0x00000000100006d8       0x80 CMakeFiles/lis3dh_i2c.dir/home/boemmelsebastian/pico/pico-sdk/src/rp2_common/hardware_uart/uart.c.obj
                0x00000000100006d8                uart_init
 .text.sleep_until_callback
                0x0000000010000758       0x30 CMakeFiles/lis3dh_i2c.dir/home/boemmelsebastian/pico/pico-sdk/src/common/pico_time/time.c.obj
 .text.alarm_pool_post_alloc_init
                0x0000000010000788       0x40 CMakeFiles/lis3dh_i2c.dir/home/boemmelsebastian/pico/pico-sdk/src/common/pico_time/time.c.obj
 .text.timer_pool_entry_comparator
                0x00000000100007c8       0x7c CMakeFiles/lis3dh_i2c.dir/home/boemmelsebastian/pico/pico-sdk/src/common/pico_time/time.c.obj
                0x00000000100007c8                timer_pool_entry_comparator
 .text.ph_add_child_node
                0x0000000010000844       0xa4 CMakeFiles/lis3dh_i2c.dir/home/boemmelsebastian/pico/pico-sdk/src/common/pico_time/time.c.obj
 .text.ph_merge_nodes
                0x00000000100008e8       0x3e CMakeFiles/lis3dh_i2c.dir/home/boemmelsebastian/pico/pico-sdk/src/common/pico_time/time.c.obj
 *fill*         0x0000000010000926        0x2 
 .text.add_alarm_under_lock
                0x0000000010000928      0x180 CMakeFiles/lis3dh_i2c.dir/home/boemmelsebastian/pico/pico-sdk/src/common/pico_time/time.c.obj
 .text.alarm_pool_alarm_callback
                0x0000000010000aa8      0x328 CMakeFiles/lis3dh_i2c.dir/home/boemmelsebastian/pico/pico-sdk/src/common/pico_time/time.c.obj
 .text.alarm_pool_init_default
                0x0000000010000dd0       0x38 CMakeFiles/lis3dh_i2c.dir/home/boemmelsebastian/pico/pico-sdk/src/common/pico_time/time.c.obj
                0x0000000010000dd0                alarm_pool_init_default
 .text.alarm_pool_get_default
                0x0000000010000e08       0x2c CMakeFiles/lis3dh_i2c.dir/home/boemmelsebastian/pico/pico-sdk/src/common/pico_time/time.c.obj
                0x0000000010000e08                alarm_pool_get_default
 .text.alarm_pool_add_alarm_at
                0x0000000010000e34      0x154 CMakeFiles/lis3dh_i2c.dir/home/boemmelsebastian/pico/pico-sdk/src/common/pico_time/time.c.obj
                0x0000000010000e34                alarm_pool_add_alarm_at
 .text.sleep_until
                0x0000000010000f88       0xf8 CMakeFiles/lis3dh_i2c.dir/home/boemmelsebastian/pico/pico-sdk/src/common/pico_time/time.c.obj
                0x0000000010000f88                sleep_until
 .text.sleep_us
                0x0000000010001080       0x54 CMakeFiles/lis3dh_i2c.dir/home/boemmelsebastian/pico/pico-sdk/src/common/pico_time/time.c.obj
                0x0000000010001080                sleep_us
 .text.sleep_ms
                0x00000000100010d4       0x14 CMakeFiles/lis3dh_i2c.dir/home/boemmelsebastian/pico/pico-sdk/src/common/pico_time/time.c.obj
                0x00000000100010d4                sleep_ms
 .text.hardware_alarm_irq_handler
                0x00000000100010e8       0x8c CMakeFiles/lis3dh_i2c.dir/home/boemmelsebastian/pico/pico-sdk/src/rp2_common/hardware_timer/timer.c.obj
 .text.hardware_alarm_claim
                0x0000000010001174       0x18 CMakeFiles/lis3dh_i2c.dir/home/boemmelsebastian/pico/pico-sdk/src/rp2_common/hardware_timer/timer.c.obj
                0x0000000010001174                hardware_alarm_claim
 .text.time_us_64
                0x000000001000118c       0x18 CMakeFiles/lis3dh_i2c.dir/home/boemmelsebastian/pico/pico-sdk/src/rp2_common/hardware_timer/timer.c.obj
                0x000000001000118c                time_us_64
 .text.busy_wait_until
                0x00000000100011a4       0x24 CMakeFiles/lis3dh_i2c.dir/home/boemmelsebastian/pico/pico-sdk/src/rp2_common/hardware_timer/timer.c.obj
                0x00000000100011a4                busy_wait_until
 .text.hardware_alarm_set_callback
                0x00000000100011c8       0x90 CMakeFiles/lis3dh_i2c.dir/home/boemmelsebastian/pico/pico-sdk/src/rp2_common/hardware_timer/timer.c.obj
                0x00000000100011c8                hardware_alarm_set_callback
 .text.hardware_alarm_set_target
                0x0000000010001258       0xe8 CMakeFiles/lis3dh_i2c.dir/home/boemmelsebastian/pico/pico-sdk/src/rp2_common/hardware_timer/timer.c.obj
                0x0000000010001258                hardware_alarm_set_target
 .text.hardware_alarm_cancel
                0x0000000010001340       0x40 CMakeFiles/lis3dh_i2c.dir/home/boemmelsebastian/pico/pico-sdk/src/rp2_common/hardware_timer/timer.c.obj
                0x0000000010001340                hardware_alarm_cancel
 .text.lock_init
                0x0000000010001380       0x10 CMakeFiles/lis3dh_i2c.dir/home/boemmelsebastian/pico/pico-sdk/src/common/pico_sync/lock_core.c.obj
                0x0000000010001380                lock_init
 .text.mutex_init
                0x0000000010001390       0x1a CMakeFiles/lis3dh_i2c.dir/home/boemmelsebastian/pico/pico-sdk/src/common/pico_sync/mutex.c.obj
                0x0000000010001390                mutex_init
 .text.recursive_mutex_init
                0x00000000100013aa       0x1e CMakeFiles/lis3dh_i2c.dir/home/boemmelsebastian/pico/pico-sdk/src/common/pico_sync/mutex.c.obj
                0x00000000100013aa                recursive_mutex_init
 .text.ph_add_child_node
                0x00000000100013c8       0xa4 CMakeFiles/lis3dh_i2c.dir/home/boemmelsebastian/pico/pico-sdk/src/common/pico_util/pheap.c.obj
 .text.ph_merge_nodes
                0x000000001000146c       0x3e CMakeFiles/lis3dh_i2c.dir/home/boemmelsebastian/pico/pico-sdk/src/common/pico_util/pheap.c.obj
 *fill*         0x00000000100014aa        0x2 
 .text.ph_clear
                0x00000000100014ac       0x70 CMakeFiles/lis3dh_i2c.dir/home/boemmelsebastian/pico/pico-sdk/src/common/pico_util/pheap.c.obj
                0x00000000100014ac                ph_clear
 .text.ph_post_alloc_init
                0x000000001000151c        0xe CMakeFiles/lis3dh_i2c.dir/home/boemmelsebastian/pico/pico-sdk/src/common/pico_util/pheap.c.obj
                0x000000001000151c                ph_post_alloc_init
 *fill*         0x000000001000152a        0x2 
 .text.ph_merge_two_pass
                0x000000001000152c       0xac CMakeFiles/lis3dh_i2c.dir/home/boemmelsebastian/pico/pico-sdk/src/common/pico_util/pheap.c.obj
                0x000000001000152c                ph_merge_two_pass
 .text.ph_remove_any_head
                0x00000000100015d8      0x108 CMakeFiles/lis3dh_i2c.dir/home/boemmelsebastian/pico/pico-sdk/src/common/pico_util/pheap.c.obj
 .text.ph_remove_head
                0x00000000100016e0       0x14 CMakeFiles/lis3dh_i2c.dir/home/boemmelsebastian/pico/pico-sdk/src/common/pico_util/pheap.c.obj
                0x00000000100016e0                ph_remove_head
 .text.ph_remove_and_free_node
                0x00000000100016f4       0xf8 CMakeFiles/lis3dh_i2c.dir/home/boemmelsebastian/pico/pico-sdk/src/common/pico_util/pheap.c.obj
                0x00000000100016f4                ph_remove_and_free_node
 .text._exit    0x00000000100017ec        0x4 CMakeFiles/lis3dh_i2c.dir/home/boemmelsebastian/pico/pico-sdk/src/rp2_common/pico_runtime/runtime.c.obj
                0x00000000100017ec                _exit
 .text.exit     0x00000000100017f0        0x6 CMakeFiles/lis3dh_i2c.dir/home/boemmelsebastian/pico/pico-sdk/src/rp2_common/pico_runtime/runtime.c.obj
                0x00000000100017f0                exit
 *fill*         0x00000000100017f6        0x2 
 .text.__assert_func
                0x00000000100017f8       0x3c CMakeFiles/lis3dh_i2c.dir/home/boemmelsebastian/pico/pico-sdk/src/rp2_common/pico_runtime/runtime.c.obj
                0x00000000100017f8                __assert_func
 .text.runtime_init
                0x0000000010001834       0xf8 CMakeFiles/lis3dh_i2c.dir/home/boemmelsebastian/pico/pico-sdk/src/rp2_common/pico_runtime/runtime.c.obj
                0x0000000010001834                runtime_init
 .text.panic    0x000000001000192c       0x30 CMakeFiles/lis3dh_i2c.dir/home/boemmelsebastian/pico/pico-sdk/src/rp2_common/pico_runtime/runtime.c.obj
                0x000000001000192c                panic
 .text.clock_configure
                0x000000001000195c       0xfc CMakeFiles/lis3dh_i2c.dir/home/boemmelsebastian/pico/pico-sdk/src/rp2_common/hardware_clocks/clocks.c.obj
                0x000000001000195c                clock_configure
 .text.clocks_init
                0x0000000010001a58      0x100 CMakeFiles/lis3dh_i2c.dir/home/boemmelsebastian/pico/pico-sdk/src/rp2_common/hardware_clocks/clocks.c.obj
                0x0000000010001a58                clocks_init
 .text.clock_get_hz
                0x0000000010001b58        0xc CMakeFiles/lis3dh_i2c.dir/home/boemmelsebastian/pico/pico-sdk/src/rp2_common/hardware_clocks/clocks.c.obj
                0x0000000010001b58                clock_get_hz
 .text.set_raw_irq_handler_and_unlock
                0x0000000010001b64       0x28 CMakeFiles/lis3dh_i2c.dir/home/boemmelsebastian/pico/pico-sdk/src/rp2_common/hardware_irq/irq.c.obj
 .text.make_branch
                0x0000000010001b8c       0x48 CMakeFiles/lis3dh_i2c.dir/home/boemmelsebastian/pico/pico-sdk/src/rp2_common/hardware_irq/irq.c.obj
 .text.insert_branch_and_link
                0x0000000010001bd4       0x40 CMakeFiles/lis3dh_i2c.dir/home/boemmelsebastian/pico/pico-sdk/src/rp2_common/hardware_irq/irq.c.obj
 .text.irq_is_enabled
                0x0000000010001c14       0x18 CMakeFiles/lis3dh_i2c.dir/home/boemmelsebastian/pico/pico-sdk/src/rp2_common/hardware_irq/irq.c.obj
                0x0000000010001c14                irq_is_enabled
 .text.irq_set_mask_enabled
                0x0000000010001c2c       0x20 CMakeFiles/lis3dh_i2c.dir/home/boemmelsebastian/pico/pico-sdk/src/rp2_common/hardware_irq/irq.c.obj
                0x0000000010001c2c                irq_set_mask_enabled
 .text.irq_set_enabled
                0x0000000010001c4c        0xe CMakeFiles/lis3dh_i2c.dir/home/boemmelsebastian/pico/pico-sdk/src/rp2_common/hardware_irq/irq.c.obj
                0x0000000010001c4c                irq_set_enabled
 *fill*         0x0000000010001c5a        0x2 
 .text.irq_get_vtable_handler
                0x0000000010001c5c       0x10 CMakeFiles/lis3dh_i2c.dir/home/boemmelsebastian/pico/pico-sdk/src/rp2_common/hardware_irq/irq.c.obj
                0x0000000010001c5c                irq_get_vtable_handler
 .text.irq_set_exclusive_handler
                0x0000000010001c6c       0x54 CMakeFiles/lis3dh_i2c.dir/home/boemmelsebastian/pico/pico-sdk/src/rp2_common/hardware_irq/irq.c.obj
                0x0000000010001c6c                irq_set_exclusive_handler
 .text.irq_remove_handler
                0x0000000010001cc0      0x1a0 CMakeFiles/lis3dh_i2c.dir/home/boemmelsebastian/pico/pico-sdk/src/rp2_common/hardware_irq/irq.c.obj
                0x0000000010001cc0                irq_remove_handler
 .text.irq_add_tail_to_free_list
                0x0000000010001e60       0xf0 CMakeFiles/lis3dh_i2c.dir/home/boemmelsebastian/pico/pico-sdk/src/rp2_common/hardware_irq/irq.c.obj
                0x0000000010001e60                irq_add_tail_to_free_list
 .text.irq_init_priorities
                0x0000000010001f50       0x1c CMakeFiles/lis3dh_i2c.dir/home/boemmelsebastian/pico/pico-sdk/src/rp2_common/hardware_irq/irq.c.obj
                0x0000000010001f50                irq_init_priorities
 .text.pll_init
                0x0000000010001f6c      0x11c CMakeFiles/lis3dh_i2c.dir/home/boemmelsebastian/pico/pico-sdk/src/rp2_common/hardware_pll/pll.c.obj
                0x0000000010001f6c                pll_init
 .text.watchdog_start_tick
                0x0000000010002088       0x10 CMakeFiles/lis3dh_i2c.dir/home/boemmelsebastian/pico/pico-sdk/src/rp2_common/hardware_watchdog/watchdog.c.obj
                0x0000000010002088                watchdog_start_tick
 .text.xosc_init
                0x0000000010002098       0x28 CMakeFiles/lis3dh_i2c.dir/home/boemmelsebastian/pico/pico-sdk/src/rp2_common/hardware_xosc/xosc.c.obj
                0x0000000010002098                xosc_init
 .text._out_null
                0x00000000100020c0        0x2 CMakeFiles/lis3dh_i2c.dir/home/boemmelsebastian/pico/pico-sdk/src/rp2_common/pico_printf/printf.c.obj
 .text._out_fct
                0x00000000100020c2        0xe CMakeFiles/lis3dh_i2c.dir/home/boemmelsebastian/pico/pico-sdk/src/rp2_common/pico_printf/printf.c.obj
 .text._atoi    0x00000000100020d0       0x28 CMakeFiles/lis3dh_i2c.dir/home/boemmelsebastian/pico/pico-sdk/src/rp2_common/pico_printf/printf.c.obj
 .text._out_rev
                0x00000000100020f8       0x8c CMakeFiles/lis3dh_i2c.dir/home/boemmelsebastian/pico/pico-sdk/src/rp2_common/pico_printf/printf.c.obj
 .text._ntoa_format
                0x0000000010002184      0x10c CMakeFiles/lis3dh_i2c.dir/home/boemmelsebastian/pico/pico-sdk/src/rp2_common/pico_printf/printf.c.obj
 .text._ntoa_long
                0x0000000010002290       0xb0 CMakeFiles/lis3dh_i2c.dir/home/boemmelsebastian/pico/pico-sdk/src/rp2_common/pico_printf/printf.c.obj
 .text._ntoa_long_long
                0x0000000010002340       0xe6 CMakeFiles/lis3dh_i2c.dir/home/boemmelsebastian/pico/pico-sdk/src/rp2_common/pico_printf/printf.c.obj
 *fill*         0x0000000010002426        0x2 
 .text._etoa    0x0000000010002428      0x408 CMakeFiles/lis3dh_i2c.dir/home/boemmelsebastian/pico/pico-sdk/src/rp2_common/pico_printf/printf.c.obj
 .text._ftoa    0x0000000010002830      0x344 CMakeFiles/lis3dh_i2c.dir/home/boemmelsebastian/pico/pico-sdk/src/rp2_common/pico_printf/printf.c.obj
 .text._vsnprintf
                0x0000000010002b74      0x61c CMakeFiles/lis3dh_i2c.dir/home/boemmelsebastian/pico/pico-sdk/src/rp2_common/pico_printf/printf.c.obj
 .text.vfctprintf
                0x0000000010003190       0x20 CMakeFiles/lis3dh_i2c.dir/home/boemmelsebastian/pico/pico-sdk/src/rp2_common/pico_printf/printf.c.obj
                0x0000000010003190                vfctprintf
 .text          0x00000000100031b0       0x10 CMakeFiles/lis3dh_i2c.dir/home/boemmelsebastian/pico/pico-sdk/src/rp2_common/pico_bit_ops/bit_ops_aeabi.S.obj
 .text.rom_func_lookup
                0x00000000100031c0       0x10 CMakeFiles/lis3dh_i2c.dir/home/boemmelsebastian/pico/pico-sdk/src/rp2_common/pico_bootrom/bootrom.c.obj
                0x00000000100031c0                rom_func_lookup
 .text.rom_data_lookup
                0x00000000100031d0       0x10 CMakeFiles/lis3dh_i2c.dir/home/boemmelsebastian/pico/pico-sdk/src/rp2_common/pico_bootrom/bootrom.c.obj
                0x00000000100031d0                rom_data_lookup
 .text.rom_funcs_lookup
                0x00000000100031e0       0x36 CMakeFiles/lis3dh_i2c.dir/home/boemmelsebastian/pico/pico-sdk/src/rp2_common/pico_bootrom/bootrom.c.obj
                0x00000000100031e0                rom_funcs_lookup
 *fill*         0x0000000010003216        0x2 
 .text.__wrap___aeabi_idiv
                0x0000000010003218       0x50 CMakeFiles/lis3dh_i2c.dir/home/boemmelsebastian/pico/pico-sdk/src/rp2_common/pico_divider/divider.S.obj
                0x0000000010003218                __wrap___aeabi_idivmod
                0x0000000010003218                divmod_s32s32
                0x0000000010003218                div_s32s32
                0x0000000010003218                __wrap___aeabi_idiv
                0x0000000010003220                divmod_s32s32_unsafe
                0x000000001000324c                divmod_s32s32_savestate
 .text.__wrap___aeabi_uidiv
                0x0000000010003268       0x4c CMakeFiles/lis3dh_i2c.dir/home/boemmelsebastian/pico/pico-sdk/src/rp2_common/pico_divider/divider.S.obj
                0x0000000010003268                __wrap___aeabi_uidiv
                0x0000000010003268                __wrap___aeabi_uidivmod
                0x0000000010003268                div_u32u32
                0x0000000010003268                divmod_u32u32
                0x0000000010003270                divmod_u32u32_unsafe
                0x0000000010003298                divmod_u32u32_savestate
 .text.__wrap___aeabi_ldiv
                0x00000000100032b4      0x434 CMakeFiles/lis3dh_i2c.dir/home/boemmelsebastian/pico/pico-sdk/src/rp2_common/pico_divider/divider.S.obj
                0x00000000100032b4                div_s64s64
                0x00000000100032b4                divmod_s64s64
                0x00000000100032b4                __wrap___aeabi_ldivmod
                0x00000000100032ec                div_u64u64
                0x00000000100032ec                divmod_u64u64
                0x00000000100032ec                __wrap___aeabi_uldivmod
                0x00000000100032fc                divmod_u64u64_savestate
                0x0000000010003324                divmod_s64s64_unsafe
                0x00000000100033ac                divmod_u64u64_unsafe
 .text.__wrap___aeabi_darithmetic
                0x00000000100036e8       0x80 CMakeFiles/lis3dh_i2c.dir/home/boemmelsebastian/pico/pico-sdk/src/rp2_common/pico_double/double_aeabi.S.obj
                0x00000000100036e8                __wrap___aeabi_drsub
                0x00000000100036ee                __wrap___aeabi_dsub
                0x0000000010003700                __wrap___aeabi_dadd
                0x0000000010003712                __wrap___aeabi_ddiv
                0x000000001000374e                __wrap___aeabi_dmul
 .text.__wrap___aeabi_cdcmple
                0x0000000010003768       0x6c CMakeFiles/lis3dh_i2c.dir/home/boemmelsebastian/pico/pico-sdk/src/rp2_common/pico_double/double_aeabi.S.obj
                0x0000000010003768                __wrap___aeabi_cdrcmple
                0x0000000010003778                __wrap___aeabi_cdcmple
                0x0000000010003778                __wrap___aeabi_cdcmpeq
 .text.__wrap___aeabi_dcmplt
                0x00000000100037d4        0xc CMakeFiles/lis3dh_i2c.dir/home/boemmelsebastian/pico/pico-sdk/src/rp2_common/pico_double/double_aeabi.S.obj
                0x00000000100037d4                __wrap___aeabi_dcmplt
 .text.__wrap___aeabi_dcmple
                0x00000000100037e0       0x10 CMakeFiles/lis3dh_i2c.dir/home/boemmelsebastian/pico/pico-sdk/src/rp2_common/pico_double/double_aeabi.S.obj
                0x00000000100037e0                __wrap___aeabi_dcmple
 .text.__wrap___aeabi_dcmpge
                0x00000000100037f0       0x10 CMakeFiles/lis3dh_i2c.dir/home/boemmelsebastian/pico/pico-sdk/src/rp2_common/pico_double/double_aeabi.S.obj
                0x00000000100037f0                __wrap___aeabi_dcmpge
 .text.__wrap___aeabi_dcmpgt
                0x0000000010003800        0xa CMakeFiles/lis3dh_i2c.dir/home/boemmelsebastian/pico/pico-sdk/src/rp2_common/pico_double/double_aeabi.S.obj
                0x0000000010003800                __wrap___aeabi_dcmpgt
 .text.__wrap___aeabi_dcmpun
                0x000000001000380a       0x1c CMakeFiles/lis3dh_i2c.dir/home/boemmelsebastian/pico/pico-sdk/src/rp2_common/pico_double/double_aeabi.S.obj
                0x000000001000380a                __wrap___aeabi_dcmpun
 *fill*         0x0000000010003826        0x2 
 .text.__wrap___aeabi_i2d
                0x0000000010003828       0x38 CMakeFiles/lis3dh_i2c.dir/home/boemmelsebastian/pico/pico-sdk/src/rp2_common/pico_double/double_aeabi.S.obj
                0x0000000010003828                __wrap___aeabi_ui2d
                0x0000000010003830                __wrap___aeabi_i2d
 .text.__wrap___aeabi_d2iz
                0x0000000010003860       0x48 CMakeFiles/lis3dh_i2c.dir/home/boemmelsebastian/pico/pico-sdk/src/rp2_common/pico_double/double_aeabi.S.obj
                0x0000000010003860                __wrap___aeabi_d2iz
                0x0000000010003860                double2int_z
 .text.__wrap___aeabi_d2uiz
                0x00000000100038a8       0x18 CMakeFiles/lis3dh_i2c.dir/home/boemmelsebastian/pico/pico-sdk/src/rp2_common/pico_double/double_aeabi.S.obj
                0x00000000100038a8                double2uint
                0x00000000100038a8                __wrap___aeabi_d2uiz
 .text.__aeabi_double_init
                0x00000000100038c0       0xc8 CMakeFiles/lis3dh_i2c.dir/home/boemmelsebastian/pico/pico-sdk/src/rp2_common/pico_double/double_init_rom.c.obj
                0x00000000100038c0                __aeabi_double_init
 .text.double_table_shim_on_use_helper
                0x0000000010003988       0x34 CMakeFiles/lis3dh_i2c.dir/home/boemmelsebastian/pico/pico-sdk/src/rp2_common/pico_double/double_v1_rom_shim.S.obj
                0x0000000010003988                double_table_shim_on_use_helper
 .text.__wrap___aeabi_dsub
                0x00000000100039bc       0x10 CMakeFiles/lis3dh_i2c.dir/home/boemmelsebastian/pico/pico-sdk/src/rp2_common/pico_double/double_v1_rom_shim.S.obj
                0x00000000100039bc                drsub_shim
                0x00000000100039c2                dsub_shim
 .text.dadd_shim
                0x00000000100039cc      0x15c CMakeFiles/lis3dh_i2c.dir/home/boemmelsebastian/pico/pico-sdk/src/rp2_common/pico_double/double_v1_rom_shim.S.obj
                0x00000000100039cc                dadd_shim
 .text.dmul_shim
                0x0000000010003b28      0x15c CMakeFiles/lis3dh_i2c.dir/home/boemmelsebastian/pico/pico-sdk/src/rp2_common/pico_double/double_v1_rom_shim.S.obj
                0x0000000010003b28                dmul_shim
 .text.ddiv_shim
                0x0000000010003c84      0x1b0 CMakeFiles/lis3dh_i2c.dir/home/boemmelsebastian/pico/pico-sdk/src/rp2_common/pico_double/double_v1_rom_shim.S.obj
                0x0000000010003c84                ddiv_shim
 .text.double2uint_shim
                0x0000000010003e34        0xe CMakeFiles/lis3dh_i2c.dir/home/boemmelsebastian/pico/pico-sdk/src/rp2_common/pico_double/double_v1_rom_shim.S.obj
                0x0000000010003e34                double2uint_shim
                0x0000000010003e36                double2ufix_shim
 *fill*         0x0000000010003e42        0x2 
 .text.double2uint64_shim
                0x0000000010003e44       0x70 CMakeFiles/lis3dh_i2c.dir/home/boemmelsebastian/pico/pico-sdk/src/rp2_common/pico_double/double_v1_rom_shim.S.obj
                0x0000000010003e44                double2uint64_shim
                0x0000000010003e46                double2ufix64_shim
                0x0000000010003e66                d2fix_a
 .text.dunpacks
                0x0000000010003eb4       0x3c CMakeFiles/lis3dh_i2c.dir/home/boemmelsebastian/pico/pico-sdk/src/rp2_common/pico_double/double_v1_rom_shim.S.obj
                0x0000000010003eb4                dunpacks
 .text.__aeabi_lmul
                0x0000000010003ef0       0x32 CMakeFiles/lis3dh_i2c.dir/home/boemmelsebastian/pico/pico-sdk/src/rp2_common/pico_int64_ops/pico_int64_ops_aeabi.S.obj
                0x0000000010003ef0                __wrap___aeabi_lmul
 *fill*         0x0000000010003f22        0x2 
 .text.__wrap___aeabi_farithmetic
                0x0000000010003f24       0x58 CMakeFiles/lis3dh_i2c.dir/home/boemmelsebastian/pico/pico-sdk/src/rp2_common/pico_float/float_aeabi.S.obj
                0x0000000010003f24                __wrap___aeabi_frsub
                0x0000000010003f2a                __wrap___aeabi_fsub
                0x0000000010003f34                __wrap___aeabi_fadd
                0x0000000010003f3e                __wrap___aeabi_fdiv
                0x0000000010003f6a                __wrap___aeabi_fmul
 .text.__wrap___aeabi_i2f
                0x0000000010003f7c       0x44 CMakeFiles/lis3dh_i2c.dir/home/boemmelsebastian/pico/pico-sdk/src/rp2_common/pico_float/float_aeabi.S.obj
                0x0000000010003f7c                __wrap___aeabi_i2f
 .text.__wrap___aeabi_f2d
                0x0000000010003fc0       0x14 CMakeFiles/lis3dh_i2c.dir/home/boemmelsebastian/pico/pico-sdk/src/rp2_common/pico_float/float_aeabi.S.obj
                0x0000000010003fc0                __wrap___aeabi_f2d
 .text.__aeabi_float_init
                0x0000000010003fd4       0xfc CMakeFiles/lis3dh_i2c.dir/home/boemmelsebastian/pico/pico-sdk/src/rp2_common/pico_float/float_init_rom.c.obj
                0x0000000010003fd4                __aeabi_float_init
 .text.float_table_shim_on_use_helper
                0x00000000100040d0       0x34 CMakeFiles/lis3dh_i2c.dir/home/boemmelsebastian/pico/pico-sdk/src/rp2_common/pico_float/float_v1_rom_shim.S.obj
                0x00000000100040d0                float_table_shim_on_use_helper
 .text.float2double_shim
                0x0000000010004104       0x30 CMakeFiles/lis3dh_i2c.dir/home/boemmelsebastian/pico/pico-sdk/src/rp2_common/pico_float/float_v1_rom_shim.S.obj
                0x0000000010004104                float2double_shim
 .text          0x0000000010004134       0x10 CMakeFiles/lis3dh_i2c.dir/home/boemmelsebastian/pico/pico-sdk/src/rp2_common/pico_mem_ops/mem_ops_aeabi.S.obj
                0x0000000010004134                __aeabi_mem_init
 .text.memset   0x0000000010004144        0xc CMakeFiles/lis3dh_i2c.dir/home/boemmelsebastian/pico/pico-sdk/src/rp2_common/pico_mem_ops/mem_ops_aeabi.S.obj
                0x0000000010004144                __wrap_memset
 .text.memcpy   0x0000000010004150        0xc CMakeFiles/lis3dh_i2c.dir/home/boemmelsebastian/pico/pico-sdk/src/rp2_common/pico_mem_ops/mem_ops_aeabi.S.obj
                0x0000000010004150                __wrap___aeabi_memcpy
                0x0000000010004150                __wrap_memcpy
 .text.stdio_out_chars_no_crlf
                0x000000001000415c        0xe CMakeFiles/lis3dh_i2c.dir/home/boemmelsebastian/pico/pico-sdk/src/rp2_common/pico_stdio/stdio.c.obj
 *fill*         0x000000001000416a        0x2 
 .text.stdio_out_chars_crlf
                0x000000001000416c       0x80 CMakeFiles/lis3dh_i2c.dir/home/boemmelsebastian/pico/pico-sdk/src/rp2_common/pico_stdio/stdio.c.obj
 .text.stdio_stack_buffer_flush
                0x00000000100041ec       0x44 CMakeFiles/lis3dh_i2c.dir/home/boemmelsebastian/pico/pico-sdk/src/rp2_common/pico_stdio/stdio.c.obj
 .text.stdio_buffered_printer
                0x0000000010004230       0x20 CMakeFiles/lis3dh_i2c.dir/home/boemmelsebastian/pico/pico-sdk/src/rp2_common/pico_stdio/stdio.c.obj
 .text.stdout_serialize_begin
                0x0000000010004250       0x30 CMakeFiles/lis3dh_i2c.dir/home/boemmelsebastian/pico/pico-sdk/src/rp2_common/pico_stdio/stdio.c.obj
                0x0000000010004250                stdout_serialize_begin
 .text.stdout_serialize_end
                0x0000000010004280       0x10 CMakeFiles/lis3dh_i2c.dir/home/boemmelsebastian/pico/pico-sdk/src/rp2_common/pico_stdio/stdio.c.obj
                0x0000000010004280                stdout_serialize_end
 .text.stdio_put_string
                0x0000000010004290       0x94 CMakeFiles/lis3dh_i2c.dir/home/boemmelsebastian/pico/pico-sdk/src/rp2_common/pico_stdio/stdio.c.obj
 .text.stdio_set_driver_enabled
                0x0000000010004324       0x2c CMakeFiles/lis3dh_i2c.dir/home/boemmelsebastian/pico/pico-sdk/src/rp2_common/pico_stdio/stdio.c.obj
                0x0000000010004324                stdio_set_driver_enabled
 .text.stdio_flush
                0x0000000010004350       0x20 CMakeFiles/lis3dh_i2c.dir/home/boemmelsebastian/pico/pico-sdk/src/rp2_common/pico_stdio/stdio.c.obj
                0x0000000010004350                stdio_flush
 .text.__wrap_puts
                0x0000000010004370       0x1e CMakeFiles/lis3dh_i2c.dir/home/boemmelsebastian/pico/pico-sdk/src/rp2_common/pico_stdio/stdio.c.obj
                0x0000000010004370                __wrap_puts
 *fill*         0x000000001000438e        0x2 
 .text.__wrap_vprintf
                0x0000000010004390       0x44 CMakeFiles/lis3dh_i2c.dir/home/boemmelsebastian/pico/pico-sdk/src/rp2_common/pico_stdio/stdio.c.obj
                0x0000000010004390                __wrap_vprintf
 .text.__wrap_printf
                0x00000000100043d4       0x18 CMakeFiles/lis3dh_i2c.dir/home/boemmelsebastian/pico/pico-sdk/src/rp2_common/pico_stdio/stdio.c.obj
                0x00000000100043d4                __wrap_printf
 .text.stdio_init_all
                0x00000000100043ec        0x8 CMakeFiles/lis3dh_i2c.dir/home/boemmelsebastian/pico/pico-sdk/src/rp2_common/pico_stdio/stdio.c.obj
                0x00000000100043ec                stdio_init_all
 .text.stdio_uart_out_chars
                0x00000000100043f4       0x74 CMakeFiles/lis3dh_i2c.dir/home/boemmelsebastian/pico/pico-sdk/src/rp2_common/pico_stdio_uart/stdio_uart.c.obj
 .text.stdio_uart_in_chars
                0x0000000010004468       0x54 CMakeFiles/lis3dh_i2c.dir/home/boemmelsebastian/pico/pico-sdk/src/rp2_common/pico_stdio_uart/stdio_uart.c.obj
                0x0000000010004468                stdio_uart_in_chars
 .text.stdio_uart_init_full
                0x00000000100044bc       0x3c CMakeFiles/lis3dh_i2c.dir/home/boemmelsebastian/pico/pico-sdk/src/rp2_common/pico_stdio_uart/stdio_uart.c.obj
                0x00000000100044bc                stdio_uart_init_full
 .text.stdio_uart_init
                0x00000000100044f8       0x28 CMakeFiles/lis3dh_i2c.dir/home/boemmelsebastian/pico/pico-sdk/src/rp2_common/pico_stdio_uart/stdio_uart.c.obj
                0x00000000100044f8                stdio_uart_init
 .text.i2c_write_blocking_internal
                0x0000000010004520      0x12c CMakeFiles/lis3dh_i2c.dir/home/boemmelsebastian/pico/pico-sdk/src/rp2_common/hardware_i2c/i2c.c.obj
 .text.i2c_read_blocking_internal
                0x000000001000464c       0xd4 CMakeFiles/lis3dh_i2c.dir/home/boemmelsebastian/pico/pico-sdk/src/rp2_common/hardware_i2c/i2c.c.obj
 .text.i2c_set_baudrate
                0x0000000010004720       0xec CMakeFiles/lis3dh_i2c.dir/home/boemmelsebastian/pico/pico-sdk/src/rp2_common/hardware_i2c/i2c.c.obj
                0x0000000010004720                i2c_set_baudrate
 .text.i2c_init
                0x000000001000480c       0x58 CMakeFiles/lis3dh_i2c.dir/home/boemmelsebastian/pico/pico-sdk/src/rp2_common/hardware_i2c/i2c.c.obj
                0x000000001000480c                i2c_init
 .text.i2c_write_blocking
                0x0000000010004864       0x18 CMakeFiles/lis3dh_i2c.dir/home/boemmelsebastian/pico/pico-sdk/src/rp2_common/hardware_i2c/i2c.c.obj
                0x0000000010004864                i2c_write_blocking
 .text.i2c_read_blocking
                0x000000001000487c       0x18 CMakeFiles/lis3dh_i2c.dir/home/boemmelsebastian/pico/pico-sdk/src/rp2_common/hardware_i2c/i2c.c.obj
                0x000000001000487c                i2c_read_blocking
 .text          0x0000000010004894       0x68 /usr/lib/gcc/arm-none-eabi/8.3.1/../../../arm-none-eabi/lib/thumb/v6-m/nofp/libg.a(lib_a-strlen-stub.o)
                0x0000000010004894                strlen
 *(.fini)
 .fini          0x00000000100048fc        0x4 /usr/lib/gcc/arm-none-eabi/8.3.1/thumb/v6-m/nofp/crti.o
                0x00000000100048fc                _fini
 .fini.__stub   0x0000000010004900       0x50 linker stubs
 *crtbegin.o(.ctors)
 *crtbegin?.o(.ctors)
 *(EXCLUDE_FILE(*crtend.o *crtend?.o) .ctors)
 *(SORT_BY_NAME(.ctors.*))
 *(.ctors)
 *crtbegin.o(.dtors)
 *crtbegin?.o(.dtors)
 *(EXCLUDE_FILE(*crtend.o *crtend?.o) .dtors)
 *(SORT_BY_NAME(.dtors.*))
 *(.dtors)
 *(.eh_frame*)
 .eh_frame      0x0000000010004950        0x0 /usr/lib/gcc/arm-none-eabi/8.3.1/thumb/v6-m/nofp/crtbegin.o
                0x0000000010004950                . = ALIGN (0x4)

.glue_7         0x0000000010004950        0x0
 .glue_7        0x0000000010004950        0x0 linker stubs

.glue_7t        0x0000000010004950        0x0
 .glue_7t       0x0000000010004950        0x0 linker stubs

.vfp11_veneer   0x0000000010004950        0x0
 .vfp11_veneer  0x0000000010004950        0x0 linker stubs

.v4_bx          0x0000000010004950        0x0
 .v4_bx         0x0000000010004950        0x0 linker stubs

.iplt           0x0000000010004950        0x0
 .iplt          0x0000000010004950        0x0 /usr/lib/gcc/arm-none-eabi/8.3.1/thumb/v6-m/nofp/crtbegin.o

.rodata         0x0000000010004950     0x1068
 *(EXCLUDE_FILE(*libm.a: *libc.a:*lib_a-mem*.o *libgcc.a:) .rodata*)
 .rodata.__bi_102.6431
                0x0000000010004950        0x8 CMakeFiles/lis3dh_i2c.dir/lis3dh_i2c.c.obj
 .rodata.main.str1.4
                0x0000000010004958       0xb7 CMakeFiles/lis3dh_i2c.dir/lis3dh_i2c.c.obj
 *fill*         0x0000000010004a0f        0x1 
 .rodata.__func__.5751
                0x0000000010004a10       0x15 CMakeFiles/lis3dh_i2c.dir/home/boemmelsebastian/pico/pico-sdk/src/common/pico_time/time.c.obj
 *fill*         0x0000000010004a25        0x3 
 .rodata.__func__.6063
                0x0000000010004a28        0xc CMakeFiles/lis3dh_i2c.dir/home/boemmelsebastian/pico/pico-sdk/src/common/pico_time/time.c.obj
 .rodata.__func__.6070
                0x0000000010004a34       0x12 CMakeFiles/lis3dh_i2c.dir/home/boemmelsebastian/pico/pico-sdk/src/common/pico_time/time.c.obj
 *fill*         0x0000000010004a46        0x2 
 .rodata.__func__.6086
                0x0000000010004a48        0xf CMakeFiles/lis3dh_i2c.dir/home/boemmelsebastian/pico/pico-sdk/src/common/pico_time/time.c.obj
 *fill*         0x0000000010004a57        0x1 
 .rodata.__func__.6108
                0x0000000010004a58        0xd CMakeFiles/lis3dh_i2c.dir/home/boemmelsebastian/pico/pico-sdk/src/common/pico_time/time.c.obj
 *fill*         0x0000000010004a65        0x3 
 .rodata.__func__.6332
                0x0000000010004a68        0xa CMakeFiles/lis3dh_i2c.dir/home/boemmelsebastian/pico/pico-sdk/src/common/pico_time/time.c.obj
 *fill*         0x0000000010004a72        0x2 
 .rodata.__func__.6337
                0x0000000010004a74       0x12 CMakeFiles/lis3dh_i2c.dir/home/boemmelsebastian/pico/pico-sdk/src/common/pico_time/time.c.obj
 *fill*         0x0000000010004a86        0x2 
 .rodata.__func__.6352
                0x0000000010004a88       0x17 CMakeFiles/lis3dh_i2c.dir/home/boemmelsebastian/pico/pico-sdk/src/common/pico_time/time.c.obj
 *fill*         0x0000000010004a9f        0x1 
 .rodata.__func__.6363
                0x0000000010004aa0       0x15 CMakeFiles/lis3dh_i2c.dir/home/boemmelsebastian/pico/pico-sdk/src/common/pico_time/time.c.obj
 *fill*         0x0000000010004ab5        0x3 
 .rodata.__func__.6380
                0x0000000010004ab8       0x1a CMakeFiles/lis3dh_i2c.dir/home/boemmelsebastian/pico/pico-sdk/src/common/pico_time/time.c.obj
 *fill*         0x0000000010004ad2        0x2 
 .rodata.add_alarm_under_lock.str1.4
                0x0000000010004ad4       0x28 CMakeFiles/lis3dh_i2c.dir/home/boemmelsebastian/pico/pico-sdk/src/common/pico_time/time.c.obj
                                         0x2b (size before relaxing)
 .rodata.alarm_pool_alarm_callback.str1.4
                0x0000000010004afc       0xee CMakeFiles/lis3dh_i2c.dir/home/boemmelsebastian/pico/pico-sdk/src/common/pico_time/time.c.obj
 *fill*         0x0000000010004bea        0x2 
 .rodata.alarm_pool_dump_key.str1.4
                0x0000000010004bec       0x33 CMakeFiles/lis3dh_i2c.dir/home/boemmelsebastian/pico/pico-sdk/src/common/pico_time/time.c.obj
 *fill*         0x0000000010004c1f        0x1 
 .rodata.alarm_pool_get_default.str1.4
                0x0000000010004c20       0x21 CMakeFiles/lis3dh_i2c.dir/home/boemmelsebastian/pico/pico-sdk/src/common/pico_time/time.c.obj
 *fill*         0x0000000010004c41        0x3 
 .rodata.ph_add_child_node.str1.4
                0x0000000010004c44       0x9e CMakeFiles/lis3dh_i2c.dir/home/boemmelsebastian/pico/pico-sdk/src/common/pico_time/time.c.obj
 *fill*         0x0000000010004ce2        0x2 
 .rodata.repeating_timer_callback.str1.4
                0x0000000010004ce4       0x55 CMakeFiles/lis3dh_i2c.dir/home/boemmelsebastian/pico/pico-sdk/src/common/pico_time/time.c.obj
 *fill*         0x0000000010004d39        0x3 
 .rodata.sleep_until.str1.4
                0x0000000010004d3c       0x4d CMakeFiles/lis3dh_i2c.dir/home/boemmelsebastian/pico/pico-sdk/src/common/pico_time/time.c.obj
 *fill*         0x0000000010004d89        0x3 
 .rodata.__func__.4612
                0x0000000010004d8c       0x1a CMakeFiles/lis3dh_i2c.dir/home/boemmelsebastian/pico/pico-sdk/src/rp2_common/hardware_timer/timer.c.obj
 *fill*         0x0000000010004da6        0x2 
 .rodata.hardware_alarm_claim.str1.4
                0x0000000010004da8       0x22 CMakeFiles/lis3dh_i2c.dir/home/boemmelsebastian/pico/pico-sdk/src/rp2_common/hardware_timer/timer.c.obj
 *fill*         0x0000000010004dca        0x2 
 .rodata.hardware_alarm_set_target.str1.4
                0x0000000010004dcc       0x6f CMakeFiles/lis3dh_i2c.dir/home/boemmelsebastian/pico/pico-sdk/src/rp2_common/hardware_timer/timer.c.obj
 *fill*         0x0000000010004e3b        0x1 
 .rodata.__func__.4756
                0x0000000010004e3c        0xb CMakeFiles/lis3dh_i2c.dir/home/boemmelsebastian/pico/pico-sdk/src/common/pico_sync/mutex.c.obj
 *fill*         0x0000000010004e47        0x1 
 .rodata.str1.4
                0x0000000010004e48       0x95 CMakeFiles/lis3dh_i2c.dir/home/boemmelsebastian/pico/pico-sdk/src/common/pico_sync/mutex.c.obj
                                        0x101 (size before relaxing)
 *fill*         0x0000000010004edd        0x3 
 .rodata.__func__.5761
                0x0000000010004ee0        0xc CMakeFiles/lis3dh_i2c.dir/home/boemmelsebastian/pico/pico-sdk/src/common/pico_util/pheap.c.obj
 .rodata.__func__.5768
                0x0000000010004eec       0x12 CMakeFiles/lis3dh_i2c.dir/home/boemmelsebastian/pico/pico-sdk/src/common/pico_util/pheap.c.obj
 *fill*         0x0000000010004efe        0x2 
 .rodata.__func__.5854
                0x0000000010004f00       0x13 CMakeFiles/lis3dh_i2c.dir/home/boemmelsebastian/pico/pico-sdk/src/common/pico_util/pheap.c.obj
 *fill*         0x0000000010004f13        0x1 
 .rodata.__func__.5872
                0x0000000010004f14       0x18 CMakeFiles/lis3dh_i2c.dir/home/boemmelsebastian/pico/pico-sdk/src/common/pico_util/pheap.c.obj
 .rodata.ph_add_child_node.str1.4
                0x0000000010004f2c       0x9e CMakeFiles/lis3dh_i2c.dir/home/boemmelsebastian/pico/pico-sdk/src/common/pico_util/pheap.c.obj
 .rodata.ph_remove_and_free_node.str1.4
                0x0000000010004f2c       0x26 CMakeFiles/lis3dh_i2c.dir/home/boemmelsebastian/pico/pico-sdk/src/common/pico_util/pheap.c.obj
 *fill*         0x0000000010004f52        0x2 
 .rodata.ph_remove_any_head.str1.4
                0x0000000010004f54       0x98 CMakeFiles/lis3dh_i2c.dir/home/boemmelsebastian/pico/pico-sdk/src/common/pico_util/pheap.c.obj
 .rodata.__assert_func.str1.4
                0x0000000010004fec       0x3f CMakeFiles/lis3dh_i2c.dir/home/boemmelsebastian/pico/pico-sdk/src/rp2_common/pico_runtime/runtime.c.obj
                                         0x43 (size before relaxing)
 *fill*         0x000000001000502b        0x1 
 .rodata.__func__.5872
                0x000000001000502c        0xd CMakeFiles/lis3dh_i2c.dir/home/boemmelsebastian/pico/pico-sdk/src/rp2_common/pico_runtime/runtime.c.obj
 *fill*         0x0000000010005039        0x3 
 .rodata.panic.str1.4
                0x000000001000503c       0x10 CMakeFiles/lis3dh_i2c.dir/home/boemmelsebastian/pico/pico-sdk/src/rp2_common/pico_runtime/runtime.c.obj
                                         0x12 (size before relaxing)
 .rodata.runtime_init.str1.4
                0x000000001000504c       0x6b CMakeFiles/lis3dh_i2c.dir/home/boemmelsebastian/pico/pico-sdk/src/rp2_common/pico_runtime/runtime.c.obj
 *fill*         0x00000000100050b7        0x1 
 .rodata.__func__.4759
                0x00000000100050b8       0x10 CMakeFiles/lis3dh_i2c.dir/home/boemmelsebastian/pico/pico-sdk/src/rp2_common/hardware_clocks/clocks.c.obj
 .rodata.clock_configure.str1.4
                0x00000000100050c8       0x61 CMakeFiles/lis3dh_i2c.dir/home/boemmelsebastian/pico/pico-sdk/src/rp2_common/hardware_clocks/clocks.c.obj
 *fill*         0x0000000010005129        0x3 
 .rodata.__func__.4789
                0x000000001000512c       0x1a CMakeFiles/lis3dh_i2c.dir/home/boemmelsebastian/pico/pico-sdk/src/rp2_common/hardware_irq/irq.c.obj
 *fill*         0x0000000010005146        0x2 
 .rodata.__func__.4803
                0x0000000010005148        0xc CMakeFiles/lis3dh_i2c.dir/home/boemmelsebastian/pico/pico-sdk/src/rp2_common/hardware_irq/irq.c.obj
 .rodata.__func__.4811
                0x0000000010005154       0x17 CMakeFiles/lis3dh_i2c.dir/home/boemmelsebastian/pico/pico-sdk/src/rp2_common/hardware_irq/irq.c.obj
 *fill*         0x000000001000516b        0x1 
 .rodata.__func__.4815
                0x000000001000516c        0xf CMakeFiles/lis3dh_i2c.dir/home/boemmelsebastian/pico/pico-sdk/src/rp2_common/hardware_irq/irq.c.obj
 *fill*         0x000000001000517b        0x1 
 .rodata.__func__.4854
                0x000000001000517c       0x13 CMakeFiles/lis3dh_i2c.dir/home/boemmelsebastian/pico/pico-sdk/src/rp2_common/hardware_irq/irq.c.obj
 *fill*         0x000000001000518f        0x1 
 .rodata.__func__.4876
                0x0000000010005190       0x1a CMakeFiles/lis3dh_i2c.dir/home/boemmelsebastian/pico/pico-sdk/src/rp2_common/hardware_irq/irq.c.obj
 *fill*         0x00000000100051aa        0x2 
 .rodata.insert_branch_and_link.str1.4
                0x00000000100051ac       0x10 CMakeFiles/lis3dh_i2c.dir/home/boemmelsebastian/pico/pico-sdk/src/rp2_common/hardware_irq/irq.c.obj
 .rodata.irq_add_shared_handler.str1.4
                0x00000000100051bc       0xd9 CMakeFiles/lis3dh_i2c.dir/home/boemmelsebastian/pico/pico-sdk/src/rp2_common/hardware_irq/irq.c.obj
 *fill*         0x0000000010005295        0x3 
 .rodata.irq_add_tail_to_free_list.str1.4
                0x0000000010005298       0x32 CMakeFiles/lis3dh_i2c.dir/home/boemmelsebastian/pico/pico-sdk/src/rp2_common/hardware_irq/irq.c.obj
                                         0x3a (size before relaxing)
 *fill*         0x00000000100052ca        0x2 
 .rodata.irq_remove_handler.str1.4
                0x00000000100052cc       0x2a CMakeFiles/lis3dh_i2c.dir/home/boemmelsebastian/pico/pico-sdk/src/rp2_common/hardware_irq/irq.c.obj
 *fill*         0x00000000100052f6        0x2 
 .rodata.irq_set_exclusive_handler.str1.4
                0x00000000100052f8       0x36 CMakeFiles/lis3dh_i2c.dir/home/boemmelsebastian/pico/pico-sdk/src/rp2_common/hardware_irq/irq.c.obj
 *fill*         0x000000001000532e        0x2 
 .rodata.make_branch.str1.4
                0x0000000010005330       0x77 CMakeFiles/lis3dh_i2c.dir/home/boemmelsebastian/pico/pico-sdk/src/rp2_common/hardware_irq/irq.c.obj
 *fill*         0x00000000100053a7        0x1 
 .rodata.__func__.4461
                0x00000000100053a8        0x9 CMakeFiles/lis3dh_i2c.dir/home/boemmelsebastian/pico/pico-sdk/src/rp2_common/hardware_pll/pll.c.obj
 *fill*         0x00000000100053b1        0x3 
 .rodata.pll_init.str1.4
                0x00000000100053b4       0xe3 CMakeFiles/lis3dh_i2c.dir/home/boemmelsebastian/pico/pico-sdk/src/rp2_common/hardware_pll/pll.c.obj
 *fill*         0x0000000010005497        0x1 
 .rodata._vsnprintf
                0x0000000010005498      0x1e0 CMakeFiles/lis3dh_i2c.dir/home/boemmelsebastian/pico/pico-sdk/src/rp2_common/pico_printf/printf.c.obj
 .rodata._ftoa.str1.4
                0x0000000010005678       0x15 CMakeFiles/lis3dh_i2c.dir/home/boemmelsebastian/pico/pico-sdk/src/rp2_common/pico_printf/printf.c.obj
 *fill*         0x000000001000568d        0x3 
 .rodata.pow10.5475
                0x0000000010005690       0x50 CMakeFiles/lis3dh_i2c.dir/home/boemmelsebastian/pico/pico-sdk/src/rp2_common/pico_printf/printf.c.obj
 .rodata.__aeabi_double_init.str1.4
                0x00000000100056e0       0xb2 CMakeFiles/lis3dh_i2c.dir/home/boemmelsebastian/pico/pico-sdk/src/rp2_common/pico_double/double_init_rom.c.obj
 *fill*         0x0000000010005792        0x2 
 .rodata.__func__.4772
                0x0000000010005794       0x14 CMakeFiles/lis3dh_i2c.dir/home/boemmelsebastian/pico/pico-sdk/src/rp2_common/pico_double/double_init_rom.c.obj
 .rodata.__aeabi_float_init.str1.4
                0x00000000100057a8       0x84 CMakeFiles/lis3dh_i2c.dir/home/boemmelsebastian/pico/pico-sdk/src/rp2_common/pico_float/float_init_rom.c.obj
                                         0x88 (size before relaxing)
 .rodata.__func__.4773
                0x000000001000582c       0x13 CMakeFiles/lis3dh_i2c.dir/home/boemmelsebastian/pico/pico-sdk/src/rp2_common/pico_float/float_init_rom.c.obj
 *fill*         0x000000001000583f        0x1 
 .rodata.__bi_44
                0x0000000010005840        0xc CMakeFiles/lis3dh_i2c.dir/home/boemmelsebastian/pico/pico-sdk/src/rp2_common/pico_standard_link/binary_info.c.obj
 .rodata.__bi_69
                0x000000001000584c        0xc CMakeFiles/lis3dh_i2c.dir/home/boemmelsebastian/pico/pico-sdk/src/rp2_common/pico_standard_link/binary_info.c.obj
 .rodata.__bi_75
                0x0000000010005858        0xc CMakeFiles/lis3dh_i2c.dir/home/boemmelsebastian/pico/pico-sdk/src/rp2_common/pico_standard_link/binary_info.c.obj
 .rodata.__bi_81
                0x0000000010005864        0xc CMakeFiles/lis3dh_i2c.dir/home/boemmelsebastian/pico/pico-sdk/src/rp2_common/pico_standard_link/binary_info.c.obj
 .rodata.str1.4
                0x0000000010005870       0x88 CMakeFiles/lis3dh_i2c.dir/home/boemmelsebastian/pico/pico-sdk/src/rp2_common/pico_standard_link/binary_info.c.obj
 .rodata.crlf_str.6107
                0x00000000100058f8        0x2 CMakeFiles/lis3dh_i2c.dir/home/boemmelsebastian/pico/pico-sdk/src/rp2_common/pico_stdio/stdio.c.obj
 *fill*         0x00000000100058fa        0x2 
 .rodata.__bi_28.4823
                0x00000000100058fc        0xc CMakeFiles/lis3dh_i2c.dir/home/boemmelsebastian/pico/pico-sdk/src/rp2_common/pico_stdio_uart/stdio_uart.c.obj
 .rodata.__bi_29.4827
                0x0000000010005908        0x8 CMakeFiles/lis3dh_i2c.dir/home/boemmelsebastian/pico/pico-sdk/src/rp2_common/pico_stdio_uart/stdio_uart.c.obj
 .rodata.str1.4
                0x0000000010005910       0x2c CMakeFiles/lis3dh_i2c.dir/home/boemmelsebastian/pico/pico-sdk/src/rp2_common/pico_stdio_uart/stdio_uart.c.obj
 .rodata.__func__.4842
                0x000000001000593c       0x11 CMakeFiles/lis3dh_i2c.dir/home/boemmelsebastian/pico/pico-sdk/src/rp2_common/hardware_i2c/i2c.c.obj
 *fill*         0x000000001000594d        0x3 
 .rodata.i2c_set_baudrate.str1.4
                0x0000000010005950       0x67 CMakeFiles/lis3dh_i2c.dir/home/boemmelsebastian/pico/pico-sdk/src/rp2_common/hardware_i2c/i2c.c.obj
                0x00000000100059b8                . = ALIGN (0x4)
 *fill*         0x00000000100059b7        0x1 
 *(SORT_BY_ALIGNMENT(SORT_BY_NAME(.flashdata*)))
                0x00000000100059b8                . = ALIGN (0x4)

.rel.dyn        0x00000000100059b8        0x0
 .rel.iplt      0x00000000100059b8        0x0 /usr/lib/gcc/arm-none-eabi/8.3.1/thumb/v6-m/nofp/crtbegin.o

.ARM.extab
 *(.ARM.extab* .gnu.linkonce.armextab.*)
                0x00000000100059b8                __exidx_start = .

.ARM.exidx
 *(.ARM.exidx* .gnu.linkonce.armexidx.*)
                0x00000000100059b8                __exidx_end = .
                0x00000000100059b8                . = ALIGN (0x4)
                0x00000000100059b8                __binary_info_start = .

.binary_info    0x00000000100059b8       0x2c
 *(.binary_info.keep.*)
 .binary_info.keep.__bi_ptr102
                0x00000000100059b8        0x4 CMakeFiles/lis3dh_i2c.dir/lis3dh_i2c.c.obj
 .binary_info.keep.__bi_ptr22
                0x00000000100059bc        0x4 CMakeFiles/lis3dh_i2c.dir/home/boemmelsebastian/pico/pico-sdk/src/rp2_common/pico_standard_link/binary_info.c.obj
 .binary_info.keep.__bi_ptr30
                0x00000000100059c0        0x4 CMakeFiles/lis3dh_i2c.dir/home/boemmelsebastian/pico/pico-sdk/src/rp2_common/pico_standard_link/binary_info.c.obj
 .binary_info.keep.__bi_ptr38
                0x00000000100059c4        0x4 CMakeFiles/lis3dh_i2c.dir/home/boemmelsebastian/pico/pico-sdk/src/rp2_common/pico_standard_link/binary_info.c.obj
 .binary_info.keep.__bi_ptr44
                0x00000000100059c8        0x4 CMakeFiles/lis3dh_i2c.dir/home/boemmelsebastian/pico/pico-sdk/src/rp2_common/pico_standard_link/binary_info.c.obj
 .binary_info.keep.__bi_ptr50
                0x00000000100059cc        0x4 CMakeFiles/lis3dh_i2c.dir/home/boemmelsebastian/pico/pico-sdk/src/rp2_common/pico_standard_link/binary_info.c.obj
 .binary_info.keep.__bi_ptr69
                0x00000000100059d0        0x4 CMakeFiles/lis3dh_i2c.dir/home/boemmelsebastian/pico/pico-sdk/src/rp2_common/pico_standard_link/binary_info.c.obj
 .binary_info.keep.__bi_ptr75
                0x00000000100059d4        0x4 CMakeFiles/lis3dh_i2c.dir/home/boemmelsebastian/pico/pico-sdk/src/rp2_common/pico_standard_link/binary_info.c.obj
 .binary_info.keep.__bi_ptr81
                0x00000000100059d8        0x4 CMakeFiles/lis3dh_i2c.dir/home/boemmelsebastian/pico/pico-sdk/src/rp2_common/pico_standard_link/binary_info.c.obj
 *(.binary_info.*)
 .binary_info.__bi_ptr28
                0x00000000100059dc        0x4 CMakeFiles/lis3dh_i2c.dir/home/boemmelsebastian/pico/pico-sdk/src/rp2_common/pico_stdio_uart/stdio_uart.c.obj
 .binary_info.__bi_ptr29
                0x00000000100059e0        0x4 CMakeFiles/lis3dh_i2c.dir/home/boemmelsebastian/pico/pico-sdk/src/rp2_common/pico_stdio_uart/stdio_uart.c.obj
                0x00000000100059e4                __binary_info_end = .
                0x00000000100059e4                . = ALIGN (0x4)
                0x00000000100059e4                __etext = .

.ram_vector_table
                0x0000000020000000       0xc0
 *(.ram_vector_table)
 .ram_vector_table
                0x0000000020000000       0xc0 CMakeFiles/lis3dh_i2c.dir/home/boemmelsebastian/pico/pico-sdk/src/rp2_common/pico_runtime/runtime.c.obj
                0x0000000020000000                ram_vector_table

.data           0x00000000200000c0      0x1c8 load address 0x00000000100059e4
                0x00000000200000c0                __data_start__ = .
 *(vtable)
 *(.time_critical*)
 .time_critical.mutex_enter_blocking
                0x00000000200000c0       0x48 CMakeFiles/lis3dh_i2c.dir/home/boemmelsebastian/pico/pico-sdk/src/common/pico_sync/mutex.c.obj
                0x00000000200000c0                mutex_enter_blocking
 .time_critical.mutex_try_enter
                0x0000000020000108       0x48 CMakeFiles/lis3dh_i2c.dir/home/boemmelsebastian/pico/pico-sdk/src/common/pico_sync/mutex.c.obj
                0x0000000020000108                mutex_try_enter
 .time_critical.mutex_exit
                0x0000000020000150       0x4c CMakeFiles/lis3dh_i2c.dir/home/boemmelsebastian/pico/pico-sdk/src/common/pico_sync/mutex.c.obj
                0x0000000020000150                mutex_exit
 *(.text*)
 .text          0x000000002000019c        0x4 /usr/lib/gcc/arm-none-eabi/8.3.1/thumb/v6-m/nofp/libgcc.a(_dvmd_tls.o)
                0x000000002000019c                __aeabi_ldiv0
                0x000000002000019c                __aeabi_idiv0
 .text.__stub   0x00000000200001a0       0x10 linker stubs
                0x00000000200001b0                . = ALIGN (0x4)
 *(.rodata*)
                0x00000000200001b0                . = ALIGN (0x4)
 *(.data*)
 .data.striped_spin_lock_num
                0x00000000200001b0        0x1 CMakeFiles/lis3dh_i2c.dir/home/boemmelsebastian/pico/pico-sdk/src/rp2_common/hardware_sync/sync.c.obj
 *fill*         0x00000000200001b1        0x3 
 .data.default_alarm_pool
                0x00000000200001b4       0x18 CMakeFiles/lis3dh_i2c.dir/home/boemmelsebastian/pico/pico-sdk/src/common/pico_time/time.c.obj
 .data.default_alarm_pool_heap
                0x00000000200001cc       0x10 CMakeFiles/lis3dh_i2c.dir/home/boemmelsebastian/pico/pico-sdk/src/common/pico_time/time.c.obj
 .data          0x00000000200001dc       0x48 CMakeFiles/lis3dh_i2c.dir/home/boemmelsebastian/pico/pico-sdk/src/rp2_common/hardware_irq/irq_handler_chain.S.obj
                0x00000000200001dc                irq_handler_chain_slots
                0x000000002000020c                irq_handler_chain_first_slot
                0x0000000020000216                irq_handler_chain_remove_tail
 *fill*         0x0000000020000224        0xc 
 .data.aeabi_bits_funcs
                0x0000000020000230       0x10 CMakeFiles/lis3dh_i2c.dir/home/boemmelsebastian/pico/pico-sdk/src/rp2_common/pico_bit_ops/bit_ops_aeabi.S.obj
                0x0000000020000230                aeabi_bits_funcs
                0x0000000020000240                aeabi_bits_funcs_end
 .data.aeabi_mem_funcs
                0x0000000020000240       0x10 CMakeFiles/lis3dh_i2c.dir/home/boemmelsebastian/pico/pico-sdk/src/rp2_common/pico_mem_ops/mem_ops_aeabi.S.obj
                0x0000000020000240                aeabi_mem_funcs
                0x0000000020000250                aeabi_mem_funcs_end
 .data.stdio_uart
                0x0000000020000250       0x14 CMakeFiles/lis3dh_i2c.dir/home/boemmelsebastian/pico/pico-sdk/src/rp2_common/pico_stdio_uart/stdio_uart.c.obj
                0x0000000020000250                stdio_uart
 .data.i2c0_inst
                0x0000000020000264        0x8 CMakeFiles/lis3dh_i2c.dir/home/boemmelsebastian/pico/pico-sdk/src/rp2_common/hardware_i2c/i2c.c.obj
                0x0000000020000264                i2c0_inst
                0x000000002000026c                . = ALIGN (0x4)
 *(.after_data.*)
                0x000000002000026c                . = ALIGN (0x4)
                0x000000002000026c                PROVIDE (__mutex_array_start = .)
 *(SORT_BY_NAME(.mutex_array.*))
 *(.mutex_array)
 .mutex_array   0x000000002000026c        0x8 CMakeFiles/lis3dh_i2c.dir/home/boemmelsebastian/pico/pico-sdk/src/rp2_common/pico_stdio/stdio.c.obj
                0x0000000020000274                PROVIDE (__mutex_array_end = .)
                0x0000000020000274                . = ALIGN (0x4)
                0x0000000020000274                PROVIDE (__preinit_array_start = .)
 *(SORT_BY_NAME(.preinit_array.*))
 .preinit_array.00001
                0x0000000020000274        0x4 CMakeFiles/lis3dh_i2c.dir/home/boemmelsebastian/pico/pico-sdk/src/rp2_common/pico_mem_ops/mem_ops_aeabi.S.obj
 .preinit_array.00010
                0x0000000020000278        0x4 CMakeFiles/lis3dh_i2c.dir/home/boemmelsebastian/pico/pico-sdk/src/rp2_common/pico_bit_ops/bit_ops_aeabi.S.obj
 .preinit_array.00020
                0x000000002000027c        0x4 CMakeFiles/lis3dh_i2c.dir/home/boemmelsebastian/pico/pico-sdk/src/rp2_common/pico_double/double_aeabi.S.obj
 .preinit_array.00020
                0x0000000020000280        0x4 CMakeFiles/lis3dh_i2c.dir/home/boemmelsebastian/pico/pico-sdk/src/rp2_common/pico_float/float_aeabi.S.obj
 *(.preinit_array)
                0x0000000020000284                PROVIDE (__preinit_array_end = .)
                0x0000000020000284                . = ALIGN (0x4)
                0x0000000020000284                PROVIDE (__init_array_start = .)
 *(SORT_BY_NAME(.init_array.*))
 *(.init_array)
 .init_array    0x0000000020000284        0x4 /usr/lib/gcc/arm-none-eabi/8.3.1/thumb/v6-m/nofp/crtbegin.o
                0x0000000020000288                PROVIDE (__init_array_end = .)
                0x0000000020000288                . = ALIGN (0x4)
                0x0000000020000288                PROVIDE (__fini_array_start = .)
 *(SORT_BY_NAME(.fini_array.*))
 *(.fini_array)
                0x0000000020000288                PROVIDE (__fini_array_end = .)
 *(.jcr)
                0x0000000020000288                . = ALIGN (0x4)
                0x0000000020000288                __data_end__ = .

.tm_clone_table
                0x0000000020000288        0x0 load address 0x0000000010005bac
 .tm_clone_table
                0x0000000020000288        0x0 /usr/lib/gcc/arm-none-eabi/8.3.1/thumb/v6-m/nofp/crtbegin.o
 .tm_clone_table
                0x0000000020000288        0x0 /usr/lib/gcc/arm-none-eabi/8.3.1/thumb/v6-m/nofp/crtend.o

.igot.plt       0x0000000020000288        0x0 load address 0x0000000010005bac
 .igot.plt      0x0000000020000288        0x0 /usr/lib/gcc/arm-none-eabi/8.3.1/thumb/v6-m/nofp/crtbegin.o

.uninitialized_data
                0x0000000020000288        0x0 load address 0x0000000010005bac
                0x0000000020000288                . = ALIGN (0x4)
 *(.uninitialized_data*)

.scratch_x      0x0000000020040000        0x0 load address 0x0000000010005bac
                0x0000000020040000                __scratch_x_start__ = .
 *(.scratch_x.*)
                0x0000000020040000                . = ALIGN (0x4)
                0x0000000020040000                __scratch_x_end__ = .
                0x0000000010005bac                __scratch_x_source__ = LOADADDR (.scratch_x)

.scratch_y      0x0000000020041000        0x0 load address 0x0000000010005bac
                0x0000000020041000                __scratch_y_start__ = .
 *(.scratch_y.*)
                0x0000000020041000                . = ALIGN (0x4)
                0x0000000020041000                __scratch_y_end__ = .
                0x0000000010005bac                __scratch_y_source__ = LOADADDR (.scratch_y)

.bss            0x0000000020000288      0x3d0
                0x0000000020000288                . = ALIGN (0x4)
                0x0000000020000288                __bss_start__ = .
 *(SORT_BY_ALIGNMENT(SORT_BY_NAME(.bss*)))
 .bss.default_alarm_pool_entries
                0x0000000020000288      0x100 CMakeFiles/lis3dh_i2c.dir/home/boemmelsebastian/pico/pico-sdk/src/common/pico_time/time.c.obj
 .bss           0x0000000020000388       0x1c /usr/lib/gcc/arm-none-eabi/8.3.1/thumb/v6-m/nofp/crtbegin.o
 .bss.alarm_callbacks
                0x00000000200003a4       0x10 CMakeFiles/lis3dh_i2c.dir/home/boemmelsebastian/pico/pico-sdk/src/rp2_common/hardware_timer/timer.c.obj
 .bss.configured_freq
                0x00000000200003b4       0x28 CMakeFiles/lis3dh_i2c.dir/home/boemmelsebastian/pico/pico-sdk/src/rp2_common/hardware_clocks/clocks.c.obj
 .bss.default_alarm_pool_entry_ids_high
                0x00000000200003dc       0x10 CMakeFiles/lis3dh_i2c.dir/home/boemmelsebastian/pico/pico-sdk/src/common/pico_time/time.c.obj
 .bss.default_alarm_pool_heap_nodes
                0x00000000200003ec       0x30 CMakeFiles/lis3dh_i2c.dir/home/boemmelsebastian/pico/pico-sdk/src/common/pico_time/time.c.obj
 .bss.drivers   0x000000002000041c        0x4 CMakeFiles/lis3dh_i2c.dir/home/boemmelsebastian/pico/pico-sdk/src/rp2_common/pico_stdio/stdio.c.obj
 .bss.filter    0x0000000020000420        0x4 CMakeFiles/lis3dh_i2c.dir/home/boemmelsebastian/pico/pico-sdk/src/rp2_common/pico_stdio/stdio.c.obj
 .bss.pools     0x0000000020000424       0x10 CMakeFiles/lis3dh_i2c.dir/home/boemmelsebastian/pico/pico-sdk/src/common/pico_time/time.c.obj
 .bss.sf_clz_func
                0x0000000020000434        0x4 CMakeFiles/lis3dh_i2c.dir/home/boemmelsebastian/pico/pico-sdk/src/rp2_common/pico_double/double_init_rom.c.obj
                0x0000000020000434                sf_clz_func
 .bss.sleep_notifier
                0x0000000020000438        0x4 CMakeFiles/lis3dh_i2c.dir/home/boemmelsebastian/pico/pico-sdk/src/common/pico_time/time.c.obj
 .bss.target_hi
                0x000000002000043c       0x10 CMakeFiles/lis3dh_i2c.dir/home/boemmelsebastian/pico/pico-sdk/src/rp2_common/hardware_timer/timer.c.obj
 .bss.uart_instance
                0x000000002000044c        0x4 CMakeFiles/lis3dh_i2c.dir/home/boemmelsebastian/pico/pico-sdk/src/rp2_common/pico_stdio_uart/stdio_uart.c.obj
 .bss.claimed   0x0000000020000450        0x1 CMakeFiles/lis3dh_i2c.dir/home/boemmelsebastian/pico/pico-sdk/src/rp2_common/hardware_timer/timer.c.obj
 .bss.irq_hander_chain_free_slot_head
                0x0000000020000451        0x1 CMakeFiles/lis3dh_i2c.dir/home/boemmelsebastian/pico/pico-sdk/src/rp2_common/hardware_irq/irq.c.obj
 .bss.timer_callbacks_pending
                0x0000000020000452        0x1 CMakeFiles/lis3dh_i2c.dir/home/boemmelsebastian/pico/pico-sdk/src/rp2_common/hardware_timer/timer.c.obj
 *(COMMON)
 *fill*         0x0000000020000453        0x1 
 COMMON         0x0000000020000454        0x4 CMakeFiles/lis3dh_i2c.dir/home/boemmelsebastian/pico/pico-sdk/src/rp2_common/hardware_uart/uart.c.obj
                0x0000000020000454                uart_char_to_line_feed
 COMMON         0x0000000020000458      0x100 CMakeFiles/lis3dh_i2c.dir/home/boemmelsebastian/pico/pico-sdk/src/rp2_common/pico_double/double_init_rom.c.obj
                0x0000000020000458                sd_table
 COMMON         0x0000000020000558      0x100 CMakeFiles/lis3dh_i2c.dir/home/boemmelsebastian/pico/pico-sdk/src/rp2_common/pico_float/float_init_rom.c.obj
                0x0000000020000558                sf_table
                0x0000000020000658                . = ALIGN (0x4)
                0x0000000020000658                __bss_end__ = .

.heap           0x0000000020000658      0x800
                0x0000000020000658                __end__ = .
                0x0000000020000658                end = __end__
 *(.heap*)
 .heap          0x0000000020000658      0x800 CMakeFiles/lis3dh_i2c.dir/home/boemmelsebastian/pico/pico-sdk/src/rp2_common/pico_standard_link/crt0.S.obj
                0x0000000020000e58                __HeapLimit = .

.stack1_dummy   0x0000000020040000        0x0
 *(.stack1*)

.stack_dummy    0x0000000020041000      0x800
 *(.stack*)
 .stack         0x0000000020041000      0x800 CMakeFiles/lis3dh_i2c.dir/home/boemmelsebastian/pico/pico-sdk/src/rp2_common/pico_standard_link/crt0.S.obj

.flash_end      0x0000000010005bac        0x0
                0x0000000010005bac                __flash_binary_end = .
                0x0000000020040000                __StackLimit = (ORIGIN (RAM) + LENGTH (RAM))
                0x0000000020041000                __StackOneTop = (ORIGIN (SCRATCH_X) + LENGTH (SCRATCH_X))
                0x0000000020042000                __StackTop = (ORIGIN (SCRATCH_Y) + LENGTH (SCRATCH_Y))
                0x0000000020041000                __StackOneBottom = (__StackOneTop - SIZEOF (.stack1_dummy))
                0x0000000020041800                __StackBottom = (__StackTop - SIZEOF (.stack_dummy))
                0x0000000020042000                PROVIDE (__stack = __StackTop)
                0x0000000000000001                ASSERT ((__StackLimit >= __HeapLimit), region RAM overflowed)
                0x0000000000000001                ASSERT (((__binary_info_header_end - __logical_binary_start) <= 0x100), Binary info must be in first 256 bytes of the binary)
LOAD CMakeFiles/lis3dh_i2c.dir/lis3dh_i2c.c.obj
LOAD CMakeFiles/lis3dh_i2c.dir/home/boemmelsebastian/pico/pico-sdk/src/rp2_common/pico_stdlib/stdlib.c.obj
LOAD CMakeFiles/lis3dh_i2c.dir/home/boemmelsebastian/pico/pico-sdk/src/rp2_common/hardware_gpio/gpio.c.obj
LOAD CMakeFiles/lis3dh_i2c.dir/home/boemmelsebastian/pico/pico-sdk/src/rp2_common/hardware_claim/claim.c.obj
LOAD CMakeFiles/lis3dh_i2c.dir/home/boemmelsebastian/pico/pico-sdk/src/rp2_common/pico_platform/platform.c.obj
LOAD CMakeFiles/lis3dh_i2c.dir/home/boemmelsebastian/pico/pico-sdk/src/rp2_common/hardware_sync/sync.c.obj
LOAD CMakeFiles/lis3dh_i2c.dir/home/boemmelsebastian/pico/pico-sdk/src/rp2_common/hardware_uart/uart.c.obj
LOAD CMakeFiles/lis3dh_i2c.dir/home/boemmelsebastian/pico/pico-sdk/src/rp2_common/hardware_divider/divider.S.obj
LOAD CMakeFiles/lis3dh_i2c.dir/home/boemmelsebastian/pico/pico-sdk/src/common/pico_time/time.c.obj
LOAD CMakeFiles/lis3dh_i2c.dir/home/boemmelsebastian/pico/pico-sdk/src/common/pico_time/timeout_helper.c.obj
LOAD CMakeFiles/lis3dh_i2c.dir/home/boemmelsebastian/pico/pico-sdk/src/rp2_common/hardware_timer/timer.c.obj
LOAD CMakeFiles/lis3dh_i2c.dir/home/boemmelsebastian/pico/pico-sdk/src/common/pico_sync/sem.c.obj
LOAD CMakeFiles/lis3dh_i2c.dir/home/boemmelsebastian/pico/pico-sdk/src/common/pico_sync/lock_core.c.obj
LOAD CMakeFiles/lis3dh_i2c.dir/home/boemmelsebastian/pico/pico-sdk/src/common/pico_sync/mutex.c.obj
LOAD CMakeFiles/lis3dh_i2c.dir/home/boemmelsebastian/pico/pico-sdk/src/common/pico_sync/critical_section.c.obj
LOAD CMakeFiles/lis3dh_i2c.dir/home/boemmelsebastian/pico/pico-sdk/src/common/pico_util/datetime.c.obj
LOAD CMakeFiles/lis3dh_i2c.dir/home/boemmelsebastian/pico/pico-sdk/src/common/pico_util/pheap.c.obj
LOAD CMakeFiles/lis3dh_i2c.dir/home/boemmelsebastian/pico/pico-sdk/src/common/pico_util/queue.c.obj
LOAD CMakeFiles/lis3dh_i2c.dir/home/boemmelsebastian/pico/pico-sdk/src/rp2_common/pico_runtime/runtime.c.obj
LOAD CMakeFiles/lis3dh_i2c.dir/home/boemmelsebastian/pico/pico-sdk/src/rp2_common/hardware_clocks/clocks.c.obj
LOAD CMakeFiles/lis3dh_i2c.dir/home/boemmelsebastian/pico/pico-sdk/src/rp2_common/hardware_irq/irq.c.obj
LOAD CMakeFiles/lis3dh_i2c.dir/home/boemmelsebastian/pico/pico-sdk/src/rp2_common/hardware_irq/irq_handler_chain.S.obj
LOAD CMakeFiles/lis3dh_i2c.dir/home/boemmelsebastian/pico/pico-sdk/src/rp2_common/hardware_pll/pll.c.obj
LOAD CMakeFiles/lis3dh_i2c.dir/home/boemmelsebastian/pico/pico-sdk/src/rp2_common/hardware_vreg/vreg.c.obj
LOAD CMakeFiles/lis3dh_i2c.dir/home/boemmelsebastian/pico/pico-sdk/src/rp2_common/hardware_watchdog/watchdog.c.obj
LOAD CMakeFiles/lis3dh_i2c.dir/home/boemmelsebastian/pico/pico-sdk/src/rp2_common/hardware_xosc/xosc.c.obj
LOAD CMakeFiles/lis3dh_i2c.dir/home/boemmelsebastian/pico/pico-sdk/src/rp2_common/pico_printf/printf.c.obj
LOAD CMakeFiles/lis3dh_i2c.dir/home/boemmelsebastian/pico/pico-sdk/src/rp2_common/pico_bit_ops/bit_ops_aeabi.S.obj
LOAD CMakeFiles/lis3dh_i2c.dir/home/boemmelsebastian/pico/pico-sdk/src/rp2_common/pico_bootrom/bootrom.c.obj
LOAD CMakeFiles/lis3dh_i2c.dir/home/boemmelsebastian/pico/pico-sdk/src/rp2_common/pico_divider/divider.S.obj
LOAD CMakeFiles/lis3dh_i2c.dir/home/boemmelsebastian/pico/pico-sdk/src/rp2_common/pico_double/double_aeabi.S.obj
LOAD CMakeFiles/lis3dh_i2c.dir/home/boemmelsebastian/pico/pico-sdk/src/rp2_common/pico_double/double_init_rom.c.obj
LOAD CMakeFiles/lis3dh_i2c.dir/home/boemmelsebastian/pico/pico-sdk/src/rp2_common/pico_double/double_math.c.obj
LOAD CMakeFiles/lis3dh_i2c.dir/home/boemmelsebastian/pico/pico-sdk/src/rp2_common/pico_double/double_v1_rom_shim.S.obj
LOAD CMakeFiles/lis3dh_i2c.dir/home/boemmelsebastian/pico/pico-sdk/src/rp2_common/pico_int64_ops/pico_int64_ops_aeabi.S.obj
LOAD CMakeFiles/lis3dh_i2c.dir/home/boemmelsebastian/pico/pico-sdk/src/rp2_common/pico_float/float_aeabi.S.obj
LOAD CMakeFiles/lis3dh_i2c.dir/home/boemmelsebastian/pico/pico-sdk/src/rp2_common/pico_float/float_init_rom.c.obj
LOAD CMakeFiles/lis3dh_i2c.dir/home/boemmelsebastian/pico/pico-sdk/src/rp2_common/pico_float/float_math.c.obj
LOAD CMakeFiles/lis3dh_i2c.dir/home/boemmelsebastian/pico/pico-sdk/src/rp2_common/pico_float/float_v1_rom_shim.S.obj
LOAD CMakeFiles/lis3dh_i2c.dir/home/boemmelsebastian/pico/pico-sdk/src/rp2_common/pico_malloc/pico_malloc.c.obj
LOAD CMakeFiles/lis3dh_i2c.dir/home/boemmelsebastian/pico/pico-sdk/src/rp2_common/pico_mem_ops/mem_ops_aeabi.S.obj
LOAD CMakeFiles/lis3dh_i2c.dir/home/boemmelsebastian/pico/pico-sdk/src/rp2_common/pico_standard_link/crt0.S.obj
LOAD CMakeFiles/lis3dh_i2c.dir/home/boemmelsebastian/pico/pico-sdk/src/rp2_common/pico_standard_link/new_delete.cpp.obj
LOAD CMakeFiles/lis3dh_i2c.dir/home/boemmelsebastian/pico/pico-sdk/src/rp2_common/pico_standard_link/binary_info.c.obj
LOAD CMakeFiles/lis3dh_i2c.dir/home/boemmelsebastian/pico/pico-sdk/src/rp2_common/pico_stdio/stdio.c.obj
LOAD CMakeFiles/lis3dh_i2c.dir/home/boemmelsebastian/pico/pico-sdk/src/rp2_common/pico_stdio_uart/stdio_uart.c.obj
LOAD CMakeFiles/lis3dh_i2c.dir/home/boemmelsebastian/pico/pico-sdk/src/rp2_common/hardware_i2c/i2c.c.obj
LOAD /tmp/cc7OcG0w.o
LOAD /usr/lib/gcc/arm-none-eabi/8.3.1/../../../arm-none-eabi/lib/thumb/v6-m/nofp/libstdc++.a
LOAD /usr/lib/gcc/arm-none-eabi/8.3.1/../../../arm-none-eabi/lib/thumb/v6-m/nofp/libm.a
START GROUP
LOAD /usr/lib/gcc/arm-none-eabi/8.3.1/thumb/v6-m/nofp/libgcc.a
LOAD /usr/lib/gcc/arm-none-eabi/8.3.1/../../../arm-none-eabi/lib/thumb/v6-m/nofp/libg.a
LOAD /usr/lib/gcc/arm-none-eabi/8.3.1/../../../arm-none-eabi/lib/thumb/v6-m/nofp/libc.a
END GROUP
START GROUP
LOAD /usr/lib/gcc/arm-none-eabi/8.3.1/thumb/v6-m/nofp/libgcc.a
LOAD /usr/lib/gcc/arm-none-eabi/8.3.1/../../../arm-none-eabi/lib/thumb/v6-m/nofp/libc.a
LOAD /usr/lib/gcc/arm-none-eabi/8.3.1/../../../arm-none-eabi/lib/thumb/v6-m/nofp/libnosys.a
END GROUP
LOAD /usr/lib/gcc/arm-none-eabi/8.3.1/thumb/v6-m/nofp/crtend.o
LOAD /usr/lib/gcc/arm-none-eabi/8.3.1/thumb/v6-m/nofp/crtn.o
OUTPUT(lis3dh_i2c.elf elf32-littlearm)
LOAD linker stubs

.ARM.attributes
                0x0000000000000000       0x28
 .ARM.attributes
                0x0000000000000000       0x1e /usr/lib/gcc/arm-none-eabi/8.3.1/thumb/v6-m/nofp/crti.o
 .ARM.attributes
                0x000000000000001e       0x2c /usr/lib/gcc/arm-none-eabi/8.3.1/thumb/v6-m/nofp/crtbegin.o
 .ARM.attributes
                0x000000000000004a       0x2c CMakeFiles/lis3dh_i2c.dir/lis3dh_i2c.c.obj
 .ARM.attributes
                0x0000000000000076       0x2c CMakeFiles/lis3dh_i2c.dir/home/boemmelsebastian/pico/pico-sdk/src/rp2_common/hardware_gpio/gpio.c.obj
 .ARM.attributes
                0x00000000000000a2       0x2c CMakeFiles/lis3dh_i2c.dir/home/boemmelsebastian/pico/pico-sdk/src/rp2_common/hardware_claim/claim.c.obj
 .ARM.attributes
                0x00000000000000ce       0x2c CMakeFiles/lis3dh_i2c.dir/home/boemmelsebastian/pico/pico-sdk/src/rp2_common/pico_platform/platform.c.obj
 .ARM.attributes
                0x00000000000000fa       0x2c CMakeFiles/lis3dh_i2c.dir/home/boemmelsebastian/pico/pico-sdk/src/rp2_common/hardware_sync/sync.c.obj
 .ARM.attributes
                0x0000000000000126       0x2c CMakeFiles/lis3dh_i2c.dir/home/boemmelsebastian/pico/pico-sdk/src/rp2_common/hardware_uart/uart.c.obj
 .ARM.attributes
                0x0000000000000152       0x2c CMakeFiles/lis3dh_i2c.dir/home/boemmelsebastian/pico/pico-sdk/src/common/pico_time/time.c.obj
 .ARM.attributes
                0x000000000000017e       0x2c CMakeFiles/lis3dh_i2c.dir/home/boemmelsebastian/pico/pico-sdk/src/rp2_common/hardware_timer/timer.c.obj
 .ARM.attributes
                0x00000000000001aa       0x2c CMakeFiles/lis3dh_i2c.dir/home/boemmelsebastian/pico/pico-sdk/src/common/pico_sync/lock_core.c.obj
 .ARM.attributes
                0x00000000000001d6       0x2c CMakeFiles/lis3dh_i2c.dir/home/boemmelsebastian/pico/pico-sdk/src/common/pico_sync/mutex.c.obj
 .ARM.attributes
                0x0000000000000202       0x2c CMakeFiles/lis3dh_i2c.dir/home/boemmelsebastian/pico/pico-sdk/src/common/pico_util/pheap.c.obj
 .ARM.attributes
                0x000000000000022e       0x2c CMakeFiles/lis3dh_i2c.dir/home/boemmelsebastian/pico/pico-sdk/src/rp2_common/pico_runtime/runtime.c.obj
 .ARM.attributes
                0x000000000000025a       0x2c CMakeFiles/lis3dh_i2c.dir/home/boemmelsebastian/pico/pico-sdk/src/rp2_common/hardware_clocks/clocks.c.obj
 .ARM.attributes
                0x0000000000000286       0x2c CMakeFiles/lis3dh_i2c.dir/home/boemmelsebastian/pico/pico-sdk/src/rp2_common/hardware_irq/irq.c.obj
 .ARM.attributes
                0x00000000000002b2       0x22 CMakeFiles/lis3dh_i2c.dir/home/boemmelsebastian/pico/pico-sdk/src/rp2_common/hardware_irq/irq_handler_chain.S.obj
 .ARM.attributes
                0x00000000000002d4       0x2c CMakeFiles/lis3dh_i2c.dir/home/boemmelsebastian/pico/pico-sdk/src/rp2_common/hardware_pll/pll.c.obj
 .ARM.attributes
                0x0000000000000300       0x2c CMakeFiles/lis3dh_i2c.dir/home/boemmelsebastian/pico/pico-sdk/src/rp2_common/hardware_watchdog/watchdog.c.obj
 .ARM.attributes
                0x000000000000032c       0x2c CMakeFiles/lis3dh_i2c.dir/home/boemmelsebastian/pico/pico-sdk/src/rp2_common/hardware_xosc/xosc.c.obj
 .ARM.attributes
                0x0000000000000358       0x2c CMakeFiles/lis3dh_i2c.dir/home/boemmelsebastian/pico/pico-sdk/src/rp2_common/pico_printf/printf.c.obj
 .ARM.attributes
                0x0000000000000384       0x22 CMakeFiles/lis3dh_i2c.dir/home/boemmelsebastian/pico/pico-sdk/src/rp2_common/pico_bit_ops/bit_ops_aeabi.S.obj
 .ARM.attributes
                0x00000000000003a6       0x2c CMakeFiles/lis3dh_i2c.dir/home/boemmelsebastian/pico/pico-sdk/src/rp2_common/pico_bootrom/bootrom.c.obj
 .ARM.attributes
                0x00000000000003d2       0x22 CMakeFiles/lis3dh_i2c.dir/home/boemmelsebastian/pico/pico-sdk/src/rp2_common/pico_divider/divider.S.obj
 .ARM.attributes
                0x00000000000003f4       0x22 CMakeFiles/lis3dh_i2c.dir/home/boemmelsebastian/pico/pico-sdk/src/rp2_common/pico_double/double_aeabi.S.obj
 .ARM.attributes
                0x0000000000000416       0x2c CMakeFiles/lis3dh_i2c.dir/home/boemmelsebastian/pico/pico-sdk/src/rp2_common/pico_double/double_init_rom.c.obj
 .ARM.attributes
                0x0000000000000442       0x22 CMakeFiles/lis3dh_i2c.dir/home/boemmelsebastian/pico/pico-sdk/src/rp2_common/pico_double/double_v1_rom_shim.S.obj
 .ARM.attributes
                0x0000000000000464       0x22 CMakeFiles/lis3dh_i2c.dir/home/boemmelsebastian/pico/pico-sdk/src/rp2_common/pico_int64_ops/pico_int64_ops_aeabi.S.obj
 .ARM.attributes
                0x0000000000000486       0x22 CMakeFiles/lis3dh_i2c.dir/home/boemmelsebastian/pico/pico-sdk/src/rp2_common/pico_float/float_aeabi.S.obj
 .ARM.attributes
                0x00000000000004a8       0x2c CMakeFiles/lis3dh_i2c.dir/home/boemmelsebastian/pico/pico-sdk/src/rp2_common/pico_float/float_init_rom.c.obj
 .ARM.attributes
                0x00000000000004d4       0x22 CMakeFiles/lis3dh_i2c.dir/home/boemmelsebastian/pico/pico-sdk/src/rp2_common/pico_float/float_v1_rom_shim.S.obj
 .ARM.attributes
                0x00000000000004f6       0x22 CMakeFiles/lis3dh_i2c.dir/home/boemmelsebastian/pico/pico-sdk/src/rp2_common/pico_mem_ops/mem_ops_aeabi.S.obj
 .ARM.attributes
                0x0000000000000518       0x22 CMakeFiles/lis3dh_i2c.dir/home/boemmelsebastian/pico/pico-sdk/src/rp2_common/pico_standard_link/crt0.S.obj
 .ARM.attributes
                0x000000000000053a       0x32 CMakeFiles/lis3dh_i2c.dir/home/boemmelsebastian/pico/pico-sdk/src/rp2_common/pico_standard_link/binary_info.c.obj
 .ARM.attributes
                0x000000000000056c       0x2c CMakeFiles/lis3dh_i2c.dir/home/boemmelsebastian/pico/pico-sdk/src/rp2_common/pico_stdio/stdio.c.obj
 .ARM.attributes
                0x0000000000000598       0x2c CMakeFiles/lis3dh_i2c.dir/home/boemmelsebastian/pico/pico-sdk/src/rp2_common/pico_stdio_uart/stdio_uart.c.obj
 .ARM.attributes
                0x00000000000005c4       0x2c CMakeFiles/lis3dh_i2c.dir/home/boemmelsebastian/pico/pico-sdk/src/rp2_common/hardware_i2c/i2c.c.obj
 .ARM.attributes
                0x00000000000005f0       0x22 /tmp/cc7OcG0w.o
 .ARM.attributes
                0x0000000000000612       0x1e /usr/lib/gcc/arm-none-eabi/8.3.1/thumb/v6-m/nofp/libgcc.a(_dvmd_tls.o)
 .ARM.attributes
                0x0000000000000630       0x2c /usr/lib/gcc/arm-none-eabi/8.3.1/../../../arm-none-eabi/lib/thumb/v6-m/nofp/libg.a(lib_a-strlen-stub.o)
 .ARM.attributes
                0x000000000000065c       0x2c /usr/lib/gcc/arm-none-eabi/8.3.1/thumb/v6-m/nofp/crtend.o

.comment        0x0000000000000000       0x9f
 .comment       0x0000000000000000       0x51 /usr/lib/gcc/arm-none-eabi/8.3.1/thumb/v6-m/nofp/crtbegin.o
                                         0x52 (size before relaxing)
 .comment       0x0000000000000051       0x52 CMakeFiles/lis3dh_i2c.dir/lis3dh_i2c.c.obj
 .comment       0x0000000000000051       0x52 CMakeFiles/lis3dh_i2c.dir/home/boemmelsebastian/pico/pico-sdk/src/rp2_common/hardware_gpio/gpio.c.obj
 .comment       0x0000000000000051       0x52 CMakeFiles/lis3dh_i2c.dir/home/boemmelsebastian/pico/pico-sdk/src/rp2_common/hardware_claim/claim.c.obj
 .comment       0x0000000000000051       0x52 CMakeFiles/lis3dh_i2c.dir/home/boemmelsebastian/pico/pico-sdk/src/rp2_common/pico_platform/platform.c.obj
 .comment       0x0000000000000051       0x52 CMakeFiles/lis3dh_i2c.dir/home/boemmelsebastian/pico/pico-sdk/src/rp2_common/hardware_sync/sync.c.obj
 .comment       0x0000000000000051       0x52 CMakeFiles/lis3dh_i2c.dir/home/boemmelsebastian/pico/pico-sdk/src/rp2_common/hardware_uart/uart.c.obj
 .comment       0x0000000000000051       0x52 CMakeFiles/lis3dh_i2c.dir/home/boemmelsebastian/pico/pico-sdk/src/common/pico_time/time.c.obj
 .comment       0x0000000000000051       0x52 CMakeFiles/lis3dh_i2c.dir/home/boemmelsebastian/pico/pico-sdk/src/rp2_common/hardware_timer/timer.c.obj
 .comment       0x0000000000000051       0x52 CMakeFiles/lis3dh_i2c.dir/home/boemmelsebastian/pico/pico-sdk/src/common/pico_sync/lock_core.c.obj
 .comment       0x0000000000000051       0x52 CMakeFiles/lis3dh_i2c.dir/home/boemmelsebastian/pico/pico-sdk/src/common/pico_sync/mutex.c.obj
 .comment       0x0000000000000051       0x52 CMakeFiles/lis3dh_i2c.dir/home/boemmelsebastian/pico/pico-sdk/src/common/pico_util/pheap.c.obj
 .comment       0x0000000000000051       0x52 CMakeFiles/lis3dh_i2c.dir/home/boemmelsebastian/pico/pico-sdk/src/rp2_common/pico_runtime/runtime.c.obj
 .comment       0x0000000000000051       0x52 CMakeFiles/lis3dh_i2c.dir/home/boemmelsebastian/pico/pico-sdk/src/rp2_common/hardware_clocks/clocks.c.obj
 .comment       0x0000000000000051       0x52 CMakeFiles/lis3dh_i2c.dir/home/boemmelsebastian/pico/pico-sdk/src/rp2_common/hardware_irq/irq.c.obj
 .comment       0x0000000000000051       0x52 CMakeFiles/lis3dh_i2c.dir/home/boemmelsebastian/pico/pico-sdk/src/rp2_common/hardware_pll/pll.c.obj
 .comment       0x0000000000000051       0x52 CMakeFiles/lis3dh_i2c.dir/home/boemmelsebastian/pico/pico-sdk/src/rp2_common/hardware_watchdog/watchdog.c.obj
 .comment       0x0000000000000051       0x52 CMakeFiles/lis3dh_i2c.dir/home/boemmelsebastian/pico/pico-sdk/src/rp2_common/hardware_xosc/xosc.c.obj
 .comment       0x0000000000000051       0x52 CMakeFiles/lis3dh_i2c.dir/home/boemmelsebastian/pico/pico-sdk/src/rp2_common/pico_printf/printf.c.obj
 .comment       0x0000000000000051       0x52 CMakeFiles/lis3dh_i2c.dir/home/boemmelsebastian/pico/pico-sdk/src/rp2_common/pico_bootrom/bootrom.c.obj
 .comment       0x0000000000000051       0x52 CMakeFiles/lis3dh_i2c.dir/home/boemmelsebastian/pico/pico-sdk/src/rp2_common/pico_double/double_init_rom.c.obj
 .comment       0x0000000000000051       0x52 CMakeFiles/lis3dh_i2c.dir/home/boemmelsebastian/pico/pico-sdk/src/rp2_common/pico_float/float_init_rom.c.obj
 .comment       0x0000000000000051       0x52 CMakeFiles/lis3dh_i2c.dir/home/boemmelsebastian/pico/pico-sdk/src/rp2_common/pico_standard_link/binary_info.c.obj
 .comment       0x0000000000000051       0x52 CMakeFiles/lis3dh_i2c.dir/home/boemmelsebastian/pico/pico-sdk/src/rp2_common/pico_stdio/stdio.c.obj
 .comment       0x0000000000000051       0x52 CMakeFiles/lis3dh_i2c.dir/home/boemmelsebastian/pico/pico-sdk/src/rp2_common/pico_stdio_uart/stdio_uart.c.obj
 .comment       0x0000000000000051       0x52 CMakeFiles/lis3dh_i2c.dir/home/boemmelsebastian/pico/pico-sdk/src/rp2_common/hardware_i2c/i2c.c.obj
 .comment       0x0000000000000051       0x4e /usr/lib/gcc/arm-none-eabi/8.3.1/../../../arm-none-eabi/lib/thumb/v6-m/nofp/libg.a(lib_a-strlen-stub.o)
                                         0x4f (size before relaxing)
 .comment       0x000000000000009f       0x52 /usr/lib/gcc/arm-none-eabi/8.3.1/thumb/v6-m/nofp/crtend.o

.debug_info     0x0000000000000000    0x1a718
 .debug_info    0x0000000000000000     0x13a8 CMakeFiles/lis3dh_i2c.dir/lis3dh_i2c.c.obj
 .debug_info    0x00000000000013a8     0x14ac CMakeFiles/lis3dh_i2c.dir/home/boemmelsebastian/pico/pico-sdk/src/rp2_common/hardware_gpio/gpio.c.obj
 .debug_info    0x0000000000002854      0x6a7 CMakeFiles/lis3dh_i2c.dir/home/boemmelsebastian/pico/pico-sdk/src/rp2_common/hardware_claim/claim.c.obj
 .debug_info    0x0000000000002efb      0x1cb CMakeFiles/lis3dh_i2c.dir/home/boemmelsebastian/pico/pico-sdk/src/rp2_common/pico_platform/platform.c.obj
 .debug_info    0x00000000000030c6      0x591 CMakeFiles/lis3dh_i2c.dir/home/boemmelsebastian/pico/pico-sdk/src/rp2_common/hardware_sync/sync.c.obj
 .debug_info    0x0000000000003657      0xb37 CMakeFiles/lis3dh_i2c.dir/home/boemmelsebastian/pico/pico-sdk/src/rp2_common/hardware_uart/uart.c.obj
 .debug_info    0x000000000000418e     0x43ec CMakeFiles/lis3dh_i2c.dir/home/boemmelsebastian/pico/pico-sdk/src/common/pico_time/time.c.obj
 .debug_info    0x000000000000857a     0x10dc CMakeFiles/lis3dh_i2c.dir/home/boemmelsebastian/pico/pico-sdk/src/rp2_common/hardware_timer/timer.c.obj
 .debug_info    0x0000000000009656      0x1ed CMakeFiles/lis3dh_i2c.dir/home/boemmelsebastian/pico/pico-sdk/src/common/pico_sync/lock_core.c.obj
 .debug_info    0x0000000000009843     0x2045 CMakeFiles/lis3dh_i2c.dir/home/boemmelsebastian/pico/pico-sdk/src/common/pico_sync/mutex.c.obj
 .debug_info    0x000000000000b888     0x1aab CMakeFiles/lis3dh_i2c.dir/home/boemmelsebastian/pico/pico-sdk/src/common/pico_util/pheap.c.obj
 .debug_info    0x000000000000d333     0x1341 CMakeFiles/lis3dh_i2c.dir/home/boemmelsebastian/pico/pico-sdk/src/rp2_common/pico_runtime/runtime.c.obj
 .debug_info    0x000000000000e674      0xee6 CMakeFiles/lis3dh_i2c.dir/home/boemmelsebastian/pico/pico-sdk/src/rp2_common/hardware_clocks/clocks.c.obj
 .debug_info    0x000000000000f55a     0x199b CMakeFiles/lis3dh_i2c.dir/home/boemmelsebastian/pico/pico-sdk/src/rp2_common/hardware_irq/irq.c.obj
 .debug_info    0x0000000000010ef5       0x26 CMakeFiles/lis3dh_i2c.dir/home/boemmelsebastian/pico/pico-sdk/src/rp2_common/hardware_irq/irq_handler_chain.S.obj
 .debug_info    0x0000000000010f1b      0x4e8 CMakeFiles/lis3dh_i2c.dir/home/boemmelsebastian/pico/pico-sdk/src/rp2_common/hardware_pll/pll.c.obj
 .debug_info    0x0000000000011403      0xd7d CMakeFiles/lis3dh_i2c.dir/home/boemmelsebastian/pico/pico-sdk/src/rp2_common/hardware_watchdog/watchdog.c.obj
 .debug_info    0x0000000000012180      0x1b8 CMakeFiles/lis3dh_i2c.dir/home/boemmelsebastian/pico/pico-sdk/src/rp2_common/hardware_xosc/xosc.c.obj
 .debug_info    0x0000000000012338     0x2032 CMakeFiles/lis3dh_i2c.dir/home/boemmelsebastian/pico/pico-sdk/src/rp2_common/pico_printf/printf.c.obj
 .debug_info    0x000000000001436a       0x22 CMakeFiles/lis3dh_i2c.dir/home/boemmelsebastian/pico/pico-sdk/src/rp2_common/pico_bit_ops/bit_ops_aeabi.S.obj
 .debug_info    0x000000000001438c      0x262 CMakeFiles/lis3dh_i2c.dir/home/boemmelsebastian/pico/pico-sdk/src/rp2_common/pico_bootrom/bootrom.c.obj
 .debug_info    0x00000000000145ee       0x22 CMakeFiles/lis3dh_i2c.dir/home/boemmelsebastian/pico/pico-sdk/src/rp2_common/pico_divider/divider.S.obj
 .debug_info    0x0000000000014610       0x22 CMakeFiles/lis3dh_i2c.dir/home/boemmelsebastian/pico/pico-sdk/src/rp2_common/pico_double/double_aeabi.S.obj
 .debug_info    0x0000000000014632      0xb2a CMakeFiles/lis3dh_i2c.dir/home/boemmelsebastian/pico/pico-sdk/src/rp2_common/pico_double/double_init_rom.c.obj
 .debug_info    0x000000000001515c       0x22 CMakeFiles/lis3dh_i2c.dir/home/boemmelsebastian/pico/pico-sdk/src/rp2_common/pico_double/double_v1_rom_shim.S.obj
 .debug_info    0x000000000001517e       0x26 CMakeFiles/lis3dh_i2c.dir/home/boemmelsebastian/pico/pico-sdk/src/rp2_common/pico_int64_ops/pico_int64_ops_aeabi.S.obj
 .debug_info    0x00000000000151a4       0x22 CMakeFiles/lis3dh_i2c.dir/home/boemmelsebastian/pico/pico-sdk/src/rp2_common/pico_float/float_aeabi.S.obj
 .debug_info    0x00000000000151c6      0xb44 CMakeFiles/lis3dh_i2c.dir/home/boemmelsebastian/pico/pico-sdk/src/rp2_common/pico_float/float_init_rom.c.obj
 .debug_info    0x0000000000015d0a       0x22 CMakeFiles/lis3dh_i2c.dir/home/boemmelsebastian/pico/pico-sdk/src/rp2_common/pico_float/float_v1_rom_shim.S.obj
 .debug_info    0x0000000000015d2c       0x22 CMakeFiles/lis3dh_i2c.dir/home/boemmelsebastian/pico/pico-sdk/src/rp2_common/pico_mem_ops/mem_ops_aeabi.S.obj
 .debug_info    0x0000000000015d4e       0x22 CMakeFiles/lis3dh_i2c.dir/home/boemmelsebastian/pico/pico-sdk/src/rp2_common/pico_standard_link/crt0.S.obj
 .debug_info    0x0000000000015d70      0x2f7 CMakeFiles/lis3dh_i2c.dir/home/boemmelsebastian/pico/pico-sdk/src/rp2_common/pico_standard_link/binary_info.c.obj
 .debug_info    0x0000000000016067     0x1b63 CMakeFiles/lis3dh_i2c.dir/home/boemmelsebastian/pico/pico-sdk/src/rp2_common/pico_stdio/stdio.c.obj
 .debug_info    0x0000000000017bca      0xc14 CMakeFiles/lis3dh_i2c.dir/home/boemmelsebastian/pico/pico-sdk/src/rp2_common/pico_stdio_uart/stdio_uart.c.obj
 .debug_info    0x00000000000187de     0x15a1 CMakeFiles/lis3dh_i2c.dir/home/boemmelsebastian/pico/pico-sdk/src/rp2_common/hardware_i2c/i2c.c.obj
 .debug_info    0x0000000000019d7f       0x26 /usr/lib/gcc/arm-none-eabi/8.3.1/thumb/v6-m/nofp/libgcc.a(_dvmd_tls.o)
 .debug_info    0x0000000000019da5      0x973 /usr/lib/gcc/arm-none-eabi/8.3.1/../../../arm-none-eabi/lib/thumb/v6-m/nofp/libg.a(lib_a-strlen-stub.o)

.debug_abbrev   0x0000000000000000     0x519f
 .debug_abbrev  0x0000000000000000      0x383 CMakeFiles/lis3dh_i2c.dir/lis3dh_i2c.c.obj
 .debug_abbrev  0x0000000000000383      0x2cd CMakeFiles/lis3dh_i2c.dir/home/boemmelsebastian/pico/pico-sdk/src/rp2_common/hardware_gpio/gpio.c.obj
 .debug_abbrev  0x0000000000000650      0x2fb CMakeFiles/lis3dh_i2c.dir/home/boemmelsebastian/pico/pico-sdk/src/rp2_common/hardware_claim/claim.c.obj
 .debug_abbrev  0x000000000000094b       0xeb CMakeFiles/lis3dh_i2c.dir/home/boemmelsebastian/pico/pico-sdk/src/rp2_common/pico_platform/platform.c.obj
 .debug_abbrev  0x0000000000000a36      0x224 CMakeFiles/lis3dh_i2c.dir/home/boemmelsebastian/pico/pico-sdk/src/rp2_common/hardware_sync/sync.c.obj
 .debug_abbrev  0x0000000000000c5a      0x2e1 CMakeFiles/lis3dh_i2c.dir/home/boemmelsebastian/pico/pico-sdk/src/rp2_common/hardware_uart/uart.c.obj
 .debug_abbrev  0x0000000000000f3b      0x63a CMakeFiles/lis3dh_i2c.dir/home/boemmelsebastian/pico/pico-sdk/src/common/pico_time/time.c.obj
 .debug_abbrev  0x0000000000001575      0x3c7 CMakeFiles/lis3dh_i2c.dir/home/boemmelsebastian/pico/pico-sdk/src/rp2_common/hardware_timer/timer.c.obj
 .debug_abbrev  0x000000000000193c      0x141 CMakeFiles/lis3dh_i2c.dir/home/boemmelsebastian/pico/pico-sdk/src/common/pico_sync/lock_core.c.obj
 .debug_abbrev  0x0000000000001a7d      0x3a2 CMakeFiles/lis3dh_i2c.dir/home/boemmelsebastian/pico/pico-sdk/src/common/pico_sync/mutex.c.obj
 .debug_abbrev  0x0000000000001e1f      0x3ad CMakeFiles/lis3dh_i2c.dir/home/boemmelsebastian/pico/pico-sdk/src/common/pico_util/pheap.c.obj