Archive member included to satisfy reference by file (symbol)

/usr/lib/gcc/arm-none-eabi/8.3.1/thumb/v6-m/nofp/libgcc.a(_dvmd_tls.o)
                              CMakeFiles/tinyusb_host_cdc_msc_hid.dir/home/boemmelsebastian/pico/pico-sdk/src/rp2_common/pico_divider/divider.S.obj (__aeabi_idiv0)
/usr/lib/gcc/arm-none-eabi/8.3.1/../../../arm-none-eabi/lib/thumb/v6-m/nofp/libg.a(lib_a-atexit.o)
                              /usr/lib/gcc/arm-none-eabi/8.3.1/../../../arm-none-eabi/lib/thumb/v6-m/nofp/crt0.o (atexit)
/usr/lib/gcc/arm-none-eabi/8.3.1/../../../arm-none-eabi/lib/thumb/v6-m/nofp/libg.a(lib_a-calloc.o)
                              CMakeFiles/tinyusb_host_cdc_msc_hid.dir/home/boemmelsebastian/pico/pico-sdk/src/rp2_common/pico_malloc/pico_malloc.c.obj (calloc)
/usr/lib/gcc/arm-none-eabi/8.3.1/../../../arm-none-eabi/lib/thumb/v6-m/nofp/libg.a(lib_a-callocr.o)
                              /usr/lib/gcc/arm-none-eabi/8.3.1/../../../arm-none-eabi/lib/thumb/v6-m/nofp/libg.a(lib_a-calloc.o) (_calloc_r)
/usr/lib/gcc/arm-none-eabi/8.3.1/../../../arm-none-eabi/lib/thumb/v6-m/nofp/libg.a(lib_a-ctype_.o)
                              CMakeFiles/tinyusb_host_cdc_msc_hid.dir/home/boemmelsebastian/pico/pico-sdk/lib/tinyusb/src/tusb.c.obj (_ctype_)
/usr/lib/gcc/arm-none-eabi/8.3.1/../../../arm-none-eabi/lib/thumb/v6-m/nofp/libg.a(lib_a-fflush.o)
                              CMakeFiles/tinyusb_host_cdc_msc_hid.dir/src/hid_app.c.obj (fflush)
/usr/lib/gcc/arm-none-eabi/8.3.1/../../../arm-none-eabi/lib/thumb/v6-m/nofp/libg.a(lib_a-findfp.o)
                              /usr/lib/gcc/arm-none-eabi/8.3.1/../../../arm-none-eabi/lib/thumb/v6-m/nofp/libg.a(lib_a-fflush.o) (__sinit)
/usr/lib/gcc/arm-none-eabi/8.3.1/../../../arm-none-eabi/lib/thumb/v6-m/nofp/libg.a(lib_a-fini.o)
                              /usr/lib/gcc/arm-none-eabi/8.3.1/../../../arm-none-eabi/lib/thumb/v6-m/nofp/crt0.o (__libc_fini_array)
/usr/lib/gcc/arm-none-eabi/8.3.1/../../../arm-none-eabi/lib/thumb/v6-m/nofp/libg.a(lib_a-freer.o)
                              /usr/lib/gcc/arm-none-eabi/8.3.1/../../../arm-none-eabi/lib/thumb/v6-m/nofp/libg.a(lib_a-fflush.o) (_free_r)
/usr/lib/gcc/arm-none-eabi/8.3.1/../../../arm-none-eabi/lib/thumb/v6-m/nofp/libg.a(lib_a-fwalk.o)
                              /usr/lib/gcc/arm-none-eabi/8.3.1/../../../arm-none-eabi/lib/thumb/v6-m/nofp/libg.a(lib_a-findfp.o) (_fwalk)
/usr/lib/gcc/arm-none-eabi/8.3.1/../../../arm-none-eabi/lib/thumb/v6-m/nofp/libg.a(lib_a-impure.o)
                              /usr/lib/gcc/arm-none-eabi/8.3.1/../../../arm-none-eabi/lib/thumb/v6-m/nofp/libg.a(lib_a-fflush.o) (_global_impure_ptr)
/usr/lib/gcc/arm-none-eabi/8.3.1/../../../arm-none-eabi/lib/thumb/v6-m/nofp/libg.a(lib_a-init.o)
                              /usr/lib/gcc/arm-none-eabi/8.3.1/../../../arm-none-eabi/lib/thumb/v6-m/nofp/crt0.o (__libc_init_array)
/usr/lib/gcc/arm-none-eabi/8.3.1/../../../arm-none-eabi/lib/thumb/v6-m/nofp/libg.a(lib_a-malloc.o)
                              CMakeFiles/tinyusb_host_cdc_msc_hid.dir/home/boemmelsebastian/pico/pico-sdk/src/rp2_common/pico_malloc/pico_malloc.c.obj (malloc)
/usr/lib/gcc/arm-none-eabi/8.3.1/../../../arm-none-eabi/lib/thumb/v6-m/nofp/libg.a(lib_a-mallocr.o)
                              /usr/lib/gcc/arm-none-eabi/8.3.1/../../../arm-none-eabi/lib/thumb/v6-m/nofp/libg.a(lib_a-callocr.o) (_malloc_r)
/usr/lib/gcc/arm-none-eabi/8.3.1/../../../arm-none-eabi/lib/thumb/v6-m/nofp/libg.a(lib_a-mlock.o)
                              /usr/lib/gcc/arm-none-eabi/8.3.1/../../../arm-none-eabi/lib/thumb/v6-m/nofp/libg.a(lib_a-freer.o) (__malloc_lock)
/usr/lib/gcc/arm-none-eabi/8.3.1/../../../arm-none-eabi/lib/thumb/v6-m/nofp/libg.a(lib_a-sbrkr.o)
                              /usr/lib/gcc/arm-none-eabi/8.3.1/../../../arm-none-eabi/lib/thumb/v6-m/nofp/libg.a(lib_a-freer.o) (_sbrk_r)
/usr/lib/gcc/arm-none-eabi/8.3.1/../../../arm-none-eabi/lib/thumb/v6-m/nofp/libg.a(lib_a-stdio.o)
                              /usr/lib/gcc/arm-none-eabi/8.3.1/../../../arm-none-eabi/lib/thumb/v6-m/nofp/libg.a(lib_a-findfp.o) (__sread)
/usr/lib/gcc/arm-none-eabi/8.3.1/../../../arm-none-eabi/lib/thumb/v6-m/nofp/libg.a(lib_a-strlen-stub.o)
                              CMakeFiles/tinyusb_host_cdc_msc_hid.dir/home/boemmelsebastian/pico/pico-sdk/src/rp2_common/pico_stdio/stdio.c.obj (strlen)
/usr/lib/gcc/arm-none-eabi/8.3.1/../../../arm-none-eabi/lib/thumb/v6-m/nofp/libg.a(lib_a-writer.o)
                              /usr/lib/gcc/arm-none-eabi/8.3.1/../../../arm-none-eabi/lib/thumb/v6-m/nofp/libg.a(lib_a-stdio.o) (_write_r)
/usr/lib/gcc/arm-none-eabi/8.3.1/../../../arm-none-eabi/lib/thumb/v6-m/nofp/libg.a(lib_a-__atexit.o)
                              /usr/lib/gcc/arm-none-eabi/8.3.1/../../../arm-none-eabi/lib/thumb/v6-m/nofp/libg.a(lib_a-atexit.o) (__register_exitproc)
/usr/lib/gcc/arm-none-eabi/8.3.1/../../../arm-none-eabi/lib/thumb/v6-m/nofp/libg.a(lib_a-closer.o)
[...]
Memory Configuration

Name             Origin             Length             Attributes
FLASH            0x0000000010000000 0x0000000000200000 xr
RAM              0x0000000020000000 0x0000000000040000 xrw
SCRATCH_X        0x0000000020040000 0x0000000000001000 xrw
SCRATCH_Y        0x0000000020041000 0x0000000000001000 xrw
*default*        0x0000000000000000 0xffffffffffffffff

Linker script and memory map

LOAD /usr/lib/gcc/arm-none-eabi/8.3.1/thumb/v6-m/nofp/crti.o
LOAD /usr/lib/gcc/arm-none-eabi/8.3.1/thumb/v6-m/nofp/crtbegin.o
LOAD /usr/lib/gcc/arm-none-eabi/8.3.1/../../../arm-none-eabi/lib/thumb/v6-m/nofp/crt0.o

.flash_begin    0x0000000010000000        0x0
                0x0000000010000000                __flash_binary_start = .

.boot2          0x0000000010000000      0x100
                0x0000000010000000                __boot2_start__ = .
 *(.boot2)
 .boot2         0x0000000010000000      0x100 /tmp/ccjovMa2.o
                0x0000000010000100                __boot2_end__ = .
                0x0000000000000001                ASSERT (((__boot2_end__ - __boot2_start__) == 0x100), ERROR: Pico second stage bootloader must be 256 bytes in size)

.text           0x0000000010000100     0x8828
                0x0000000010000100                __logical_binary_start = .
 *(.vectors)
 .vectors       0x0000000010000100       0xd4 CMakeFiles/tinyusb_host_cdc_msc_hid.dir/home/boemmelsebastian/pico/pico-sdk/src/rp2_common/pico_standard_link/crt0.S.obj
                0x0000000010000100                __vectors
                0x0000000010000100                __VECTOR_TABLE
                0x00000000100001c0                isr_invalid
                0x00000000100001c0                __default_isrs_start
                0x00000000100001c2                isr_nmi
                0x00000000100001c4                isr_hardfault
                0x00000000100001c6                isr_svcall
                0x00000000100001c8                isr_pendsv
                0x00000000100001ca                isr_systick
                0x00000000100001cc                isr_irq30
                0x00000000100001cc                __unhandled_user_irq
                0x00000000100001cc                isr_irq13
                0x00000000100001cc                isr_irq27
                0x00000000100001cc                isr_irq31
                0x00000000100001cc                isr_irq5
                0x00000000100001cc                isr_irq11
                0x00000000100001cc                isr_irq23
                0x00000000100001cc                isr_irq18
                0x00000000100001cc                isr_irq28
                0x00000000100001cc                isr_irq19
                0x00000000100001cc                isr_irq0
                0x00000000100001cc                isr_irq6
                0x00000000100001cc                isr_irq22
                0x00000000100001cc                isr_irq17
                0x00000000100001cc                isr_irq14
                0x00000000100001cc                isr_irq2
                0x00000000100001cc                isr_irq10
                0x00000000100001cc                isr_irq8
                0x00000000100001cc                isr_irq24
                0x00000000100001cc                isr_irq1
                0x00000000100001cc                isr_irq7
                0x00000000100001cc                isr_irq21
                0x00000000100001cc                isr_irq20
                0x00000000100001cc                isr_irq15
                0x00000000100001cc                isr_irq25
                0x00000000100001cc                isr_irq4
                0x00000000100001cc                isr_irq16
                0x00000000100001cc                isr_irq29
                0x00000000100001cc                isr_irq26
                0x00000000100001cc                __default_isrs_end
                0x00000000100001cc                isr_irq3
                0x00000000100001cc                isr_irq12
                0x00000000100001cc                isr_irq9
                0x00000000100001d2                unhandled_user_irq_num_in_r0
 *(.binary_info_header)
 .binary_info_header
                0x00000000100001d4       0x14 CMakeFiles/tinyusb_host_cdc_msc_hid.dir/home/boemmelsebastian/pico/pico-sdk/src/rp2_common/pico_standard_link/crt0.S.obj
                0x00000000100001e8                __binary_info_header_end = .
 *(.reset)
 .reset         0x00000000100001e8       0xa8 CMakeFiles/tinyusb_host_cdc_msc_hid.dir/home/boemmelsebastian/pico/pico-sdk/src/rp2_common/pico_standard_link/crt0.S.obj
                0x00000000100001e8                _entry_point
                0x0000000010000266                __get_current_exception
 .reset         0x0000000010000290       0x30 CMakeFiles/tinyusb_host_cdc_msc_hid.dir/home/boemmelsebastian/pico/pico-sdk/src/rp2_common/pico_standard_link/binary_info.c.obj
 *(.init)
 .init          0x00000000100002c0        0x4 /usr/lib/gcc/arm-none-eabi/8.3.1/thumb/v6-m/nofp/crti.o
                0x00000000100002c0                _init
 *(EXCLUDE_FILE(*libm.a: *libc.a:*lib_a-mem*.o *libgcc.a:) .text*)
 .text          0x00000000100002c4       0x98 /usr/lib/gcc/arm-none-eabi/8.3.1/thumb/v6-m/nofp/crtbegin.o
 .text.process_kbd_report
                0x000000001000035c       0x84 CMakeFiles/tinyusb_host_cdc_msc_hid.dir/src/hid_app.c.obj
 .text.hid_app_task
                0x00000000100003e0        0x2 CMakeFiles/tinyusb_host_cdc_msc_hid.dir/src/hid_app.c.obj
                0x00000000100003e0                hid_app_task
 *fill*         0x00000000100003e2        0x2 
 .text.tuh_hid_mount_cb
                0x00000000100003e4       0x90 CMakeFiles/tinyusb_host_cdc_msc_hid.dir/src/hid_app.c.obj
                0x00000000100003e4                tuh_hid_mount_cb
 .text.tuh_hid_umount_cb
                0x0000000010000474       0x14 CMakeFiles/tinyusb_host_cdc_msc_hid.dir/src/hid_app.c.obj
                0x0000000010000474                tuh_hid_umount_cb
 .text.cursor_movement
                0x0000000010000488       0x14 CMakeFiles/tinyusb_host_cdc_msc_hid.dir/src/hid_app.c.obj
                0x0000000010000488                cursor_movement
 .text.process_mouse_report
                0x000000001000049c       0x44 CMakeFiles/tinyusb_host_cdc_msc_hid.dir/src/hid_app.c.obj
 .text.process_generic_report
                0x00000000100004e0       0x88 CMakeFiles/tinyusb_host_cdc_msc_hid.dir/src/hid_app.c.obj
 .text.tuh_hid_report_received_cb
                0x0000000010000568       0x4c CMakeFiles/tinyusb_host_cdc_msc_hid.dir/src/hid_app.c.obj
                0x0000000010000568                tuh_hid_report_received_cb
 .text.tuh_mount_cb
                0x00000000100005b4       0x24 CMakeFiles/tinyusb_host_cdc_msc_hid.dir/src/main.c.obj
                0x00000000100005b4                tuh_mount_cb
 .text.tuh_umount_cb
                0x00000000100005d8       0x10 CMakeFiles/tinyusb_host_cdc_msc_hid.dir/src/main.c.obj
                0x00000000100005d8                tuh_umount_cb
 .text.tuh_cdc_xfer_isr
                0x00000000100005e8       0x28 CMakeFiles/tinyusb_host_cdc_msc_hid.dir/src/main.c.obj
                0x00000000100005e8                tuh_cdc_xfer_isr
 .text.led_blinking_task
                0x0000000010000610       0x70 CMakeFiles/tinyusb_host_cdc_msc_hid.dir/src/main.c.obj
                0x0000000010000610                led_blinking_task
 .text.main     0x0000000010000680       0x24 CMakeFiles/tinyusb_host_cdc_msc_hid.dir/src/main.c.obj
                0x0000000010000680                main
 .text.inquiry_complete_cb
                0x00000000100006a4       0x78 CMakeFiles/tinyusb_host_cdc_msc_hid.dir/src/msc_app.c.obj
                0x00000000100006a4                inquiry_complete_cb
 .text.tuh_msc_mount_cb
                0x000000001000071c       0x24 CMakeFiles/tinyusb_host_cdc_msc_hid.dir/src/msc_app.c.obj
                0x000000001000071c                tuh_msc_mount_cb
 .text.tuh_msc_umount_cb
                0x0000000010000740       0x10 CMakeFiles/tinyusb_host_cdc_msc_hid.dir/src/msc_app.c.obj
                0x0000000010000740                tuh_msc_umount_cb
 .text.gpio_set_function
                0x0000000010000750       0x30 CMakeFiles/tinyusb_host_cdc_msc_hid.dir/home/boemmelsebastian/pico/pico-sdk/src/rp2_common/hardware_gpio/gpio.c.obj
                0x0000000010000750                gpio_set_function
 .text.gpio_init
                0x0000000010000780       0x16 CMakeFiles/tinyusb_host_cdc_msc_hid.dir/home/boemmelsebastian/pico/pico-sdk/src/rp2_common/hardware_gpio/gpio.c.obj
                0x0000000010000780                gpio_init
 *fill*         0x0000000010000796        0x2 
 .text.hw_claim_lock
                0x0000000010000798       0x18 CMakeFiles/tinyusb_host_cdc_msc_hid.dir/home/boemmelsebastian/pico/pico-sdk/src/rp2_common/hardware_claim/claim.c.obj
                0x0000000010000798                hw_claim_lock
 .text.hw_claim_unlock
                0x00000000100007b0       0x14 CMakeFiles/tinyusb_host_cdc_msc_hid.dir/home/boemmelsebastian/pico/pico-sdk/src/rp2_common/hardware_claim/claim.c.obj
                0x00000000100007b0                hw_claim_unlock
 .text.hw_claim_or_assert
                0x00000000100007c4       0x32 CMakeFiles/tinyusb_host_cdc_msc_hid.dir/home/boemmelsebastian/pico/pico-sdk/src/rp2_common/hardware_claim/claim.c.obj
                0x00000000100007c4                hw_claim_or_assert
 .text.hw_claim_unused_from_range
                0x00000000100007f6       0x50 CMakeFiles/tinyusb_host_cdc_msc_hid.dir/home/boemmelsebastian/pico/pico-sdk/src/rp2_common/hardware_claim/claim.c.obj
                0x00000000100007f6                hw_claim_unused_from_range
 *fill*         0x0000000010000846        0x2 
 .text.running_on_fpga
                0x0000000010000848       0x14 CMakeFiles/tinyusb_host_cdc_msc_hid.dir/home/boemmelsebastian/pico/pico-sdk/src/rp2_common/pico_platform/platform.c.obj
                0x0000000010000848                running_on_fpga
 .text.spin_locks_reset
                0x000000001000085c       0x20 CMakeFiles/tinyusb_host_cdc_msc_hid.dir/home/boemmelsebastian/pico/pico-sdk/src/rp2_common/hardware_sync/sync.c.obj
                0x000000001000085c                spin_locks_reset
 .text.next_striped_spin_lock_num
                0x000000001000087c       0x1c CMakeFiles/tinyusb_host_cdc_msc_hid.dir/home/boemmelsebastian/pico/pico-sdk/src/rp2_common/hardware_sync/sync.c.obj
                0x000000001000087c                next_striped_spin_lock_num
 .text.spin_lock_claim_unused
                0x0000000010000898       0x20 CMakeFiles/tinyusb_host_cdc_msc_hid.dir/home/boemmelsebastian/pico/pico-sdk/src/rp2_common/hardware_sync/sync.c.obj
                0x0000000010000898                spin_lock_claim_unused
 .text.uart_set_baudrate
                0x00000000100008b8       0x5c CMakeFiles/tinyusb_host_cdc_msc_hid.dir/home/boemmelsebastian/pico/pico-sdk/src/rp2_common/hardware_uart/uart.c.obj
                0x00000000100008b8                uart_set_baudrate
 .text.uart_set_translate_crlf
                0x0000000010000914       0x28 CMakeFiles/tinyusb_host_cdc_msc_hid.dir/home/boemmelsebastian/pico/pico-sdk/src/rp2_common/hardware_uart/uart.c.obj
                0x0000000010000914                uart_set_translate_crlf
 .text.uart_init
                0x000000001000093c       0x80 CMakeFiles/tinyusb_host_cdc_msc_hid.dir/home/boemmelsebastian/pico/pico-sdk/src/rp2_common/hardware_uart/uart.c.obj
                0x000000001000093c                uart_init
 .text.sleep_until_callback
                0x00000000100009bc       0x30 CMakeFiles/tinyusb_host_cdc_msc_hid.dir/home/boemmelsebastian/pico/pico-sdk/src/common/pico_time/time.c.obj
 .text.alarm_pool_post_alloc_init
                0x00000000100009ec       0x40 CMakeFiles/tinyusb_host_cdc_msc_hid.dir/home/boemmelsebastian/pico/pico-sdk/src/common/pico_time/time.c.obj
 .text.timer_pool_entry_comparator
                0x0000000010000a2c       0x7c CMakeFiles/tinyusb_host_cdc_msc_hid.dir/home/boemmelsebastian/pico/pico-sdk/src/common/pico_time/time.c.obj
                0x0000000010000a2c                timer_pool_entry_comparator
 .text.ph_add_child_node
                0x0000000010000aa8       0xa4 CMakeFiles/tinyusb_host_cdc_msc_hid.dir/home/boemmelsebastian/pico/pico-sdk/src/common/pico_time/time.c.obj
 .text.ph_merge_nodes
                0x0000000010000b4c       0x3e CMakeFiles/tinyusb_host_cdc_msc_hid.dir/home/boemmelsebastian/pico/pico-sdk/src/common/pico_time/time.c.obj
 *fill*         0x0000000010000b8a        0x2 
 .text.add_alarm_under_lock
                0x0000000010000b8c      0x180 CMakeFiles/tinyusb_host_cdc_msc_hid.dir/home/boemmelsebastian/pico/pico-sdk/src/common/pico_time/time.c.obj
 .text.alarm_pool_alarm_callback
                0x0000000010000d0c      0x328 CMakeFiles/tinyusb_host_cdc_msc_hid.dir/home/boemmelsebastian/pico/pico-sdk/src/common/pico_time/time.c.obj
 .text.alarm_pool_init_default
                0x0000000010001034       0x38 CMakeFiles/tinyusb_host_cdc_msc_hid.dir/home/boemmelsebastian/pico/pico-sdk/src/common/pico_time/time.c.obj
                0x0000000010001034                alarm_pool_init_default
 .text.alarm_pool_get_default
                0x000000001000106c       0x2c CMakeFiles/tinyusb_host_cdc_msc_hid.dir/home/boemmelsebastian/pico/pico-sdk/src/common/pico_time/time.c.obj
                0x000000001000106c                alarm_pool_get_default
 .text.alarm_pool_add_alarm_at
                0x0000000010001098      0x154 CMakeFiles/tinyusb_host_cdc_msc_hid.dir/home/boemmelsebastian/pico/pico-sdk/src/common/pico_time/time.c.obj
                0x0000000010001098                alarm_pool_add_alarm_at
 .text.alarm_pool_cancel_alarm
                0x00000000100011ec       0xec CMakeFiles/tinyusb_host_cdc_msc_hid.dir/home/boemmelsebastian/pico/pico-sdk/src/common/pico_time/time.c.obj
                0x00000000100011ec                alarm_pool_cancel_alarm
 .text.sleep_until
                0x00000000100012d8       0xf8 CMakeFiles/tinyusb_host_cdc_msc_hid.dir/home/boemmelsebastian/pico/pico-sdk/src/common/pico_time/time.c.obj
                0x00000000100012d8                sleep_until
 .text.sleep_us
                0x00000000100013d0       0x54 CMakeFiles/tinyusb_host_cdc_msc_hid.dir/home/boemmelsebastian/pico/pico-sdk/src/common/pico_time/time.c.obj
                0x00000000100013d0                sleep_us
 .text.sleep_ms
                0x0000000010001424       0x14 CMakeFiles/tinyusb_host_cdc_msc_hid.dir/home/boemmelsebastian/pico/pico-sdk/src/common/pico_time/time.c.obj
                0x0000000010001424                sleep_ms
 .text.best_effort_wfe_or_timeout
                0x0000000010001438       0x80 CMakeFiles/tinyusb_host_cdc_msc_hid.dir/home/boemmelsebastian/pico/pico-sdk/src/common/pico_time/time.c.obj
                0x0000000010001438                best_effort_wfe_or_timeout
 .text.hardware_alarm_irq_handler
                0x00000000100014b8       0x8c CMakeFiles/tinyusb_host_cdc_msc_hid.dir/home/boemmelsebastian/pico/pico-sdk/src/rp2_common/hardware_timer/timer.c.obj
 .text.hardware_alarm_claim
                0x0000000010001544       0x18 CMakeFiles/tinyusb_host_cdc_msc_hid.dir/home/boemmelsebastian/pico/pico-sdk/src/rp2_common/hardware_timer/timer.c.obj
                0x0000000010001544                hardware_alarm_claim
 .text.time_us_64
                0x000000001000155c       0x18 CMakeFiles/tinyusb_host_cdc_msc_hid.dir/home/boemmelsebastian/pico/pico-sdk/src/rp2_common/hardware_timer/timer.c.obj
                0x000000001000155c                time_us_64
 .text.busy_wait_until
                0x0000000010001574       0x24 CMakeFiles/tinyusb_host_cdc_msc_hid.dir/home/boemmelsebastian/pico/pico-sdk/src/rp2_common/hardware_timer/timer.c.obj
                0x0000000010001574                busy_wait_until
 .text.busy_wait_us
                0x0000000010001598       0x48 CMakeFiles/tinyusb_host_cdc_msc_hid.dir/home/boemmelsebastian/pico/pico-sdk/src/rp2_common/hardware_timer/timer.c.obj
                0x0000000010001598                busy_wait_us
 .text.hardware_alarm_set_callback
                0x00000000100015e0       0x90 CMakeFiles/tinyusb_host_cdc_msc_hid.dir/home/boemmelsebastian/pico/pico-sdk/src/rp2_common/hardware_timer/timer.c.obj
                0x00000000100015e0                hardware_alarm_set_callback
 .text.hardware_alarm_set_target
                0x0000000010001670       0xe8 CMakeFiles/tinyusb_host_cdc_msc_hid.dir/home/boemmelsebastian/pico/pico-sdk/src/rp2_common/hardware_timer/timer.c.obj
                0x0000000010001670                hardware_alarm_set_target
 .text.hardware_alarm_cancel
                0x0000000010001758       0x40 CMakeFiles/tinyusb_host_cdc_msc_hid.dir/home/boemmelsebastian/pico/pico-sdk/src/rp2_common/hardware_timer/timer.c.obj
                0x0000000010001758                hardware_alarm_cancel
 .text.lock_init
                0x0000000010001798       0x10 CMakeFiles/tinyusb_host_cdc_msc_hid.dir/home/boemmelsebastian/pico/pico-sdk/src/common/pico_sync/lock_core.c.obj
                0x0000000010001798                lock_init
 .text.mutex_init
                0x00000000100017a8       0x1a CMakeFiles/tinyusb_host_cdc_msc_hid.dir/home/boemmelsebastian/pico/pico-sdk/src/common/pico_sync/mutex.c.obj
                0x00000000100017a8                mutex_init
 .text.recursive_mutex_init
                0x00000000100017c2       0x1e CMakeFiles/tinyusb_host_cdc_msc_hid.dir/home/boemmelsebastian/pico/pico-sdk/src/common/pico_sync/mutex.c.obj
                0x00000000100017c2                recursive_mutex_init
 .text.critical_section_init_with_lock_num
                0x00000000100017e0       0x14 CMakeFiles/tinyusb_host_cdc_msc_hid.dir/home/boemmelsebastian/pico/pico-sdk/src/common/pico_sync/critical_section.c.obj
                0x00000000100017e0                critical_section_init_with_lock_num
 .text.critical_section_init
                0x00000000100017f4       0x14 CMakeFiles/tinyusb_host_cdc_msc_hid.dir/home/boemmelsebastian/pico/pico-sdk/src/common/pico_sync/critical_section.c.obj
                0x00000000100017f4                critical_section_init
 .text.ph_add_child_node
                0x0000000010001808       0xa4 CMakeFiles/tinyusb_host_cdc_msc_hid.dir/home/boemmelsebastian/pico/pico-sdk/src/common/pico_util/pheap.c.obj
 .text.ph_merge_nodes
                0x00000000100018ac       0x3e CMakeFiles/tinyusb_host_cdc_msc_hid.dir/home/boemmelsebastian/pico/pico-sdk/src/common/pico_util/pheap.c.obj
 *fill*         0x00000000100018ea        0x2 
 .text.ph_clear
                0x00000000100018ec       0x70 CMakeFiles/tinyusb_host_cdc_msc_hid.dir/home/boemmelsebastian/pico/pico-sdk/src/common/pico_util/pheap.c.obj
                0x00000000100018ec                ph_clear
 .text.ph_post_alloc_init
                0x000000001000195c        0xe CMakeFiles/tinyusb_host_cdc_msc_hid.dir/home/boemmelsebastian/pico/pico-sdk/src/common/pico_util/pheap.c.obj
                0x000000001000195c                ph_post_alloc_init
 *fill*         0x000000001000196a        0x2 
 .text.ph_merge_two_pass
                0x000000001000196c       0xac CMakeFiles/tinyusb_host_cdc_msc_hid.dir/home/boemmelsebastian/pico/pico-sdk/src/common/pico_util/pheap.c.obj
                0x000000001000196c                ph_merge_two_pass
 .text.ph_remove_any_head
                0x0000000010001a18      0x108 CMakeFiles/tinyusb_host_cdc_msc_hid.dir/home/boemmelsebastian/pico/pico-sdk/src/common/pico_util/pheap.c.obj
 .text.ph_remove_head
                0x0000000010001b20       0x14 CMakeFiles/tinyusb_host_cdc_msc_hid.dir/home/boemmelsebastian/pico/pico-sdk/src/common/pico_util/pheap.c.obj
                0x0000000010001b20                ph_remove_head
 .text.ph_remove_and_free_node
                0x0000000010001b34       0xf8 CMakeFiles/tinyusb_host_cdc_msc_hid.dir/home/boemmelsebastian/pico/pico-sdk/src/common/pico_util/pheap.c.obj
                0x0000000010001b34                ph_remove_and_free_node
 .text._exit    0x0000000010001c2c        0x4 CMakeFiles/tinyusb_host_cdc_msc_hid.dir/home/boemmelsebastian/pico/pico-sdk/src/rp2_common/pico_runtime/runtime.c.obj
                0x0000000010001c2c                _exit
 .text._sbrk    0x0000000010001c30       0x38 CMakeFiles/tinyusb_host_cdc_msc_hid.dir/home/boemmelsebastian/pico/pico-sdk/src/rp2_common/pico_runtime/runtime.c.obj
                0x0000000010001c30                _sbrk
 .text.exit     0x0000000010001c68        0x6 CMakeFiles/tinyusb_host_cdc_msc_hid.dir/home/boemmelsebastian/pico/pico-sdk/src/rp2_common/pico_runtime/runtime.c.obj
                0x0000000010001c68                exit
 *fill*         0x0000000010001c6e        0x2 
 .text.__assert_func
                0x0000000010001c70       0x3c CMakeFiles/tinyusb_host_cdc_msc_hid.dir/home/boemmelsebastian/pico/pico-sdk/src/rp2_common/pico_runtime/runtime.c.obj
                0x0000000010001c70                __assert_func
 .text.runtime_init
                0x0000000010001cac       0xf8 CMakeFiles/tinyusb_host_cdc_msc_hid.dir/home/boemmelsebastian/pico/pico-sdk/src/rp2_common/pico_runtime/runtime.c.obj
                0x0000000010001cac                runtime_init
 .text.panic    0x0000000010001da4       0x30 CMakeFiles/tinyusb_host_cdc_msc_hid.dir/home/boemmelsebastian/pico/pico-sdk/src/rp2_common/pico_runtime/runtime.c.obj
                0x0000000010001da4                panic
 .text.clock_configure
                0x0000000010001dd4       0xfc CMakeFiles/tinyusb_host_cdc_msc_hid.dir/home/boemmelsebastian/pico/pico-sdk/src/rp2_common/hardware_clocks/clocks.c.obj
                0x0000000010001dd4                clock_configure
 .text.clocks_init
                0x0000000010001ed0      0x100 CMakeFiles/tinyusb_host_cdc_msc_hid.dir/home/boemmelsebastian/pico/pico-sdk/src/rp2_common/hardware_clocks/clocks.c.obj
                0x0000000010001ed0                clocks_init
 .text.clock_get_hz
                0x0000000010001fd0        0xc CMakeFiles/tinyusb_host_cdc_msc_hid.dir/home/boemmelsebastian/pico/pico-sdk/src/rp2_common/hardware_clocks/clocks.c.obj
                0x0000000010001fd0                clock_get_hz
 .text.set_raw_irq_handler_and_unlock
                0x0000000010001fdc       0x28 CMakeFiles/tinyusb_host_cdc_msc_hid.dir/home/boemmelsebastian/pico/pico-sdk/src/rp2_common/hardware_irq/irq.c.obj
 .text.make_branch
                0x0000000010002004       0x48 CMakeFiles/tinyusb_host_cdc_msc_hid.dir/home/boemmelsebastian/pico/pico-sdk/src/rp2_common/hardware_irq/irq.c.obj
 .text.insert_branch_and_link
                0x000000001000204c       0x40 CMakeFiles/tinyusb_host_cdc_msc_hid.dir/home/boemmelsebastian/pico/pico-sdk/src/rp2_common/hardware_irq/irq.c.obj
 .text.irq_is_enabled
                0x000000001000208c       0x18 CMakeFiles/tinyusb_host_cdc_msc_hid.dir/home/boemmelsebastian/pico/pico-sdk/src/rp2_common/hardware_irq/irq.c.obj
                0x000000001000208c                irq_is_enabled
 .text.irq_set_mask_enabled
                0x00000000100020a4       0x20 CMakeFiles/tinyusb_host_cdc_msc_hid.dir/home/boemmelsebastian/pico/pico-sdk/src/rp2_common/hardware_irq/irq.c.obj
                0x00000000100020a4                irq_set_mask_enabled
 .text.irq_set_enabled
                0x00000000100020c4        0xe CMakeFiles/tinyusb_host_cdc_msc_hid.dir/home/boemmelsebastian/pico/pico-sdk/src/rp2_common/hardware_irq/irq.c.obj
                0x00000000100020c4                irq_set_enabled
 *fill*         0x00000000100020d2        0x2 
 .text.irq_get_vtable_handler
                0x00000000100020d4       0x10 CMakeFiles/tinyusb_host_cdc_msc_hid.dir/home/boemmelsebastian/pico/pico-sdk/src/rp2_common/hardware_irq/irq.c.obj
                0x00000000100020d4                irq_get_vtable_handler
 .text.irq_set_exclusive_handler
                0x00000000100020e4       0x54 CMakeFiles/tinyusb_host_cdc_msc_hid.dir/home/boemmelsebastian/pico/pico-sdk/src/rp2_common/hardware_irq/irq.c.obj
                0x00000000100020e4                irq_set_exclusive_handler
 .text.irq_remove_handler
                0x0000000010002138      0x1a0 CMakeFiles/tinyusb_host_cdc_msc_hid.dir/home/boemmelsebastian/pico/pico-sdk/src/rp2_common/hardware_irq/irq.c.obj
                0x0000000010002138                irq_remove_handler
 .text.irq_add_tail_to_free_list
                0x00000000100022d8       0xf0 CMakeFiles/tinyusb_host_cdc_msc_hid.dir/home/boemmelsebastian/pico/pico-sdk/src/rp2_common/hardware_irq/irq.c.obj
                0x00000000100022d8                irq_add_tail_to_free_list
 .text.irq_init_priorities
                0x00000000100023c8       0x1c CMakeFiles/tinyusb_host_cdc_msc_hid.dir/home/boemmelsebastian/pico/pico-sdk/src/rp2_common/hardware_irq/irq.c.obj
                0x00000000100023c8                irq_init_priorities
 .text.pll_init
                0x00000000100023e4      0x11c CMakeFiles/tinyusb_host_cdc_msc_hid.dir/home/boemmelsebastian/pico/pico-sdk/src/rp2_common/hardware_pll/pll.c.obj
                0x00000000100023e4                pll_init
 .text.watchdog_start_tick
                0x0000000010002500       0x10 CMakeFiles/tinyusb_host_cdc_msc_hid.dir/home/boemmelsebastian/pico/pico-sdk/src/rp2_common/hardware_watchdog/watchdog.c.obj
                0x0000000010002500                watchdog_start_tick
 .text.xosc_init
                0x0000000010002510       0x28 CMakeFiles/tinyusb_host_cdc_msc_hid.dir/home/boemmelsebastian/pico/pico-sdk/src/rp2_common/hardware_xosc/xosc.c.obj
                0x0000000010002510                xosc_init
 .text._out_null
                0x0000000010002538        0x2 CMakeFiles/tinyusb_host_cdc_msc_hid.dir/home/boemmelsebastian/pico/pico-sdk/src/rp2_common/pico_printf/printf.c.obj
 .text._out_fct
                0x000000001000253a        0xe CMakeFiles/tinyusb_host_cdc_msc_hid.dir/home/boemmelsebastian/pico/pico-sdk/src/rp2_common/pico_printf/printf.c.obj
 .text._atoi    0x0000000010002548       0x28 CMakeFiles/tinyusb_host_cdc_msc_hid.dir/home/boemmelsebastian/pico/pico-sdk/src/rp2_common/pico_printf/printf.c.obj
 .text._out_rev
                0x0000000010002570       0x8c CMakeFiles/tinyusb_host_cdc_msc_hid.dir/home/boemmelsebastian/pico/pico-sdk/src/rp2_common/pico_printf/printf.c.obj
 .text._ntoa_format
                0x00000000100025fc      0x10c CMakeFiles/tinyusb_host_cdc_msc_hid.dir/home/boemmelsebastian/pico/pico-sdk/src/rp2_common/pico_printf/printf.c.obj
 .text._ntoa_long
                0x0000000010002708       0xb0 CMakeFiles/tinyusb_host_cdc_msc_hid.dir/home/boemmelsebastian/pico/pico-sdk/src/rp2_common/pico_printf/printf.c.obj
 .text._ntoa_long_long
                0x00000000100027b8       0xe6 CMakeFiles/tinyusb_host_cdc_msc_hid.dir/home/boemmelsebastian/pico/pico-sdk/src/rp2_common/pico_printf/printf.c.obj
 *fill*         0x000000001000289e        0x2 
 .text._etoa    0x00000000100028a0      0x408 CMakeFiles/tinyusb_host_cdc_msc_hid.dir/home/boemmelsebastian/pico/pico-sdk/src/rp2_common/pico_printf/printf.c.obj
 .text._ftoa    0x0000000010002ca8      0x344 CMakeFiles/tinyusb_host_cdc_msc_hid.dir/home/boemmelsebastian/pico/pico-sdk/src/rp2_common/pico_printf/printf.c.obj
 .text._vsnprintf
                0x0000000010002fec      0x61c CMakeFiles/tinyusb_host_cdc_msc_hid.dir/home/boemmelsebastian/pico/pico-sdk/src/rp2_common/pico_printf/printf.c.obj
 .text.vfctprintf
                0x0000000010003608       0x20 CMakeFiles/tinyusb_host_cdc_msc_hid.dir/home/boemmelsebastian/pico/pico-sdk/src/rp2_common/pico_printf/printf.c.obj
                0x0000000010003608                vfctprintf
 .text          0x0000000010003628       0x10 CMakeFiles/tinyusb_host_cdc_msc_hid.dir/home/boemmelsebastian/pico/pico-sdk/src/rp2_common/pico_bit_ops/bit_ops_aeabi.S.obj
 .text.rom_func_lookup
                0x0000000010003638       0x10 CMakeFiles/tinyusb_host_cdc_msc_hid.dir/home/boemmelsebastian/pico/pico-sdk/src/rp2_common/pico_bootrom/bootrom.c.obj
                0x0000000010003638                rom_func_lookup
 .text.rom_data_lookup
                0x0000000010003648       0x10 CMakeFiles/tinyusb_host_cdc_msc_hid.dir/home/boemmelsebastian/pico/pico-sdk/src/rp2_common/pico_bootrom/bootrom.c.obj
                0x0000000010003648                rom_data_lookup
 .text.rom_funcs_lookup
                0x0000000010003658       0x36 CMakeFiles/tinyusb_host_cdc_msc_hid.dir/home/boemmelsebastian/pico/pico-sdk/src/rp2_common/pico_bootrom/bootrom.c.obj
                0x0000000010003658                rom_funcs_lookup
 *fill*         0x000000001000368e        0x2 
 .text.__wrap___aeabi_idiv
                0x0000000010003690       0x50 CMakeFiles/tinyusb_host_cdc_msc_hid.dir/home/boemmelsebastian/pico/pico-sdk/src/rp2_common/pico_divider/divider.S.obj
                0x0000000010003690                __wrap___aeabi_idivmod
                0x0000000010003690                divmod_s32s32
                0x0000000010003690                div_s32s32
                0x0000000010003690                __wrap___aeabi_idiv
                0x0000000010003698                divmod_s32s32_unsafe
                0x00000000100036c4                divmod_s32s32_savestate
 .text.__wrap___aeabi_uidiv
                0x00000000100036e0       0x4c CMakeFiles/tinyusb_host_cdc_msc_hid.dir/home/boemmelsebastian/pico/pico-sdk/src/rp2_common/pico_divider/divider.S.obj
                0x00000000100036e0                __wrap___aeabi_uidiv
                0x00000000100036e0                __wrap___aeabi_uidivmod
                0x00000000100036e0                div_u32u32
                0x00000000100036e0                divmod_u32u32
                0x00000000100036e8                divmod_u32u32_unsafe
                0x0000000010003710                divmod_u32u32_savestate
 .text.__wrap___aeabi_ldiv
                0x000000001000372c      0x434 CMakeFiles/tinyusb_host_cdc_msc_hid.dir/home/boemmelsebastian/pico/pico-sdk/src/rp2_common/pico_divider/divider.S.obj
                0x000000001000372c                div_s64s64
                0x000000001000372c                divmod_s64s64
                0x000000001000372c                __wrap___aeabi_ldivmod
                0x0000000010003764                div_u64u64
                0x0000000010003764                divmod_u64u64
                0x0000000010003764                __wrap___aeabi_uldivmod
                0x0000000010003774                divmod_u64u64_savestate
                0x000000001000379c                divmod_s64s64_unsafe
                0x0000000010003824                divmod_u64u64_unsafe
 .text.__wrap___aeabi_darithmetic
                0x0000000010003b60       0x80 CMakeFiles/tinyusb_host_cdc_msc_hid.dir/home/boemmelsebastian/pico/pico-sdk/src/rp2_common/pico_double/double_aeabi.S.obj
                0x0000000010003b60                __wrap___aeabi_drsub
                0x0000000010003b66                __wrap___aeabi_dsub
                0x0000000010003b78                __wrap___aeabi_dadd
                0x0000000010003b8a                __wrap___aeabi_ddiv
                0x0000000010003bc6                __wrap___aeabi_dmul
 .text.__wrap___aeabi_cdcmple
                0x0000000010003be0       0x6c CMakeFiles/tinyusb_host_cdc_msc_hid.dir/home/boemmelsebastian/pico/pico-sdk/src/rp2_common/pico_double/double_aeabi.S.obj
                0x0000000010003be0                __wrap___aeabi_cdrcmple
                0x0000000010003bf0                __wrap___aeabi_cdcmple
                0x0000000010003bf0                __wrap___aeabi_cdcmpeq
 .text.__wrap___aeabi_dcmplt
                0x0000000010003c4c        0xc CMakeFiles/tinyusb_host_cdc_msc_hid.dir/home/boemmelsebastian/pico/pico-sdk/src/rp2_common/pico_double/double_aeabi.S.obj
                0x0000000010003c4c                __wrap___aeabi_dcmplt
 .text.__wrap___aeabi_dcmple
                0x0000000010003c58       0x10 CMakeFiles/tinyusb_host_cdc_msc_hid.dir/home/boemmelsebastian/pico/pico-sdk/src/rp2_common/pico_double/double_aeabi.S.obj
                0x0000000010003c58                __wrap___aeabi_dcmple
 .text.__wrap___aeabi_dcmpge
                0x0000000010003c68       0x10 CMakeFiles/tinyusb_host_cdc_msc_hid.dir/home/boemmelsebastian/pico/pico-sdk/src/rp2_common/pico_double/double_aeabi.S.obj
                0x0000000010003c68                __wrap___aeabi_dcmpge
 .text.__wrap___aeabi_dcmpgt
                0x0000000010003c78        0xa CMakeFiles/tinyusb_host_cdc_msc_hid.dir/home/boemmelsebastian/pico/pico-sdk/src/rp2_common/pico_double/double_aeabi.S.obj
                0x0000000010003c78                __wrap___aeabi_dcmpgt
 .text.__wrap___aeabi_dcmpun
                0x0000000010003c82       0x1c CMakeFiles/tinyusb_host_cdc_msc_hid.dir/home/boemmelsebastian/pico/pico-sdk/src/rp2_common/pico_double/double_aeabi.S.obj
                0x0000000010003c82                __wrap___aeabi_dcmpun
 *fill*         0x0000000010003c9e        0x2 
 .text.__wrap___aeabi_i2d
                0x0000000010003ca0       0x38 CMakeFiles/tinyusb_host_cdc_msc_hid.dir/home/boemmelsebastian/pico/pico-sdk/src/rp2_common/pico_double/double_aeabi.S.obj
                0x0000000010003ca0                __wrap___aeabi_ui2d
                0x0000000010003ca8                __wrap___aeabi_i2d
 .text.__wrap___aeabi_d2iz
                0x0000000010003cd8       0x48 CMakeFiles/tinyusb_host_cdc_msc_hid.dir/home/boemmelsebastian/pico/pico-sdk/src/rp2_common/pico_double/double_aeabi.S.obj
                0x0000000010003cd8                __wrap___aeabi_d2iz
                0x0000000010003cd8                double2int_z
 .text.__wrap___aeabi_d2uiz
                0x0000000010003d20       0x18 CMakeFiles/tinyusb_host_cdc_msc_hid.dir/home/boemmelsebastian/pico/pico-sdk/src/rp2_common/pico_double/double_aeabi.S.obj
                0x0000000010003d20                double2uint
                0x0000000010003d20                __wrap___aeabi_d2uiz
 .text.__aeabi_double_init
                0x0000000010003d38       0xc8 CMakeFiles/tinyusb_host_cdc_msc_hid.dir/home/boemmelsebastian/pico/pico-sdk/src/rp2_common/pico_double/double_init_rom.c.obj
                0x0000000010003d38                __aeabi_double_init
 .text.double_table_shim_on_use_helper
                0x0000000010003e00       0x34 CMakeFiles/tinyusb_host_cdc_msc_hid.dir/home/boemmelsebastian/pico/pico-sdk/src/rp2_common/pico_double/double_v1_rom_shim.S.obj
                0x0000000010003e00                double_table_shim_on_use_helper
 .text.__wrap___aeabi_dsub
                0x0000000010003e34       0x10 CMakeFiles/tinyusb_host_cdc_msc_hid.dir/home/boemmelsebastian/pico/pico-sdk/src/rp2_common/pico_double/double_v1_rom_shim.S.obj
                0x0000000010003e34                drsub_shim
                0x0000000010003e3a                dsub_shim
 .text.dadd_shim
                0x0000000010003e44      0x15c CMakeFiles/tinyusb_host_cdc_msc_hid.dir/home/boemmelsebastian/pico/pico-sdk/src/rp2_common/pico_double/double_v1_rom_shim.S.obj
                0x0000000010003e44                dadd_shim
 .text.dmul_shim
                0x0000000010003fa0      0x15c CMakeFiles/tinyusb_host_cdc_msc_hid.dir/home/boemmelsebastian/pico/pico-sdk/src/rp2_common/pico_double/double_v1_rom_shim.S.obj
                0x0000000010003fa0                dmul_shim
 .text.ddiv_shim
                0x00000000100040fc      0x1b0 CMakeFiles/tinyusb_host_cdc_msc_hid.dir/home/boemmelsebastian/pico/pico-sdk/src/rp2_common/pico_double/double_v1_rom_shim.S.obj
                0x00000000100040fc                ddiv_shim
 .text.double2uint_shim
                0x00000000100042ac        0xe CMakeFiles/tinyusb_host_cdc_msc_hid.dir/home/boemmelsebastian/pico/pico-sdk/src/rp2_common/pico_double/double_v1_rom_shim.S.obj
                0x00000000100042ac                double2uint_shim
                0x00000000100042ae                double2ufix_shim
 *fill*         0x00000000100042ba        0x2 
 .text.double2uint64_shim
                0x00000000100042bc       0x70 CMakeFiles/tinyusb_host_cdc_msc_hid.dir/home/boemmelsebastian/pico/pico-sdk/src/rp2_common/pico_double/double_v1_rom_shim.S.obj
                0x00000000100042bc                double2uint64_shim
                0x00000000100042be                double2ufix64_shim
                0x00000000100042de                d2fix_a
 .text.dunpacks
                0x000000001000432c       0x3c CMakeFiles/tinyusb_host_cdc_msc_hid.dir/home/boemmelsebastian/pico/pico-sdk/src/rp2_common/pico_double/double_v1_rom_shim.S.obj
                0x000000001000432c                dunpacks
 .text.__aeabi_lmul
                0x0000000010004368       0x32 CMakeFiles/tinyusb_host_cdc_msc_hid.dir/home/boemmelsebastian/pico/pico-sdk/src/rp2_common/pico_int64_ops/pico_int64_ops_aeabi.S.obj
                0x0000000010004368                __wrap___aeabi_lmul
 *fill*         0x000000001000439a        0x2 
 .text.__aeabi_float_init
                0x000000001000439c       0xfc CMakeFiles/tinyusb_host_cdc_msc_hid.dir/home/boemmelsebastian/pico/pico-sdk/src/rp2_common/pico_float/float_init_rom.c.obj
                0x000000001000439c                __aeabi_float_init
 .text.float_table_shim_on_use_helper
                0x0000000010004498       0x34 CMakeFiles/tinyusb_host_cdc_msc_hid.dir/home/boemmelsebastian/pico/pico-sdk/src/rp2_common/pico_float/float_v1_rom_shim.S.obj
                0x0000000010004498                float_table_shim_on_use_helper
 .text          0x00000000100044cc       0x10 CMakeFiles/tinyusb_host_cdc_msc_hid.dir/home/boemmelsebastian/pico/pico-sdk/src/rp2_common/pico_mem_ops/mem_ops_aeabi.S.obj
                0x00000000100044cc                __aeabi_mem_init
 .text.memset   0x00000000100044dc        0xc CMakeFiles/tinyusb_host_cdc_msc_hid.dir/home/boemmelsebastian/pico/pico-sdk/src/rp2_common/pico_mem_ops/mem_ops_aeabi.S.obj
                0x00000000100044dc                __wrap_memset
 .text.memcpy   0x00000000100044e8        0xc CMakeFiles/tinyusb_host_cdc_msc_hid.dir/home/boemmelsebastian/pico/pico-sdk/src/rp2_common/pico_mem_ops/mem_ops_aeabi.S.obj
                0x00000000100044e8                __wrap___aeabi_memcpy
                0x00000000100044e8                __wrap_memcpy
 .text.stdio_out_chars_no_crlf
                0x00000000100044f4        0xe CMakeFiles/tinyusb_host_cdc_msc_hid.dir/home/boemmelsebastian/pico/pico-sdk/src/rp2_common/pico_stdio/stdio.c.obj
 *fill*         0x0000000010004502        0x2 
 .text.stdio_out_chars_crlf
                0x0000000010004504       0x80 CMakeFiles/tinyusb_host_cdc_msc_hid.dir/home/boemmelsebastian/pico/pico-sdk/src/rp2_common/pico_stdio/stdio.c.obj
 .text.stdio_stack_buffer_flush
                0x0000000010004584       0x44 CMakeFiles/tinyusb_host_cdc_msc_hid.dir/home/boemmelsebastian/pico/pico-sdk/src/rp2_common/pico_stdio/stdio.c.obj
 .text.stdio_buffered_printer
                0x00000000100045c8       0x20 CMakeFiles/tinyusb_host_cdc_msc_hid.dir/home/boemmelsebastian/pico/pico-sdk/src/rp2_common/pico_stdio/stdio.c.obj
 .text.stdio_get_until
                0x00000000100045e8       0x7c CMakeFiles/tinyusb_host_cdc_msc_hid.dir/home/boemmelsebastian/pico/pico-sdk/src/rp2_common/pico_stdio/stdio.c.obj
 .text.stdout_serialize_begin
                0x0000000010004664       0x30 CMakeFiles/tinyusb_host_cdc_msc_hid.dir/home/boemmelsebastian/pico/pico-sdk/src/rp2_common/pico_stdio/stdio.c.obj
                0x0000000010004664                stdout_serialize_begin
 .text.stdout_serialize_end
                0x0000000010004694       0x10 CMakeFiles/tinyusb_host_cdc_msc_hid.dir/home/boemmelsebastian/pico/pico-sdk/src/rp2_common/pico_stdio/stdio.c.obj
                0x0000000010004694                stdout_serialize_end
 .text.stdio_put_string
                0x00000000100046a4       0x94 CMakeFiles/tinyusb_host_cdc_msc_hid.dir/home/boemmelsebastian/pico/pico-sdk/src/rp2_common/pico_stdio/stdio.c.obj
 .text.__wrap_putchar
                0x0000000010004738       0x1c CMakeFiles/tinyusb_host_cdc_msc_hid.dir/home/boemmelsebastian/pico/pico-sdk/src/rp2_common/pico_stdio/stdio.c.obj
                0x0000000010004738                __wrap_putchar
 .text._read    0x0000000010004754       0x24 CMakeFiles/tinyusb_host_cdc_msc_hid.dir/home/boemmelsebastian/pico/pico-sdk/src/rp2_common/pico_stdio/stdio.c.obj
                0x0000000010004754                _read
 .text._write   0x0000000010004778       0x20 CMakeFiles/tinyusb_host_cdc_msc_hid.dir/home/boemmelsebastian/pico/pico-sdk/src/rp2_common/pico_stdio/stdio.c.obj
                0x0000000010004778                _write
 .text.stdio_set_driver_enabled
                0x0000000010004798       0x2c CMakeFiles/tinyusb_host_cdc_msc_hid.dir/home/boemmelsebastian/pico/pico-sdk/src/rp2_common/pico_stdio/stdio.c.obj
                0x0000000010004798                stdio_set_driver_enabled
 .text.stdio_flush
                0x00000000100047c4       0x20 CMakeFiles/tinyusb_host_cdc_msc_hid.dir/home/boemmelsebastian/pico/pico-sdk/src/rp2_common/pico_stdio/stdio.c.obj
                0x00000000100047c4                stdio_flush
 .text.__wrap_puts
                0x00000000100047e4       0x1e CMakeFiles/tinyusb_host_cdc_msc_hid.dir/home/boemmelsebastian/pico/pico-sdk/src/rp2_common/pico_stdio/stdio.c.obj
                0x00000000100047e4                __wrap_puts
 *fill*         0x0000000010004802        0x2 
 .text.__wrap_vprintf
                0x0000000010004804       0x44 CMakeFiles/tinyusb_host_cdc_msc_hid.dir/home/boemmelsebastian/pico/pico-sdk/src/rp2_common/pico_stdio/stdio.c.obj
                0x0000000010004804                __wrap_vprintf
 .text.__wrap_printf
                0x0000000010004848       0x18 CMakeFiles/tinyusb_host_cdc_msc_hid.dir/home/boemmelsebastian/pico/pico-sdk/src/rp2_common/pico_stdio/stdio.c.obj
                0x0000000010004848                __wrap_printf
 .text.stdio_uart_out_chars
                0x0000000010004860       0x74 CMakeFiles/tinyusb_host_cdc_msc_hid.dir/home/boemmelsebastian/pico/pico-sdk/src/rp2_common/pico_stdio_uart/stdio_uart.c.obj
 .text.stdio_uart_in_chars
                0x00000000100048d4       0x54 CMakeFiles/tinyusb_host_cdc_msc_hid.dir/home/boemmelsebastian/pico/pico-sdk/src/rp2_common/pico_stdio_uart/stdio_uart.c.obj
                0x00000000100048d4                stdio_uart_in_chars
 .text.stdio_uart_init_full
                0x0000000010004928       0x3c CMakeFiles/tinyusb_host_cdc_msc_hid.dir/home/boemmelsebastian/pico/pico-sdk/src/rp2_common/pico_stdio_uart/stdio_uart.c.obj
                0x0000000010004928                stdio_uart_init_full
 .text.boot_double_tap_check
                0x0000000010004964       0x64 CMakeFiles/tinyusb_host_cdc_msc_hid.dir/home/boemmelsebastian/pico/pico-sdk/src/rp2_common/pico_bootsel_via_double_reset/pico_bootsel_via_double_reset.c.obj
 .text.board_init
                0x00000000100049c8       0x30 CMakeFiles/tinyusb_host_cdc_msc_hid.dir/home/boemmelsebastian/pico/pico-sdk/lib/tinyusb/hw/bsp/rp2040/family.c.obj
                0x00000000100049c8                board_init
 .text.board_led_write
                0x00000000100049f8       0x1c CMakeFiles/tinyusb_host_cdc_msc_hid.dir/home/boemmelsebastian/pico/pico-sdk/lib/tinyusb/hw/bsp/rp2040/family.c.obj
                0x00000000100049f8                board_led_write
 .text.get_dev_ep
                0x0000000010004a14       0x40 CMakeFiles/tinyusb_host_cdc_msc_hid.dir/home/boemmelsebastian/pico/pico-sdk/lib/tinyusb/src/portable/raspberrypi/rp2040/hcd_rp2040.c.obj
 .text._next_free_interrupt_ep
                0x0000000010004a54       0x30 CMakeFiles/tinyusb_host_cdc_msc_hid.dir/home/boemmelsebastian/pico/pico-sdk/lib/tinyusb/src/portable/raspberrypi/rp2040/hcd_rp2040.c.obj
 .text._hw_endpoint_allocate
                0x0000000010004a84       0x74 CMakeFiles/tinyusb_host_cdc_msc_hid.dir/home/boemmelsebastian/pico/pico-sdk/lib/tinyusb/src/portable/raspberrypi/rp2040/hcd_rp2040.c.obj
 .text.hw_xfer_complete
                0x0000000010004af8       0x24 CMakeFiles/tinyusb_host_cdc_msc_hid.dir/home/boemmelsebastian/pico/pico-sdk/lib/tinyusb/src/portable/raspberrypi/rp2040/hcd_rp2040.c.obj
 .text._handle_buff_status_bit
                0x0000000010004b1c       0x24 CMakeFiles/tinyusb_host_cdc_msc_hid.dir/home/boemmelsebastian/pico/pico-sdk/lib/tinyusb/src/portable/raspberrypi/rp2040/hcd_rp2040.c.obj
 .text.hw_handle_buff_status
                0x0000000010004b40       0x60 CMakeFiles/tinyusb_host_cdc_msc_hid.dir/home/boemmelsebastian/pico/pico-sdk/lib/tinyusb/src/portable/raspberrypi/rp2040/hcd_rp2040.c.obj
 .text.hw_trans_complete
                0x0000000010004ba0       0x40 CMakeFiles/tinyusb_host_cdc_msc_hid.dir/home/boemmelsebastian/pico/pico-sdk/lib/tinyusb/src/portable/raspberrypi/rp2040/hcd_rp2040.c.obj
 .text.hcd_rp2040_irq
                0x0000000010004be0       0xb8 CMakeFiles/tinyusb_host_cdc_msc_hid.dir/home/boemmelsebastian/pico/pico-sdk/lib/tinyusb/src/portable/raspberrypi/rp2040/hcd_rp2040.c.obj
 .text.hcd_init
                0x0000000010004c98       0x64 CMakeFiles/tinyusb_host_cdc_msc_hid.dir/home/boemmelsebastian/pico/pico-sdk/lib/tinyusb/src/portable/raspberrypi/rp2040/hcd_rp2040.c.obj
                0x0000000010004c98                hcd_init
 .text.hcd_port_reset
                0x0000000010004cfc       0x24 CMakeFiles/tinyusb_host_cdc_msc_hid.dir/home/boemmelsebastian/pico/pico-sdk/lib/tinyusb/src/portable/raspberrypi/rp2040/hcd_rp2040.c.obj
                0x0000000010004cfc                hcd_port_reset
 .text.hcd_port_connect_status
                0x0000000010004d20       0x38 CMakeFiles/tinyusb_host_cdc_msc_hid.dir/home/boemmelsebastian/pico/pico-sdk/lib/tinyusb/src/portable/raspberrypi/rp2040/hcd_rp2040.c.obj
                0x0000000010004d20                hcd_port_connect_status
 .text.hcd_port_speed_get
                0x0000000010004d58       0x48 CMakeFiles/tinyusb_host_cdc_msc_hid.dir/home/boemmelsebastian/pico/pico-sdk/lib/tinyusb/src/portable/raspberrypi/rp2040/hcd_rp2040.c.obj
                0x0000000010004d58                hcd_port_speed_get
 .text.need_pre
                0x0000000010004da0       0x1c CMakeFiles/tinyusb_host_cdc_msc_hid.dir/home/boemmelsebastian/pico/pico-sdk/lib/tinyusb/src/portable/raspberrypi/rp2040/hcd_rp2040.c.obj
 .text._hw_endpoint_init
                0x0000000010004dbc      0x120 CMakeFiles/tinyusb_host_cdc_msc_hid.dir/home/boemmelsebastian/pico/pico-sdk/lib/tinyusb/src/portable/raspberrypi/rp2040/hcd_rp2040.c.obj
 .text.hcd_device_close
                0x0000000010004edc        0x2 CMakeFiles/tinyusb_host_cdc_msc_hid.dir/home/boemmelsebastian/pico/pico-sdk/lib/tinyusb/src/portable/raspberrypi/rp2040/hcd_rp2040.c.obj
                0x0000000010004edc                hcd_device_close
 *fill*         0x0000000010004ede        0x2 
 .text.hcd_int_enable
                0x0000000010004ee0       0x2c CMakeFiles/tinyusb_host_cdc_msc_hid.dir/home/boemmelsebastian/pico/pico-sdk/lib/tinyusb/src/portable/raspberrypi/rp2040/hcd_rp2040.c.obj
                0x0000000010004ee0                hcd_int_enable
 .text.hcd_edpt_open
                0x0000000010004f0c       0x38 CMakeFiles/tinyusb_host_cdc_msc_hid.dir/home/boemmelsebastian/pico/pico-sdk/lib/tinyusb/src/portable/raspberrypi/rp2040/hcd_rp2040.c.obj
                0x0000000010004f0c                hcd_edpt_open
 .text.hcd_edpt_xfer
                0x0000000010004f44       0xd0 CMakeFiles/tinyusb_host_cdc_msc_hid.dir/home/boemmelsebastian/pico/pico-sdk/lib/tinyusb/src/portable/raspberrypi/rp2040/hcd_rp2040.c.obj
                0x0000000010004f44                hcd_edpt_xfer
 .text.hcd_setup_send
                0x0000000010005014       0x80 CMakeFiles/tinyusb_host_cdc_msc_hid.dir/home/boemmelsebastian/pico/pico-sdk/lib/tinyusb/src/portable/raspberrypi/rp2040/hcd_rp2040.c.obj
                0x0000000010005014                hcd_setup_send
 .text.prepare_ep_buffer
                0x0000000010005094       0x70 CMakeFiles/tinyusb_host_cdc_msc_hid.dir/home/boemmelsebastian/pico/pico-sdk/lib/tinyusb/src/portable/raspberrypi/rp2040/rp2040_usb.c.obj
 .text.sync_ep_buffer
                0x0000000010005104       0x7c CMakeFiles/tinyusb_host_cdc_msc_hid.dir/home/boemmelsebastian/pico/pico-sdk/lib/tinyusb/src/portable/raspberrypi/rp2040/rp2040_usb.c.obj
 .text._hw_endpoint_xfer_sync
                0x0000000010005180       0x28 CMakeFiles/tinyusb_host_cdc_msc_hid.dir/home/boemmelsebastian/pico/pico-sdk/lib/tinyusb/src/portable/raspberrypi/rp2040/rp2040_usb.c.obj
 .text.rp2040_usb_init
                0x00000000100051a8       0x4c CMakeFiles/tinyusb_host_cdc_msc_hid.dir/home/boemmelsebastian/pico/pico-sdk/lib/tinyusb/src/portable/raspberrypi/rp2040/rp2040_usb.c.obj
                0x00000000100051a8                rp2040_usb_init
 .text.hw_endpoint_reset_transfer
                0x00000000100051f4        0xc CMakeFiles/tinyusb_host_cdc_msc_hid.dir/home/boemmelsebastian/pico/pico-sdk/lib/tinyusb/src/portable/raspberrypi/rp2040/rp2040_usb.c.obj
                0x00000000100051f4                hw_endpoint_reset_transfer
 .text._hw_endpoint_buffer_control_update32
                0x0000000010005200       0x4c CMakeFiles/tinyusb_host_cdc_msc_hid.dir/home/boemmelsebastian/pico/pico-sdk/lib/tinyusb/src/portable/raspberrypi/rp2040/rp2040_usb.c.obj
                0x0000000010005200                _hw_endpoint_buffer_control_update32
 .text._hw_endpoint_start_next_buffer
                0x000000001000524c       0x74 CMakeFiles/tinyusb_host_cdc_msc_hid.dir/home/boemmelsebastian/pico/pico-sdk/lib/tinyusb/src/portable/raspberrypi/rp2040/rp2040_usb.c.obj
 .text.hw_endpoint_xfer_start
                0x00000000100052c0       0x48 CMakeFiles/tinyusb_host_cdc_msc_hid.dir/home/boemmelsebastian/pico/pico-sdk/lib/tinyusb/src/portable/raspberrypi/rp2040/rp2040_usb.c.obj
                0x00000000100052c0                hw_endpoint_xfer_start
 .text.hw_endpoint_xfer_continue
                0x0000000010005308       0x38 CMakeFiles/tinyusb_host_cdc_msc_hid.dir/home/boemmelsebastian/pico/pico-sdk/lib/tinyusb/src/portable/raspberrypi/rp2040/rp2040_usb.c.obj
                0x0000000010005308                hw_endpoint_xfer_continue
 .text.get_new_address
                0x0000000010005340       0x40 CMakeFiles/tinyusb_host_cdc_msc_hid.dir/home/boemmelsebastian/pico/pico-sdk/lib/tinyusb/src/host/usbh.c.obj
 .text.enum_hub_get_status0_complete
                0x0000000010005380       0x74 CMakeFiles/tinyusb_host_cdc_msc_hid.dir/home/boemmelsebastian/pico/pico-sdk/lib/tinyusb/src/host/usbh.c.obj
 .text.enum_hub_get_status1_complete
                0x00000000100053f4       0x60 CMakeFiles/tinyusb_host_cdc_msc_hid.dir/home/boemmelsebastian/pico/pico-sdk/lib/tinyusb/src/host/usbh.c.obj
 .text.enum_request_set_addr
                0x0000000010005454       0xcc CMakeFiles/tinyusb_host_cdc_msc_hid.dir/home/boemmelsebastian/pico/pico-sdk/lib/tinyusb/src/host/usbh.c.obj
 .text.enum_hub_clear_reset1_complete
                0x0000000010005520       0x34 CMakeFiles/tinyusb_host_cdc_msc_hid.dir/home/boemmelsebastian/pico/pico-sdk/lib/tinyusb/src/host/usbh.c.obj
 .text.enum_get_device_desc_complete
                0x0000000010005554       0x98 CMakeFiles/tinyusb_host_cdc_msc_hid.dir/home/boemmelsebastian/pico/pico-sdk/lib/tinyusb/src/host/usbh.c.obj
 .text.enum_get_9byte_config_desc_complete
                0x00000000100055ec       0x90 CMakeFiles/tinyusb_host_cdc_msc_hid.dir/home/boemmelsebastian/pico/pico-sdk/lib/tinyusb/src/host/usbh.c.obj
 .text.process_device_unplugged
                0x000000001000567c       0xe8 CMakeFiles/tinyusb_host_cdc_msc_hid.dir/home/boemmelsebastian/pico/pico-sdk/lib/tinyusb/src/host/usbh.c.obj
 .text.parse_configuration_descriptor
                0x0000000010005764      0x130 CMakeFiles/tinyusb_host_cdc_msc_hid.dir/home/boemmelsebastian/pico/pico-sdk/lib/tinyusb/src/host/usbh.c.obj
 .text.enum_get_config_desc_complete
                0x0000000010005894       0x7c CMakeFiles/tinyusb_host_cdc_msc_hid.dir/home/boemmelsebastian/pico/pico-sdk/lib/tinyusb/src/host/usbh.c.obj
 .text.tuh_speed_get
                0x0000000010005910       0x24 CMakeFiles/tinyusb_host_cdc_msc_hid.dir/home/boemmelsebastian/pico/pico-sdk/lib/tinyusb/src/host/usbh.c.obj
                0x0000000010005910                tuh_speed_get
 .text.tuh_inited
                0x0000000010005934        0xc CMakeFiles/tinyusb_host_cdc_msc_hid.dir/home/boemmelsebastian/pico/pico-sdk/lib/tinyusb/src/host/usbh.c.obj
                0x0000000010005934                tuh_inited
 .text.tuh_init
                0x0000000010005940      0x10c CMakeFiles/tinyusb_host_cdc_msc_hid.dir/home/boemmelsebastian/pico/pico-sdk/lib/tinyusb/src/host/usbh.c.obj
                0x0000000010005940                tuh_init
 .text.usbh_get_rhport
                0x0000000010005a4c       0x20 CMakeFiles/tinyusb_host_cdc_msc_hid.dir/home/boemmelsebastian/pico/pico-sdk/lib/tinyusb/src/host/usbh.c.obj
                0x0000000010005a4c                usbh_get_rhport
 .text.usbh_edpt_control_open
                0x0000000010005a6c       0x32 CMakeFiles/tinyusb_host_cdc_msc_hid.dir/home/boemmelsebastian/pico/pico-sdk/lib/tinyusb/src/host/usbh.c.obj
 *fill*         0x0000000010005a9e        0x2 
 .text.enum_request_addr0_device_desc
                0x0000000010005aa0       0x64 CMakeFiles/tinyusb_host_cdc_msc_hid.dir/home/boemmelsebastian/pico/pico-sdk/lib/tinyusb/src/host/usbh.c.obj
 .text.enum_new_device
                0x0000000010005b04       0x80 CMakeFiles/tinyusb_host_cdc_msc_hid.dir/home/boemmelsebastian/pico/pico-sdk/lib/tinyusb/src/host/usbh.c.obj
 .text.tuh_task
                0x0000000010005b84      0x12c CMakeFiles/tinyusb_host_cdc_msc_hid.dir/home/boemmelsebastian/pico/pico-sdk/lib/tinyusb/src/host/usbh.c.obj
                0x0000000010005b84                tuh_task
 .text.enum_get_addr0_device_desc_complete
                0x0000000010005cb0       0xc8 CMakeFiles/tinyusb_host_cdc_msc_hid.dir/home/boemmelsebastian/pico/pico-sdk/lib/tinyusb/src/host/usbh.c.obj
 .text.enum_hub_clear_reset0_complete
                0x0000000010005d78       0x28 CMakeFiles/tinyusb_host_cdc_msc_hid.dir/home/boemmelsebastian/pico/pico-sdk/lib/tinyusb/src/host/usbh.c.obj
 .text.enum_set_address_complete
                0x0000000010005da0       0xcc CMakeFiles/tinyusb_host_cdc_msc_hid.dir/home/boemmelsebastian/pico/pico-sdk/lib/tinyusb/src/host/usbh.c.obj
 .text.usbh_get_enum_buf
                0x0000000010005e6c        0x8 CMakeFiles/tinyusb_host_cdc_msc_hid.dir/home/boemmelsebastian/pico/pico-sdk/lib/tinyusb/src/host/usbh.c.obj
                0x0000000010005e6c                usbh_get_enum_buf
 .text.hcd_event_handler
                0x0000000010005e74       0x50 CMakeFiles/tinyusb_host_cdc_msc_hid.dir/home/boemmelsebastian/pico/pico-sdk/lib/tinyusb/src/host/usbh.c.obj
                0x0000000010005e74                hcd_event_handler
 .text.hcd_event_xfer_complete
                0x0000000010005ec4       0x26 CMakeFiles/tinyusb_host_cdc_msc_hid.dir/home/boemmelsebastian/pico/pico-sdk/lib/tinyusb/src/host/usbh.c.obj
                0x0000000010005ec4                hcd_event_xfer_complete
 .text.hcd_event_device_attach
                0x0000000010005eea       0x22 CMakeFiles/tinyusb_host_cdc_msc_hid.dir/home/boemmelsebastian/pico/pico-sdk/lib/tinyusb/src/host/usbh.c.obj
                0x0000000010005eea                hcd_event_device_attach
 .text.hcd_event_device_remove
                0x0000000010005f0c       0x28 CMakeFiles/tinyusb_host_cdc_msc_hid.dir/home/boemmelsebastian/pico/pico-sdk/lib/tinyusb/src/host/usbh.c.obj
                0x0000000010005f0c                hcd_event_device_remove
 .text.usbh_driver_set_config_complete
                0x0000000010005f34       0x74 CMakeFiles/tinyusb_host_cdc_msc_hid.dir/home/boemmelsebastian/pico/pico-sdk/lib/tinyusb/src/host/usbh.c.obj
                0x0000000010005f34                usbh_driver_set_config_complete
 .text.enum_set_config_complete
                0x0000000010005fa8       0x60 CMakeFiles/tinyusb_host_cdc_msc_hid.dir/home/boemmelsebastian/pico/pico-sdk/lib/tinyusb/src/host/usbh.c.obj
 .text.usbh_edpt_claim
                0x0000000010006008       0xa0 CMakeFiles/tinyusb_host_cdc_msc_hid.dir/home/boemmelsebastian/pico/pico-sdk/lib/tinyusb/src/host/usbh.c.obj
                0x0000000010006008                usbh_edpt_claim
 .text.usbh_edpt_xfer
                0x00000000100060a8       0xa8 CMakeFiles/tinyusb_host_cdc_msc_hid.dir/home/boemmelsebastian/pico/pico-sdk/lib/tinyusb/src/host/usbh.c.obj
                0x00000000100060a8                usbh_edpt_xfer
 .text.usbh_edpt_open
                0x0000000010006150       0x64 CMakeFiles/tinyusb_host_cdc_msc_hid.dir/home/boemmelsebastian/pico/pico-sdk/lib/tinyusb/src/host/usbh.c.obj
                0x0000000010006150                usbh_edpt_open
 .text.usbh_edpt_busy
                0x00000000100061b4       0x44 CMakeFiles/tinyusb_host_cdc_msc_hid.dir/home/boemmelsebastian/pico/pico-sdk/lib/tinyusb/src/host/usbh.c.obj
                0x00000000100061b4                usbh_edpt_busy
 .text._xfer_complete
                0x00000000100061f8       0x18 CMakeFiles/tinyusb_host_cdc_msc_hid.dir/home/boemmelsebastian/pico/pico-sdk/lib/tinyusb/src/host/usbh_control.c.obj
 .text.tuh_control_xfer
                0x0000000010006210       0x54 CMakeFiles/tinyusb_host_cdc_msc_hid.dir/home/boemmelsebastian/pico/pico-sdk/lib/tinyusb/src/host/usbh_control.c.obj
                0x0000000010006210                tuh_control_xfer
 .text.usbh_control_xfer_cb
                0x0000000010006264       0x90 CMakeFiles/tinyusb_host_cdc_msc_hid.dir/home/boemmelsebastian/pico/pico-sdk/lib/tinyusb/src/host/usbh_control.c.obj
                0x0000000010006264                usbh_control_xfer_cb
 .text.connection_port_reset_complete
                0x00000000100062f4       0x4c CMakeFiles/tinyusb_host_cdc_msc_hid.dir/home/boemmelsebastian/pico/pico-sdk/lib/tinyusb/src/host/hub.c.obj
 .text.hub_port_clear_feature
                0x0000000010006340       0x50 CMakeFiles/tinyusb_host_cdc_msc_hid.dir/home/boemmelsebastian/pico/pico-sdk/lib/tinyusb/src/host/hub.c.obj
                0x0000000010006340                hub_port_clear_feature
 .text.hub_port_set_feature
                0x0000000010006390       0x50 CMakeFiles/tinyusb_host_cdc_msc_hid.dir/home/boemmelsebastian/pico/pico-sdk/lib/tinyusb/src/host/hub.c.obj
                0x0000000010006390                hub_port_set_feature
 .text.config_set_port_power
                0x00000000100063e0       0x44 CMakeFiles/tinyusb_host_cdc_msc_hid.dir/home/boemmelsebastian/pico/pico-sdk/lib/tinyusb/src/host/hub.c.obj
 .text.config_port_power_complete
                0x0000000010006424       0x80 CMakeFiles/tinyusb_host_cdc_msc_hid.dir/home/boemmelsebastian/pico/pico-sdk/lib/tinyusb/src/host/hub.c.obj
 .text.hub_port_reset
                0x00000000100064a4        0xc CMakeFiles/tinyusb_host_cdc_msc_hid.dir/home/boemmelsebastian/pico/pico-sdk/lib/tinyusb/src/host/hub.c.obj
                0x00000000100064a4                hub_port_reset
 .text.connection_clear_conn_change_complete
                0x00000000100064b0       0x70 CMakeFiles/tinyusb_host_cdc_msc_hid.dir/home/boemmelsebastian/pico/pico-sdk/lib/tinyusb/src/host/hub.c.obj
 .text.hub_port_get_status
                0x0000000010006520       0x54 CMakeFiles/tinyusb_host_cdc_msc_hid.dir/home/boemmelsebastian/pico/pico-sdk/lib/tinyusb/src/host/hub.c.obj
                0x0000000010006520                hub_port_get_status
 .text.hub_init
                0x0000000010006574       0x14 CMakeFiles/tinyusb_host_cdc_msc_hid.dir/home/boemmelsebastian/pico/pico-sdk/lib/tinyusb/src/host/hub.c.obj
                0x0000000010006574                hub_init
 .text.hub_open
                0x0000000010006588       0x90 CMakeFiles/tinyusb_host_cdc_msc_hid.dir/home/boemmelsebastian/pico/pico-sdk/lib/tinyusb/src/host/hub.c.obj
                0x0000000010006588                hub_open
 .text.hub_close
                0x0000000010006618       0x24 CMakeFiles/tinyusb_host_cdc_msc_hid.dir/home/boemmelsebastian/pico/pico-sdk/lib/tinyusb/src/host/hub.c.obj
                0x0000000010006618                hub_close
 .text.hub_status_pipe_queue
                0x000000001000663c       0x1c CMakeFiles/tinyusb_host_cdc_msc_hid.dir/home/boemmelsebastian/pico/pico-sdk/lib/tinyusb/src/host/hub.c.obj
                0x000000001000663c                hub_status_pipe_queue
 .text.connection_get_status_complete
                0x0000000010006658       0x4c CMakeFiles/tinyusb_host_cdc_msc_hid.dir/home/boemmelsebastian/pico/pico-sdk/lib/tinyusb/src/host/hub.c.obj
 .text.hub_set_config
                0x00000000100066a4       0x5c CMakeFiles/tinyusb_host_cdc_msc_hid.dir/home/boemmelsebastian/pico/pico-sdk/lib/tinyusb/src/host/hub.c.obj
                0x00000000100066a4                hub_set_config
 .text.hub_xfer_cb
                0x0000000010006700       0x60 CMakeFiles/tinyusb_host_cdc_msc_hid.dir/home/boemmelsebastian/pico/pico-sdk/lib/tinyusb/src/host/hub.c.obj
                0x0000000010006700                hub_xfer_cb
 .text.tuh_cdc_mounted
                0x0000000010006760       0x2c CMakeFiles/tinyusb_host_cdc_msc_hid.dir/home/boemmelsebastian/pico/pico-sdk/lib/tinyusb/src/class/cdc/cdc_host.c.obj
                0x0000000010006760                tuh_cdc_mounted
 .text.tuh_cdc_receive
                0x000000001000678c       0x4c CMakeFiles/tinyusb_host_cdc_msc_hid.dir/home/boemmelsebastian/pico/pico-sdk/lib/tinyusb/src/class/cdc/cdc_host.c.obj
                0x000000001000678c                tuh_cdc_receive
 .text.cdch_init
                0x00000000100067d8       0x14 CMakeFiles/tinyusb_host_cdc_msc_hid.dir/home/boemmelsebastian/pico/pico-sdk/lib/tinyusb/src/class/cdc/cdc_host.c.obj
                0x00000000100067d8                cdch_init
 .text.cdch_open
                0x00000000100067ec      0x14c CMakeFiles/tinyusb_host_cdc_msc_hid.dir/home/boemmelsebastian/pico/pico-sdk/lib/tinyusb/src/class/cdc/cdc_host.c.obj
                0x00000000100067ec                cdch_open
 .text.cdch_set_config
                0x0000000010006938        0x4 CMakeFiles/tinyusb_host_cdc_msc_hid.dir/home/boemmelsebastian/pico/pico-sdk/lib/tinyusb/src/class/cdc/cdc_host.c.obj
                0x0000000010006938                cdch_set_config
 .text.cdch_xfer_cb
                0x000000001000693c        0xe CMakeFiles/tinyusb_host_cdc_msc_hid.dir/home/boemmelsebastian/pico/pico-sdk/lib/tinyusb/src/class/cdc/cdc_host.c.obj
                0x000000001000693c                cdch_xfer_cb
 *fill*         0x000000001000694a        0x2 
 .text.cdch_close
                0x000000001000694c       0x24 CMakeFiles/tinyusb_host_cdc_msc_hid.dir/home/boemmelsebastian/pico/pico-sdk/lib/tinyusb/src/class/cdc/cdc_host.c.obj
                0x000000001000694c                cdch_close
 .text.get_instance_id_by_itfnum
                0x0000000010006970       0x68 CMakeFiles/tinyusb_host_cdc_msc_hid.dir/home/boemmelsebastian/pico/pico-sdk/lib/tinyusb/src/class/hid/hid_host.c.obj
 .text.get_instance_id_by_epaddr
                0x00000000100069d8       0x50 CMakeFiles/tinyusb_host_cdc_msc_hid.dir/home/boemmelsebastian/pico/pico-sdk/lib/tinyusb/src/class/hid/hid_host.c.obj
 .text.config_set_protocol
                0x0000000010006a28       0x84 CMakeFiles/tinyusb_host_cdc_msc_hid.dir/home/boemmelsebastian/pico/pico-sdk/lib/tinyusb/src/class/hid/hid_host.c.obj
 .text.config_driver_mount_complete
                0x0000000010006aac       0x30 CMakeFiles/tinyusb_host_cdc_msc_hid.dir/home/boemmelsebastian/pico/pico-sdk/lib/tinyusb/src/class/hid/hid_host.c.obj
 .text.config_get_report_desc
                0x0000000010006adc       0xd8 CMakeFiles/tinyusb_host_cdc_msc_hid.dir/home/boemmelsebastian/pico/pico-sdk/lib/tinyusb/src/class/hid/hid_host.c.obj
 .text.config_get_report_desc_complete
                0x0000000010006bb4       0x44 CMakeFiles/tinyusb_host_cdc_msc_hid.dir/home/boemmelsebastian/pico/pico-sdk/lib/tinyusb/src/class/hid/hid_host.c.obj
 .text.tuh_hid_interface_protocol
                0x0000000010006bf8       0x20 CMakeFiles/tinyusb_host_cdc_msc_hid.dir/home/boemmelsebastian/pico/pico-sdk/lib/tinyusb/src/class/hid/hid_host.c.obj
                0x0000000010006bf8                tuh_hid_interface_protocol
 .text.tuh_hid_receive_report
                0x0000000010006c18       0x54 CMakeFiles/tinyusb_host_cdc_msc_hid.dir/home/boemmelsebastian/pico/pico-sdk/lib/tinyusb/src/class/hid/hid_host.c.obj
                0x0000000010006c18                tuh_hid_receive_report
 .text.hidh_init
                0x0000000010006c6c       0x18 CMakeFiles/tinyusb_host_cdc_msc_hid.dir/home/boemmelsebastian/pico/pico-sdk/lib/tinyusb/src/class/hid/hid_host.c.obj
                0x0000000010006c6c                hidh_init
 .text.hidh_xfer_cb
                0x0000000010006c84       0x6c CMakeFiles/tinyusb_host_cdc_msc_hid.dir/home/boemmelsebastian/pico/pico-sdk/lib/tinyusb/src/class/hid/hid_host.c.obj
                0x0000000010006c84                hidh_xfer_cb
 .text.hidh_close
                0x0000000010006cf0       0x58 CMakeFiles/tinyusb_host_cdc_msc_hid.dir/home/boemmelsebastian/pico/pico-sdk/lib/tinyusb/src/class/hid/hid_host.c.obj
                0x0000000010006cf0                hidh_close
 .text.hidh_open
                0x0000000010006d48      0x158 CMakeFiles/tinyusb_host_cdc_msc_hid.dir/home/boemmelsebastian/pico/pico-sdk/lib/tinyusb/src/class/hid/hid_host.c.obj
                0x0000000010006d48                hidh_open
 .text.hidh_set_config
                0x0000000010006ea0       0x8c CMakeFiles/tinyusb_host_cdc_msc_hid.dir/home/boemmelsebastian/pico/pico-sdk/lib/tinyusb/src/class/hid/hid_host.c.obj
                0x0000000010006ea0                hidh_set_config
 .text.tuh_hid_parse_report_descriptor
                0x0000000010006f2c       0xe4 CMakeFiles/tinyusb_host_cdc_msc_hid.dir/home/boemmelsebastian/pico/pico-sdk/lib/tinyusb/src/class/hid/hid_host.c.obj
                0x0000000010006f2c                tuh_hid_parse_report_descriptor
 .text.config_read_capacity_complete
                0x0000000010007010       0x98 CMakeFiles/tinyusb_host_cdc_msc_hid.dir/home/boemmelsebastian/pico/pico-sdk/lib/tinyusb/src/class/msc/msc_host.c.obj
 .text.tuh_msc_get_block_count
                0x00000000100070a8       0x1c CMakeFiles/tinyusb_host_cdc_msc_hid.dir/home/boemmelsebastian/pico/pico-sdk/lib/tinyusb/src/class/msc/msc_host.c.obj
                0x00000000100070a8                tuh_msc_get_block_count
 .text.tuh_msc_get_block_size
                0x00000000100070c4       0x18 CMakeFiles/tinyusb_host_cdc_msc_hid.dir/home/boemmelsebastian/pico/pico-sdk/lib/tinyusb/src/class/msc/msc_host.c.obj
                0x00000000100070c4                tuh_msc_get_block_size
 .text.tuh_msc_scsi_command
                0x00000000100070dc       0x74 CMakeFiles/tinyusb_host_cdc_msc_hid.dir/home/boemmelsebastian/pico/pico-sdk/lib/tinyusb/src/class/msc/msc_host.c.obj
                0x00000000100070dc                tuh_msc_scsi_command
 .text.tuh_msc_read_capacity
                0x0000000010007150       0x68 CMakeFiles/tinyusb_host_cdc_msc_hid.dir/home/boemmelsebastian/pico/pico-sdk/lib/tinyusb/src/class/msc/msc_host.c.obj
                0x0000000010007150                tuh_msc_read_capacity
 .text.tuh_msc_inquiry
                0x00000000100071b8       0x80 CMakeFiles/tinyusb_host_cdc_msc_hid.dir/home/boemmelsebastian/pico/pico-sdk/lib/tinyusb/src/class/msc/msc_host.c.obj
                0x00000000100071b8                tuh_msc_inquiry
 .text.tuh_msc_test_unit_ready
                0x0000000010007238       0x5c CMakeFiles/tinyusb_host_cdc_msc_hid.dir/home/boemmelsebastian/pico/pico-sdk/lib/tinyusb/src/class/msc/msc_host.c.obj
                0x0000000010007238                tuh_msc_test_unit_ready
 .text.config_get_maxlun_complete
                0x0000000010007294       0x38 CMakeFiles/tinyusb_host_cdc_msc_hid.dir/home/boemmelsebastian/pico/pico-sdk/lib/tinyusb/src/class/msc/msc_host.c.obj
 .text.config_request_sense_complete
                0x00000000100072cc       0x44 CMakeFiles/tinyusb_host_cdc_msc_hid.dir/home/boemmelsebastian/pico/pico-sdk/lib/tinyusb/src/class/msc/msc_host.c.obj
 .text.tuh_msc_request_sense
                0x0000000010007310       0x6c CMakeFiles/tinyusb_host_cdc_msc_hid.dir/home/boemmelsebastian/pico/pico-sdk/lib/tinyusb/src/class/msc/msc_host.c.obj
                0x0000000010007310                tuh_msc_request_sense
 .text.config_test_unit_ready_complete
                0x000000001000737c       0x48 CMakeFiles/tinyusb_host_cdc_msc_hid.dir/home/boemmelsebastian/pico/pico-sdk/lib/tinyusb/src/class/msc/msc_host.c.obj
 .text.msch_init
                0x00000000100073c4       0x14 CMakeFiles/tinyusb_host_cdc_msc_hid.dir/home/boemmelsebastian/pico/pico-sdk/lib/tinyusb/src/class/msc/msc_host.c.obj
                0x00000000100073c4                msch_init
 .text.msch_close
                0x00000000100073d8       0x38 CMakeFiles/tinyusb_host_cdc_msc_hid.dir/home/boemmelsebastian/pico/pico-sdk/lib/tinyusb/src/class/msc/msc_host.c.obj
                0x00000000100073d8                msch_close
 .text.msch_xfer_cb
                0x0000000010007410      0x160 CMakeFiles/tinyusb_host_cdc_msc_hid.dir/home/boemmelsebastian/pico/pico-sdk/lib/tinyusb/src/class/msc/msc_host.c.obj
                0x0000000010007410                msch_xfer_cb
 .text.msch_open
                0x0000000010007570       0xe0 CMakeFiles/tinyusb_host_cdc_msc_hid.dir/home/boemmelsebastian/pico/pico-sdk/lib/tinyusb/src/class/msc/msc_host.c.obj
                0x0000000010007570                msch_open
 .text.msch_set_config
                0x0000000010007650       0x94 CMakeFiles/tinyusb_host_cdc_msc_hid.dir/home/boemmelsebastian/pico/pico-sdk/lib/tinyusb/src/class/msc/msc_host.c.obj
                0x0000000010007650                msch_set_config
 .text.tusb_init
                0x00000000100076e4       0x24 CMakeFiles/tinyusb_host_cdc_msc_hid.dir/home/boemmelsebastian/pico/pico-sdk/lib/tinyusb/src/tusb.c.obj
                0x00000000100076e4                tusb_init
 .text.tusb_inited
                0x0000000010007708        0xe CMakeFiles/tinyusb_host_cdc_msc_hid.dir/home/boemmelsebastian/pico/pico-sdk/lib/tinyusb/src/tusb.c.obj
                0x0000000010007708                tusb_inited
 *fill*         0x0000000010007716        0x2 
 .text.tu_edpt_validate
                0x0000000010007718       0xa8 CMakeFiles/tinyusb_host_cdc_msc_hid.dir/home/boemmelsebastian/pico/pico-sdk/lib/tinyusb/src/tusb.c.obj
                0x0000000010007718                tu_edpt_validate
 .text.tu_edpt_bind_driver
                0x00000000100077c0       0x2a CMakeFiles/tinyusb_host_cdc_msc_hid.dir/home/boemmelsebastian/pico/pico-sdk/lib/tinyusb/src/tusb.c.obj
                0x00000000100077c0                tu_edpt_bind_driver
 .text.tu_desc_get_interface_total_len
                0x00000000100077ea       0x3e CMakeFiles/tinyusb_host_cdc_msc_hid.dir/home/boemmelsebastian/pico/pico-sdk/lib/tinyusb/src/tusb.c.obj
                0x00000000100077ea                tu_desc_get_interface_total_len
 .text.advance_pointer
                0x0000000010007828       0x18 CMakeFiles/tinyusb_host_cdc_msc_hid.dir/home/boemmelsebastian/pico/pico-sdk/lib/tinyusb/src/common/tusb_fifo.c.obj
 .text.backward_pointer
                0x0000000010007840       0x1e CMakeFiles/tinyusb_host_cdc_msc_hid.dir/home/boemmelsebastian/pico/pico-sdk/lib/tinyusb/src/common/tusb_fifo.c.obj
 .text.get_relative_pointer
                0x000000001000785e       0x10 CMakeFiles/tinyusb_host_cdc_msc_hid.dir/home/boemmelsebastian/pico/pico-sdk/lib/tinyusb/src/common/tusb_fifo.c.obj
 .text._tu_fifo_peek
                0x000000001000786e       0x4c CMakeFiles/tinyusb_host_cdc_msc_hid.dir/home/boemmelsebastian/pico/pico-sdk/lib/tinyusb/src/common/tusb_fifo.c.obj
 .text.tu_fifo_read
                0x00000000100078ba       0x42 CMakeFiles/tinyusb_host_cdc_msc_hid.dir/home/boemmelsebastian/pico/pico-sdk/lib/tinyusb/src/common/tusb_fifo.c.obj
                0x00000000100078ba                tu_fifo_read
 .text.tu_fifo_write
                0x00000000100078fc       0x6c CMakeFiles/tinyusb_host_cdc_msc_hid.dir/home/boemmelsebastian/pico/pico-sdk/lib/tinyusb/src/common/tusb_fifo.c.obj
                0x00000000100078fc                tu_fifo_write
 .text.tu_fifo_clear
                0x0000000010007968       0x4c CMakeFiles/tinyusb_host_cdc_msc_hid.dir/home/boemmelsebastian/pico/pico-sdk/lib/tinyusb/src/common/tusb_fifo.c.obj
                0x0000000010007968                tu_fifo_clear
 .text          0x00000000100079b4      0x1b4 /usr/lib/gcc/arm-none-eabi/8.3.1/../../../arm-none-eabi/lib/thumb/v6-m/nofp/libg.a(lib_a-fflush.o)
                0x00000000100079b4                __sflush_r
                0x0000000010007b14                _fflush_r
                0x0000000010007b40                fflush
 .text          0x0000000010007b68      0x220 /usr/lib/gcc/arm-none-eabi/8.3.1/../../../arm-none-eabi/lib/thumb/v6-m/nofp/libg.a(lib_a-findfp.o)
                0x0000000010007b6c                _cleanup_r
                0x0000000010007c68                __sfmoreglue
                0x0000000010007c98                __sfp
                0x0000000010007d20                _cleanup
                0x0000000010007d38                __sinit
                0x0000000010007d48                __sfp_lock_acquire
                0x0000000010007d4c                __sfp_lock_release
                0x0000000010007d50                __sinit_lock_acquire
                0x0000000010007d54                __sinit_lock_release
                0x0000000010007d58                __fp_lock_all
                0x0000000010007d70                __fp_unlock_all
 .text          0x0000000010007d88      0x27c /usr/lib/gcc/arm-none-eabi/8.3.1/../../../arm-none-eabi/lib/thumb/v6-m/nofp/libg.a(lib_a-freer.o)
                0x0000000010007d88                _malloc_trim_r
                0x0000000010007e28                _free_r
 .text          0x0000000010008004       0x90 /usr/lib/gcc/arm-none-eabi/8.3.1/../../../arm-none-eabi/lib/thumb/v6-m/nofp/libg.a(lib_a-fwalk.o)
                0x0000000010008004                _fwalk
                0x0000000010008048                _fwalk_reent
 .text          0x0000000010008094      0x58c /usr/lib/gcc/arm-none-eabi/8.3.1/../../../arm-none-eabi/lib/thumb/v6-m/nofp/libg.a(lib_a-mallocr.o)
                0x0000000010008094                _malloc_r
 .text          0x0000000010008620        0x8 /usr/lib/gcc/arm-none-eabi/8.3.1/../../../arm-none-eabi/lib/thumb/v6-m/nofp/libg.a(lib_a-mlock.o)
                0x0000000010008620                __malloc_lock
                0x0000000010008624                __malloc_unlock
 .text          0x0000000010008628       0x24 /usr/lib/gcc/arm-none-eabi/8.3.1/../../../arm-none-eabi/lib/thumb/v6-m/nofp/libg.a(lib_a-sbrkr.o)
                0x0000000010008628                _sbrk_r
 .text          0x000000001000864c       0xa4 /usr/lib/gcc/arm-none-eabi/8.3.1/../../../arm-none-eabi/lib/thumb/v6-m/nofp/libg.a(lib_a-stdio.o)
                0x000000001000864c                __sread
                0x0000000010008674                __seofread
                0x0000000010008678                __swrite
                0x00000000100086b8                __sseek
                0x00000000100086e4                __sclose
 .text          0x00000000100086f0       0x68 /usr/lib/gcc/arm-none-eabi/8.3.1/../../../arm-none-eabi/lib/thumb/v6-m/nofp/libg.a(lib_a-strlen-stub.o)
                0x00000000100086f0                strlen
 .text          0x0000000010008758       0x28 /usr/lib/gcc/arm-none-eabi/8.3.1/../../../arm-none-eabi/lib/thumb/v6-m/nofp/libg.a(lib_a-writer.o)
                0x0000000010008758                _write_r
 .text          0x0000000010008780       0x24 /usr/lib/gcc/arm-none-eabi/8.3.1/../../../arm-none-eabi/lib/thumb/v6-m/nofp/libg.a(lib_a-closer.o)
                0x0000000010008780                _close_r
 .text          0x00000000100087a4       0xac /usr/lib/gcc/arm-none-eabi/8.3.1/../../../arm-none-eabi/lib/thumb/v6-m/nofp/libg.a(lib_a-fclose.o)
                0x00000000100087a4                _fclose_r
                0x000000001000883c                fclose
 .text          0x0000000010008850       0x28 /usr/lib/gcc/arm-none-eabi/8.3.1/../../../arm-none-eabi/lib/thumb/v6-m/nofp/libg.a(lib_a-lseekr.o)
                0x0000000010008850                _lseek_r
 .text          0x0000000010008878       0x28 /usr/lib/gcc/arm-none-eabi/8.3.1/../../../arm-none-eabi/lib/thumb/v6-m/nofp/libg.a(lib_a-readr.o)
                0x0000000010008878                _read_r
 .text          0x00000000100088a0       0x10 /usr/lib/gcc/arm-none-eabi/8.3.1/../../../arm-none-eabi/lib/thumb/v6-m/nofp/libnosys.a(close.o)
                0x00000000100088a0                _close
 .text          0x00000000100088b0       0x10 /usr/lib/gcc/arm-none-eabi/8.3.1/../../../arm-none-eabi/lib/thumb/v6-m/nofp/libnosys.a(lseek.o)
                0x00000000100088b0                _lseek
 *(.fini)
 .fini          0x00000000100088c0        0x4 /usr/lib/gcc/arm-none-eabi/8.3.1/thumb/v6-m/nofp/crti.o
                0x00000000100088c0                _fini
 *fill*         0x00000000100088c4        0x4 
 .fini.__stub   0x00000000100088c8       0x60 linker stubs
 *crtbegin.o(.ctors)
 *crtbegin?.o(.ctors)
 *(EXCLUDE_FILE(*crtend.o *crtend?.o) .ctors)
 *(SORT_BY_NAME(.ctors.*))
 *(.ctors)
 *crtbegin.o(.dtors)
 *crtbegin?.o(.dtors)
 *(EXCLUDE_FILE(*crtend.o *crtend?.o) .dtors)
 *(SORT_BY_NAME(.dtors.*))
 *(.dtors)
 *(.eh_frame*)
 .eh_frame      0x0000000010008928        0x0 /usr/lib/gcc/arm-none-eabi/8.3.1/thumb/v6-m/nofp/crtbegin.o
                0x0000000010008928                . = ALIGN (0x4)

.glue_7         0x0000000010008928        0x0
 .glue_7        0x0000000010008928        0x0 linker stubs

.glue_7t        0x0000000010008928        0x0
 .glue_7t       0x0000000010008928        0x0 linker stubs

.vfp11_veneer   0x0000000010008928        0x0
 .vfp11_veneer  0x0000000010008928        0x0 linker stubs

.v4_bx          0x0000000010008928        0x0
 .v4_bx         0x0000000010008928        0x0 linker stubs

.iplt           0x0000000010008928        0x0
 .iplt          0x0000000010008928        0x0 /usr/lib/gcc/arm-none-eabi/8.3.1/thumb/v6-m/nofp/crtbegin.o

.rodata         0x0000000010008928     0x1b8c
 *(EXCLUDE_FILE(*libm.a: *libc.a:*lib_a-mem*.o *libgcc.a:) .rodata*)
 .rodata        0x0000000010008928        0xc CMakeFiles/tinyusb_host_cdc_msc_hid.dir/src/hid_app.c.obj
 .rodata.cursor_movement.str1.4
                0x0000000010008934        0xd CMakeFiles/tinyusb_host_cdc_msc_hid.dir/src/hid_app.c.obj
 *fill*         0x0000000010008941        0x3 
 .rodata.keycode2ascii
                0x0000000010008944      0x100 CMakeFiles/tinyusb_host_cdc_msc_hid.dir/src/hid_app.c.obj
 .rodata.process_generic_report.str1.4
                0x0000000010008a44       0x6e CMakeFiles/tinyusb_host_cdc_msc_hid.dir/src/hid_app.c.obj
 *fill*         0x0000000010008ab2        0x2 
 .rodata.process_mouse_report.str1.4
                0x0000000010008ab4        0x9 CMakeFiles/tinyusb_host_cdc_msc_hid.dir/src/hid_app.c.obj
 *fill*         0x0000000010008abd        0x3 
 .rodata.str1.4
                0x0000000010008ac0       0x1a CMakeFiles/tinyusb_host_cdc_msc_hid.dir/src/hid_app.c.obj
 *fill*         0x0000000010008ada        0x2 
 .rodata.tuh_hid_mount_cb.str1.4
                0x0000000010008adc       0x95 CMakeFiles/tinyusb_host_cdc_msc_hid.dir/src/hid_app.c.obj
 *fill*         0x0000000010008b71        0x3 
 .rodata.tuh_hid_umount_cb.str1.4
                0x0000000010008b74       0x36 CMakeFiles/tinyusb_host_cdc_msc_hid.dir/src/hid_app.c.obj
 *fill*         0x0000000010008baa        0x2 
 .rodata.__func__.6401
                0x0000000010008bac       0x15 CMakeFiles/tinyusb_host_cdc_msc_hid.dir/src/main.c.obj
 *fill*         0x0000000010008bc1        0x3 
 .rodata.led_blinking_task.str1.4
                0x0000000010008bc4       0x6b CMakeFiles/tinyusb_host_cdc_msc_hid.dir/src/main.c.obj
 *fill*         0x0000000010008c2f        0x1 
 .rodata.main.str1.4
                0x0000000010008c30       0x22 CMakeFiles/tinyusb_host_cdc_msc_hid.dir/src/main.c.obj
 *fill*         0x0000000010008c52        0x2 
 .rodata.tuh_mount_cb.str1.4
                0x0000000010008c54       0x26 CMakeFiles/tinyusb_host_cdc_msc_hid.dir/src/main.c.obj
 *fill*         0x0000000010008c7a        0x2 
 .rodata.tuh_umount_cb.str1.4
                0x0000000010008c7c       0x29 CMakeFiles/tinyusb_host_cdc_msc_hid.dir/src/main.c.obj
 *fill*         0x0000000010008ca5        0x3 
 .rodata.inquiry_complete_cb.str1.4
                0x0000000010008ca8       0x61 CMakeFiles/tinyusb_host_cdc_msc_hid.dir/src/msc_app.c.obj
 *fill*         0x0000000010008d09        0x3 
 .rodata.tuh_msc_mount_cb.str1.4
                0x0000000010008d0c       0x21 CMakeFiles/tinyusb_host_cdc_msc_hid.dir/src/msc_app.c.obj
 *fill*         0x0000000010008d2d        0x3 
 .rodata.tuh_msc_umount_cb.str1.4
                0x0000000010008d30       0x23 CMakeFiles/tinyusb_host_cdc_msc_hid.dir/src/msc_app.c.obj
 *fill*         0x0000000010008d53        0x1 
 .rodata.spin_lock_claim_unused.str1.4
                0x0000000010008d54       0x1b CMakeFiles/tinyusb_host_cdc_msc_hid.dir/home/boemmelsebastian/pico/pico-sdk/src/rp2_common/hardware_sync/sync.c.obj
 *fill*         0x0000000010008d6f        0x1 
 .rodata.__func__.5751
                0x0000000010008d70       0x15 CMakeFiles/tinyusb_host_cdc_msc_hid.dir/home/boemmelsebastian/pico/pico-sdk/src/common/pico_time/time.c.obj
 *fill*         0x0000000010008d85        0x3 
 .rodata.__func__.6063
                0x0000000010008d88        0xc CMakeFiles/tinyusb_host_cdc_msc_hid.dir/home/boemmelsebastian/pico/pico-sdk/src/common/pico_time/time.c.obj
 .rodata.__func__.6070
                0x0000000010008d94       0x12 CMakeFiles/tinyusb_host_cdc_msc_hid.dir/home/boemmelsebastian/pico/pico-sdk/src/common/pico_time/time.c.obj
 *fill*         0x0000000010008da6        0x2 
 .rodata.__func__.6086
                0x0000000010008da8        0xf CMakeFiles/tinyusb_host_cdc_msc_hid.dir/home/boemmelsebastian/pico/pico-sdk/src/common/pico_time/time.c.obj
 *fill*         0x0000000010008db7        0x1 
 .rodata.__func__.6108
                0x0000000010008db8        0xd CMakeFiles/tinyusb_host_cdc_msc_hid.dir/home/boemmelsebastian/pico/pico-sdk/src/common/pico_time/time.c.obj
 *fill*         0x0000000010008dc5        0x3 
 .rodata.__func__.6332
                0x0000000010008dc8        0xa CMakeFiles/tinyusb_host_cdc_msc_hid.dir/home/boemmelsebastian/pico/pico-sdk/src/common/pico_time/time.c.obj
 *fill*         0x0000000010008dd2        0x2 
 .rodata.__func__.6337
                0x0000000010008dd4       0x12 CMakeFiles/tinyusb_host_cdc_msc_hid.dir/home/boemmelsebastian/pico/pico-sdk/src/common/pico_time/time.c.obj
 *fill*         0x0000000010008de6        0x2 
 .rodata.__func__.6352
                0x0000000010008de8       0x17 CMakeFiles/tinyusb_host_cdc_msc_hid.dir/home/boemmelsebastian/pico/pico-sdk/src/common/pico_time/time.c.obj
 *fill*         0x0000000010008dff        0x1 
 .rodata.__func__.6363
                0x0000000010008e00       0x15 CMakeFiles/tinyusb_host_cdc_msc_hid.dir/home/boemmelsebastian/pico/pico-sdk/src/common/pico_time/time.c.obj
 *fill*         0x0000000010008e15        0x3 
 .rodata.__func__.6380
                0x0000000010008e18       0x1a CMakeFiles/tinyusb_host_cdc_msc_hid.dir/home/boemmelsebastian/pico/pico-sdk/src/common/pico_time/time.c.obj
 *fill*         0x0000000010008e32        0x2 
 .rodata.__func__.6419
                0x0000000010008e34       0x18 CMakeFiles/tinyusb_host_cdc_msc_hid.dir/home/boemmelsebastian/pico/pico-sdk/src/common/pico_time/time.c.obj
 .rodata.add_alarm_under_lock.str1.4
                0x0000000010008e4c       0x28 CMakeFiles/tinyusb_host_cdc_msc_hid.dir/home/boemmelsebastian/pico/pico-sdk/src/common/pico_time/time.c.obj
                                         0x2b (size before relaxing)
 .rodata.alarm_pool_alarm_callback.str1.4
                0x0000000010008e74       0x82 CMakeFiles/tinyusb_host_cdc_msc_hid.dir/home/boemmelsebastian/pico/pico-sdk/src/common/pico_time/time.c.obj
                                         0xee (size before relaxing)
 *fill*         0x0000000010008ef6        0x2 
 .rodata.alarm_pool_cancel_alarm.str1.4
                0x0000000010008ef8       0x27 CMakeFiles/tinyusb_host_cdc_msc_hid.dir/home/boemmelsebastian/pico/pico-sdk/src/common/pico_time/time.c.obj
 *fill*         0x0000000010008f1f        0x1 
 .rodata.alarm_pool_dump_key.str1.4
                0x0000000010008f20       0x33 CMakeFiles/tinyusb_host_cdc_msc_hid.dir/home/boemmelsebastian/pico/pico-sdk/src/common/pico_time/time.c.obj
 *fill*         0x0000000010008f53        0x1 
 .rodata.alarm_pool_get_default.str1.4
                0x0000000010008f54       0x21 CMakeFiles/tinyusb_host_cdc_msc_hid.dir/home/boemmelsebastian/pico/pico-sdk/src/common/pico_time/time.c.obj
 *fill*         0x0000000010008f75        0x3 
 .rodata.at_the_end_of_time
                0x0000000010008f78        0x8 CMakeFiles/tinyusb_host_cdc_msc_hid.dir/home/boemmelsebastian/pico/pico-sdk/src/common/pico_time/time.c.obj
                0x0000000010008f78                at_the_end_of_time
 .rodata.ph_add_child_node.str1.4
                0x0000000010008f80       0x9e CMakeFiles/tinyusb_host_cdc_msc_hid.dir/home/boemmelsebastian/pico/pico-sdk/src/common/pico_time/time.c.obj
 *fill*         0x000000001000901e        0x2 
 .rodata.repeating_timer_callback.str1.4
                0x0000000010009020       0x55 CMakeFiles/tinyusb_host_cdc_msc_hid.dir/home/boemmelsebastian/pico/pico-sdk/src/common/pico_time/time.c.obj
 *fill*         0x0000000010009075        0x3 
 .rodata.sleep_until.str1.4
                0x0000000010009078       0x4d CMakeFiles/tinyusb_host_cdc_msc_hid.dir/home/boemmelsebastian/pico/pico-sdk/src/common/pico_time/time.c.obj
 *fill*         0x00000000100090c5        0x3 
 .rodata.__func__.4243
                0x00000000100090c8       0x15 CMakeFiles/tinyusb_host_cdc_msc_hid.dir/home/boemmelsebastian/pico/pico-sdk/src/rp2_common/hardware_timer/timer.c.obj
 *fill*         0x00000000100090dd        0x3 
 .rodata.__func__.4612
                0x00000000100090e0       0x1a CMakeFiles/tinyusb_host_cdc_msc_hid.dir/home/boemmelsebastian/pico/pico-sdk/src/rp2_common/hardware_timer/timer.c.obj
 .rodata.busy_wait_us.str1.4
                0x00000000100090fa       0x6b CMakeFiles/tinyusb_host_cdc_msc_hid.dir/home/boemmelsebastian/pico/pico-sdk/src/rp2_common/hardware_timer/timer.c.obj
 *fill*         0x00000000100090fa        0x2 
 .rodata.hardware_alarm_claim.str1.4
                0x00000000100090fc       0x22 CMakeFiles/tinyusb_host_cdc_msc_hid.dir/home/boemmelsebastian/pico/pico-sdk/src/rp2_common/hardware_timer/timer.c.obj
 *fill*         0x000000001000911e        0x2 
 .rodata.hardware_alarm_set_target.str1.4
                0x0000000010009120       0x6f CMakeFiles/tinyusb_host_cdc_msc_hid.dir/home/boemmelsebastian/pico/pico-sdk/src/rp2_common/hardware_timer/timer.c.obj
 *fill*         0x000000001000918f        0x1 
 .rodata.__func__.4243
                0x0000000010009190       0x15 CMakeFiles/tinyusb_host_cdc_msc_hid.dir/home/boemmelsebastian/pico/pico-sdk/src/common/pico_sync/mutex.c.obj
 *fill*         0x00000000100091a5        0x3 
 .rodata.__func__.4737
                0x00000000100091a8       0x18 CMakeFiles/tinyusb_host_cdc_msc_hid.dir/home/boemmelsebastian/pico/pico-sdk/src/common/pico_sync/mutex.c.obj
 .rodata.__func__.4756
                0x00000000100091c0        0xb CMakeFiles/tinyusb_host_cdc_msc_hid.dir/home/boemmelsebastian/pico/pico-sdk/src/common/pico_sync/mutex.c.obj
 *fill*         0x00000000100091cb        0x1 
 .rodata.str1.4
                0x00000000100091cc       0x95 CMakeFiles/tinyusb_host_cdc_msc_hid.dir/home/boemmelsebastian/pico/pico-sdk/src/common/pico_sync/mutex.c.obj
                                        0x101 (size before relaxing)
 *fill*         0x0000000010009261        0x3 
 .rodata.__func__.5761
                0x0000000010009264        0xc CMakeFiles/tinyusb_host_cdc_msc_hid.dir/home/boemmelsebastian/pico/pico-sdk/src/common/pico_util/pheap.c.obj
 .rodata.__func__.5768
                0x0000000010009270       0x12 CMakeFiles/tinyusb_host_cdc_msc_hid.dir/home/boemmelsebastian/pico/pico-sdk/src/common/pico_util/pheap.c.obj
 *fill*         0x0000000010009282        0x2 
 .rodata.__func__.5854
                0x0000000010009284       0x13 CMakeFiles/tinyusb_host_cdc_msc_hid.dir/home/boemmelsebastian/pico/pico-sdk/src/common/pico_util/pheap.c.obj
 *fill*         0x0000000010009297        0x1 
 .rodata.__func__.5872
                0x0000000010009298       0x18 CMakeFiles/tinyusb_host_cdc_msc_hid.dir/home/boemmelsebastian/pico/pico-sdk/src/common/pico_util/pheap.c.obj
 .rodata.ph_add_child_node.str1.4
                0x00000000100092b0       0x9e CMakeFiles/tinyusb_host_cdc_msc_hid.dir/home/boemmelsebastian/pico/pico-sdk/src/common/pico_util/pheap.c.obj
 .rodata.ph_remove_and_free_node.str1.4
                0x00000000100092b0       0x26 CMakeFiles/tinyusb_host_cdc_msc_hid.dir/home/boemmelsebastian/pico/pico-sdk/src/common/pico_util/pheap.c.obj
 *fill*         0x00000000100092d6        0x2 
 .rodata.ph_remove_any_head.str1.4
                0x00000000100092d8       0x98 CMakeFiles/tinyusb_host_cdc_msc_hid.dir/home/boemmelsebastian/pico/pico-sdk/src/common/pico_util/pheap.c.obj
 .rodata.__assert_func.str1.4
                0x0000000010009370       0x3f CMakeFiles/tinyusb_host_cdc_msc_hid.dir/home/boemmelsebastian/pico/pico-sdk/src/rp2_common/pico_runtime/runtime.c.obj
                                         0x43 (size before relaxing)
 *fill*         0x00000000100093af        0x1 
 .rodata.__func__.5872
                0x00000000100093b0        0xd CMakeFiles/tinyusb_host_cdc_msc_hid.dir/home/boemmelsebastian/pico/pico-sdk/src/rp2_common/pico_runtime/runtime.c.obj
 *fill*         0x00000000100093bd        0x3 
 .rodata.panic.str1.4
                0x00000000100093c0       0x10 CMakeFiles/tinyusb_host_cdc_msc_hid.dir/home/boemmelsebastian/pico/pico-sdk/src/rp2_common/pico_runtime/runtime.c.obj
                                         0x12 (size before relaxing)
 .rodata.runtime_init.str1.4
                0x00000000100093d0       0x6b CMakeFiles/tinyusb_host_cdc_msc_hid.dir/home/boemmelsebastian/pico/pico-sdk/src/rp2_common/pico_runtime/runtime.c.obj
 *fill*         0x000000001000943b        0x1 
 .rodata.__func__.4759
                0x000000001000943c       0x10 CMakeFiles/tinyusb_host_cdc_msc_hid.dir/home/boemmelsebastian/pico/pico-sdk/src/rp2_common/hardware_clocks/clocks.c.obj
 .rodata.clock_configure.str1.4
                0x000000001000944c       0x61 CMakeFiles/tinyusb_host_cdc_msc_hid.dir/home/boemmelsebastian/pico/pico-sdk/src/rp2_common/hardware_clocks/clocks.c.obj
 *fill*         0x00000000100094ad        0x3 
 .rodata.__func__.4789
                0x00000000100094b0       0x1a CMakeFiles/tinyusb_host_cdc_msc_hid.dir/home/boemmelsebastian/pico/pico-sdk/src/rp2_common/hardware_irq/irq.c.obj
 *fill*         0x00000000100094ca        0x2 
 .rodata.__func__.4803
                0x00000000100094cc        0xc CMakeFiles/tinyusb_host_cdc_msc_hid.dir/home/boemmelsebastian/pico/pico-sdk/src/rp2_common/hardware_irq/irq.c.obj
 .rodata.__func__.4811
                0x00000000100094d8       0x17 CMakeFiles/tinyusb_host_cdc_msc_hid.dir/home/boemmelsebastian/pico/pico-sdk/src/rp2_common/hardware_irq/irq.c.obj
 *fill*         0x00000000100094ef        0x1 
 .rodata.__func__.4815
                0x00000000100094f0        0xf CMakeFiles/tinyusb_host_cdc_msc_hid.dir/home/boemmelsebastian/pico/pico-sdk/src/rp2_common/hardware_irq/irq.c.obj
 *fill*         0x00000000100094ff        0x1 
 .rodata.__func__.4854
                0x0000000010009500       0x13 CMakeFiles/tinyusb_host_cdc_msc_hid.dir/home/boemmelsebastian/pico/pico-sdk/src/rp2_common/hardware_irq/irq.c.obj
 *fill*         0x0000000010009513        0x1 
 .rodata.__func__.4876
                0x0000000010009514       0x1a CMakeFiles/tinyusb_host_cdc_msc_hid.dir/home/boemmelsebastian/pico/pico-sdk/src/rp2_common/hardware_irq/irq.c.obj
 *fill*         0x000000001000952e        0x2 
 .rodata.insert_branch_and_link.str1.4
                0x0000000010009530       0x10 CMakeFiles/tinyusb_host_cdc_msc_hid.dir/home/boemmelsebastian/pico/pico-sdk/src/rp2_common/hardware_irq/irq.c.obj
 .rodata.irq_add_shared_handler.str1.4
                0x0000000010009540       0xd9 CMakeFiles/tinyusb_host_cdc_msc_hid.dir/home/boemmelsebastian/pico/pico-sdk/src/rp2_common/hardware_irq/irq.c.obj
 *fill*         0x0000000010009619        0x3 
 .rodata.irq_add_tail_to_free_list.str1.4
                0x000000001000961c       0x32 CMakeFiles/tinyusb_host_cdc_msc_hid.dir/home/boemmelsebastian/pico/pico-sdk/src/rp2_common/hardware_irq/irq.c.obj
                                         0x3a (size before relaxing)
 *fill*         0x000000001000964e        0x2 
 .rodata.irq_remove_handler.str1.4
                0x0000000010009650       0x2a CMakeFiles/tinyusb_host_cdc_msc_hid.dir/home/boemmelsebastian/pico/pico-sdk/src/rp2_common/hardware_irq/irq.c.obj
 *fill*         0x000000001000967a        0x2 
 .rodata.irq_set_exclusive_handler.str1.4
                0x000000001000967c       0x36 CMakeFiles/tinyusb_host_cdc_msc_hid.dir/home/boemmelsebastian/pico/pico-sdk/src/rp2_common/hardware_irq/irq.c.obj
 *fill*         0x00000000100096b2        0x2 
 .rodata.make_branch.str1.4
                0x00000000100096b4       0x77 CMakeFiles/tinyusb_host_cdc_msc_hid.dir/home/boemmelsebastian/pico/pico-sdk/src/rp2_common/hardware_irq/irq.c.obj
 *fill*         0x000000001000972b        0x1 
 .rodata.__func__.4461
                0x000000001000972c        0x9 CMakeFiles/tinyusb_host_cdc_msc_hid.dir/home/boemmelsebastian/pico/pico-sdk/src/rp2_common/hardware_pll/pll.c.obj
 *fill*         0x0000000010009735        0x3 
 .rodata.pll_init.str1.4
                0x0000000010009738       0xe3 CMakeFiles/tinyusb_host_cdc_msc_hid.dir/home/boemmelsebastian/pico/pico-sdk/src/rp2_common/hardware_pll/pll.c.obj
 *fill*         0x000000001000981b        0x1 
 .rodata._vsnprintf