Archive member included to satisfy reference by file (symbol)

/usr/lib/gcc/arm-none-eabi/8.3.1/thumb/v6-m/nofp/libgcc.a(_dvmd_tls.o)
                              CMakeFiles/tinyusb_host_cdc_msc_hid.dir/home/boemmelsebastian/pico/pico-sdk/src/rp2_common/pico_divider/divider.S.obj (__aeabi_idiv0)
/usr/lib/gcc/arm-none-eabi/8.3.1/../../../arm-none-eabi/lib/thumb/v6-m/nofp/libg.a(lib_a-atexit.o)
                              /usr/lib/gcc/arm-none-eabi/8.3.1/../../../arm-none-eabi/lib/thumb/v6-m/nofp/crt0.o (atexit)
/usr/lib/gcc/arm-none-eabi/8.3.1/../../../arm-none-eabi/lib/thumb/v6-m/nofp/libg.a(lib_a-calloc.o)
                              CMakeFiles/tinyusb_host_cdc_msc_hid.dir/home/boemmelsebastian/pico/pico-sdk/src/rp2_common/pico_malloc/pico_malloc.c.obj (calloc)
/usr/lib/gcc/arm-none-eabi/8.3.1/../../../arm-none-eabi/lib/thumb/v6-m/nofp/libg.a(lib_a-callocr.o)
                              /usr/lib/gcc/arm-none-eabi/8.3.1/../../../arm-none-eabi/lib/thumb/v6-m/nofp/libg.a(lib_a-calloc.o) (_calloc_r)
/usr/lib/gcc/arm-none-eabi/8.3.1/../../../arm-none-eabi/lib/thumb/v6-m/nofp/libg.a(lib_a-ctype_.o)
                              CMakeFiles/tinyusb_host_cdc_msc_hid.dir/home/boemmelsebastian/pico/pico-sdk/lib/tinyusb/src/tusb.c.obj (_ctype_)
/usr/lib/gcc/arm-none-eabi/8.3.1/../../../arm-none-eabi/lib/thumb/v6-m/nofp/libg.a(lib_a-fflush.o)
                              CMakeFiles/tinyusb_host_cdc_msc_hid.dir/src/hid_app.c.obj (fflush)
/usr/lib/gcc/arm-none-eabi/8.3.1/../../../arm-none-eabi/lib/thumb/v6-m/nofp/libg.a(lib_a-findfp.o)
                              /usr/lib/gcc/arm-none-eabi/8.3.1/../../../arm-none-eabi/lib/thumb/v6-m/nofp/libg.a(lib_a-fflush.o) (__sinit)
/usr/lib/gcc/arm-none-eabi/8.3.1/../../../arm-none-eabi/lib/thumb/v6-m/nofp/libg.a(lib_a-fini.o)
                              /usr/lib/gcc/arm-none-eabi/8.3.1/../../../arm-none-eabi/lib/thumb/v6-m/nofp/crt0.o (__libc_fini_array)
/usr/lib/gcc/arm-none-eabi/8.3.1/../../../arm-none-eabi/lib/thumb/v6-m/nofp/libg.a(lib_a-freer.o)
                              /usr/lib/gcc/arm-none-eabi/8.3.1/../../../arm-none-eabi/lib/thumb/v6-m/nofp/libg.a(lib_a-fflush.o) (_free_r)
/usr/lib/gcc/arm-none-eabi/8.3.1/../../../arm-none-eabi/lib/thumb/v6-m/nofp/libg.a(lib_a-fwalk.o)
                              /usr/lib/gcc/arm-none-eabi/8.3.1/../../../arm-none-eabi/lib/thumb/v6-m/nofp/libg.a(lib_a-findfp.o) (_fwalk)
/usr/lib/gcc/arm-none-eabi/8.3.1/../../../arm-none-eabi/lib/thumb/v6-m/nofp/libg.a(lib_a-impure.o)
                              /usr/lib/gcc/arm-none-eabi/8.3.1/../../../arm-none-eabi/lib/thumb/v6-m/nofp/libg.a(lib_a-fflush.o) (_global_impure_ptr)
/usr/lib/gcc/arm-none-eabi/8.3.1/../../../arm-none-eabi/lib/thumb/v6-m/nofp/libg.a(lib_a-init.o)
                              /usr/lib/gcc/arm-none-eabi/8.3.1/../../../arm-none-eabi/lib/thumb/v6-m/nofp/crt0.o (__libc_init_array)
/usr/lib/gcc/arm-none-eabi/8.3.1/../../../arm-none-eabi/lib/thumb/v6-m/nofp/libg.a(lib_a-malloc.o)
                              CMakeFiles/tinyusb_host_cdc_msc_hid.dir/home/boemmelsebastian/pico/pico-sdk/src/rp2_common/pico_malloc/pico_malloc.c.obj (malloc)
/usr/lib/gcc/arm-none-eabi/8.3.1/../../../arm-none-eabi/lib/thumb/v6-m/nofp/libg.a(lib_a-mallocr.o)
                              /usr/lib/gcc/arm-none-eabi/8.3.1/../../../arm-none-eabi/lib/thumb/v6-m/nofp/libg.a(lib_a-callocr.o) (_malloc_r)
/usr/lib/gcc/arm-none-eabi/8.3.1/../../../arm-none-eabi/lib/thumb/v6-m/nofp/libg.a(lib_a-mlock.o)
                              /usr/lib/gcc/arm-none-eabi/8.3.1/../../../arm-none-eabi/lib/thumb/v6-m/nofp/libg.a(lib_a-freer.o) (__malloc_lock)
/usr/lib/gcc/arm-none-eabi/8.3.1/../../../arm-none-eabi/lib/thumb/v6-m/nofp/libg.a(lib_a-realloc.o)
                              CMakeFiles/tinyusb_host_cdc_msc_hid.dir/home/boemmelsebastian/pico/pico-sdk/src/rp2_common/pico_malloc/pico_malloc.c.obj (realloc)
/usr/lib/gcc/arm-none-eabi/8.3.1/../../../arm-none-eabi/lib/thumb/v6-m/nofp/libg.a(lib_a-reallocr.o)
                              /usr/lib/gcc/arm-none-eabi/8.3.1/../../../arm-none-eabi/lib/thumb/v6-m/nofp/libg.a(lib_a-realloc.o) (_realloc_r)
/usr/lib/gcc/arm-none-eabi/8.3.1/../../../arm-none-eabi/lib/thumb/v6-m/nofp/libg.a(lib_a-sbrkr.o)
                              /usr/lib/gcc/arm-none-eabi/8.3.1/../../../arm-none-eabi/lib/thumb/v6-m/nofp/libg.a(lib_a-freer.o) (_sbrk_r)
/usr/lib/gcc/arm-none-eabi/8.3.1/../../../arm-none-eabi/lib/thumb/v6-m/nofp/libg.a(lib_a-stdio.o)
                              /usr/lib/gcc/arm-none-eabi/8.3.1/../../../arm-none-eabi/lib/thumb/v6-m/nofp/libg.a(lib_a-findfp.o) (__sread)
/usr/lib/gcc/arm-none-eabi/8.3.1/../../../arm-none-eabi/lib/thumb/v6-m/nofp/libg.a(lib_a-strlen-stub.o)
                              CMakeFiles/tinyusb_host_cdc_msc_hid.dir/home/boemmelsebastian/pico/pico-sdk/src/rp2_common/pico_stdio/stdio.c.obj (strlen)
/usr/lib/gcc/arm-none-eabi/8.3.1/../../../arm-none-eabi/lib/thumb/v6-m/nofp/libg.a(lib_a-writer.o)
[...]
Memory Configuration

Name             Origin             Length             Attributes
FLASH            0x0000000010000000 0x0000000000200000 xr
RAM              0x0000000020000000 0x0000000000040000 xrw
SCRATCH_X        0x0000000020040000 0x0000000000001000 xrw
SCRATCH_Y        0x0000000020041000 0x0000000000001000 xrw
*default*        0x0000000000000000 0xffffffffffffffff

Linker script and memory map

LOAD /usr/lib/gcc/arm-none-eabi/8.3.1/thumb/v6-m/nofp/crti.o
LOAD /usr/lib/gcc/arm-none-eabi/8.3.1/thumb/v6-m/nofp/crtbegin.o
LOAD /usr/lib/gcc/arm-none-eabi/8.3.1/../../../arm-none-eabi/lib/thumb/v6-m/nofp/crt0.o

.flash_begin    0x0000000010000000        0x0
                0x0000000010000000                __flash_binary_start = .

.boot2          0x0000000010000000      0x100
                0x0000000010000000                __boot2_start__ = .
 *(.boot2)
 .boot2         0x0000000010000000      0x100 /tmp/ccx7cEFV.o
                0x0000000010000100                __boot2_end__ = .
                0x0000000000000001                ASSERT (((__boot2_end__ - __boot2_start__) == 0x100), ERROR: Pico second stage bootloader must be 256 bytes in size)

.text           0x0000000010000100     0x8850
                0x0000000010000100                __logical_binary_start = .
 *(.vectors)
 .vectors       0x0000000010000100       0xd4 CMakeFiles/tinyusb_host_cdc_msc_hid.dir/home/boemmelsebastian/pico/pico-sdk/src/rp2_common/pico_standard_link/crt0.S.obj
                0x0000000010000100                __vectors
                0x0000000010000100                __VECTOR_TABLE
                0x00000000100001c0                isr_invalid
                0x00000000100001c0                __default_isrs_start
                0x00000000100001c2                isr_nmi
                0x00000000100001c4                isr_hardfault
                0x00000000100001c6                isr_svcall
                0x00000000100001c8                isr_pendsv
                0x00000000100001ca                isr_systick
                0x00000000100001cc                isr_irq30
                0x00000000100001cc                __unhandled_user_irq
                0x00000000100001cc                isr_irq13
                0x00000000100001cc                isr_irq27
                0x00000000100001cc                isr_irq31
                0x00000000100001cc                isr_irq5
                0x00000000100001cc                isr_irq11
                0x00000000100001cc                isr_irq23
                0x00000000100001cc                isr_irq18
                0x00000000100001cc                isr_irq28
                0x00000000100001cc                isr_irq19
                0x00000000100001cc                isr_irq0
                0x00000000100001cc                isr_irq6
                0x00000000100001cc                isr_irq22
                0x00000000100001cc                isr_irq17
                0x00000000100001cc                isr_irq14
                0x00000000100001cc                isr_irq2
                0x00000000100001cc                isr_irq10
                0x00000000100001cc                isr_irq8
                0x00000000100001cc                isr_irq24
                0x00000000100001cc                isr_irq1
                0x00000000100001cc                isr_irq7
                0x00000000100001cc                isr_irq21
                0x00000000100001cc                isr_irq20
                0x00000000100001cc                isr_irq15
                0x00000000100001cc                isr_irq25
                0x00000000100001cc                isr_irq4
                0x00000000100001cc                isr_irq16
                0x00000000100001cc                isr_irq29
                0x00000000100001cc                isr_irq26
                0x00000000100001cc                __default_isrs_end
                0x00000000100001cc                isr_irq3
                0x00000000100001cc                isr_irq12
                0x00000000100001cc                isr_irq9
                0x00000000100001d2                unhandled_user_irq_num_in_r0
 *(.binary_info_header)
 .binary_info_header
                0x00000000100001d4       0x14 CMakeFiles/tinyusb_host_cdc_msc_hid.dir/home/boemmelsebastian/pico/pico-sdk/src/rp2_common/pico_standard_link/crt0.S.obj
                0x00000000100001e8                __binary_info_header_end = .
 *(.reset)
 .reset         0x00000000100001e8       0xa8 CMakeFiles/tinyusb_host_cdc_msc_hid.dir/home/boemmelsebastian/pico/pico-sdk/src/rp2_common/pico_standard_link/crt0.S.obj
                0x00000000100001e8                _entry_point
                0x0000000010000266                __get_current_exception
 .reset         0x0000000010000290       0x30 CMakeFiles/tinyusb_host_cdc_msc_hid.dir/home/boemmelsebastian/pico/pico-sdk/src/rp2_common/pico_standard_link/binary_info.c.obj
 *(.init)
 .init          0x00000000100002c0        0x4 /usr/lib/gcc/arm-none-eabi/8.3.1/thumb/v6-m/nofp/crti.o
                0x00000000100002c0                _init
 *(EXCLUDE_FILE(*libm.a: *libc.a:*lib_a-mem*.o *libgcc.a:) .text*)
 .text          0x00000000100002c4       0x98 /usr/lib/gcc/arm-none-eabi/8.3.1/thumb/v6-m/nofp/crtbegin.o
 .text.process_kbd_report
                0x000000001000035c       0x84 CMakeFiles/tinyusb_host_cdc_msc_hid.dir/src/hid_app.c.obj
 .text.hid_app_task
                0x00000000100003e0        0x2 CMakeFiles/tinyusb_host_cdc_msc_hid.dir/src/hid_app.c.obj
                0x00000000100003e0                hid_app_task
 *fill*         0x00000000100003e2        0x2 
 .text.tuh_hid_mount_cb
                0x00000000100003e4       0x90 CMakeFiles/tinyusb_host_cdc_msc_hid.dir/src/hid_app.c.obj
                0x00000000100003e4                tuh_hid_mount_cb
 .text.tuh_hid_umount_cb
                0x0000000010000474       0x14 CMakeFiles/tinyusb_host_cdc_msc_hid.dir/src/hid_app.c.obj
                0x0000000010000474                tuh_hid_umount_cb
 .text.cursor_movement
                0x0000000010000488       0x14 CMakeFiles/tinyusb_host_cdc_msc_hid.dir/src/hid_app.c.obj
                0x0000000010000488                cursor_movement
 .text.process_mouse_report
                0x000000001000049c       0x44 CMakeFiles/tinyusb_host_cdc_msc_hid.dir/src/hid_app.c.obj
 .text.process_generic_report
                0x00000000100004e0       0x88 CMakeFiles/tinyusb_host_cdc_msc_hid.dir/src/hid_app.c.obj
 .text.tuh_hid_report_received_cb
                0x0000000010000568       0x4c CMakeFiles/tinyusb_host_cdc_msc_hid.dir/src/hid_app.c.obj
                0x0000000010000568                tuh_hid_report_received_cb
 .text.tuh_mount_cb
                0x00000000100005b4       0x24 CMakeFiles/tinyusb_host_cdc_msc_hid.dir/src/main.c.obj
                0x00000000100005b4                tuh_mount_cb
 .text.tuh_umount_cb
                0x00000000100005d8       0x10 CMakeFiles/tinyusb_host_cdc_msc_hid.dir/src/main.c.obj
                0x00000000100005d8                tuh_umount_cb
 .text.tuh_cdc_xfer_isr
                0x00000000100005e8       0x28 CMakeFiles/tinyusb_host_cdc_msc_hid.dir/src/main.c.obj
                0x00000000100005e8                tuh_cdc_xfer_isr
 .text.led_blinking_task
                0x0000000010000610       0x70 CMakeFiles/tinyusb_host_cdc_msc_hid.dir/src/main.c.obj
                0x0000000010000610                led_blinking_task
 .text.main     0x0000000010000680       0x24 CMakeFiles/tinyusb_host_cdc_msc_hid.dir/src/main.c.obj
                0x0000000010000680                main
 .text.inquiry_complete_cb
                0x00000000100006a4       0x78 CMakeFiles/tinyusb_host_cdc_msc_hid.dir/src/msc_app.c.obj
                0x00000000100006a4                inquiry_complete_cb
 .text.tuh_msc_mount_cb
                0x000000001000071c       0x24 CMakeFiles/tinyusb_host_cdc_msc_hid.dir/src/msc_app.c.obj
                0x000000001000071c                tuh_msc_mount_cb
 .text.tuh_msc_umount_cb
                0x0000000010000740       0x10 CMakeFiles/tinyusb_host_cdc_msc_hid.dir/src/msc_app.c.obj
                0x0000000010000740                tuh_msc_umount_cb
 .text.gpio_set_function
                0x0000000010000750       0x30 CMakeFiles/tinyusb_host_cdc_msc_hid.dir/home/boemmelsebastian/pico/pico-sdk/src/rp2_common/hardware_gpio/gpio.c.obj
                0x0000000010000750                gpio_set_function
 .text.gpio_init
                0x0000000010000780       0x16 CMakeFiles/tinyusb_host_cdc_msc_hid.dir/home/boemmelsebastian/pico/pico-sdk/src/rp2_common/hardware_gpio/gpio.c.obj
                0x0000000010000780                gpio_init
 *fill*         0x0000000010000796        0x2 
 .text.hw_claim_lock
                0x0000000010000798       0x18 CMakeFiles/tinyusb_host_cdc_msc_hid.dir/home/boemmelsebastian/pico/pico-sdk/src/rp2_common/hardware_claim/claim.c.obj
                0x0000000010000798                hw_claim_lock
 .text.hw_claim_unlock
                0x00000000100007b0       0x14 CMakeFiles/tinyusb_host_cdc_msc_hid.dir/home/boemmelsebastian/pico/pico-sdk/src/rp2_common/hardware_claim/claim.c.obj
                0x00000000100007b0                hw_claim_unlock
 .text.hw_claim_or_assert
                0x00000000100007c4       0x32 CMakeFiles/tinyusb_host_cdc_msc_hid.dir/home/boemmelsebastian/pico/pico-sdk/src/rp2_common/hardware_claim/claim.c.obj
                0x00000000100007c4                hw_claim_or_assert
 .text.hw_claim_unused_from_range
                0x00000000100007f6       0x50 CMakeFiles/tinyusb_host_cdc_msc_hid.dir/home/boemmelsebastian/pico/pico-sdk/src/rp2_common/hardware_claim/claim.c.obj
                0x00000000100007f6                hw_claim_unused_from_range
 *fill*         0x0000000010000846        0x2 
 .text.running_on_fpga
                0x0000000010000848       0x14 CMakeFiles/tinyusb_host_cdc_msc_hid.dir/home/boemmelsebastian/pico/pico-sdk/src/rp2_common/pico_platform/platform.c.obj
                0x0000000010000848                running_on_fpga
 .text.spin_locks_reset
                0x000000001000085c       0x20 CMakeFiles/tinyusb_host_cdc_msc_hid.dir/home/boemmelsebastian/pico/pico-sdk/src/rp2_common/hardware_sync/sync.c.obj
                0x000000001000085c                spin_locks_reset
 .text.next_striped_spin_lock_num
                0x000000001000087c       0x1c CMakeFiles/tinyusb_host_cdc_msc_hid.dir/home/boemmelsebastian/pico/pico-sdk/src/rp2_common/hardware_sync/sync.c.obj
                0x000000001000087c                next_striped_spin_lock_num
 .text.spin_lock_claim_unused
                0x0000000010000898       0x20 CMakeFiles/tinyusb_host_cdc_msc_hid.dir/home/boemmelsebastian/pico/pico-sdk/src/rp2_common/hardware_sync/sync.c.obj
                0x0000000010000898                spin_lock_claim_unused
 .text.set_raw_irq_handler_and_unlock
                0x00000000100008b8       0x28 CMakeFiles/tinyusb_host_cdc_msc_hid.dir/home/boemmelsebastian/pico/pico-sdk/src/rp2_common/hardware_irq/irq.c.obj
 .text.make_branch
                0x00000000100008e0       0x48 CMakeFiles/tinyusb_host_cdc_msc_hid.dir/home/boemmelsebastian/pico/pico-sdk/src/rp2_common/hardware_irq/irq.c.obj
 .text.insert_branch_and_link
                0x0000000010000928       0x40 CMakeFiles/tinyusb_host_cdc_msc_hid.dir/home/boemmelsebastian/pico/pico-sdk/src/rp2_common/hardware_irq/irq.c.obj
 .text.irq_is_enabled
                0x0000000010000968       0x18 CMakeFiles/tinyusb_host_cdc_msc_hid.dir/home/boemmelsebastian/pico/pico-sdk/src/rp2_common/hardware_irq/irq.c.obj
                0x0000000010000968                irq_is_enabled
 .text.irq_set_mask_enabled
                0x0000000010000980       0x20 CMakeFiles/tinyusb_host_cdc_msc_hid.dir/home/boemmelsebastian/pico/pico-sdk/src/rp2_common/hardware_irq/irq.c.obj
                0x0000000010000980                irq_set_mask_enabled
 .text.irq_set_enabled
                0x00000000100009a0        0xe CMakeFiles/tinyusb_host_cdc_msc_hid.dir/home/boemmelsebastian/pico/pico-sdk/src/rp2_common/hardware_irq/irq.c.obj
                0x00000000100009a0                irq_set_enabled
 *fill*         0x00000000100009ae        0x2 
 .text.irq_get_vtable_handler
                0x00000000100009b0       0x10 CMakeFiles/tinyusb_host_cdc_msc_hid.dir/home/boemmelsebastian/pico/pico-sdk/src/rp2_common/hardware_irq/irq.c.obj
                0x00000000100009b0                irq_get_vtable_handler
 .text.irq_set_exclusive_handler
                0x00000000100009c0       0x54 CMakeFiles/tinyusb_host_cdc_msc_hid.dir/home/boemmelsebastian/pico/pico-sdk/src/rp2_common/hardware_irq/irq.c.obj
                0x00000000100009c0                irq_set_exclusive_handler
 .text.irq_remove_handler
                0x0000000010000a14      0x1a0 CMakeFiles/tinyusb_host_cdc_msc_hid.dir/home/boemmelsebastian/pico/pico-sdk/src/rp2_common/hardware_irq/irq.c.obj
                0x0000000010000a14                irq_remove_handler
 .text.irq_add_tail_to_free_list
                0x0000000010000bb4       0xf0 CMakeFiles/tinyusb_host_cdc_msc_hid.dir/home/boemmelsebastian/pico/pico-sdk/src/rp2_common/hardware_irq/irq.c.obj
                0x0000000010000bb4                irq_add_tail_to_free_list
 .text.irq_init_priorities
                0x0000000010000ca4       0x1c CMakeFiles/tinyusb_host_cdc_msc_hid.dir/home/boemmelsebastian/pico/pico-sdk/src/rp2_common/hardware_irq/irq.c.obj
                0x0000000010000ca4                irq_init_priorities
 .text.lock_init
                0x0000000010000cc0       0x10 CMakeFiles/tinyusb_host_cdc_msc_hid.dir/home/boemmelsebastian/pico/pico-sdk/src/common/pico_sync/lock_core.c.obj
                0x0000000010000cc0                lock_init
 .text.sleep_until_callback
                0x0000000010000cd0       0x30 CMakeFiles/tinyusb_host_cdc_msc_hid.dir/home/boemmelsebastian/pico/pico-sdk/src/common/pico_time/time.c.obj
 .text.alarm_pool_post_alloc_init
                0x0000000010000d00       0x40 CMakeFiles/tinyusb_host_cdc_msc_hid.dir/home/boemmelsebastian/pico/pico-sdk/src/common/pico_time/time.c.obj
 .text.timer_pool_entry_comparator
                0x0000000010000d40       0x7c CMakeFiles/tinyusb_host_cdc_msc_hid.dir/home/boemmelsebastian/pico/pico-sdk/src/common/pico_time/time.c.obj
                0x0000000010000d40                timer_pool_entry_comparator
 .text.ph_add_child_node
                0x0000000010000dbc       0xa4 CMakeFiles/tinyusb_host_cdc_msc_hid.dir/home/boemmelsebastian/pico/pico-sdk/src/common/pico_time/time.c.obj
 .text.ph_merge_nodes
                0x0000000010000e60       0x3e CMakeFiles/tinyusb_host_cdc_msc_hid.dir/home/boemmelsebastian/pico/pico-sdk/src/common/pico_time/time.c.obj
 *fill*         0x0000000010000e9e        0x2 
 .text.add_alarm_under_lock
                0x0000000010000ea0      0x180 CMakeFiles/tinyusb_host_cdc_msc_hid.dir/home/boemmelsebastian/pico/pico-sdk/src/common/pico_time/time.c.obj
 .text.alarm_pool_alarm_callback
                0x0000000010001020      0x328 CMakeFiles/tinyusb_host_cdc_msc_hid.dir/home/boemmelsebastian/pico/pico-sdk/src/common/pico_time/time.c.obj
 .text.alarm_pool_init_default
                0x0000000010001348       0x38 CMakeFiles/tinyusb_host_cdc_msc_hid.dir/home/boemmelsebastian/pico/pico-sdk/src/common/pico_time/time.c.obj
                0x0000000010001348                alarm_pool_init_default
 .text.alarm_pool_get_default
                0x0000000010001380       0x2c CMakeFiles/tinyusb_host_cdc_msc_hid.dir/home/boemmelsebastian/pico/pico-sdk/src/common/pico_time/time.c.obj
                0x0000000010001380                alarm_pool_get_default
 .text.alarm_pool_add_alarm_at
                0x00000000100013ac      0x154 CMakeFiles/tinyusb_host_cdc_msc_hid.dir/home/boemmelsebastian/pico/pico-sdk/src/common/pico_time/time.c.obj
                0x00000000100013ac                alarm_pool_add_alarm_at
 .text.alarm_pool_cancel_alarm
                0x0000000010001500       0xec CMakeFiles/tinyusb_host_cdc_msc_hid.dir/home/boemmelsebastian/pico/pico-sdk/src/common/pico_time/time.c.obj
                0x0000000010001500                alarm_pool_cancel_alarm
 .text.sleep_until
                0x00000000100015ec       0xf8 CMakeFiles/tinyusb_host_cdc_msc_hid.dir/home/boemmelsebastian/pico/pico-sdk/src/common/pico_time/time.c.obj
                0x00000000100015ec                sleep_until
 .text.sleep_us
                0x00000000100016e4       0x54 CMakeFiles/tinyusb_host_cdc_msc_hid.dir/home/boemmelsebastian/pico/pico-sdk/src/common/pico_time/time.c.obj
                0x00000000100016e4                sleep_us
 .text.sleep_ms
                0x0000000010001738       0x14 CMakeFiles/tinyusb_host_cdc_msc_hid.dir/home/boemmelsebastian/pico/pico-sdk/src/common/pico_time/time.c.obj
                0x0000000010001738                sleep_ms
 .text.best_effort_wfe_or_timeout
                0x000000001000174c       0x80 CMakeFiles/tinyusb_host_cdc_msc_hid.dir/home/boemmelsebastian/pico/pico-sdk/src/common/pico_time/time.c.obj
                0x000000001000174c                best_effort_wfe_or_timeout
 .text.hardware_alarm_irq_handler
                0x00000000100017cc       0x8c CMakeFiles/tinyusb_host_cdc_msc_hid.dir/home/boemmelsebastian/pico/pico-sdk/src/rp2_common/hardware_timer/timer.c.obj
 .text.hardware_alarm_claim
                0x0000000010001858       0x18 CMakeFiles/tinyusb_host_cdc_msc_hid.dir/home/boemmelsebastian/pico/pico-sdk/src/rp2_common/hardware_timer/timer.c.obj
                0x0000000010001858                hardware_alarm_claim
 .text.time_us_64
                0x0000000010001870       0x18 CMakeFiles/tinyusb_host_cdc_msc_hid.dir/home/boemmelsebastian/pico/pico-sdk/src/rp2_common/hardware_timer/timer.c.obj
                0x0000000010001870                time_us_64
 .text.busy_wait_until
                0x0000000010001888       0x24 CMakeFiles/tinyusb_host_cdc_msc_hid.dir/home/boemmelsebastian/pico/pico-sdk/src/rp2_common/hardware_timer/timer.c.obj
                0x0000000010001888                busy_wait_until
 .text.busy_wait_us
                0x00000000100018ac       0x48 CMakeFiles/tinyusb_host_cdc_msc_hid.dir/home/boemmelsebastian/pico/pico-sdk/src/rp2_common/hardware_timer/timer.c.obj
                0x00000000100018ac                busy_wait_us
 .text.hardware_alarm_set_callback
                0x00000000100018f4       0x90 CMakeFiles/tinyusb_host_cdc_msc_hid.dir/home/boemmelsebastian/pico/pico-sdk/src/rp2_common/hardware_timer/timer.c.obj
                0x00000000100018f4                hardware_alarm_set_callback
 .text.hardware_alarm_set_target
                0x0000000010001984       0xe8 CMakeFiles/tinyusb_host_cdc_msc_hid.dir/home/boemmelsebastian/pico/pico-sdk/src/rp2_common/hardware_timer/timer.c.obj
                0x0000000010001984                hardware_alarm_set_target
 .text.hardware_alarm_cancel
                0x0000000010001a6c       0x40 CMakeFiles/tinyusb_host_cdc_msc_hid.dir/home/boemmelsebastian/pico/pico-sdk/src/rp2_common/hardware_timer/timer.c.obj
                0x0000000010001a6c                hardware_alarm_cancel
 .text.ph_add_child_node
                0x0000000010001aac       0xa4 CMakeFiles/tinyusb_host_cdc_msc_hid.dir/home/boemmelsebastian/pico/pico-sdk/src/common/pico_util/pheap.c.obj
 .text.ph_merge_nodes
                0x0000000010001b50       0x3e CMakeFiles/tinyusb_host_cdc_msc_hid.dir/home/boemmelsebastian/pico/pico-sdk/src/common/pico_util/pheap.c.obj
 *fill*         0x0000000010001b8e        0x2 
 .text.ph_clear
                0x0000000010001b90       0x70 CMakeFiles/tinyusb_host_cdc_msc_hid.dir/home/boemmelsebastian/pico/pico-sdk/src/common/pico_util/pheap.c.obj
                0x0000000010001b90                ph_clear
 .text.ph_post_alloc_init
                0x0000000010001c00        0xe CMakeFiles/tinyusb_host_cdc_msc_hid.dir/home/boemmelsebastian/pico/pico-sdk/src/common/pico_util/pheap.c.obj
                0x0000000010001c00                ph_post_alloc_init
 *fill*         0x0000000010001c0e        0x2 
 .text.ph_merge_two_pass
                0x0000000010001c10       0xac CMakeFiles/tinyusb_host_cdc_msc_hid.dir/home/boemmelsebastian/pico/pico-sdk/src/common/pico_util/pheap.c.obj
                0x0000000010001c10                ph_merge_two_pass
 .text.ph_remove_any_head
                0x0000000010001cbc      0x108 CMakeFiles/tinyusb_host_cdc_msc_hid.dir/home/boemmelsebastian/pico/pico-sdk/src/common/pico_util/pheap.c.obj
 .text.ph_remove_head
                0x0000000010001dc4       0x14 CMakeFiles/tinyusb_host_cdc_msc_hid.dir/home/boemmelsebastian/pico/pico-sdk/src/common/pico_util/pheap.c.obj
                0x0000000010001dc4                ph_remove_head
 .text.ph_remove_and_free_node
                0x0000000010001dd8       0xf8 CMakeFiles/tinyusb_host_cdc_msc_hid.dir/home/boemmelsebastian/pico/pico-sdk/src/common/pico_util/pheap.c.obj
                0x0000000010001dd8                ph_remove_and_free_node
 .text.mutex_init
                0x0000000010001ed0       0x1a CMakeFiles/tinyusb_host_cdc_msc_hid.dir/home/boemmelsebastian/pico/pico-sdk/src/common/pico_sync/mutex.c.obj
                0x0000000010001ed0                mutex_init
 .text.recursive_mutex_init
                0x0000000010001eea       0x1e CMakeFiles/tinyusb_host_cdc_msc_hid.dir/home/boemmelsebastian/pico/pico-sdk/src/common/pico_sync/mutex.c.obj
                0x0000000010001eea                recursive_mutex_init
 .text.critical_section_init_with_lock_num
                0x0000000010001f08       0x14 CMakeFiles/tinyusb_host_cdc_msc_hid.dir/home/boemmelsebastian/pico/pico-sdk/src/common/pico_sync/critical_section.c.obj
                0x0000000010001f08                critical_section_init_with_lock_num
 .text.critical_section_init
                0x0000000010001f1c       0x14 CMakeFiles/tinyusb_host_cdc_msc_hid.dir/home/boemmelsebastian/pico/pico-sdk/src/common/pico_sync/critical_section.c.obj
                0x0000000010001f1c                critical_section_init
 .text.uart_set_baudrate
                0x0000000010001f30       0x5c CMakeFiles/tinyusb_host_cdc_msc_hid.dir/home/boemmelsebastian/pico/pico-sdk/src/rp2_common/hardware_uart/uart.c.obj
                0x0000000010001f30                uart_set_baudrate
 .text.uart_set_translate_crlf
                0x0000000010001f8c       0x28 CMakeFiles/tinyusb_host_cdc_msc_hid.dir/home/boemmelsebastian/pico/pico-sdk/src/rp2_common/hardware_uart/uart.c.obj
                0x0000000010001f8c                uart_set_translate_crlf
 .text.uart_init
                0x0000000010001fb4       0x80 CMakeFiles/tinyusb_host_cdc_msc_hid.dir/home/boemmelsebastian/pico/pico-sdk/src/rp2_common/hardware_uart/uart.c.obj
                0x0000000010001fb4                uart_init
 .text._exit    0x0000000010002034        0x4 CMakeFiles/tinyusb_host_cdc_msc_hid.dir/home/boemmelsebastian/pico/pico-sdk/src/rp2_common/pico_runtime/runtime.c.obj
                0x0000000010002034                _exit
 .text._sbrk    0x0000000010002038       0x38 CMakeFiles/tinyusb_host_cdc_msc_hid.dir/home/boemmelsebastian/pico/pico-sdk/src/rp2_common/pico_runtime/runtime.c.obj
                0x0000000010002038                _sbrk
 .text.exit     0x0000000010002070        0x6 CMakeFiles/tinyusb_host_cdc_msc_hid.dir/home/boemmelsebastian/pico/pico-sdk/src/rp2_common/pico_runtime/runtime.c.obj
                0x0000000010002070                exit
 *fill*         0x0000000010002076        0x2 
 .text.__assert_func
                0x0000000010002078       0x3c CMakeFiles/tinyusb_host_cdc_msc_hid.dir/home/boemmelsebastian/pico/pico-sdk/src/rp2_common/pico_runtime/runtime.c.obj
                0x0000000010002078                __assert_func
 .text.runtime_init
                0x00000000100020b4       0xf8 CMakeFiles/tinyusb_host_cdc_msc_hid.dir/home/boemmelsebastian/pico/pico-sdk/src/rp2_common/pico_runtime/runtime.c.obj
                0x00000000100020b4                runtime_init
 .text.panic    0x00000000100021ac       0x30 CMakeFiles/tinyusb_host_cdc_msc_hid.dir/home/boemmelsebastian/pico/pico-sdk/src/rp2_common/pico_runtime/runtime.c.obj
                0x00000000100021ac                panic
 .text.clock_configure
                0x00000000100021dc       0xfc CMakeFiles/tinyusb_host_cdc_msc_hid.dir/home/boemmelsebastian/pico/pico-sdk/src/rp2_common/hardware_clocks/clocks.c.obj
                0x00000000100021dc                clock_configure
 .text.clocks_init
                0x00000000100022d8      0x100 CMakeFiles/tinyusb_host_cdc_msc_hid.dir/home/boemmelsebastian/pico/pico-sdk/src/rp2_common/hardware_clocks/clocks.c.obj
                0x00000000100022d8                clocks_init
 .text.clock_get_hz
                0x00000000100023d8        0xc CMakeFiles/tinyusb_host_cdc_msc_hid.dir/home/boemmelsebastian/pico/pico-sdk/src/rp2_common/hardware_clocks/clocks.c.obj
                0x00000000100023d8                clock_get_hz
 .text.pll_init
                0x00000000100023e4      0x140 CMakeFiles/tinyusb_host_cdc_msc_hid.dir/home/boemmelsebastian/pico/pico-sdk/src/rp2_common/hardware_pll/pll.c.obj
                0x00000000100023e4                pll_init
 .text.watchdog_start_tick
                0x0000000010002524       0x10 CMakeFiles/tinyusb_host_cdc_msc_hid.dir/home/boemmelsebastian/pico/pico-sdk/src/rp2_common/hardware_watchdog/watchdog.c.obj
                0x0000000010002524                watchdog_start_tick
 .text.xosc_init
                0x0000000010002534       0x28 CMakeFiles/tinyusb_host_cdc_msc_hid.dir/home/boemmelsebastian/pico/pico-sdk/src/rp2_common/hardware_xosc/xosc.c.obj
                0x0000000010002534                xosc_init
 .text._out_null
                0x000000001000255c        0x2 CMakeFiles/tinyusb_host_cdc_msc_hid.dir/home/boemmelsebastian/pico/pico-sdk/src/rp2_common/pico_printf/printf.c.obj
 .text._out_fct
                0x000000001000255e        0xe CMakeFiles/tinyusb_host_cdc_msc_hid.dir/home/boemmelsebastian/pico/pico-sdk/src/rp2_common/pico_printf/printf.c.obj
 .text._atoi    0x000000001000256c       0x28 CMakeFiles/tinyusb_host_cdc_msc_hid.dir/home/boemmelsebastian/pico/pico-sdk/src/rp2_common/pico_printf/printf.c.obj
 .text._out_rev
                0x0000000010002594       0x8c CMakeFiles/tinyusb_host_cdc_msc_hid.dir/home/boemmelsebastian/pico/pico-sdk/src/rp2_common/pico_printf/printf.c.obj
 .text._ntoa_format
                0x0000000010002620      0x10c CMakeFiles/tinyusb_host_cdc_msc_hid.dir/home/boemmelsebastian/pico/pico-sdk/src/rp2_common/pico_printf/printf.c.obj
 .text._ntoa_long
                0x000000001000272c       0xb0 CMakeFiles/tinyusb_host_cdc_msc_hid.dir/home/boemmelsebastian/pico/pico-sdk/src/rp2_common/pico_printf/printf.c.obj
 .text._ntoa_long_long
                0x00000000100027dc       0xe6 CMakeFiles/tinyusb_host_cdc_msc_hid.dir/home/boemmelsebastian/pico/pico-sdk/src/rp2_common/pico_printf/printf.c.obj
 *fill*         0x00000000100028c2        0x2 
 .text._etoa    0x00000000100028c4      0x408 CMakeFiles/tinyusb_host_cdc_msc_hid.dir/home/boemmelsebastian/pico/pico-sdk/src/rp2_common/pico_printf/printf.c.obj
 .text._ftoa    0x0000000010002ccc      0x344 CMakeFiles/tinyusb_host_cdc_msc_hid.dir/home/boemmelsebastian/pico/pico-sdk/src/rp2_common/pico_printf/printf.c.obj
 .text._vsnprintf
                0x0000000010003010      0x61c CMakeFiles/tinyusb_host_cdc_msc_hid.dir/home/boemmelsebastian/pico/pico-sdk/src/rp2_common/pico_printf/printf.c.obj
 .text.vfctprintf
                0x000000001000362c       0x20 CMakeFiles/tinyusb_host_cdc_msc_hid.dir/home/boemmelsebastian/pico/pico-sdk/src/rp2_common/pico_printf/printf.c.obj
                0x000000001000362c                vfctprintf
 .text          0x000000001000364c       0x10 CMakeFiles/tinyusb_host_cdc_msc_hid.dir/home/boemmelsebastian/pico/pico-sdk/src/rp2_common/pico_bit_ops/bit_ops_aeabi.S.obj
 .text.rom_func_lookup
                0x000000001000365c       0x10 CMakeFiles/tinyusb_host_cdc_msc_hid.dir/home/boemmelsebastian/pico/pico-sdk/src/rp2_common/pico_bootrom/bootrom.c.obj
                0x000000001000365c                rom_func_lookup
 .text.rom_data_lookup
                0x000000001000366c       0x10 CMakeFiles/tinyusb_host_cdc_msc_hid.dir/home/boemmelsebastian/pico/pico-sdk/src/rp2_common/pico_bootrom/bootrom.c.obj
                0x000000001000366c                rom_data_lookup
 .text.rom_funcs_lookup
                0x000000001000367c       0x36 CMakeFiles/tinyusb_host_cdc_msc_hid.dir/home/boemmelsebastian/pico/pico-sdk/src/rp2_common/pico_bootrom/bootrom.c.obj
                0x000000001000367c                rom_funcs_lookup
 *fill*         0x00000000100036b2        0x2 
 .text.__wrap___aeabi_idiv
                0x00000000100036b4       0x50 CMakeFiles/tinyusb_host_cdc_msc_hid.dir/home/boemmelsebastian/pico/pico-sdk/src/rp2_common/pico_divider/divider.S.obj
                0x00000000100036b4                __wrap___aeabi_idivmod
                0x00000000100036b4                divmod_s32s32
                0x00000000100036b4                div_s32s32
                0x00000000100036b4                __wrap___aeabi_idiv
                0x00000000100036bc                divmod_s32s32_unsafe
                0x00000000100036e8                divmod_s32s32_savestate
 .text.__wrap___aeabi_uidiv
                0x0000000010003704       0x4c CMakeFiles/tinyusb_host_cdc_msc_hid.dir/home/boemmelsebastian/pico/pico-sdk/src/rp2_common/pico_divider/divider.S.obj
                0x0000000010003704                __wrap___aeabi_uidiv
                0x0000000010003704                __wrap___aeabi_uidivmod
                0x0000000010003704                div_u32u32
                0x0000000010003704                divmod_u32u32
                0x000000001000370c                divmod_u32u32_unsafe
                0x0000000010003734                divmod_u32u32_savestate
 .text.__wrap___aeabi_ldiv
                0x0000000010003750      0x434 CMakeFiles/tinyusb_host_cdc_msc_hid.dir/home/boemmelsebastian/pico/pico-sdk/src/rp2_common/pico_divider/divider.S.obj
                0x0000000010003750                div_s64s64
                0x0000000010003750                divmod_s64s64
                0x0000000010003750                __wrap___aeabi_ldivmod
                0x0000000010003788                div_u64u64
                0x0000000010003788                divmod_u64u64
                0x0000000010003788                __wrap___aeabi_uldivmod
                0x0000000010003798                divmod_u64u64_savestate
                0x00000000100037c0                divmod_s64s64_unsafe
                0x0000000010003848                divmod_u64u64_unsafe
 .text.__wrap___aeabi_darithmetic
                0x0000000010003b84       0x80 CMakeFiles/tinyusb_host_cdc_msc_hid.dir/home/boemmelsebastian/pico/pico-sdk/src/rp2_common/pico_double/double_aeabi.S.obj
                0x0000000010003b84                __wrap___aeabi_drsub
                0x0000000010003b8a                __wrap___aeabi_dsub
                0x0000000010003b9c                __wrap___aeabi_dadd
                0x0000000010003bae                __wrap___aeabi_ddiv
                0x0000000010003bea                __wrap___aeabi_dmul
 .text.__wrap___aeabi_cdcmple
                0x0000000010003c04       0x6c CMakeFiles/tinyusb_host_cdc_msc_hid.dir/home/boemmelsebastian/pico/pico-sdk/src/rp2_common/pico_double/double_aeabi.S.obj
                0x0000000010003c04                __wrap___aeabi_cdrcmple
                0x0000000010003c14                __wrap___aeabi_cdcmple
                0x0000000010003c14                __wrap___aeabi_cdcmpeq
 .text.__wrap___aeabi_dcmplt
                0x0000000010003c70        0xc CMakeFiles/tinyusb_host_cdc_msc_hid.dir/home/boemmelsebastian/pico/pico-sdk/src/rp2_common/pico_double/double_aeabi.S.obj
                0x0000000010003c70                __wrap___aeabi_dcmplt
 .text.__wrap___aeabi_dcmple
                0x0000000010003c7c       0x10 CMakeFiles/tinyusb_host_cdc_msc_hid.dir/home/boemmelsebastian/pico/pico-sdk/src/rp2_common/pico_double/double_aeabi.S.obj
                0x0000000010003c7c                __wrap___aeabi_dcmple
 .text.__wrap___aeabi_dcmpge
                0x0000000010003c8c       0x10 CMakeFiles/tinyusb_host_cdc_msc_hid.dir/home/boemmelsebastian/pico/pico-sdk/src/rp2_common/pico_double/double_aeabi.S.obj
                0x0000000010003c8c                __wrap___aeabi_dcmpge
 .text.__wrap___aeabi_dcmpgt
                0x0000000010003c9c        0xa CMakeFiles/tinyusb_host_cdc_msc_hid.dir/home/boemmelsebastian/pico/pico-sdk/src/rp2_common/pico_double/double_aeabi.S.obj
                0x0000000010003c9c                __wrap___aeabi_dcmpgt
 .text.__wrap___aeabi_dcmpun
                0x0000000010003ca6       0x1c CMakeFiles/tinyusb_host_cdc_msc_hid.dir/home/boemmelsebastian/pico/pico-sdk/src/rp2_common/pico_double/double_aeabi.S.obj
                0x0000000010003ca6                __wrap___aeabi_dcmpun
 *fill*         0x0000000010003cc2        0x2 
 .text.__wrap___aeabi_i2d
                0x0000000010003cc4       0x38 CMakeFiles/tinyusb_host_cdc_msc_hid.dir/home/boemmelsebastian/pico/pico-sdk/src/rp2_common/pico_double/double_aeabi.S.obj
                0x0000000010003cc4                __wrap___aeabi_ui2d
                0x0000000010003ccc                __wrap___aeabi_i2d
 .text.__wrap___aeabi_d2iz
                0x0000000010003cfc       0x48 CMakeFiles/tinyusb_host_cdc_msc_hid.dir/home/boemmelsebastian/pico/pico-sdk/src/rp2_common/pico_double/double_aeabi.S.obj
                0x0000000010003cfc                __wrap___aeabi_d2iz
                0x0000000010003cfc                double2int_z
 .text.__wrap___aeabi_d2uiz
                0x0000000010003d44       0x18 CMakeFiles/tinyusb_host_cdc_msc_hid.dir/home/boemmelsebastian/pico/pico-sdk/src/rp2_common/pico_double/double_aeabi.S.obj
                0x0000000010003d44                double2uint
                0x0000000010003d44                __wrap___aeabi_d2uiz
 .text.__aeabi_double_init
                0x0000000010003d5c       0xc8 CMakeFiles/tinyusb_host_cdc_msc_hid.dir/home/boemmelsebastian/pico/pico-sdk/src/rp2_common/pico_double/double_init_rom.c.obj
                0x0000000010003d5c                __aeabi_double_init
 .text.double_table_shim_on_use_helper
                0x0000000010003e24       0x34 CMakeFiles/tinyusb_host_cdc_msc_hid.dir/home/boemmelsebastian/pico/pico-sdk/src/rp2_common/pico_double/double_v1_rom_shim.S.obj
                0x0000000010003e24                double_table_shim_on_use_helper
 .text.__wrap___aeabi_dsub
                0x0000000010003e58       0x10 CMakeFiles/tinyusb_host_cdc_msc_hid.dir/home/boemmelsebastian/pico/pico-sdk/src/rp2_common/pico_double/double_v1_rom_shim.S.obj
                0x0000000010003e58                drsub_shim
                0x0000000010003e5e                dsub_shim
 .text.dadd_shim
                0x0000000010003e68      0x15c CMakeFiles/tinyusb_host_cdc_msc_hid.dir/home/boemmelsebastian/pico/pico-sdk/src/rp2_common/pico_double/double_v1_rom_shim.S.obj
                0x0000000010003e68                dadd_shim
 .text.dmul_shim
                0x0000000010003fc4      0x15c CMakeFiles/tinyusb_host_cdc_msc_hid.dir/home/boemmelsebastian/pico/pico-sdk/src/rp2_common/pico_double/double_v1_rom_shim.S.obj
                0x0000000010003fc4                dmul_shim
 .text.ddiv_shim
                0x0000000010004120      0x1b0 CMakeFiles/tinyusb_host_cdc_msc_hid.dir/home/boemmelsebastian/pico/pico-sdk/src/rp2_common/pico_double/double_v1_rom_shim.S.obj
                0x0000000010004120                ddiv_shim
 .text.double2uint_shim
                0x00000000100042d0        0xe CMakeFiles/tinyusb_host_cdc_msc_hid.dir/home/boemmelsebastian/pico/pico-sdk/src/rp2_common/pico_double/double_v1_rom_shim.S.obj
                0x00000000100042d0                double2uint_shim
                0x00000000100042d2                double2ufix_shim
 *fill*         0x00000000100042de        0x2 
 .text.double2uint64_shim
                0x00000000100042e0       0x70 CMakeFiles/tinyusb_host_cdc_msc_hid.dir/home/boemmelsebastian/pico/pico-sdk/src/rp2_common/pico_double/double_v1_rom_shim.S.obj
                0x00000000100042e0                double2uint64_shim
                0x00000000100042e2                double2ufix64_shim
                0x0000000010004302                d2fix_a
 .text.dunpacks
                0x0000000010004350       0x3c CMakeFiles/tinyusb_host_cdc_msc_hid.dir/home/boemmelsebastian/pico/pico-sdk/src/rp2_common/pico_double/double_v1_rom_shim.S.obj
                0x0000000010004350                dunpacks
 .text.__aeabi_lmul
                0x000000001000438c       0x32 CMakeFiles/tinyusb_host_cdc_msc_hid.dir/home/boemmelsebastian/pico/pico-sdk/src/rp2_common/pico_int64_ops/pico_int64_ops_aeabi.S.obj
                0x000000001000438c                __wrap___aeabi_lmul
 *fill*         0x00000000100043be        0x2 
 .text.__aeabi_float_init
                0x00000000100043c0       0xfc CMakeFiles/tinyusb_host_cdc_msc_hid.dir/home/boemmelsebastian/pico/pico-sdk/src/rp2_common/pico_float/float_init_rom.c.obj
                0x00000000100043c0                __aeabi_float_init
 .text.float_table_shim_on_use_helper
                0x00000000100044bc       0x34 CMakeFiles/tinyusb_host_cdc_msc_hid.dir/home/boemmelsebastian/pico/pico-sdk/src/rp2_common/pico_float/float_v1_rom_shim.S.obj
                0x00000000100044bc                float_table_shim_on_use_helper
 .text          0x00000000100044f0       0x10 CMakeFiles/tinyusb_host_cdc_msc_hid.dir/home/boemmelsebastian/pico/pico-sdk/src/rp2_common/pico_mem_ops/mem_ops_aeabi.S.obj
                0x00000000100044f0                __aeabi_mem_init
 .text.memset   0x0000000010004500        0xc CMakeFiles/tinyusb_host_cdc_msc_hid.dir/home/boemmelsebastian/pico/pico-sdk/src/rp2_common/pico_mem_ops/mem_ops_aeabi.S.obj
                0x0000000010004500                __wrap_memset
 .text.memcpy   0x000000001000450c        0xc CMakeFiles/tinyusb_host_cdc_msc_hid.dir/home/boemmelsebastian/pico/pico-sdk/src/rp2_common/pico_mem_ops/mem_ops_aeabi.S.obj
                0x000000001000450c                __wrap___aeabi_memcpy
                0x000000001000450c                __wrap_memcpy
 .text.stdio_out_chars_no_crlf
                0x0000000010004518        0xe CMakeFiles/tinyusb_host_cdc_msc_hid.dir/home/boemmelsebastian/pico/pico-sdk/src/rp2_common/pico_stdio/stdio.c.obj
 *fill*         0x0000000010004526        0x2 
 .text.stdio_out_chars_crlf
                0x0000000010004528       0x80 CMakeFiles/tinyusb_host_cdc_msc_hid.dir/home/boemmelsebastian/pico/pico-sdk/src/rp2_common/pico_stdio/stdio.c.obj
 .text.stdio_stack_buffer_flush
                0x00000000100045a8       0x44 CMakeFiles/tinyusb_host_cdc_msc_hid.dir/home/boemmelsebastian/pico/pico-sdk/src/rp2_common/pico_stdio/stdio.c.obj
 .text.stdio_buffered_printer
                0x00000000100045ec       0x20 CMakeFiles/tinyusb_host_cdc_msc_hid.dir/home/boemmelsebastian/pico/pico-sdk/src/rp2_common/pico_stdio/stdio.c.obj
 .text.stdio_get_until
                0x000000001000460c       0x7c CMakeFiles/tinyusb_host_cdc_msc_hid.dir/home/boemmelsebastian/pico/pico-sdk/src/rp2_common/pico_stdio/stdio.c.obj
 .text.stdout_serialize_begin
                0x0000000010004688       0x30 CMakeFiles/tinyusb_host_cdc_msc_hid.dir/home/boemmelsebastian/pico/pico-sdk/src/rp2_common/pico_stdio/stdio.c.obj
                0x0000000010004688                stdout_serialize_begin
 .text.stdout_serialize_end
                0x00000000100046b8       0x10 CMakeFiles/tinyusb_host_cdc_msc_hid.dir/home/boemmelsebastian/pico/pico-sdk/src/rp2_common/pico_stdio/stdio.c.obj
                0x00000000100046b8                stdout_serialize_end
 .text.stdio_put_string
                0x00000000100046c8       0x94 CMakeFiles/tinyusb_host_cdc_msc_hid.dir/home/boemmelsebastian/pico/pico-sdk/src/rp2_common/pico_stdio/stdio.c.obj
 .text.__wrap_putchar
                0x000000001000475c       0x1c CMakeFiles/tinyusb_host_cdc_msc_hid.dir/home/boemmelsebastian/pico/pico-sdk/src/rp2_common/pico_stdio/stdio.c.obj
                0x000000001000475c                __wrap_putchar
 .text._read    0x0000000010004778       0x24 CMakeFiles/tinyusb_host_cdc_msc_hid.dir/home/boemmelsebastian/pico/pico-sdk/src/rp2_common/pico_stdio/stdio.c.obj
                0x0000000010004778                _read
 .text._write   0x000000001000479c       0x22 CMakeFiles/tinyusb_host_cdc_msc_hid.dir/home/boemmelsebastian/pico/pico-sdk/src/rp2_common/pico_stdio/stdio.c.obj
                0x000000001000479c                _write
 *fill*         0x00000000100047be        0x2 
 .text.stdio_set_driver_enabled
                0x00000000100047c0       0x2c CMakeFiles/tinyusb_host_cdc_msc_hid.dir/home/boemmelsebastian/pico/pico-sdk/src/rp2_common/pico_stdio/stdio.c.obj
                0x00000000100047c0                stdio_set_driver_enabled
 .text.stdio_flush
                0x00000000100047ec       0x20 CMakeFiles/tinyusb_host_cdc_msc_hid.dir/home/boemmelsebastian/pico/pico-sdk/src/rp2_common/pico_stdio/stdio.c.obj
                0x00000000100047ec                stdio_flush
 .text.__wrap_puts
                0x000000001000480c       0x1e CMakeFiles/tinyusb_host_cdc_msc_hid.dir/home/boemmelsebastian/pico/pico-sdk/src/rp2_common/pico_stdio/stdio.c.obj
                0x000000001000480c                __wrap_puts
 *fill*         0x000000001000482a        0x2 
 .text.__wrap_vprintf
                0x000000001000482c       0x44 CMakeFiles/tinyusb_host_cdc_msc_hid.dir/home/boemmelsebastian/pico/pico-sdk/src/rp2_common/pico_stdio/stdio.c.obj
                0x000000001000482c                __wrap_vprintf
 .text.__wrap_printf
                0x0000000010004870       0x18 CMakeFiles/tinyusb_host_cdc_msc_hid.dir/home/boemmelsebastian/pico/pico-sdk/src/rp2_common/pico_stdio/stdio.c.obj
                0x0000000010004870                __wrap_printf
 .text.stdio_uart_out_chars
                0x0000000010004888       0x74 CMakeFiles/tinyusb_host_cdc_msc_hid.dir/home/boemmelsebastian/pico/pico-sdk/src/rp2_common/pico_stdio_uart/stdio_uart.c.obj
 .text.stdio_uart_in_chars
                0x00000000100048fc       0x54 CMakeFiles/tinyusb_host_cdc_msc_hid.dir/home/boemmelsebastian/pico/pico-sdk/src/rp2_common/pico_stdio_uart/stdio_uart.c.obj
                0x00000000100048fc                stdio_uart_in_chars
 .text.stdio_uart_init_full
                0x0000000010004950       0x3c CMakeFiles/tinyusb_host_cdc_msc_hid.dir/home/boemmelsebastian/pico/pico-sdk/src/rp2_common/pico_stdio_uart/stdio_uart.c.obj
                0x0000000010004950                stdio_uart_init_full
 .text.boot_double_tap_check
                0x000000001000498c       0x64 CMakeFiles/tinyusb_host_cdc_msc_hid.dir/home/boemmelsebastian/pico/pico-sdk/src/rp2_common/pico_bootsel_via_double_reset/pico_bootsel_via_double_reset.c.obj
 .text.board_init
                0x00000000100049f0       0x30 CMakeFiles/tinyusb_host_cdc_msc_hid.dir/home/boemmelsebastian/pico/pico-sdk/lib/tinyusb/hw/bsp/rp2040/family.c.obj
                0x00000000100049f0                board_init
 .text.board_led_write
                0x0000000010004a20       0x1c CMakeFiles/tinyusb_host_cdc_msc_hid.dir/home/boemmelsebastian/pico/pico-sdk/lib/tinyusb/hw/bsp/rp2040/family.c.obj
                0x0000000010004a20                board_led_write
 .text.get_dev_ep
                0x0000000010004a3c       0x40 CMakeFiles/tinyusb_host_cdc_msc_hid.dir/home/boemmelsebastian/pico/pico-sdk/lib/tinyusb/src/portable/raspberrypi/rp2040/hcd_rp2040.c.obj
 .text._next_free_interrupt_ep
                0x0000000010004a7c       0x30 CMakeFiles/tinyusb_host_cdc_msc_hid.dir/home/boemmelsebastian/pico/pico-sdk/lib/tinyusb/src/portable/raspberrypi/rp2040/hcd_rp2040.c.obj
 .text._hw_endpoint_allocate
                0x0000000010004aac       0x74 CMakeFiles/tinyusb_host_cdc_msc_hid.dir/home/boemmelsebastian/pico/pico-sdk/lib/tinyusb/src/portable/raspberrypi/rp2040/hcd_rp2040.c.obj
 .text.hw_xfer_complete
                0x0000000010004b20       0x24 CMakeFiles/tinyusb_host_cdc_msc_hid.dir/home/boemmelsebastian/pico/pico-sdk/lib/tinyusb/src/portable/raspberrypi/rp2040/hcd_rp2040.c.obj
 .text._handle_buff_status_bit
                0x0000000010004b44       0x24 CMakeFiles/tinyusb_host_cdc_msc_hid.dir/home/boemmelsebastian/pico/pico-sdk/lib/tinyusb/src/portable/raspberrypi/rp2040/hcd_rp2040.c.obj
 .text.hw_handle_buff_status
                0x0000000010004b68       0x60 CMakeFiles/tinyusb_host_cdc_msc_hid.dir/home/boemmelsebastian/pico/pico-sdk/lib/tinyusb/src/portable/raspberrypi/rp2040/hcd_rp2040.c.obj
 .text.hw_trans_complete
                0x0000000010004bc8       0x40 CMakeFiles/tinyusb_host_cdc_msc_hid.dir/home/boemmelsebastian/pico/pico-sdk/lib/tinyusb/src/portable/raspberrypi/rp2040/hcd_rp2040.c.obj
 .text.hcd_rp2040_irq
                0x0000000010004c08       0xb8 CMakeFiles/tinyusb_host_cdc_msc_hid.dir/home/boemmelsebastian/pico/pico-sdk/lib/tinyusb/src/portable/raspberrypi/rp2040/hcd_rp2040.c.obj
 .text.hcd_init
                0x0000000010004cc0       0x64 CMakeFiles/tinyusb_host_cdc_msc_hid.dir/home/boemmelsebastian/pico/pico-sdk/lib/tinyusb/src/portable/raspberrypi/rp2040/hcd_rp2040.c.obj
                0x0000000010004cc0                hcd_init
 .text.hcd_port_reset
                0x0000000010004d24       0x24 CMakeFiles/tinyusb_host_cdc_msc_hid.dir/home/boemmelsebastian/pico/pico-sdk/lib/tinyusb/src/portable/raspberrypi/rp2040/hcd_rp2040.c.obj
                0x0000000010004d24                hcd_port_reset
 .text.hcd_port_connect_status
                0x0000000010004d48       0x38 CMakeFiles/tinyusb_host_cdc_msc_hid.dir/home/boemmelsebastian/pico/pico-sdk/lib/tinyusb/src/portable/raspberrypi/rp2040/hcd_rp2040.c.obj
                0x0000000010004d48                hcd_port_connect_status
 .text.hcd_port_speed_get
                0x0000000010004d80       0x48 CMakeFiles/tinyusb_host_cdc_msc_hid.dir/home/boemmelsebastian/pico/pico-sdk/lib/tinyusb/src/portable/raspberrypi/rp2040/hcd_rp2040.c.obj
                0x0000000010004d80                hcd_port_speed_get
 .text.need_pre
                0x0000000010004dc8       0x1c CMakeFiles/tinyusb_host_cdc_msc_hid.dir/home/boemmelsebastian/pico/pico-sdk/lib/tinyusb/src/portable/raspberrypi/rp2040/hcd_rp2040.c.obj
 .text._hw_endpoint_init
                0x0000000010004de4      0x120 CMakeFiles/tinyusb_host_cdc_msc_hid.dir/home/boemmelsebastian/pico/pico-sdk/lib/tinyusb/src/portable/raspberrypi/rp2040/hcd_rp2040.c.obj
 .text.hcd_device_close
                0x0000000010004f04        0x2 CMakeFiles/tinyusb_host_cdc_msc_hid.dir/home/boemmelsebastian/pico/pico-sdk/lib/tinyusb/src/portable/raspberrypi/rp2040/hcd_rp2040.c.obj
                0x0000000010004f04                hcd_device_close
 *fill*         0x0000000010004f06        0x2 
 .text.hcd_int_enable
                0x0000000010004f08       0x2c CMakeFiles/tinyusb_host_cdc_msc_hid.dir/home/boemmelsebastian/pico/pico-sdk/lib/tinyusb/src/portable/raspberrypi/rp2040/hcd_rp2040.c.obj
                0x0000000010004f08                hcd_int_enable
 .text.hcd_edpt_open
                0x0000000010004f34       0x38 CMakeFiles/tinyusb_host_cdc_msc_hid.dir/home/boemmelsebastian/pico/pico-sdk/lib/tinyusb/src/portable/raspberrypi/rp2040/hcd_rp2040.c.obj
                0x0000000010004f34                hcd_edpt_open
 .text.hcd_edpt_xfer
                0x0000000010004f6c       0xd0 CMakeFiles/tinyusb_host_cdc_msc_hid.dir/home/boemmelsebastian/pico/pico-sdk/lib/tinyusb/src/portable/raspberrypi/rp2040/hcd_rp2040.c.obj
                0x0000000010004f6c                hcd_edpt_xfer
 .text.hcd_setup_send
                0x000000001000503c       0x80 CMakeFiles/tinyusb_host_cdc_msc_hid.dir/home/boemmelsebastian/pico/pico-sdk/lib/tinyusb/src/portable/raspberrypi/rp2040/hcd_rp2040.c.obj
                0x000000001000503c                hcd_setup_send
 .text.prepare_ep_buffer
                0x00000000100050bc       0x70 CMakeFiles/tinyusb_host_cdc_msc_hid.dir/home/boemmelsebastian/pico/pico-sdk/lib/tinyusb/src/portable/raspberrypi/rp2040/rp2040_usb.c.obj
 .text.sync_ep_buffer
                0x000000001000512c       0x7c CMakeFiles/tinyusb_host_cdc_msc_hid.dir/home/boemmelsebastian/pico/pico-sdk/lib/tinyusb/src/portable/raspberrypi/rp2040/rp2040_usb.c.obj
 .text._hw_endpoint_xfer_sync
                0x00000000100051a8       0x28 CMakeFiles/tinyusb_host_cdc_msc_hid.dir/home/boemmelsebastian/pico/pico-sdk/lib/tinyusb/src/portable/raspberrypi/rp2040/rp2040_usb.c.obj
 .text.rp2040_usb_init
                0x00000000100051d0       0x4c CMakeFiles/tinyusb_host_cdc_msc_hid.dir/home/boemmelsebastian/pico/pico-sdk/lib/tinyusb/src/portable/raspberrypi/rp2040/rp2040_usb.c.obj
                0x00000000100051d0                rp2040_usb_init
 .text.hw_endpoint_reset_transfer
                0x000000001000521c        0xc CMakeFiles/tinyusb_host_cdc_msc_hid.dir/home/boemmelsebastian/pico/pico-sdk/lib/tinyusb/src/portable/raspberrypi/rp2040/rp2040_usb.c.obj
                0x000000001000521c                hw_endpoint_reset_transfer
 .text._hw_endpoint_buffer_control_update32
                0x0000000010005228       0x4c CMakeFiles/tinyusb_host_cdc_msc_hid.dir/home/boemmelsebastian/pico/pico-sdk/lib/tinyusb/src/portable/raspberrypi/rp2040/rp2040_usb.c.obj
                0x0000000010005228                _hw_endpoint_buffer_control_update32
 .text._hw_endpoint_start_next_buffer
                0x0000000010005274       0x74 CMakeFiles/tinyusb_host_cdc_msc_hid.dir/home/boemmelsebastian/pico/pico-sdk/lib/tinyusb/src/portable/raspberrypi/rp2040/rp2040_usb.c.obj
 .text.hw_endpoint_xfer_start
                0x00000000100052e8       0x48 CMakeFiles/tinyusb_host_cdc_msc_hid.dir/home/boemmelsebastian/pico/pico-sdk/lib/tinyusb/src/portable/raspberrypi/rp2040/rp2040_usb.c.obj
                0x00000000100052e8                hw_endpoint_xfer_start
 .text.hw_endpoint_xfer_continue
                0x0000000010005330       0x38 CMakeFiles/tinyusb_host_cdc_msc_hid.dir/home/boemmelsebastian/pico/pico-sdk/lib/tinyusb/src/portable/raspberrypi/rp2040/rp2040_usb.c.obj
                0x0000000010005330                hw_endpoint_xfer_continue
 .text.get_new_address
                0x0000000010005368       0x40 CMakeFiles/tinyusb_host_cdc_msc_hid.dir/home/boemmelsebastian/pico/pico-sdk/lib/tinyusb/src/host/usbh.c.obj
 .text.enum_hub_get_status0_complete
                0x00000000100053a8       0x74 CMakeFiles/tinyusb_host_cdc_msc_hid.dir/home/boemmelsebastian/pico/pico-sdk/lib/tinyusb/src/host/usbh.c.obj
 .text.enum_hub_get_status1_complete
                0x000000001000541c       0x60 CMakeFiles/tinyusb_host_cdc_msc_hid.dir/home/boemmelsebastian/pico/pico-sdk/lib/tinyusb/src/host/usbh.c.obj
 .text.enum_request_set_addr
                0x000000001000547c       0xcc CMakeFiles/tinyusb_host_cdc_msc_hid.dir/home/boemmelsebastian/pico/pico-sdk/lib/tinyusb/src/host/usbh.c.obj
 .text.enum_hub_clear_reset1_complete
                0x0000000010005548       0x34 CMakeFiles/tinyusb_host_cdc_msc_hid.dir/home/boemmelsebastian/pico/pico-sdk/lib/tinyusb/src/host/usbh.c.obj
 .text.enum_get_device_desc_complete
                0x000000001000557c       0x98 CMakeFiles/tinyusb_host_cdc_msc_hid.dir/home/boemmelsebastian/pico/pico-sdk/lib/tinyusb/src/host/usbh.c.obj
 .text.enum_get_9byte_config_desc_complete
                0x0000000010005614       0x90 CMakeFiles/tinyusb_host_cdc_msc_hid.dir/home/boemmelsebastian/pico/pico-sdk/lib/tinyusb/src/host/usbh.c.obj
 .text.process_device_unplugged
                0x00000000100056a4       0xe8 CMakeFiles/tinyusb_host_cdc_msc_hid.dir/home/boemmelsebastian/pico/pico-sdk/lib/tinyusb/src/host/usbh.c.obj
 .text.parse_configuration_descriptor
                0x000000001000578c      0x130 CMakeFiles/tinyusb_host_cdc_msc_hid.dir/home/boemmelsebastian/pico/pico-sdk/lib/tinyusb/src/host/usbh.c.obj
 .text.enum_get_config_desc_complete
                0x00000000100058bc       0x7c CMakeFiles/tinyusb_host_cdc_msc_hid.dir/home/boemmelsebastian/pico/pico-sdk/lib/tinyusb/src/host/usbh.c.obj
 .text.tuh_speed_get
                0x0000000010005938       0x24 CMakeFiles/tinyusb_host_cdc_msc_hid.dir/home/boemmelsebastian/pico/pico-sdk/lib/tinyusb/src/host/usbh.c.obj
                0x0000000010005938                tuh_speed_get
 .text.tuh_inited
                0x000000001000595c        0xc CMakeFiles/tinyusb_host_cdc_msc_hid.dir/home/boemmelsebastian/pico/pico-sdk/lib/tinyusb/src/host/usbh.c.obj
                0x000000001000595c                tuh_inited
 .text.tuh_init
                0x0000000010005968      0x10c CMakeFiles/tinyusb_host_cdc_msc_hid.dir/home/boemmelsebastian/pico/pico-sdk/lib/tinyusb/src/host/usbh.c.obj
                0x0000000010005968                tuh_init
 .text.usbh_get_rhport
                0x0000000010005a74       0x20 CMakeFiles/tinyusb_host_cdc_msc_hid.dir/home/boemmelsebastian/pico/pico-sdk/lib/tinyusb/src/host/usbh.c.obj
                0x0000000010005a74                usbh_get_rhport
 .text.usbh_edpt_control_open
                0x0000000010005a94       0x32 CMakeFiles/tinyusb_host_cdc_msc_hid.dir/home/boemmelsebastian/pico/pico-sdk/lib/tinyusb/src/host/usbh.c.obj
 *fill*         0x0000000010005ac6        0x2 
 .text.enum_request_addr0_device_desc
                0x0000000010005ac8       0x64 CMakeFiles/tinyusb_host_cdc_msc_hid.dir/home/boemmelsebastian/pico/pico-sdk/lib/tinyusb/src/host/usbh.c.obj
 .text.enum_new_device
                0x0000000010005b2c       0x80 CMakeFiles/tinyusb_host_cdc_msc_hid.dir/home/boemmelsebastian/pico/pico-sdk/lib/tinyusb/src/host/usbh.c.obj
 .text.tuh_task
                0x0000000010005bac      0x12c CMakeFiles/tinyusb_host_cdc_msc_hid.dir/home/boemmelsebastian/pico/pico-sdk/lib/tinyusb/src/host/usbh.c.obj
                0x0000000010005bac                tuh_task
 .text.enum_get_addr0_device_desc_complete
                0x0000000010005cd8       0xc8 CMakeFiles/tinyusb_host_cdc_msc_hid.dir/home/boemmelsebastian/pico/pico-sdk/lib/tinyusb/src/host/usbh.c.obj
 .text.enum_hub_clear_reset0_complete
                0x0000000010005da0       0x28 CMakeFiles/tinyusb_host_cdc_msc_hid.dir/home/boemmelsebastian/pico/pico-sdk/lib/tinyusb/src/host/usbh.c.obj
 .text.enum_set_address_complete
                0x0000000010005dc8       0xcc CMakeFiles/tinyusb_host_cdc_msc_hid.dir/home/boemmelsebastian/pico/pico-sdk/lib/tinyusb/src/host/usbh.c.obj
 .text.usbh_get_enum_buf
                0x0000000010005e94        0x8 CMakeFiles/tinyusb_host_cdc_msc_hid.dir/home/boemmelsebastian/pico/pico-sdk/lib/tinyusb/src/host/usbh.c.obj
                0x0000000010005e94                usbh_get_enum_buf
 .text.hcd_event_handler
                0x0000000010005e9c       0x50 CMakeFiles/tinyusb_host_cdc_msc_hid.dir/home/boemmelsebastian/pico/pico-sdk/lib/tinyusb/src/host/usbh.c.obj
                0x0000000010005e9c                hcd_event_handler
 .text.hcd_event_xfer_complete
                0x0000000010005eec       0x26 CMakeFiles/tinyusb_host_cdc_msc_hid.dir/home/boemmelsebastian/pico/pico-sdk/lib/tinyusb/src/host/usbh.c.obj
                0x0000000010005eec                hcd_event_xfer_complete
 .text.hcd_event_device_attach
                0x0000000010005f12       0x22 CMakeFiles/tinyusb_host_cdc_msc_hid.dir/home/boemmelsebastian/pico/pico-sdk/lib/tinyusb/src/host/usbh.c.obj
                0x0000000010005f12                hcd_event_device_attach
 .text.hcd_event_device_remove
                0x0000000010005f34       0x28 CMakeFiles/tinyusb_host_cdc_msc_hid.dir/home/boemmelsebastian/pico/pico-sdk/lib/tinyusb/src/host/usbh.c.obj
                0x0000000010005f34                hcd_event_device_remove
 .text.usbh_driver_set_config_complete
                0x0000000010005f5c       0x74 CMakeFiles/tinyusb_host_cdc_msc_hid.dir/home/boemmelsebastian/pico/pico-sdk/lib/tinyusb/src/host/usbh.c.obj
                0x0000000010005f5c                usbh_driver_set_config_complete
 .text.enum_set_config_complete
                0x0000000010005fd0       0x60 CMakeFiles/tinyusb_host_cdc_msc_hid.dir/home/boemmelsebastian/pico/pico-sdk/lib/tinyusb/src/host/usbh.c.obj
 .text.usbh_edpt_claim
                0x0000000010006030       0xa0 CMakeFiles/tinyusb_host_cdc_msc_hid.dir/home/boemmelsebastian/pico/pico-sdk/lib/tinyusb/src/host/usbh.c.obj
                0x0000000010006030                usbh_edpt_claim
 .text.usbh_edpt_xfer
                0x00000000100060d0       0xa8 CMakeFiles/tinyusb_host_cdc_msc_hid.dir/home/boemmelsebastian/pico/pico-sdk/lib/tinyusb/src/host/usbh.c.obj
                0x00000000100060d0                usbh_edpt_xfer
 .text.usbh_edpt_open
                0x0000000010006178       0x64 CMakeFiles/tinyusb_host_cdc_msc_hid.dir/home/boemmelsebastian/pico/pico-sdk/lib/tinyusb/src/host/usbh.c.obj
                0x0000000010006178                usbh_edpt_open
 .text.usbh_edpt_busy
                0x00000000100061dc       0x44 CMakeFiles/tinyusb_host_cdc_msc_hid.dir/home/boemmelsebastian/pico/pico-sdk/lib/tinyusb/src/host/usbh.c.obj
                0x00000000100061dc                usbh_edpt_busy
 .text._xfer_complete
                0x0000000010006220       0x18 CMakeFiles/tinyusb_host_cdc_msc_hid.dir/home/boemmelsebastian/pico/pico-sdk/lib/tinyusb/src/host/usbh_control.c.obj
 .text.tuh_control_xfer
                0x0000000010006238       0x54 CMakeFiles/tinyusb_host_cdc_msc_hid.dir/home/boemmelsebastian/pico/pico-sdk/lib/tinyusb/src/host/usbh_control.c.obj
                0x0000000010006238                tuh_control_xfer
 .text.usbh_control_xfer_cb
                0x000000001000628c       0x90 CMakeFiles/tinyusb_host_cdc_msc_hid.dir/home/boemmelsebastian/pico/pico-sdk/lib/tinyusb/src/host/usbh_control.c.obj
                0x000000001000628c                usbh_control_xfer_cb
 .text.connection_port_reset_complete
                0x000000001000631c       0x4c CMakeFiles/tinyusb_host_cdc_msc_hid.dir/home/boemmelsebastian/pico/pico-sdk/lib/tinyusb/src/host/hub.c.obj
 .text.hub_port_clear_feature
                0x0000000010006368       0x50 CMakeFiles/tinyusb_host_cdc_msc_hid.dir/home/boemmelsebastian/pico/pico-sdk/lib/tinyusb/src/host/hub.c.obj
                0x0000000010006368                hub_port_clear_feature
 .text.hub_port_set_feature
                0x00000000100063b8       0x50 CMakeFiles/tinyusb_host_cdc_msc_hid.dir/home/boemmelsebastian/pico/pico-sdk/lib/tinyusb/src/host/hub.c.obj
                0x00000000100063b8                hub_port_set_feature
 .text.config_set_port_power
                0x0000000010006408       0x44 CMakeFiles/tinyusb_host_cdc_msc_hid.dir/home/boemmelsebastian/pico/pico-sdk/lib/tinyusb/src/host/hub.c.obj
 .text.config_port_power_complete
                0x000000001000644c       0x80 CMakeFiles/tinyusb_host_cdc_msc_hid.dir/home/boemmelsebastian/pico/pico-sdk/lib/tinyusb/src/host/hub.c.obj
 .text.hub_port_reset
                0x00000000100064cc        0xc CMakeFiles/tinyusb_host_cdc_msc_hid.dir/home/boemmelsebastian/pico/pico-sdk/lib/tinyusb/src/host/hub.c.obj
                0x00000000100064cc                hub_port_reset
 .text.connection_clear_conn_change_complete
                0x00000000100064d8       0x70 CMakeFiles/tinyusb_host_cdc_msc_hid.dir/home/boemmelsebastian/pico/pico-sdk/lib/tinyusb/src/host/hub.c.obj
 .text.hub_port_get_status
                0x0000000010006548       0x54 CMakeFiles/tinyusb_host_cdc_msc_hid.dir/home/boemmelsebastian/pico/pico-sdk/lib/tinyusb/src/host/hub.c.obj
                0x0000000010006548                hub_port_get_status
 .text.hub_init
                0x000000001000659c       0x14 CMakeFiles/tinyusb_host_cdc_msc_hid.dir/home/boemmelsebastian/pico/pico-sdk/lib/tinyusb/src/host/hub.c.obj
                0x000000001000659c                hub_init
 .text.hub_open
                0x00000000100065b0       0x90 CMakeFiles/tinyusb_host_cdc_msc_hid.dir/home/boemmelsebastian/pico/pico-sdk/lib/tinyusb/src/host/hub.c.obj
                0x00000000100065b0                hub_open
 .text.hub_close
                0x0000000010006640       0x24 CMakeFiles/tinyusb_host_cdc_msc_hid.dir/home/boemmelsebastian/pico/pico-sdk/lib/tinyusb/src/host/hub.c.obj
                0x0000000010006640                hub_close
 .text.hub_status_pipe_queue
                0x0000000010006664       0x1c CMakeFiles/tinyusb_host_cdc_msc_hid.dir/home/boemmelsebastian/pico/pico-sdk/lib/tinyusb/src/host/hub.c.obj
                0x0000000010006664                hub_status_pipe_queue
 .text.connection_get_status_complete
                0x0000000010006680       0x4c CMakeFiles/tinyusb_host_cdc_msc_hid.dir/home/boemmelsebastian/pico/pico-sdk/lib/tinyusb/src/host/hub.c.obj
 .text.hub_set_config
                0x00000000100066cc       0x5c CMakeFiles/tinyusb_host_cdc_msc_hid.dir/home/boemmelsebastian/pico/pico-sdk/lib/tinyusb/src/host/hub.c.obj
                0x00000000100066cc                hub_set_config
 .text.hub_xfer_cb
                0x0000000010006728       0x60 CMakeFiles/tinyusb_host_cdc_msc_hid.dir/home/boemmelsebastian/pico/pico-sdk/lib/tinyusb/src/host/hub.c.obj
                0x0000000010006728                hub_xfer_cb
 .text.tuh_cdc_mounted
                0x0000000010006788       0x2c CMakeFiles/tinyusb_host_cdc_msc_hid.dir/home/boemmelsebastian/pico/pico-sdk/lib/tinyusb/src/class/cdc/cdc_host.c.obj
                0x0000000010006788                tuh_cdc_mounted
 .text.tuh_cdc_receive
                0x00000000100067b4       0x4c CMakeFiles/tinyusb_host_cdc_msc_hid.dir/home/boemmelsebastian/pico/pico-sdk/lib/tinyusb/src/class/cdc/cdc_host.c.obj
                0x00000000100067b4                tuh_cdc_receive
 .text.cdch_init
                0x0000000010006800       0x14 CMakeFiles/tinyusb_host_cdc_msc_hid.dir/home/boemmelsebastian/pico/pico-sdk/lib/tinyusb/src/class/cdc/cdc_host.c.obj
                0x0000000010006800                cdch_init
 .text.cdch_open
                0x0000000010006814      0x14c CMakeFiles/tinyusb_host_cdc_msc_hid.dir/home/boemmelsebastian/pico/pico-sdk/lib/tinyusb/src/class/cdc/cdc_host.c.obj
                0x0000000010006814                cdch_open
 .text.cdch_set_config
                0x0000000010006960        0x4 CMakeFiles/tinyusb_host_cdc_msc_hid.dir/home/boemmelsebastian/pico/pico-sdk/lib/tinyusb/src/class/cdc/cdc_host.c.obj
                0x0000000010006960                cdch_set_config
 .text.cdch_xfer_cb
                0x0000000010006964        0xe CMakeFiles/tinyusb_host_cdc_msc_hid.dir/home/boemmelsebastian/pico/pico-sdk/lib/tinyusb/src/class/cdc/cdc_host.c.obj
                0x0000000010006964                cdch_xfer_cb
 *fill*         0x0000000010006972        0x2 
 .text.cdch_close
                0x0000000010006974       0x24 CMakeFiles/tinyusb_host_cdc_msc_hid.dir/home/boemmelsebastian/pico/pico-sdk/lib/tinyusb/src/class/cdc/cdc_host.c.obj
                0x0000000010006974                cdch_close
 .text.get_instance_id_by_itfnum
                0x0000000010006998       0x68 CMakeFiles/tinyusb_host_cdc_msc_hid.dir/home/boemmelsebastian/pico/pico-sdk/lib/tinyusb/src/class/hid/hid_host.c.obj
 .text.get_instance_id_by_epaddr
                0x0000000010006a00       0x50 CMakeFiles/tinyusb_host_cdc_msc_hid.dir/home/boemmelsebastian/pico/pico-sdk/lib/tinyusb/src/class/hid/hid_host.c.obj
 .text.config_set_protocol
                0x0000000010006a50       0x84 CMakeFiles/tinyusb_host_cdc_msc_hid.dir/home/boemmelsebastian/pico/pico-sdk/lib/tinyusb/src/class/hid/hid_host.c.obj
 .text.config_driver_mount_complete
                0x0000000010006ad4       0x30 CMakeFiles/tinyusb_host_cdc_msc_hid.dir/home/boemmelsebastian/pico/pico-sdk/lib/tinyusb/src/class/hid/hid_host.c.obj
 .text.config_get_report_desc
                0x0000000010006b04       0xd8 CMakeFiles/tinyusb_host_cdc_msc_hid.dir/home/boemmelsebastian/pico/pico-sdk/lib/tinyusb/src/class/hid/hid_host.c.obj
 .text.config_get_report_desc_complete
                0x0000000010006bdc       0x44 CMakeFiles/tinyusb_host_cdc_msc_hid.dir/home/boemmelsebastian/pico/pico-sdk/lib/tinyusb/src/class/hid/hid_host.c.obj
 .text.tuh_hid_interface_protocol
                0x0000000010006c20       0x20 CMakeFiles/tinyusb_host_cdc_msc_hid.dir/home/boemmelsebastian/pico/pico-sdk/lib/tinyusb/src/class/hid/hid_host.c.obj
                0x0000000010006c20                tuh_hid_interface_protocol
 .text.tuh_hid_receive_report
                0x0000000010006c40       0x54 CMakeFiles/tinyusb_host_cdc_msc_hid.dir/home/boemmelsebastian/pico/pico-sdk/lib/tinyusb/src/class/hid/hid_host.c.obj
                0x0000000010006c40                tuh_hid_receive_report
 .text.hidh_init
                0x0000000010006c94       0x18 CMakeFiles/tinyusb_host_cdc_msc_hid.dir/home/boemmelsebastian/pico/pico-sdk/lib/tinyusb/src/class/hid/hid_host.c.obj
                0x0000000010006c94                hidh_init
 .text.hidh_xfer_cb
                0x0000000010006cac       0x6c CMakeFiles/tinyusb_host_cdc_msc_hid.dir/home/boemmelsebastian/pico/pico-sdk/lib/tinyusb/src/class/hid/hid_host.c.obj
                0x0000000010006cac                hidh_xfer_cb
 .text.hidh_close
                0x0000000010006d18       0x58 CMakeFiles/tinyusb_host_cdc_msc_hid.dir/home/boemmelsebastian/pico/pico-sdk/lib/tinyusb/src/class/hid/hid_host.c.obj
                0x0000000010006d18                hidh_close
 .text.hidh_open
                0x0000000010006d70      0x158 CMakeFiles/tinyusb_host_cdc_msc_hid.dir/home/boemmelsebastian/pico/pico-sdk/lib/tinyusb/src/class/hid/hid_host.c.obj
                0x0000000010006d70                hidh_open
 .text.hidh_set_config
                0x0000000010006ec8       0x8c CMakeFiles/tinyusb_host_cdc_msc_hid.dir/home/boemmelsebastian/pico/pico-sdk/lib/tinyusb/src/class/hid/hid_host.c.obj
                0x0000000010006ec8                hidh_set_config
 .text.tuh_hid_parse_report_descriptor
                0x0000000010006f54       0xe4 CMakeFiles/tinyusb_host_cdc_msc_hid.dir/home/boemmelsebastian/pico/pico-sdk/lib/tinyusb/src/class/hid/hid_host.c.obj
                0x0000000010006f54                tuh_hid_parse_report_descriptor
 .text.config_read_capacity_complete
                0x0000000010007038       0x98 CMakeFiles/tinyusb_host_cdc_msc_hid.dir/home/boemmelsebastian/pico/pico-sdk/lib/tinyusb/src/class/msc/msc_host.c.obj
 .text.tuh_msc_get_block_count
                0x00000000100070d0       0x1c CMakeFiles/tinyusb_host_cdc_msc_hid.dir/home/boemmelsebastian/pico/pico-sdk/lib/tinyusb/src/class/msc/msc_host.c.obj
                0x00000000100070d0                tuh_msc_get_block_count
 .text.tuh_msc_get_block_size
                0x00000000100070ec       0x18 CMakeFiles/tinyusb_host_cdc_msc_hid.dir/home/boemmelsebastian/pico/pico-sdk/lib/tinyusb/src/class/msc/msc_host.c.obj
                0x00000000100070ec                tuh_msc_get_block_size
 .text.tuh_msc_scsi_command
                0x0000000010007104       0x74 CMakeFiles/tinyusb_host_cdc_msc_hid.dir/home/boemmelsebastian/pico/pico-sdk/lib/tinyusb/src/class/msc/msc_host.c.obj
                0x0000000010007104                tuh_msc_scsi_command
 .text.tuh_msc_read_capacity
                0x0000000010007178       0x68 CMakeFiles/tinyusb_host_cdc_msc_hid.dir/home/boemmelsebastian/pico/pico-sdk/lib/tinyusb/src/class/msc/msc_host.c.obj
                0x0000000010007178                tuh_msc_read_capacity
 .text.tuh_msc_inquiry
                0x00000000100071e0       0x80 CMakeFiles/tinyusb_host_cdc_msc_hid.dir/home/boemmelsebastian/pico/pico-sdk/lib/tinyusb/src/class/msc/msc_host.c.obj
                0x00000000100071e0                tuh_msc_inquiry
 .text.tuh_msc_test_unit_ready
                0x0000000010007260       0x5c CMakeFiles/tinyusb_host_cdc_msc_hid.dir/home/boemmelsebastian/pico/pico-sdk/lib/tinyusb/src/class/msc/msc_host.c.obj
                0x0000000010007260                tuh_msc_test_unit_ready
 .text.config_get_maxlun_complete
                0x00000000100072bc       0x38 CMakeFiles/tinyusb_host_cdc_msc_hid.dir/home/boemmelsebastian/pico/pico-sdk/lib/tinyusb/src/class/msc/msc_host.c.obj
 .text.config_request_sense_complete
                0x00000000100072f4       0x44 CMakeFiles/tinyusb_host_cdc_msc_hid.dir/home/boemmelsebastian/pico/pico-sdk/lib/tinyusb/src/class/msc/msc_host.c.obj
 .text.tuh_msc_request_sense
                0x0000000010007338       0x6c CMakeFiles/tinyusb_host_cdc_msc_hid.dir/home/boemmelsebastian/pico/pico-sdk/lib/tinyusb/src/class/msc/msc_host.c.obj
                0x0000000010007338                tuh_msc_request_sense
 .text.config_test_unit_ready_complete
                0x00000000100073a4       0x48 CMakeFiles/tinyusb_host_cdc_msc_hid.dir/home/boemmelsebastian/pico/pico-sdk/lib/tinyusb/src/class/msc/msc_host.c.obj
 .text.msch_init
                0x00000000100073ec       0x14 CMakeFiles/tinyusb_host_cdc_msc_hid.dir/home/boemmelsebastian/pico/pico-sdk/lib/tinyusb/src/class/msc/msc_host.c.obj
                0x00000000100073ec                msch_init
 .text.msch_close
                0x0000000010007400       0x38 CMakeFiles/tinyusb_host_cdc_msc_hid.dir/home/boemmelsebastian/pico/pico-sdk/lib/tinyusb/src/class/msc/msc_host.c.obj
                0x0000000010007400                msch_close
 .text.msch_xfer_cb
                0x0000000010007438      0x160 CMakeFiles/tinyusb_host_cdc_msc_hid.dir/home/boemmelsebastian/pico/pico-sdk/lib/tinyusb/src/class/msc/msc_host.c.obj
                0x0000000010007438                msch_xfer_cb
 .text.msch_open
                0x0000000010007598       0xe0 CMakeFiles/tinyusb_host_cdc_msc_hid.dir/home/boemmelsebastian/pico/pico-sdk/lib/tinyusb/src/class/msc/msc_host.c.obj
                0x0000000010007598                msch_open
 .text.msch_set_config
                0x0000000010007678       0x94 CMakeFiles/tinyusb_host_cdc_msc_hid.dir/home/boemmelsebastian/pico/pico-sdk/lib/tinyusb/src/class/msc/msc_host.c.obj
                0x0000000010007678                msch_set_config
 .text.tusb_init
                0x000000001000770c       0x24 CMakeFiles/tinyusb_host_cdc_msc_hid.dir/home/boemmelsebastian/pico/pico-sdk/lib/tinyusb/src/tusb.c.obj
                0x000000001000770c                tusb_init
 .text.tusb_inited
                0x0000000010007730        0xe CMakeFiles/tinyusb_host_cdc_msc_hid.dir/home/boemmelsebastian/pico/pico-sdk/lib/tinyusb/src/tusb.c.obj
                0x0000000010007730                tusb_inited
 *fill*         0x000000001000773e        0x2 
 .text.tu_edpt_validate
                0x0000000010007740       0xa8 CMakeFiles/tinyusb_host_cdc_msc_hid.dir/home/boemmelsebastian/pico/pico-sdk/lib/tinyusb/src/tusb.c.obj
                0x0000000010007740                tu_edpt_validate
 .text.tu_edpt_bind_driver
                0x00000000100077e8       0x2a CMakeFiles/tinyusb_host_cdc_msc_hid.dir/home/boemmelsebastian/pico/pico-sdk/lib/tinyusb/src/tusb.c.obj
                0x00000000100077e8                tu_edpt_bind_driver
 .text.tu_desc_get_interface_total_len
                0x0000000010007812       0x3e CMakeFiles/tinyusb_host_cdc_msc_hid.dir/home/boemmelsebastian/pico/pico-sdk/lib/tinyusb/src/tusb.c.obj
                0x0000000010007812                tu_desc_get_interface_total_len
 .text.advance_pointer
                0x0000000010007850       0x18 CMakeFiles/tinyusb_host_cdc_msc_hid.dir/home/boemmelsebastian/pico/pico-sdk/lib/tinyusb/src/common/tusb_fifo.c.obj
 .text.backward_pointer
                0x0000000010007868       0x1e CMakeFiles/tinyusb_host_cdc_msc_hid.dir/home/boemmelsebastian/pico/pico-sdk/lib/tinyusb/src/common/tusb_fifo.c.obj
 .text.get_relative_pointer
                0x0000000010007886       0x10 CMakeFiles/tinyusb_host_cdc_msc_hid.dir/home/boemmelsebastian/pico/pico-sdk/lib/tinyusb/src/common/tusb_fifo.c.obj
 .text._tu_fifo_peek
                0x0000000010007896       0x4c CMakeFiles/tinyusb_host_cdc_msc_hid.dir/home/boemmelsebastian/pico/pico-sdk/lib/tinyusb/src/common/tusb_fifo.c.obj
 .text.tu_fifo_read
                0x00000000100078e2       0x42 CMakeFiles/tinyusb_host_cdc_msc_hid.dir/home/boemmelsebastian/pico/pico-sdk/lib/tinyusb/src/common/tusb_fifo.c.obj
                0x00000000100078e2                tu_fifo_read
 .text.tu_fifo_write
                0x0000000010007924       0x6c CMakeFiles/tinyusb_host_cdc_msc_hid.dir/home/boemmelsebastian/pico/pico-sdk/lib/tinyusb/src/common/tusb_fifo.c.obj
                0x0000000010007924                tu_fifo_write
 .text.tu_fifo_clear
                0x0000000010007990       0x4c CMakeFiles/tinyusb_host_cdc_msc_hid.dir/home/boemmelsebastian/pico/pico-sdk/lib/tinyusb/src/common/tusb_fifo.c.obj
                0x0000000010007990                tu_fifo_clear
 .text          0x00000000100079dc      0x1b4 /usr/lib/gcc/arm-none-eabi/8.3.1/../../../arm-none-eabi/lib/thumb/v6-m/nofp/libg.a(lib_a-fflush.o)
                0x00000000100079dc                __sflush_r
                0x0000000010007b3c                _fflush_r
                0x0000000010007b68                fflush
 .text          0x0000000010007b90      0x220 /usr/lib/gcc/arm-none-eabi/8.3.1/../../../arm-none-eabi/lib/thumb/v6-m/nofp/libg.a(lib_a-findfp.o)
                0x0000000010007b94                _cleanup_r
                0x0000000010007c90                __sfmoreglue
                0x0000000010007cc0                __sfp
                0x0000000010007d48                _cleanup
                0x0000000010007d60                __sinit
                0x0000000010007d70                __sfp_lock_acquire
                0x0000000010007d74                __sfp_lock_release
                0x0000000010007d78                __sinit_lock_acquire
                0x0000000010007d7c                __sinit_lock_release
                0x0000000010007d80                __fp_lock_all
                0x0000000010007d98                __fp_unlock_all
 .text          0x0000000010007db0      0x27c /usr/lib/gcc/arm-none-eabi/8.3.1/../../../arm-none-eabi/lib/thumb/v6-m/nofp/libg.a(lib_a-freer.o)
                0x0000000010007db0                _malloc_trim_r
                0x0000000010007e50                _free_r
 .text          0x000000001000802c       0x90 /usr/lib/gcc/arm-none-eabi/8.3.1/../../../arm-none-eabi/lib/thumb/v6-m/nofp/libg.a(lib_a-fwalk.o)
                0x000000001000802c                _fwalk
                0x0000000010008070                _fwalk_reent
 .text          0x00000000100080bc      0x58c /usr/lib/gcc/arm-none-eabi/8.3.1/../../../arm-none-eabi/lib/thumb/v6-m/nofp/libg.a(lib_a-mallocr.o)
                0x00000000100080bc                _malloc_r
 .text          0x0000000010008648        0x8 /usr/lib/gcc/arm-none-eabi/8.3.1/../../../arm-none-eabi/lib/thumb/v6-m/nofp/libg.a(lib_a-mlock.o)
                0x0000000010008648                __malloc_lock
                0x000000001000864c                __malloc_unlock
 .text          0x0000000010008650       0x24 /usr/lib/gcc/arm-none-eabi/8.3.1/../../../arm-none-eabi/lib/thumb/v6-m/nofp/libg.a(lib_a-sbrkr.o)
                0x0000000010008650                _sbrk_r
 .text          0x0000000010008674       0xa4 /usr/lib/gcc/arm-none-eabi/8.3.1/../../../arm-none-eabi/lib/thumb/v6-m/nofp/libg.a(lib_a-stdio.o)
                0x0000000010008674                __sread
                0x000000001000869c                __seofread
                0x00000000100086a0                __swrite
                0x00000000100086e0                __sseek
                0x000000001000870c                __sclose
 .text          0x0000000010008718       0x68 /usr/lib/gcc/arm-none-eabi/8.3.1/../../../arm-none-eabi/lib/thumb/v6-m/nofp/libg.a(lib_a-strlen-stub.o)
                0x0000000010008718                strlen
 .text          0x0000000010008780       0x28 /usr/lib/gcc/arm-none-eabi/8.3.1/../../../arm-none-eabi/lib/thumb/v6-m/nofp/libg.a(lib_a-writer.o)
                0x0000000010008780                _write_r
 .text          0x00000000100087a8       0x24 /usr/lib/gcc/arm-none-eabi/8.3.1/../../../arm-none-eabi/lib/thumb/v6-m/nofp/libg.a(lib_a-closer.o)
                0x00000000100087a8                _close_r
 .text          0x00000000100087cc       0xac /usr/lib/gcc/arm-none-eabi/8.3.1/../../../arm-none-eabi/lib/thumb/v6-m/nofp/libg.a(lib_a-fclose.o)
                0x00000000100087cc                _fclose_r
                0x0000000010008864                fclose
 .text          0x0000000010008878       0x28 /usr/lib/gcc/arm-none-eabi/8.3.1/../../../arm-none-eabi/lib/thumb/v6-m/nofp/libg.a(lib_a-lseekr.o)
                0x0000000010008878                _lseek_r
 .text          0x00000000100088a0       0x28 /usr/lib/gcc/arm-none-eabi/8.3.1/../../../arm-none-eabi/lib/thumb/v6-m/nofp/libg.a(lib_a-readr.o)
                0x00000000100088a0                _read_r
 .text          0x00000000100088c8       0x10 /usr/lib/gcc/arm-none-eabi/8.3.1/../../../arm-none-eabi/lib/thumb/v6-m/nofp/libnosys.a(close.o)
                0x00000000100088c8                _close
 .text          0x00000000100088d8       0x10 /usr/lib/gcc/arm-none-eabi/8.3.1/../../../arm-none-eabi/lib/thumb/v6-m/nofp/libnosys.a(lseek.o)
                0x00000000100088d8                _lseek
 *(.fini)
 .fini          0x00000000100088e8        0x4 /usr/lib/gcc/arm-none-eabi/8.3.1/thumb/v6-m/nofp/crti.o
                0x00000000100088e8                _fini
 *fill*         0x00000000100088ec        0x4 
 .fini.__stub   0x00000000100088f0       0x60 linker stubs
 *crtbegin.o(.ctors)
 *crtbegin?.o(.ctors)
 *(EXCLUDE_FILE(*crtend.o *crtend?.o) .ctors)
 *(SORT_BY_NAME(.ctors.*))
 *(.ctors)
 *crtbegin.o(.dtors)
 *crtbegin?.o(.dtors)
 *(EXCLUDE_FILE(*crtend.o *crtend?.o) .dtors)
 *(SORT_BY_NAME(.dtors.*))
 *(.dtors)
 *(.eh_frame*)
 .eh_frame      0x0000000010008950        0x0 /usr/lib/gcc/arm-none-eabi/8.3.1/thumb/v6-m/nofp/crtbegin.o
                0x0000000010008950                . = ALIGN (0x4)

.glue_7         0x0000000010008950        0x0
 .glue_7        0x0000000010008950        0x0 linker stubs

.glue_7t        0x0000000010008950        0x0
 .glue_7t       0x0000000010008950        0x0 linker stubs

.vfp11_veneer   0x0000000010008950        0x0
 .vfp11_veneer  0x0000000010008950        0x0 linker stubs

.v4_bx          0x0000000010008950        0x0
 .v4_bx         0x0000000010008950        0x0 linker stubs

.iplt           0x0000000010008950        0x0
 .iplt          0x0000000010008950        0x0 /usr/lib/gcc/arm-none-eabi/8.3.1/thumb/v6-m/nofp/crtbegin.o

.rodata         0x0000000010008950     0x1bec
 *(EXCLUDE_FILE(*libm.a: *libc.a:*lib_a-mem*.o *libgcc.a:) .rodata*)
 .rodata        0x0000000010008950        0xc CMakeFiles/tinyusb_host_cdc_msc_hid.dir/src/hid_app.c.obj
 .rodata.cursor_movement.str1.4
                0x000000001000895c        0xd CMakeFiles/tinyusb_host_cdc_msc_hid.dir/src/hid_app.c.obj
 *fill*         0x0000000010008969        0x3 
 .rodata.keycode2ascii
                0x000000001000896c      0x100 CMakeFiles/tinyusb_host_cdc_msc_hid.dir/src/hid_app.c.obj
 .rodata.process_generic_report.str1.4
                0x0000000010008a6c       0x6e CMakeFiles/tinyusb_host_cdc_msc_hid.dir/src/hid_app.c.obj
 *fill*         0x0000000010008ada        0x2 
 .rodata.process_mouse_report.str1.4
                0x0000000010008adc        0x9 CMakeFiles/tinyusb_host_cdc_msc_hid.dir/src/hid_app.c.obj
 *fill*         0x0000000010008ae5        0x3 
 .rodata.str1.4
                0x0000000010008ae8       0x1a CMakeFiles/tinyusb_host_cdc_msc_hid.dir/src/hid_app.c.obj
 *fill*         0x0000000010008b02        0x2 
 .rodata.tuh_hid_mount_cb.str1.4
                0x0000000010008b04       0x95 CMakeFiles/tinyusb_host_cdc_msc_hid.dir/src/hid_app.c.obj
 *fill*         0x0000000010008b99        0x3 
 .rodata.tuh_hid_umount_cb.str1.4
                0x0000000010008b9c       0x36 CMakeFiles/tinyusb_host_cdc_msc_hid.dir/src/hid_app.c.obj
 *fill*         0x0000000010008bd2        0x2 
 .rodata.__func__.6401
                0x0000000010008bd4       0x15 CMakeFiles/tinyusb_host_cdc_msc_hid.dir/src/main.c.obj
 *fill*         0x0000000010008be9        0x3 
 .rodata.led_blinking_task.str1.4
                0x0000000010008bec       0x6b CMakeFiles/tinyusb_host_cdc_msc_hid.dir/src/main.c.obj
 *fill*         0x0000000010008c57        0x1 
 .rodata.main.str1.4
                0x0000000010008c58       0x22 CMakeFiles/tinyusb_host_cdc_msc_hid.dir/src/main.c.obj
 *fill*         0x0000000010008c7a        0x2 
 .rodata.tuh_mount_cb.str1.4
                0x0000000010008c7c       0x26 CMakeFiles/tinyusb_host_cdc_msc_hid.dir/src/main.c.obj
 *fill*         0x0000000010008ca2        0x2 
 .rodata.tuh_umount_cb.str1.4
                0x0000000010008ca4       0x29 CMakeFiles/tinyusb_host_cdc_msc_hid.dir/src/main.c.obj
 *fill*         0x0000000010008ccd        0x3 
 .rodata.inquiry_complete_cb.str1.4
                0x0000000010008cd0       0x61 CMakeFiles/tinyusb_host_cdc_msc_hid.dir/src/msc_app.c.obj
 *fill*         0x0000000010008d31        0x3 
 .rodata.tuh_msc_mount_cb.str1.4
                0x0000000010008d34       0x21 CMakeFiles/tinyusb_host_cdc_msc_hid.dir/src/msc_app.c.obj
 *fill*         0x0000000010008d55        0x3 
 .rodata.tuh_msc_umount_cb.str1.4
                0x0000000010008d58       0x23 CMakeFiles/tinyusb_host_cdc_msc_hid.dir/src/msc_app.c.obj
 *fill*         0x0000000010008d7b        0x1 
 .rodata.spin_lock_claim_unused.str1.4
                0x0000000010008d7c       0x1b CMakeFiles/tinyusb_host_cdc_msc_hid.dir/home/boemmelsebastian/pico/pico-sdk/src/rp2_common/hardware_sync/sync.c.obj
 *fill*         0x0000000010008d97        0x1 
 .rodata.__func__.4827
                0x0000000010008d98       0x1a CMakeFiles/tinyusb_host_cdc_msc_hid.dir/home/boemmelsebastian/pico/pico-sdk/src/rp2_common/hardware_irq/irq.c.obj
 *fill*         0x0000000010008db2        0x2 
 .rodata.__func__.4841
                0x0000000010008db4        0xc CMakeFiles/tinyusb_host_cdc_msc_hid.dir/home/boemmelsebastian/pico/pico-sdk/src/rp2_common/hardware_irq/irq.c.obj
 .rodata.__func__.4849
                0x0000000010008dc0       0x17 CMakeFiles/tinyusb_host_cdc_msc_hid.dir/home/boemmelsebastian/pico/pico-sdk/src/rp2_common/hardware_irq/irq.c.obj
 *fill*         0x0000000010008dd7        0x1 
 .rodata.__func__.4853
                0x0000000010008dd8        0xf CMakeFiles/tinyusb_host_cdc_msc_hid.dir/home/boemmelsebastian/pico/pico-sdk/src/rp2_common/hardware_irq/irq.c.obj
 *fill*         0x0000000010008de7        0x1 
 .rodata.__func__.4892
                0x0000000010008de8       0x13 CMakeFiles/tinyusb_host_cdc_msc_hid.dir/home/boemmelsebastian/pico/pico-sdk/src/rp2_common/hardware_irq/irq.c.obj
 *fill*         0x0000000010008dfb        0x1 
 .rodata.__func__.4914
                0x0000000010008dfc       0x1a CMakeFiles/tinyusb_host_cdc_msc_hid.dir/home/boemmelsebastian/pico/pico-sdk/src/rp2_common/hardware_irq/irq.c.obj
 *fill*         0x0000000010008e16        0x2 
 .rodata.insert_branch_and_link.str1.4
                0x0000000010008e18       0x10 CMakeFiles/tinyusb_host_cdc_msc_hid.dir/home/boemmelsebastian/pico/pico-sdk/src/rp2_common/hardware_irq/irq.c.obj
 .rodata.irq_add_shared_handler.str1.4
                0x0000000010008e28       0xd9 CMakeFiles/tinyusb_host_cdc_msc_hid.dir/home/boemmelsebastian/pico/pico-sdk/src/rp2_common/hardware_irq/irq.c.obj
 *fill*         0x0000000010008f01        0x3 
 .rodata.irq_add_tail_to_free_list.str1.4
                0x0000000010008f04       0x3a CMakeFiles/tinyusb_host_cdc_msc_hid.dir/home/boemmelsebastian/pico/pico-sdk/src/rp2_common/hardware_irq/irq.c.obj
 *fill*         0x0000000010008f3e        0x2 
 .rodata.irq_remove_handler.str1.4
                0x0000000010008f40       0x2a CMakeFiles/tinyusb_host_cdc_msc_hid.dir/home/boemmelsebastian/pico/pico-sdk/src/rp2_common/hardware_irq/irq.c.obj
 *fill*         0x0000000010008f6a        0x2 
 .rodata.irq_set_exclusive_handler.str1.4
                0x0000000010008f6c       0x36 CMakeFiles/tinyusb_host_cdc_msc_hid.dir/home/boemmelsebastian/pico/pico-sdk/src/rp2_common/hardware_irq/irq.c.obj
 *fill*         0x0000000010008fa2        0x2 
 .rodata.make_branch.str1.4
                0x0000000010008fa4       0x77 CMakeFiles/tinyusb_host_cdc_msc_hid.dir/home/boemmelsebastian/pico/pico-sdk/src/rp2_common/hardware_irq/irq.c.obj
 *fill*         0x000000001000901b        0x1 
 .rodata.__func__.5751
                0x000000001000901c       0x15 CMakeFiles/tinyusb_host_cdc_msc_hid.dir/home/boemmelsebastian/pico/pico-sdk/src/common/pico_time/time.c.obj
 *fill*         0x0000000010009031        0x3 
 .rodata.__func__.6069
                0x0000000010009034        0xc CMakeFiles/tinyusb_host_cdc_msc_hid.dir/home/boemmelsebastian/pico/pico-sdk/src/common/pico_time/time.c.obj
 .rodata.__func__.6076
                0x0000000010009040       0x12 CMakeFiles/tinyusb_host_cdc_msc_hid.dir/home/boemmelsebastian/pico/pico-sdk/src/common/pico_time/time.c.obj
 *fill*         0x0000000010009052        0x2 
 .rodata.__func__.6092
                0x0000000010009054        0xf CMakeFiles/tinyusb_host_cdc_msc_hid.dir/home/boemmelsebastian/pico/pico-sdk/src/common/pico_time/time.c.obj
 *fill*         0x0000000010009063        0x1 
 .rodata.__func__.6114
                0x0000000010009064        0xd CMakeFiles/tinyusb_host_cdc_msc_hid.dir/home/boemmelsebastian/pico/pico-sdk/src/common/pico_time/time.c.obj
 *fill*         0x0000000010009071        0x3 
 .rodata.__func__.6337
                0x0000000010009074        0xa CMakeFiles/tinyusb_host_cdc_msc_hid.dir/home/boemmelsebastian/pico/pico-sdk/src/common/pico_time/time.c.obj
 *fill*         0x000000001000907e        0x2 
 .rodata.__func__.6342
                0x0000000010009080       0x12 CMakeFiles/tinyusb_host_cdc_msc_hid.dir/home/boemmelsebastian/pico/pico-sdk/src/common/pico_time/time.c.obj
 *fill*         0x0000000010009092        0x2 
 .rodata.__func__.6357
                0x0000000010009094       0x17 CMakeFiles/tinyusb_host_cdc_msc_hid.dir/home/boemmelsebastian/pico/pico-sdk/src/common/pico_time/time.c.obj
 *fill*         0x00000000100090ab        0x1 
 .rodata.__func__.6368
                0x00000000100090ac       0x15 CMakeFiles/tinyusb_host_cdc_msc_hid.dir/home/boemmelsebastian/pico/pico-sdk/src/common/pico_time/time.c.obj
 *fill*         0x00000000100090c1        0x3 
 .rodata.__func__.6385
                0x00000000100090c4       0x1a CMakeFiles/tinyusb_host_cdc_msc_hid.dir/home/boemmelsebastian/pico/pico-sdk/src/common/pico_time/time.c.obj
 *fill*         0x00000000100090de        0x2 
 .rodata.__func__.6424
                0x00000000100090e0       0x18 CMakeFiles/tinyusb_host_cdc_msc_hid.dir/home/boemmelsebastian/pico/pico-sdk/src/common/pico_time/time.c.obj
 .rodata.add_alarm_under_lock.str1.4
                0x00000000100090f8       0x28 CMakeFiles/tinyusb_host_cdc_msc_hid.dir/home/boemmelsebastian/pico/pico-sdk/src/common/pico_time/time.c.obj
                                         0x2b (size before relaxing)
 .rodata.alarm_pool_alarm_callback.str1.4
                0x0000000010009120       0x82 CMakeFiles/tinyusb_host_cdc_msc_hid.dir/home/boemmelsebastian/pico/pico-sdk/src/common/pico_time/time.c.obj
                                         0xee (size before relaxing)
 *fill*         0x00000000100091a2        0x2 
 .rodata.alarm_pool_cancel_alarm.str1.4
                0x00000000100091a4       0x27 CMakeFiles/tinyusb_host_cdc_msc_hid.dir/home/boemmelsebastian/pico/pico-sdk/src/common/pico_time/time.c.obj
 *fill*         0x00000000100091cb        0x1 
 .rodata.alarm_pool_dump_key.str1.4
                0x00000000100091cc       0x33 CMakeFiles/tinyusb_host_cdc_msc_hid.dir/home/boemmelsebastian/pico/pico-sdk/src/common/pico_time/time.c.obj
 *fill*         0x00000000100091ff        0x1 
 .rodata.alarm_pool_get_default.str1.4
                0x0000000010009200       0x21 CMakeFiles/tinyusb_host_cdc_msc_hid.dir/home/boemmelsebastian/pico/pico-sdk/src/common/pico_time/time.c.obj
 *fill*         0x0000000010009221        0x7 
 .rodata.at_the_end_of_time
                0x0000000010009228        0x8 CMakeFiles/tinyusb_host_cdc_msc_hid.dir/home/boemmelsebastian/pico/pico-sdk/src/common/pico_time/time.c.obj
                0x0000000010009228                at_the_end_of_time
 .rodata.ph_add_child_node.str1.4
                0x0000000010009230       0x9e CMakeFiles/tinyusb_host_cdc_msc_hid.dir/home/boemmelsebastian/pico/pico-sdk/src/common/pico_time/time.c.obj
 *fill*         0x00000000100092ce        0x2 
 .rodata.repeating_timer_callback.str1.4
                0x00000000100092d0       0x55 CMakeFiles/tinyusb_host_cdc_msc_hid.dir/home/boemmelsebastian/pico/pico-sdk/src/common/pico_time/time.c.obj
 *fill*         0x0000000010009325        0x3 
 .rodata.sleep_until.str1.4
                0x0000000010009328       0x4d CMakeFiles/tinyusb_host_cdc_msc_hid.dir/home/boemmelsebastian/pico/pico-sdk/src/common/pico_time/time.c.obj
 *fill*         0x0000000010009375        0x3 
 .rodata.__func__.4243
                0x0000000010009378       0x15 CMakeFiles/tinyusb_host_cdc_msc_hid.dir/home/boemmelsebastian/pico/pico-sdk/src/rp2_common/hardware_timer/timer.c.obj
 *fill*         0x000000001000938d        0x3 
 .rodata.__func__.4625
                0x0000000010009390       0x1a CMakeFiles/tinyusb_host_cdc_msc_hid.dir/home/boemmelsebastian/pico/pico-sdk/src/rp2_common/hardware_timer/timer.c.obj
 .rodata.busy_wait_us.str1.4
                0x00000000100093aa       0x6b CMakeFiles/tinyusb_host_cdc_msc_hid.dir/home/boemmelsebastian/pico/pico-sdk/src/rp2_common/hardware_timer/timer.c.obj
 *fill*         0x00000000100093aa        0x2 
 .rodata.hardware_alarm_claim.str1.4
                0x00000000100093ac       0x22 CMakeFiles/tinyusb_host_cdc_msc_hid.dir/home/boemmelsebastian/pico/pico-sdk/src/rp2_common/hardware_timer/timer.c.obj
 *fill*         0x00000000100093ce        0x2 
 .rodata.hardware_alarm_set_target.str1.4
                0x00000000100093d0       0x6f CMakeFiles/tinyusb_host_cdc_msc_hid.dir/home/boemmelsebastian/pico/pico-sdk/src/rp2_common/hardware_timer/timer.c.obj
 *fill*         0x000000001000943f        0x1 
 .rodata.__func__.5767
                0x0000000010009440        0xc CMakeFiles/tinyusb_host_cdc_msc_hid.dir/home/boemmelsebastian/pico/pico-sdk/src/common/pico_util/pheap.c.obj
 .rodata.__func__.5774
                0x000000001000944c       0x12 CMakeFiles/tinyusb_host_cdc_msc_hid.dir/home/boemmelsebastian/pico/pico-sdk/src/common/pico_util/pheap.c.obj
 *fill*         0x000000001000945e        0x2 
 .rodata.__func__.5860
                0x0000000010009460       0x13 CMakeFiles/tinyusb_host_cdc_msc_hid.dir/home/boemmelsebastian/pico/pico-sdk/src/common/pico_util/pheap.c.obj
 *fill*         0x0000000010009473        0x1 
 .rodata.__func__.5878
                0x0000000010009474       0x18 CMakeFiles/tinyusb_host_cdc_msc_hid.dir/home/boemmelsebastian/pico/pico-sdk/src/common/pico_util/pheap.c.obj
 .rodata.ph_add_child_node.str1.4
                0x000000001000948c       0x9e CMakeFiles/tinyusb_host_cdc_msc_hid.dir/home/boemmelsebastian/pico/pico-sdk/src/common/pico_util/pheap.c.obj
 .rodata.ph_remove_and_free_node.str1.4
                0x000000001000948c       0x1e CMakeFiles/tinyusb_host_cdc_msc_hid.dir/home/boemmelsebastian/pico/pico-sdk/src/common/pico_util/pheap.c.obj
                                         0x26 (size before relaxing)
 *fill*         0x00000000100094aa        0x2 
 .rodata.ph_remove_any_head.str1.4
                0x00000000100094ac       0x98 CMakeFiles/tinyusb_host_cdc_msc_hid.dir/home/boemmelsebastian/pico/pico-sdk/src/common/pico_util/pheap.c.obj
 .rodata.__func__.4243
                0x0000000010009544       0x15 CMakeFiles/tinyusb_host_cdc_msc_hid.dir/home/boemmelsebastian/pico/pico-sdk/src/common/pico_sync/mutex.c.obj
 *fill*         0x0000000010009559        0x3 
 .rodata.__func__.4740
                0x000000001000955c       0x18 CMakeFiles/tinyusb_host_cdc_msc_hid.dir/home/boemmelsebastian/pico/pico-sdk/src/common/pico_sync/mutex.c.obj
 .rodata.__func__.4759
                0x0000000010009574        0xb CMakeFiles/tinyusb_host_cdc_msc_hid.dir/home/boemmelsebastian/pico/pico-sdk/src/common/pico_sync/mutex.c.obj
 *fill*         0x000000001000957f        0x1 
 .rodata.str1.4
                0x0000000010009580       0x95 CMakeFiles/tinyusb_host_cdc_msc_hid.dir/home/boemmelsebastian/pico/pico-sdk/src/common/pico_sync/mutex.c.obj
                                        0x101 (size before relaxing)
 *fill*         0x0000000010009615        0x3 
 .rodata.__assert_func.str1.4
                0x0000000010009618       0x3f CMakeFiles/tinyusb_host_cdc_msc_hid.dir/home/boemmelsebastian/pico/pico-sdk/src/rp2_common/pico_runtime/runtime.c.obj
                                         0x43 (size before relaxing)
 *fill*         0x0000000010009657        0x1 
 .rodata.__func__.5885
                0x0000000010009658        0xd CMakeFiles/tinyusb_host_cdc_msc_hid.dir/home/boemmelsebastian/pico/pico-sdk/src/rp2_common/pico_runtime/runtime.c.obj
 *fill*         0x0000000010009665        0x3 
 .rodata.panic.str1.4
                0x0000000010009668       0x10 CMakeFiles/tinyusb_host_cdc_msc_hid.dir/home/boemmelsebastian/pico/pico-sdk/src/rp2_common/pico_runtime/runtime.c.obj
                                         0x12 (size before relaxing)
 .rodata.runtime_init.str1.4
                0x0000000010009678       0x6b CMakeFiles/tinyusb_host_cdc_msc_hid.dir/home/boemmelsebastian/pico/pico-sdk/src/rp2_common/pico_runtime/runtime.c.obj
 *fill*         0x00000000100096e3        0x1 
 .rodata.__func__.4809
                0x00000000100096e4       0x10 CMakeFiles/tinyusb_host_cdc_msc_hid.dir/home/boemmelsebastian/pico/pico-sdk/src/rp2_common/hardware_clocks/clocks.c.obj
 .rodata.clock_configure.str1.4
                0x00000000100096f4       0x61 CMakeFiles/tinyusb_host_cdc_msc_hid.dir/home/boemmelsebastian/pico/pico-sdk/src/rp2_common/hardware_clocks/clocks.c.obj
 *fill*         0x0000000010009755        0x3 
 .rodata.__func__.4466
                0x0000000010009758        0x9 CMakeFiles/tinyusb_host_cdc_msc_hid.dir/home/boemmelsebastian/pico/pico-sdk/src/rp2_common/hardware_pll/pll.c.obj
 *fill*         0x0000000010009761        0x3 
 .rodata.pll_init.str1.4
                0x0000000010009764      0x143 CMakeFiles/tinyusb_host_cdc_msc_hid.dir/home/boemmelsebastian/pico/pico-sdk/src/rp2_common/hardware_pll/pll.c.obj
 *fill*         0x00000000100098a7        0x1 
 .rodata._vsnprintf